[1m╔══════════════════════════════════════════════════════════════╗[0m
[1m║   Hospitality Operations Management System - Test Suite     ║[0m
[1m╚══════════════════════════════════════════════════════════════╝[0m

[0;34m━━━ Pre-run cleanup ━━━[0m

[0;34m━━━ Building backend-test image ━━━[0m
Compose can now delegate builds to bake for better performance.
 To do so, set COMPOSE_BAKE=true.
#0 building with "desktop-linux" instance using docker driver

#1 [backend-test internal] load build definition from Dockerfile.test
#1 transferring dockerfile: 269B 0.1s done
#1 DONE 0.2s

#2 [backend-test internal] load metadata for docker.io/library/node:20-alpine
#2 ...

#3 [backend-test auth] library/node:pull token for registry-1.docker.io
#3 DONE 0.0s

#2 [backend-test internal] load metadata for docker.io/library/node:20-alpine
#2 DONE 3.6s

#4 [backend-test internal] load .dockerignore
#4 transferring context: 720B done
#4 DONE 0.1s

#5 [backend-test internal] load build context
#5 transferring context: 1.08MB 0.2s done
#5 DONE 0.2s

#6 [backend-test 1/5] FROM docker.io/library/node:20-alpine@sha256:fb4cd12c85ee03686f6af5362a0b0d56d50c58a04632e6c0fb8363f609372293
#6 resolve docker.io/library/node:20-alpine@sha256:fb4cd12c85ee03686f6af5362a0b0d56d50c58a04632e6c0fb8363f609372293 0.1s done
#6 DONE 0.2s

#7 [backend-test 4/5] RUN npm ci
#7 CACHED

#8 [backend-test 2/5] WORKDIR /app
#8 CACHED

#9 [backend-test 3/5] COPY package*.json ./
#9 CACHED

#10 [backend-test 5/5] COPY . .
#10 CACHED

#11 [backend-test] exporting to image
#11 exporting layers done
#11 exporting manifest sha256:596513ee0a45a79b034acfb580f22a693578e0500809e1c15b3540817d2d195d 0.0s done
#11 exporting config sha256:ef5fea12298afda23378cd372756dc5da6a3980de8499ec0c9ff784045ce1b10 0.0s done
#11 exporting attestation manifest sha256:9a1200c845d8c1d42b75e03fd83a42e6e1f4c2565f07c794f16e4eb39d385ded 0.1s done
#11 exporting manifest list sha256:89f906a712014511b9d5a8656a4d7575325921c6446604b62d310b0b6439aa5d
#11 exporting manifest list sha256:89f906a712014511b9d5a8656a4d7575325921c6446604b62d310b0b6439aa5d 0.1s done
#11 naming to docker.io/library/hospitalityops-backend-test:latest 0.0s done
#11 unpacking to docker.io/library/hospitalityops-backend-test:latest 0.0s done
#11 DONE 0.3s

#12 [backend-test] resolving provenance for metadata file
#12 DONE 0.0s
 backend-test  Built

[0;34m━━━ Building frontend-test image ━━━[0m
Compose can now delegate builds to bake for better performance.
 To do so, set COMPOSE_BAKE=true.
#0 building with "desktop-linux" instance using docker driver

#1 [frontend-test internal] load build definition from Dockerfile.test
#1 transferring dockerfile: 168B 0.0s done
#1 DONE 0.1s

#2 [frontend-test internal] load metadata for docker.io/library/node:20-alpine
#2 DONE 0.6s

#3 [frontend-test internal] load .dockerignore
#3 transferring context: 851B 0.0s done
#3 DONE 0.1s

#4 [frontend-test internal] load build context
#4 transferring context: 556.94kB 0.2s done
#4 DONE 0.3s

#5 [frontend-test 1/5] FROM docker.io/library/node:20-alpine@sha256:fb4cd12c85ee03686f6af5362a0b0d56d50c58a04632e6c0fb8363f609372293
#5 resolve docker.io/library/node:20-alpine@sha256:fb4cd12c85ee03686f6af5362a0b0d56d50c58a04632e6c0fb8363f609372293 0.2s done
#5 DONE 0.2s

#6 [frontend-test 2/5] WORKDIR /app
#6 CACHED

#7 [frontend-test 3/5] COPY package*.json ./
#7 CACHED

#8 [frontend-test 4/5] RUN npm ci
#8 CACHED

#9 [frontend-test 5/5] COPY . .
#9 DONE 0.2s

#10 [frontend-test] exporting to image
#10 exporting layers
#10 exporting layers 0.5s done
#10 exporting manifest sha256:74195fd45c362459d950bf60b04b71d887bb77ab13e7af147c62bb5eb10d320d 0.1s done
#10 exporting config sha256:a18341d44332b28413da4cb4325530f6dc9fa749bd33ce709ec11960b7d0c845 0.1s done
#10 exporting attestation manifest sha256:b1834f6740747048d42483eb99079bccb7452894ae684b9f3021da287748ab43 0.1s done
#10 exporting manifest list sha256:35522c4f9309a596d4d2a459abcb715ec4bee3d29298ad73ca5e53ed5fe4378f
#10 exporting manifest list sha256:35522c4f9309a596d4d2a459abcb715ec4bee3d29298ad73ca5e53ed5fe4378f 0.1s done
#10 naming to docker.io/library/hospitalityops-frontend-test:latest done
#10 unpacking to docker.io/library/hospitalityops-frontend-test:latest 0.1s done
#10 DONE 1.0s

#11 [frontend-test] resolving provenance for metadata file
#11 DONE 0.0s
 frontend-test  Built

[0;34m━━━ Building e2e-test image (Playwright, ~730MB base) ━━━[0m
Compose can now delegate builds to bake for better performance.
 To do so, set COMPOSE_BAKE=true.
#0 building with "desktop-linux" instance using docker driver

#1 [e2e-test internal] load build definition from Dockerfile.e2e
#1 transferring dockerfile: 2.22kB 0.0s done
#1 DONE 0.1s

#2 [e2e-test internal] load metadata for mcr.microsoft.com/playwright:v1.59.1-jammy
#2 DONE 1.7s

#3 [e2e-test internal] load .dockerignore
#3 transferring context: 851B done
#3 DONE 0.1s

#4 [e2e-test internal] load build context
#4 transferring context: 5.15kB 0.1s done
#4 DONE 0.1s

#5 [e2e-test 1/6] FROM mcr.microsoft.com/playwright:v1.59.1-jammy@sha256:8a0360d39d1973be506dd59002904a774f6d697d4946c94063b3fd006461c8ff
#5 resolve mcr.microsoft.com/playwright:v1.59.1-jammy@sha256:8a0360d39d1973be506dd59002904a774f6d697d4946c94063b3fd006461c8ff
#5 resolve mcr.microsoft.com/playwright:v1.59.1-jammy@sha256:8a0360d39d1973be506dd59002904a774f6d697d4946c94063b3fd006461c8ff 0.1s done
#5 DONE 0.1s

#6 [e2e-test 2/6] WORKDIR /app
#6 CACHED

#7 [e2e-test 3/6] RUN apt-get update  && apt-get install -y --reinstall --no-install-recommends       libxcb1 libxcb-shape0 libxcb-render0 libxcb-shm0 libxcb-randr0       libxcb-xfixes0 libxcb-sync1 libxcb-present0 libxcb-dri2-0       libxcb-dri3-0 libxcb-glx0 libx11-6 libx11-xcb1 libxcomposite1       libxdamage1 libxext6 libxfixes3 libxrandr2 libxrender1 libxkbcommon0       libgbm1 libnss3 libatk1.0-0 libatk-bridge2.0-0 libcups2 libdrm2       libxss1 libasound2 libpango-1.0-0 libcairo2  && npx playwright install-deps chromium  && rm -rf /var/lib/apt/lists/*
#7 CACHED

#8 [e2e-test 4/6] COPY package*.json ./
#8 CACHED

#9 [e2e-test 5/6] RUN npm ci --no-audit --no-fund
#9 CACHED

#10 [e2e-test 6/6] COPY . .
#10 DONE 0.3s

#11 [e2e-test] exporting to image
#11 exporting layers
#11 exporting layers 0.4s done
#11 exporting manifest sha256:fb199fbe7f84d6e11e42ba44f1fdcb0315a279558d87b2ef8de9abc8bc31807c 0.1s done
#11 exporting config sha256:fe97197e1661cb50d0143d78095075928f1a1e9eddbd956225ae6d58c5a09078 0.1s done
#11 exporting attestation manifest sha256:2dc38343480263261bc50f02b6a3cf9e64a10cf317aa162cb523fc816f11ecb1 0.1s done
#11 exporting manifest list sha256:5cb59cad981cb06347578ceea879c8e1201f5319992e2989cb3616d1df0f8dd6
#11 exporting manifest list sha256:5cb59cad981cb06347578ceea879c8e1201f5319992e2989cb3616d1df0f8dd6 0.1s done
#11 naming to docker.io/library/hospitalityops-e2e-test:latest 0.0s done
#11 unpacking to docker.io/library/hospitalityops-e2e-test:latest
#11 unpacking to docker.io/library/hospitalityops-e2e-test:latest 0.2s done
#11 DONE 1.0s

#12 [e2e-test] resolving provenance for metadata file
#12 DONE 0.0s
 e2e-test  Built

[0;34m━━━ Building backend + frontend service images (avoiding stale cache) ━━━[0m
Compose can now delegate builds to bake for better performance.
 To do so, set COMPOSE_BAKE=true.
#0 building with "desktop-linux" instance using docker driver

#1 [backend internal] load build definition from Dockerfile
#1 transferring dockerfile: 733B 0.0s done
#1 DONE 0.1s

#2 [backend internal] load metadata for docker.io/library/node:20-alpine
#2 DONE 0.4s

#3 [backend internal] load .dockerignore
#3 transferring context: 720B done
#3 DONE 0.1s

#4 [backend internal] load build context
#4 transferring context: 4.09kB 0.0s done
#4 DONE 0.1s

#5 [backend 1/6] FROM docker.io/library/node:20-alpine@sha256:fb4cd12c85ee03686f6af5362a0b0d56d50c58a04632e6c0fb8363f609372293
#5 resolve docker.io/library/node:20-alpine@sha256:fb4cd12c85ee03686f6af5362a0b0d56d50c58a04632e6c0fb8363f609372293 0.1s done
#5 DONE 0.1s

#6 [backend 2/6] WORKDIR /app
#6 CACHED

#7 [backend 3/6] RUN apk add --no-cache curl
#7 CACHED

#8 [backend 4/6] COPY package*.json ./
#8 CACHED

#9 [backend 5/6] RUN npm ci
#9 CACHED

#10 [backend 6/6] COPY src ./src
#10 CACHED

#11 [backend] exporting to image
#11 exporting layers done
#11 exporting manifest sha256:d77c1221b1ac5cff527de8644fa2e285065973641346261cfd327d09451aebee done
#11 exporting config sha256:24c7eeae15d8be4a1830580589333dd00b7656e2b80fd28f3b75810b7ceb765b done
#11 exporting attestation manifest sha256:bbf7c4195f82b59e3ed786e2e19aa9becea30cc4302fc843d1252556b3a06b98 0.1s done
#11 exporting manifest list sha256:3b7b3c01d99a6654fed8122f76ed2753a2df2f631228ffb4a8226506fa8ecf05
#11 exporting manifest list sha256:3b7b3c01d99a6654fed8122f76ed2753a2df2f631228ffb4a8226506fa8ecf05 0.1s done
#11 naming to docker.io/library/hospitalityops-backend:latest done
#11 unpacking to docker.io/library/hospitalityops-backend:latest 0.0s done
#11 DONE 0.3s

#12 [backend] resolving provenance for metadata file
#12 DONE 0.0s

#13 [frontend internal] load build definition from Dockerfile
#13 transferring dockerfile: 249B done
#13 DONE 0.1s

#2 [frontend internal] load metadata for docker.io/library/node:20-alpine
#2 DONE 1.0s

#14 [frontend internal] load .dockerignore
#14 transferring context: 851B done
#14 DONE 0.1s

#15 [frontend internal] load build context
#15 transferring context: 5.15kB 0.0s done
#15 DONE 0.1s

#5 [frontend 1/5] FROM docker.io/library/node:20-alpine@sha256:fb4cd12c85ee03686f6af5362a0b0d56d50c58a04632e6c0fb8363f609372293
#5 resolve docker.io/library/node:20-alpine@sha256:fb4cd12c85ee03686f6af5362a0b0d56d50c58a04632e6c0fb8363f609372293 0.1s done
#5 DONE 0.2s

#6 [frontend 2/5] WORKDIR /app
#6 CACHED

#16 [frontend 3/5] COPY package*.json ./
#16 CACHED

#17 [frontend 4/5] RUN npm ci
#17 CACHED

#18 [frontend 5/5] COPY . .
#18 CACHED

#19 [frontend] exporting to image
#19 exporting layers done
#19 exporting manifest sha256:e92b028b20ce3b6f3b468c233779e32c90fbca534211c44b3b44610d37f605c6 0.1s done
#19 exporting config sha256:1363b84576ba056c31d6439de80e6d1636c1b55034c878cd18e9cf6b919afe76 0.1s done
#19 exporting attestation manifest sha256:213eaa8e2de09a371ec30ff73b4dd4c2c9b5d213b2903e0ab733332baee09c32 0.1s done
#19 exporting manifest list sha256:ac34aec95584487b152e3e4da1a04dcb84bf34de1035e67c9c6d0c071de8d6f6
#19 exporting manifest list sha256:ac34aec95584487b152e3e4da1a04dcb84bf34de1035e67c9c6d0c071de8d6f6 0.1s done
#19 naming to docker.io/library/hospitalityops-frontend:latest done
#19 unpacking to docker.io/library/hospitalityops-frontend:latest 0.0s done
#19 DONE 0.4s

#20 [frontend] resolving provenance for metadata file
#20 DONE 0.0s
 backend  Built
 frontend  Built

[0;34m━━━ Backend Tests (Docker) ━━━[0m
 Network hospitalityops_default  Creating
 Network hospitalityops_default  Created
 Container hospitalityops-redis-1  Creating
 Container hospitalityops-postgres-1  Creating
 Container hospitalityops-redis-1  Created
 Container hospitalityops-postgres-1  Created
 Container hospitalityops-postgres-1  Starting
 Container hospitalityops-redis-1  Starting
 Container hospitalityops-redis-1  Started
 Container hospitalityops-postgres-1  Started

 RUN  v3.2.4 /app

 ✓ tests/unit/budget-rules.test.js > Budget rules - updateEvent > budget below cap (25000) is allowed 8ms
 ✓ tests/unit/budget-rules.test.js > Budget rules - updateEvent > budget above cap without override approval is rejected 1ms
 ✓ tests/unit/budget-rules.test.js > Budget rules - updateEvent > budget override approval allows budget above cap 1ms
 ✓ tests/unit/budget-rules.test.js > Budget rules - updateEvent > budget change >10% creates budget_change approval 5ms
 ✓ tests/unit/budget-rules.test.js > Budget rules - updateEvent > budget change <=10% does not create budget_change approval 1ms
 ✓ tests/unit/budget-rules.test.js > Budget rules - updateEvent > rejects updates from non-owner 3ms
 ✓ tests/unit/budget-rules.test.js > Budget rules - updateEvent > rejects updates when event is in approved state 1ms
 ✓ tests/unit/budget-rules.test.js > Budget rules - updateEvent > does not trigger budget rules when budget amount is unchanged 1ms
 ✓ tests/unit/state-machine.test.js > Event state machine - transitionState > draft -> submitted succeeds with valid data 6ms
 ✓ tests/unit/state-machine.test.js > Event state machine - transitionState > draft -> submitted fails when service windows are missing 3ms
 ✓ tests/unit/state-machine.test.js > Event state machine - transitionState > draft -> approved transition is rejected (invalid) 2ms
 ✓ tests/unit/state-machine.test.js > Event state machine - transitionState > submitted -> approved succeeds when no pending approvals 2ms
 ✓ tests/unit/state-machine.test.js > Event state machine - transitionState > submitted -> approved fails when pending approvals exist 1ms
 ✓ tests/unit/state-machine.test.js > Event state machine - transitionState > submitted -> draft is rejected (no backward transitions) 1ms
 ✓ tests/unit/state-machine.test.js > Event state machine - transitionState > approved -> in_service succeeds 1ms
 ✓ tests/unit/state-machine.test.js > Event state machine - transitionState > in_service -> closed succeeds when no active reservations 1ms
 ✓ tests/unit/state-machine.test.js > Event state machine - transitionState > in_service -> closed fails when active reservations exist 1ms
 ✓ tests/unit/state-machine.test.js > Event state machine - transitionState > closed -> any state is rejected 2ms
 ✓ tests/unit/state-machine.test.js > Event state machine - transitionState > throws NotFoundError when event does not exist 1ms
 ✓ tests/unit/data-collection.test.js > healthCheck > returns subsystem status including DB, proxies, and job counts 12ms
 ✓ tests/unit/data-collection.test.js > createJob > inserts a job record with pending status 10ms
 ✓ tests/unit/data-collection.test.js > requeueJob > updates status to pending and clears manual_review_required 3ms
 ✓ tests/unit/data-collection.test.js > requeueJob > returns null when job does not exist 2ms
 ✓ tests/unit/data-collection.test.js > gracefulDegradation > queues a failed job for manual review 6ms
 ✓ tests/unit/data-collection.test.js > getProxyPool > returns configured proxies 1ms
 ✓ tests/unit/data-collection.test.js > getProxyPool > returns copies (not references to internal pool) 1ms
 ✓ tests/unit/data-collection.test.js > getUserAgentPool > returns different user agent strings 1ms
 ✓ tests/unit/data-collection.test.js > cookieStore > persists and retrieves cookies per source 1ms
 ✓ tests/unit/data-collection.test.js > cookieStore > returns null for unknown source 1ms
 ✓ tests/unit/data-collection.test.js > captchaPlugin > returns a mock token with source and solved flag 2ms
 ✓ tests/unit/data-collection.test.js > captchaPlugin > generates unique tokens on each call 0ms
 ✓ tests/unit/catalog-validation.test.js > Catalog metadata validation - validateMetadata() > passes when all required fields are present 11ms
 ✓ tests/unit/catalog-validation.test.js > Catalog metadata validation - validateMetadata() > fails when a required field is missing 2ms
 ✓ tests/unit/catalog-validation.test.js > Catalog metadata validation - validateMetadata() > fails when a required field is empty string 1ms
 ✓ tests/unit/catalog-validation.test.js > Catalog metadata validation - validateMetadata() > fails when a required field is null 1ms
 ✓ tests/unit/catalog-validation.test.js > Catalog metadata validation - validateMetadata() > handles required_fields as array of objects with .name property 1ms
 ✓ tests/unit/catalog-validation.test.js > Catalog metadata validation - validateMetadata() > fails with object-style required fields when field is missing 1ms
 ✓ tests/unit/catalog-validation.test.js > Catalog metadata validation - validateMetadata() > enforces type: number validation 1ms
 ✓ tests/unit/catalog-validation.test.js > Catalog metadata validation - validateMetadata() > enforces type: string validation 1ms
 ✓ tests/unit/catalog-validation.test.js > Catalog metadata validation - validateMetadata() > enforces type: boolean validation 1ms
 ✓ tests/unit/catalog-validation.test.js > Catalog metadata validation - validateMetadata() > enforces pattern validation (serial_number) 1ms
 ✓ tests/unit/catalog-validation.test.js > Catalog metadata validation - validateMetadata() > passes pattern validation for correctly formatted value 5ms
 ✓ tests/unit/catalog-validation.test.js > Catalog metadata validation - validateMetadata() > enforces min value for numbers 1ms
 ✓ tests/unit/catalog-validation.test.js > Catalog metadata validation - validateMetadata() > enforces max value for numbers 2ms
 ✓ tests/unit/catalog-validation.test.js > Catalog metadata validation - validateMetadata() > enforces minLength for strings 2ms
 ✓ tests/unit/catalog-validation.test.js > Catalog metadata validation - validateMetadata() > enforces maxLength for strings 2ms
 ✓ tests/unit/catalog-validation.test.js > Catalog metadata validation - validateMetadata() > collects multiple validation errors 1ms
 ✓ tests/unit/catalog-validation.test.js > Catalog metadata validation - validateMetadata() > handles template with already-parsed JSON fields 0ms
 ✓ tests/unit/backup.test.js > runBackup > executes pg_dump command 18ms
 ✓ tests/unit/backup.test.js > runBackup > creates backup_runs record with running status 3ms
 ✓ tests/unit/backup.test.js > runBackup > records completed on success 4ms
 ✓ tests/unit/backup.test.js > runBackup > records failed on error 3ms
 ✓ tests/unit/backup.test.js > getBackupRuns > returns list from DB ordered by started_at desc 3ms
 ✓ tests/unit/backup.test.js > getBackupRuns > defaults to limit 50 5ms
 ✓ tests/unit/backup.test.js > recordDrill > creates a drill_run record 4ms
 ✓ tests/unit/backup.test.js > recordDrill > marks backup as restore_tested 2ms
 ✓ tests/unit/backup.test.js > getRestoreTestStatus > returns drill runs joined with backup info 1ms
 ✓ tests/unit/reports.test.js > exportInventoryReport > blocks when unresolved gaps exist 7ms
 ✓ tests/unit/reports.test.js > exportInventoryReport > generates CSV when no gaps exist 6ms
 ✓ tests/unit/reports.test.js > exportInventoryReport > export record is stored in report_exports table 7ms
 ✓ tests/unit/reports.test.js > exportEventsReport > generates CSV of events 3ms
 ✓ tests/unit/reports.test.js > exportEventsReport > applies date and state filters 2ms
 ✓ tests/unit/reports.test.js > exportApprovalsReport > generates CSV of approvals 3ms
 ✓ tests/unit/reports.test.js > exportApprovalsReport > CSV has proper headers matching row keys 7ms
 ✓ tests/unit/reports.test.js > exportApprovalsReport > stores export record in report_exports table 2ms
 ✓ tests/unit/reports.test.js > exportApprovalsReport > handles empty results gracefully (empty CSV) 3ms
 ✓ tests/unit/users-repository.test.js > findById > returns user with roles and permissions when found 11ms
 ✓ tests/unit/users-repository.test.js > findById > returns null for non-existent user 2ms
 ✓ tests/unit/users-repository.test.js > findByUsername > returns user record when found 8ms
 ✓ tests/unit/users-repository.test.js > findByUsername > returns undefined for non-existent username 2ms
 ✓ tests/unit/users-repository.test.js > findAll > returns paginated results with total count 4ms
 ✓ tests/unit/users-repository.test.js > updateStatus > updates and returns the record 5ms
 ✓ tests/unit/users-repository.test.js > updateStatus > returns null when user not found 1ms
 ✓ tests/unit/users-repository.test.js > getUserRoles > returns array of role objects 2ms
 ✓ tests/unit/users-repository.test.js > getUserPermissions > returns deduplicated permission codes 2ms
 ✓ tests/unit/users-repository.test.js > sensitive field encryption > createUser writes ciphertext for employee_id / phone / email to *_enc columns 9ms
 ✓ tests/unit/users-repository.test.js > sensitive field encryption > findById returns masked sensitive fields derived from stored ciphertext 4ms
 ✓ tests/unit/config.test.js > config module > accepts a valid 64-char hex ENCRYPTION_KEY_HEX 82ms
 ✓ tests/unit/circuit-breaker.test.js > createCircuitBreaker > creates a breaker with default config values 102ms
 ✓ tests/unit/entitlement-redemption.test.js > Entitlement redemption - redeem() > idempotent: same key returns same result without double decrement 15ms
 ✓ tests/unit/entitlement-redemption.test.js > Entitlement redemption - redeem() > expired entitlement is rejected 2ms
 ✓ tests/unit/entitlement-redemption.test.js > Entitlement redemption - redeem() > insufficient quantity is rejected 1ms
 ✓ tests/unit/entitlement-redemption.test.js > Entitlement redemption - redeem() > successful redemption decrements quantity 3ms
 ✓ tests/unit/entitlement-redemption.test.js > Entitlement redemption - redeem() > rollback on failure restores quantity (transaction aborts) 17ms
 ✓ tests/unit/entitlement-redemption.test.js > Entitlement redemption - redeem() > quantity cannot go below 0 (requesting exact remaining succeeds) 2ms
 ✓ tests/unit/entitlement-redemption.test.js > Entitlement redemption - redeem() > requesting more than remaining quantity fails 2ms
 ✓ tests/unit/entitlement-redemption.test.js > Entitlement redemption - redeem() > returns failure when entitlement does not exist 2ms
 ✓ tests/unit/config.test.js > config module > rejects ENCRYPTION_KEY_HEX that is not 64 hex characters 37ms
 ✓ tests/unit/config.test.js > config module > rejects ENCRYPTION_KEY_HEX with non-hex characters 9ms
 ✓ tests/unit/config.test.js > config module > parses boolean env vars correctly (true / false / 1 / 0) 9ms
 ✓ tests/unit/config.test.js > config module > treats "yes" as truthy and empty string as default for booleans 21ms
 ✓ tests/unit/config.test.js > config module > parses integer env vars correctly 16ms
 ✓ tests/unit/events-repository.test.js > create > inserts the provided data and returns the created row 33ms
 ✓ tests/unit/events-repository.test.js > findById > joins users and returns the event with creator_username 6ms
 ✓ tests/unit/events-repository.test.js > findById > returns null for an unknown id 13ms
 ✓ tests/unit/events-repository.test.js > findAll > returns data + total and applies pagination (limit/offset) 9ms
 ✓ tests/unit/events-repository.test.js > findAll > applies state filter on both count and data queries 8ms
 ✓ tests/unit/events-repository.test.js > findAll > applies ilike search against title and description when search is provided 9ms
 ✓ tests/unit/events-repository.test.js > updateState > updates the state column and sets updated_at 13ms
 ✓ tests/unit/events-repository.test.js > updateState > returns null when no row was updated 2ms
 ✓ tests/unit/overtime.test.js > Overtime calculation - returnReservation > overtime <= 30 minutes does not require approval 50ms
 ✓ tests/unit/overtime.test.js > Overtime calculation - returnReservation > exactly 30 minutes of overtime does not require approval 4ms
 ✓ tests/unit/overtime.test.js > Overtime calculation - returnReservation > overtime > 30 minutes requires justification 16ms
 ✓ tests/unit/overtime.test.js > Overtime calculation - returnReservation > overtime > 30 minutes with justification creates overtime approval 3ms
 ✓ tests/unit/overtime.test.js > Overtime calculation - returnReservation > zero overtime marks reservation as returned immediately 3ms
 ✓ tests/unit/overtime.test.js > Overtime calculation - returnReservation > returned early (before scheduled end) has 0 overtime 2ms
 ✓ tests/unit/overtime.test.js > Overtime calculation - returnReservation > rejects return if reservation is not in occupied state 2ms
 ✓ tests/unit/overtime.test.js > Overtime calculation - returnReservation > overtime > 30 min without justification throws with correct error code 2ms
 ✓ tests/unit/config.test.js > config module > falls back to default when integer env var is NaN 33ms
 ✓ tests/unit/config.test.js > config module > provides correct default values when env vars are absent 19ms
 ✓ tests/unit/config.test.js > config module > freezes the config object so mutations are rejected 15ms
 ✓ tests/unit/config.test.js > config module > parses comma-separated UPLOAD_ALLOWED_MIME into an array 15ms
 ✓ tests/unit/image-processor.test.js > isImageMime > returns true for image/png 15ms
 ✓ tests/unit/image-processor.test.js > isImageMime > returns true for image/jpeg 1ms
 ✓ tests/unit/image-processor.test.js > isImageMime > returns true for image/webp 2ms
 ✓ tests/unit/image-processor.test.js > isImageMime > returns true for image/gif 6ms
 ✓ tests/unit/image-processor.test.js > isImageMime > returns false for application/pdf 2ms
 ✓ tests/unit/image-processor.test.js > isImageMime > returns false for text/html 1ms
 ✓ tests/unit/image-processor.test.js > isImageMime > returns false for application/json 1ms
 ✓ tests/unit/image-processor.test.js > generateVariants > produces thumb, preview, and full variants 4ms
 ✓ tests/unit/image-processor.test.js > generateVariants > each variant has buffer, width, height, size properties 5ms
 ✓ tests/unit/image-processor.test.js > generateVariants > thumb variant dimensions are capped at 200px max edge 6ms
 ✓ tests/unit/image-processor.test.js > generateVariants > preview variant dimensions are capped at 600px max edge 2ms
 ✓ tests/unit/image-processor.test.js > generateVariants > full variant dimensions are capped at 1200px max edge 1ms
 ✓ tests/unit/image-processor.test.js > getImageMetadata > returns width, height, and format 3ms
 ✓ tests/unit/image-processor.test.js > getImageMetadata > handles non-image input gracefully by propagating the sharp error 13ms
 ✓ tests/unit/circuit-breaker.test.js > createCircuitBreaker > returns the existing breaker if the same name is registered again 22ms
 ✓ tests/unit/circuit-breaker.test.js > createCircuitBreaker > allows custom options to override defaults 15ms
 ✓ tests/unit/circuit-breaker.test.js > createCircuitBreaker > multiple breakers can coexist with different names 25ms
 ✓ tests/unit/circuit-breaker.test.js > getCircuitStatus > returns status for an existing breaker 15ms
 ✓ tests/unit/circuit-breaker.test.js > getCircuitStatus > returns null for an unknown breaker name 21ms
 ✓ tests/unit/circuit-breaker.test.js > getCircuitStatus > reports open state when breaker is opened 67ms
 ✓ tests/unit/circuit-breaker.test.js > getCircuitStatus > reports half-open state correctly 11ms
 ✓ tests/unit/circuit-breaker.test.js > state transition logging > logs when the circuit opens 18ms
 ✓ tests/unit/circuit-breaker.test.js > state transition logging > logs when the circuit goes half-open 36ms
 ✓ tests/unit/circuit-breaker.test.js > state transition logging > logs when the circuit closes 17ms
 ✓ tests/unit/circuit-breaker.test.js > fallback > returns ServiceTemporarilyUnavailable error when circuit is open 6ms
 ✓ tests/unit/attachment-validation.test.js > Attachment validation - upload() > accepts application/pdf 24ms
 ✓ tests/unit/attachment-validation.test.js > Attachment validation - upload() > accepts image/png 413ms
 ✓ tests/unit/attachment-validation.test.js > Attachment validation - upload() > accepts image/jpeg 10ms
 ✓ tests/unit/attachment-validation.test.js > Attachment validation - upload() > accepts image/webp 11ms
 ✓ tests/unit/attachment-validation.test.js > Attachment validation - upload() > rejects invalid MIME types 8ms
 ✓ tests/unit/attachment-validation.test.js > Attachment validation - upload() > rejects text/html MIME type 1ms
 ✓ tests/unit/attachment-validation.test.js > Attachment validation - upload() > rejects application/javascript MIME type 2ms
 ✓ tests/unit/attachment-validation.test.js > Attachment validation - upload() > rejects file over 25MB 2ms
 ✓ tests/unit/attachment-validation.test.js > Attachment validation - upload() > accepts file exactly at 25MB limit 258ms
 ✓ tests/unit/attachment-validation.test.js > Attachment validation - upload() > computes SHA-256 hash correctly 38ms
 ✓ tests/unit/attachment-validation.test.js > Attachment validation - upload() > includes error details for invalid MIME type 20ms
 ✓ tests/unit/attachment-validation.test.js > Attachment validation - upload() > includes error details for oversized file 1ms
 ✓ tests/unit/resources-repository.test.js > getTree > assembles roots and nests children under matching parents 44ms
 ✓ tests/unit/resources-repository.test.js > getTree > promotes orphans (parent_id references missing) to root-level nodes 17ms
 ✓ tests/unit/resources-repository.test.js > validateMetadata > reports missing required fields 7ms
 ✓ tests/unit/resources-repository.test.js > validateMetadata > enforces type rules 2ms
 ✓ tests/unit/resources-repository.test.js > validateMetadata > enforces min/max and pattern rules 2ms
 ✓ tests/unit/resources-repository.test.js > validateMetadata > parses JSON-string forms of required_fields_json / validation_rules_json 1ms
 ✓ tests/unit/resources-repository.test.js > create > defaults missing fields and serializes metadata_json 5ms
 ✓ tests/unit/cache.test.js > CACHE_KEYS > defines the expected key constants 28ms
 ✓ tests/unit/cache.test.js > CACHE_TTLS > defines correct TTL values in seconds 4ms
 ✓ tests/unit/cache.test.js > cache (memory mode) > initCache initializes without error in memory mode 14ms
 ✓ tests/unit/cache.test.js > cache (memory mode) > cacheSet stores a value and cacheGet retrieves it 6ms
 ✓ tests/unit/cache.test.js > cache (memory mode) > cacheGet returns null for a missing key 18ms
 ✓ tests/unit/cache.test.js > cache (memory mode) > cacheSet with TTL expires the value after the duration 7ms
 ✓ tests/unit/cache.test.js > cache (memory mode) > cacheDel removes a stored key 3ms
 ✓ tests/unit/cache.test.js > cache (memory mode) > cachePurge clears all entries 4ms
 ✓ tests/unit/cache.test.js > cache (memory mode) > getCacheStats tracks hits and misses correctly 4ms
 ✓ tests/unit/cache.test.js > cache (memory mode) > cacheDelPattern removes keys matching a prefix 10ms
 ✓ tests/unit/cache.test.js > cache (memory mode) > cacheSet overwrites an existing key and clears its old timer 10ms
 ✓ tests/unit/reservations-repository.test.js > create > defaults status to "requested" when not provided 21ms
 ✓ tests/unit/reservations-repository.test.js > findById > returns null when not found 12ms
 ✓ tests/unit/reservations-repository.test.js > findAll > returns data + total and applies pagination via applyPagination 19ms
 ✓ tests/unit/reservations-repository.test.js > findAll > applies scope filter (user + scopedEventIds) so count reflects visible rows 10ms
 ✓ tests/unit/reservations-repository.test.js > findAll > applies scope filter with an empty scopedEventIds (creator-only visibility) 10ms
 ✓ tests/unit/reservations-repository.test.js > hasActiveForEvent > returns true when an active reservation exists 10ms
 ✓ tests/unit/reservations-repository.test.js > hasActiveForEvent > returns false when none exist 4ms
 ✓ tests/unit/scheduler.test.js > initScheduler > registers cron jobs (4 total) 155ms
 ✓ tests/unit/scheduler.test.js > initScheduler > snapshot job uses config.cron.snapshot schedule 37ms
 ✓ tests/unit/audit.test.js > writeAudit > inserts a row into the audit_trail table 32ms
 ✓ tests/unit/audit.test.js > writeAudit > includes all required fields in the insert 9ms
 ✓ tests/unit/audit.test.js > writeAudit > handles null optional fields (before, after, notes) 2ms
 ✓ tests/unit/audit.test.js > writeAudit > converts subjectId to string 2ms
 ✓ tests/unit/audit.test.js > writeAudit > logs on success 12ms
 ✓ tests/unit/audit.test.js > writeAudit > logs error and re-throws on DB failure 18ms
 ✓ tests/unit/audit.test.js > writeAudit > eventId field is stored as-is (UUID format validated externally) 2ms
 ✓ tests/unit/audit.test.js > writeAudit > serializes complex before/after objects as JSON strings 10ms
 ✓ tests/unit/validate-middleware.test.js > validateBody > replaces request.body with the parsed (coerced) value on success 34ms
 ✓ tests/unit/validate-middleware.test.js > validateBody > returns 422 VALIDATION_ERROR with path/message pairs on failure 17ms
 ✓ tests/unit/validate-middleware.test.js > validateQuery > parses and coerces query strings on success 2ms
 ✓ tests/unit/validate-middleware.test.js > validateQuery > returns 422 with "Query parameter validation failed" on bad input 2ms
 ✓ tests/unit/validate-middleware.test.js > validateParams > accepts a valid UUID path parameter 2ms
 ✓ tests/unit/validate-middleware.test.js > validateParams > returns 422 with "Path parameter validation failed" on an invalid UUID 2ms
 ✓ tests/unit/scheduler.test.js > initScheduler > backup job uses "0 1 * * *" schedule 38ms
 ✓ tests/unit/scheduler.test.js > initScheduler > key cleanup job uses config.cron.keyCleanup schedule 34ms
 ✓ tests/unit/scheduler.test.js > initScheduler > cache warming job runs on a 30-minute interval 28ms
 ✓ tests/unit/scheduler.test.js > initScheduler > logs registration for each job 30ms
 ✓ tests/unit/scheduler.test.js > job error handling > snapshot job catches and logs errors without crashing 40ms
 ✓ tests/unit/scheduler.test.js > job error handling > key cleanup job catches and logs errors without crashing 36ms
 ✓ tests/unit/scheduler.test.js > job cleanup > jobs expose stop method for shutdown 37ms
 ✓ tests/unit/authenticate-middleware.test.js > authenticate middleware > attaches user payload to request.user on a valid token 47ms
 ✓ tests/unit/authenticate-middleware.test.js > authenticate middleware > defaults roles and permissions to [] when missing from the token 11ms
 ✓ tests/unit/authenticate-middleware.test.js > authenticate middleware > returns 401 UNAUTHORIZED when the Authorization header is missing 15ms
 ✓ tests/unit/authenticate-middleware.test.js > authenticate middleware > returns 401 UNAUTHORIZED when the header is not a Bearer token 2ms
 ✓ tests/unit/authenticate-middleware.test.js > authenticate middleware > returns 401 with "Invalid token" on a tampered signature 24ms
 ✓ tests/unit/authenticate-middleware.test.js > authenticate middleware > returns 401 with "Token has expired" on an expired token 14ms
 ✓ tests/unit/errors.test.js > AppError > has correct statusCode, code, and message 5ms
 ✓ tests/unit/errors.test.js > AppError > stores optional details 3ms
 ✓ tests/unit/errors.test.js > AppError > defaults details to undefined when not provided 1ms
 ✓ tests/unit/errors.test.js > NotFoundError > is a 404 with NOT_FOUND code 2ms
 ✓ tests/unit/errors.test.js > NotFoundError > includes resource and id in details 1ms
 ✓ tests/unit/errors.test.js > ConflictError > is a 409 with CONFLICT code 1ms
 ✓ tests/unit/errors.test.js > ConflictError > passes through optional details 1ms
 ✓ tests/unit/errors.test.js > ValidationError > is a 422 with VALIDATION_ERROR code 2ms
 ✓ tests/unit/errors.test.js > ForbiddenError > is a 403 with FORBIDDEN code 2ms
 ✓ tests/unit/errors.test.js > ForbiddenError > accepts a custom message 2ms
 ✓ tests/unit/errors.test.js > UnauthorizedError > is a 401 with UNAUTHORIZED code 1ms
 ✓ tests/unit/errors.test.js > UnauthorizedError > accepts a custom message 0ms
 ✓ tests/unit/encryption.test.js > encrypt / decrypt > roundtrip produces the original plaintext 10ms
 ✓ tests/unit/encryption.test.js > encrypt / decrypt > different plaintexts produce different ciphertexts 5ms
 ✓ tests/unit/encryption.test.js > encrypt / decrypt > same plaintext encrypted twice produces different ciphertexts (random IV) 3ms
 ✓ tests/unit/encryption.test.js > encrypt / decrypt > decrypt with tampered ciphertext throws 3ms
 ✓ tests/unit/encryption.test.js > encrypt / decrypt > handles empty string encryption and decryption 2ms
 ✓ tests/unit/encryption.test.js > encrypt / decrypt > handles unicode text 1ms
 ✓ tests/unit/encryption.test.js > encrypt / decrypt > ciphertext format is iv:authTag:ciphertext (hex) 4ms
 ✓ tests/unit/encryption.test.js > maskField > masks employee_id showing last 4 chars 1ms
 ✓ tests/unit/encryption.test.js > maskField > returns full value if employee_id is <= 4 chars 1ms
 ✓ tests/unit/encryption.test.js > maskField > masks phone showing last 2 digits 2ms
 ✓ tests/unit/encryption.test.js > maskField > masks email keeping first char, last char of local, and domain 1ms
 ✓ tests/unit/encryption.test.js > maskField > masks email with short local part 1ms
 ✓ tests/unit/encryption.test.js > maskField > returns *** for email without @ sign 0ms
 ✓ tests/unit/encryption.test.js > maskField > uses default masking (last 4 chars) for unknown types 1ms
 ✓ tests/unit/encryption.test.js > maskField > returns empty string for null or non-string values 1ms
 ✓ tests/unit/pagination.test.js > parsePagination > extracts page, pageSize, sortBy, sortDir from query 17ms
 ✓ tests/unit/pagination.test.js > parsePagination > provides defaults when query params are missing 4ms
 ✓ tests/unit/pagination.test.js > parsePagination > caps pageSize at 100 1ms
 ✓ tests/unit/pagination.test.js > parsePagination > enforces minimum page of 1 2ms
 ✓ tests/unit/pagination.test.js > parsePagination > enforces minimum pageSize of 1 (negative values become default) 1ms
 ✓ tests/unit/pagination.test.js > parsePagination > pageSize of 0 falls back to default since parseInt returns 0 which is falsy 1ms
 ✓ tests/unit/pagination.test.js > parsePagination > defaults sortDir to asc when invalid value provided 1ms
 ✓ tests/unit/pagination.test.js > parsePagination > handles non-numeric page gracefully 1ms
 ✓ tests/unit/pagination.test.js > parsePagination > handles non-numeric pageSize gracefully 1ms
 ✓ tests/unit/pagination.test.js > formatPaginatedResponse > calculates totalPages correctly 2ms
 ✓ tests/unit/pagination.test.js > formatPaginatedResponse > returns totalPages of 0 when total is 0 1ms
 ✓ tests/unit/pagination.test.js > formatPaginatedResponse > returns totalPages of 1 when total equals pageSize 1ms
 ✓ tests/unit/pagination.test.js > formatPaginatedResponse > returns totalPages of 1 when total is less than pageSize 1ms
 ✓ tests/unit/pagination.test.js > formatPaginatedResponse > preserves the data array as-is in the response 1ms
 ✓ tests/unit/authorize-middleware.test.js > authorize middleware > passes through when the user holds the required permission 23ms
 ✓ tests/unit/authorize-middleware.test.js > authorize middleware > passes through when the user holds ALL required permissions 4ms
 ✓ tests/unit/authorize-middleware.test.js > authorize middleware > returns 403 FORBIDDEN when one of the required permissions is missing 11ms
 ✓ tests/unit/authorize-middleware.test.js > authorize middleware > returns 401 UNAUTHORIZED when request.user is unset (handler used without authenticate) 9ms
 ✓ tests/unit/authorize-middleware.test.js > authorize middleware > treats a user with no permissions array as empty (403) 3ms

 Test Files  25 passed (25)
      Tests  249 passed (249)
   Start at  12:04:47
   Duration  4.71s (transform 2.75s, setup 0ms, collect 6.44s, tests 3.27s, environment 14ms, prepare 7.21s)


 RUN  v3.2.4 /app

{"level":30,"time":"2026-04-19T12:04:55.422Z","pid":826,"hostname":"b4fd557d2fd1","module":"db","action":"migrate","msg":"[db][migrate] Running database migrations"}
{"level":30,"time":"2026-04-19T12:04:55.536Z","pid":826,"hostname":"b4fd557d2fd1","module":"db","action":"migrate","msg":"[db][migrate] Database is already up to date"}
 ✓ tests/integration/events.integration.test.js > Events integration (real DB) > POST /events - Create event > creates an event in draft state and persists it to the DB 32ms
 ✓ tests/integration/events.integration.test.js > Events integration (real DB) > POST /events - Create event > defaults budget_cap to 25000 when not provided 16ms
 ✓ tests/integration/events.integration.test.js > Events integration (real DB) > PATCH /events/:id - Update event > updates event details and verifies DB reflects changes 23ms
{"level":30,"time":"2026-04-19T12:04:56.841Z","pid":826,"hostname":"b4fd557d2fd1","module":"http","action":"request","method":"POST","url":"/auth/login","msg":"[http][request] [http][request] POST /auth/login"}
{"level":30,"time":"2026-04-19T12:04:57.006Z","pid":826,"hostname":"b4fd557d2fd1","module":"auth","action":"login","userId":"e4b1a941-c372-4d97-8bb8-3db54300c375","username":"planner","msg":"[auth][login] User logged in"}
{"level":30,"time":"2026-04-19T12:04:57.014Z","pid":826,"hostname":"b4fd557d2fd1","module":"http","action":"response","method":"POST","url":"/auth/login","statusCode":200,"responseTime":175.19274399988353,"msg":"[http][response] [http][response] POST /auth/login 200 175.2ms"}
{"level":30,"time":"2026-04-19T12:04:57.016Z","pid":826,"hostname":"b4fd557d2fd1","module":"http","action":"request","method":"POST","url":"/auth/login","msg":"[http][request] [http][request] POST /auth/login"}
{"level":30,"time":"2026-04-19T12:04:57.154Z","pid":826,"hostname":"b4fd557d2fd1","module":"auth","action":"login","userId":"81a3b8a5-134e-4b5e-84b0-6b8dddb175d2","username":"admin","msg":"[auth][login] User logged in"}
{"level":30,"time":"2026-04-19T12:04:57.155Z","pid":826,"hostname":"b4fd557d2fd1","module":"http","action":"response","method":"POST","url":"/auth/login","statusCode":200,"responseTime":138.93927400000393,"msg":"[http][response] [http][response] POST /auth/login 200 138.9ms"}
{"level":30,"time":"2026-04-19T12:04:57.156Z","pid":826,"hostname":"b4fd557d2fd1","module":"http","action":"request","method":"POST","url":"/auth/login","msg":"[http][request] [http][request] POST /auth/login"}
{"level":30,"time":"2026-04-19T12:04:57.287Z","pid":826,"hostname":"b4fd557d2fd1","module":"auth","action":"login","userId":"e6f60039-e341-499c-ba0a-51113922be1f","username":"approver","msg":"[auth][login] User logged in"}
{"level":30,"time":"2026-04-19T12:04:57.288Z","pid":826,"hostname":"b4fd557d2fd1","module":"http","action":"response","method":"POST","url":"/auth/login","statusCode":200,"responseTime":131.63545900024474,"msg":"[http][response] [http][response] POST /auth/login 200 131.6ms"}
{"level":30,"time":"2026-04-19T12:04:57.288Z","pid":826,"hostname":"b4fd557d2fd1","module":"http","action":"request","method":"POST","url":"/auth/login","msg":"[http][request] [http][request] POST /auth/login"}
{"level":30,"time":"2026-04-19T12:04:57.421Z","pid":826,"hostname":"b4fd557d2fd1","module":"auth","action":"login","userId":"3ffa6d70-84ab-4da8-9f5a-50d8991088ef","username":"manager","msg":"[auth][login] User logged in"}
{"level":30,"time":"2026-04-19T12:04:57.421Z","pid":826,"hostname":"b4fd557d2fd1","module":"http","action":"response","method":"POST","url":"/auth/login","statusCode":200,"responseTime":133.26044799946249,"msg":"[http][response] [http][response] POST /auth/login 200 133.3ms"}
{"level":30,"time":"2026-04-19T12:04:57.426Z","pid":826,"hostname":"b4fd557d2fd1","module":"http","action":"request","method":"POST","url":"/events","msg":"[http][request] [http][request] POST /events"}
{"level":30,"time":"2026-04-19T12:04:57.432Z","pid":826,"hostname":"b4fd557d2fd1","module":"events:service","action":"createEvent","userId":"e4b1a941-c372-4d97-8bb8-3db54300c375","msg":"[events:service][createEvent] Creating new event"}
{"level":20,"time":"2026-04-19T12:04:57.433Z","pid":826,"hostname":"b4fd557d2fd1","module":"events:repository","action":"create","data":{"title":"Integration Test Gala","description":"A test event for integration testing","event_date":"2025-12-15","headcount":100,"budget_amount":15000,"budget_cap":25000,"state":"draft","created_by":"e4b1a941-c372-4d97-8bb8-3db54300c375"},"msg":"[events:repository][create] Creating event"}
{"level":30,"time":"2026-04-19T12:04:57.451Z","pid":826,"hostname":"b4fd557d2fd1","module":"audit","action":"write","eventId":"d406c570-8a8b-4cac-b704-643a723c74c2","subjectType":"event","subjectId":"d406c570-8a8b-4cac-b704-643a723c74c2","auditAction":"create","msg":"[audit][write] Audit recorded: create on event d406c570-8a8b-4cac-b704-643a723c74c2"}
{"level":30,"time":"2026-04-19T12:04:57.452Z","pid":826,"hostname":"b4fd557d2fd1","module":"events:routes","action":"create","eventId":"d406c570-8a8b-4cac-b704-643a723c74c2","msg":"[events:routes][create] Event created"}
{"level":30,"time":"2026-04-19T12:04:57.452Z","pid":826,"hostname":"b4fd557d2fd1","module":"http","action":"response","method":"POST","url":"/events","statusCode":201,"responseTime":26.218697000294924,"msg":"[http][response] [http][response] POST /events 201 26.2ms"}
{"level":30,"time":"2026-04-19T12:04:57.456Z","pid":826,"hostname":"b4fd557d2fd1","module":"http","action":"request","method":"POST","url":"/events","msg":"[http][request] [http][request] POST /events"}
{"level":30,"time":"2026-04-19T12:04:57.458Z","pid":826,"hostname":"b4fd557d2fd1","module":"events:service","action":"createEvent","userId":"e4b1a941-c372-4d97-8bb8-3db54300c375","msg":"[events:service][createEvent] Creating new event"}
{"level":20,"time":"2026-04-19T12:04:57.459Z","pid":826,"hostname":"b4fd557d2fd1","module":"events:repository","action":"create","data":{"title":"Default Cap Event","description":null,"event_date":"2025-11-01","headcount":50,"budget_amount":5000,"budget_cap":25000,"state":"draft","created_by":"e4b1a941-c372-4d97-8bb8-3db54300c375"},"msg":"[events:repository][create] Creating event"}
{"level":30,"time":"2026-04-19T12:04:57.470Z","pid":826,"hostname":"b4fd557d2fd1","module":"audit","action":"write","eventId":"ae3a93c1-0ffe-485b-977e-898d9f69bdad","subjectType":"event","subjectId":"ae3a93c1-0ffe-485b-977e-898d9f69bdad","auditAction":"create","msg":"[audit][write] Audit recorded: create on event ae3a93c1-0ffe-485b-977e-898d9f69bdad"}
{"level":30,"time":"2026-04-19T12:04:57.470Z","pid":826,"hostname":"b4fd557d2fd1","module":"events:routes","action":"create","eventId":"ae3a93c1-0ffe-485b-977e-898d9f69bdad","msg":"[events:routes][create] Event created"}
{"level":30,"time":"2026-04-19T12:04:57.471Z","pid":826,"hostname":"b4fd557d2fd1","module":"http","action":"response","method":"POST","url":"/events","statusCode":201,"responseTime":14.46112700086087,"msg":"[http][response] [http][response] POST /events 201 14.5ms"}
{"level":30,"time":"2026-04-19T12:04:57.472Z","pid":826,"hostname":"b4fd557d2fd1","module":"http","action":"request","method":"POST","url":"/events","msg":"[http][request] [http][request] POST /events"}
{"level":30,"time":"2026-04-19T12:04:57.474Z","pid":826,"hostname":"b4fd557d2fd1","module":"events:service","action":"createEvent","userId":"e4b1a941-c372-4d97-8bb8-3db54300c375","msg":"[events:service][createEvent] Creating new event"}
{"level":20,"time":"2026-04-19T12:04:57.474Z","pid":826,"hostname":"b4fd557d2fd1","module":"events:repository","action":"create","data":{"title":"Updatable Event","description":null,"event_date":"2025-10-20","headcount":75,"budget_amount":10000,"budget_cap":25000,"state":"draft","created_by":"e4b1a941-c372-4d97-8bb8-3db54300c375"},"msg":"[events:repository][create] Creating event"}
{"level":30,"time":"2026-04-19T12:04:57.486Z","pid":826,"hostname":"b4fd557d2fd1","module":"audit","action":"write","eventId":"9944bc09-7e2d-4648-b417-8da9b2ea2afd","subjectType":"event","subjectId":"9944bc09-7e2d-4648-b417-8da9b2ea2afd","auditAction":"create","msg":"[audit][write] Audit recorded: create on event 9944bc09-7e2d-4648-b417-8da9b2ea2afd"}
{"level":30,"time":"2026-04-19T12:04:57.486Z","pid":826,"hostname":"b4fd557d2fd1","module":"events:routes","action":"create","eventId":"9944bc09-7e2d-4648-b417-8da9b2ea2afd","msg":"[events:routes][create] Event created"}
{"level":30,"time":"2026-04-19T12:04:57.486Z","pid":826,"hostname":"b4fd557d2fd1","module":"http","action":"response","method":"POST","url":"/events","statusCode":201,"responseTime":14.045395000837743,"msg":"[http][response] [http][response] POST /events 201 14.0ms"}
{"level":30,"time":"2026-04-19T12:04:57.487Z","pid":826,"hostname":"b4fd557d2fd1","module":"http","action":"request","method":"PATCH","url":"/events/9944bc09-7e2d-4648-b417-8da9b2ea2afd","msg":"[http][request] [http][request] PATCH /events/9944bc09-7e2d-4648-b417-8da9b2ea2afd"}
{"level":30,"time":"2026-04-19T12:04:57.490Z","pid":826,"hostname":"b4fd557d2fd1","module":"events:service","action":"updateEvent","userId":"e4b1a941-c372-4d97-8bb8-3db54300c375","eventId":"9944bc09-7e2d-4648-b417-8da9b2ea2afd","msg":"[events:service][updateEvent] Updating event"}
{"level":20,"time":"2026-04-19T12:04:57.490Z","pid":826,"hostname":"b4fd557d2fd1","module":"events:repository","action":"findById","id":"9944bc09-7e2d-4648-b417-8da9b2ea2afd","msg":"[events:repository][findById] Looking up event by id"}
{"level":30,"time":"2026-04-19T12:04:57.492Z","pid":826,"hostname":"b4fd557d2fd1","module":"events:repository","action":"update","id":"9944bc09-7e2d-4648-b417-8da9b2ea2afd","msg":"[events:repository][update] Updating event"}
{"level":30,"time":"2026-04-19T12:04:57.507Z","pid":826,"hostname":"b4fd557d2fd1","module":"audit","action":"write","eventId":"9944bc09-7e2d-4648-b417-8da9b2ea2afd","subjectType":"event","subjectId":"9944bc09-7e2d-4648-b417-8da9b2ea2afd","auditAction":"update","msg":"[audit][write] Audit recorded: update on event 9944bc09-7e2d-4648-b417-8da9b2ea2afd"}
{"level":30,"time":"2026-04-19T12:04:57.507Z","pid":826,"hostname":"b4fd557d2fd1","module":"events:routes","action":"update","eventId":"9944bc09-7e2d-4648-b417-8da9b2ea2afd","msg":"[events:routes][update] Event updated"}
{"level":30,"time":"2026-04-19T12:04:57.508Z","pid":826,"hostname":"b4fd557d2fd1","module":"http","action":"response","method":"PATCH","url":"/events/9944bc09-7e2d-4648-b417-8da9b2ea2afd","statusCode":200,"responseTime":20.30000299960375,"msg":"[http][response] [http][response] PATCH /events/9944bc09-7e2d-4648-b417-8da9b2ea2afd 200 20.3ms"}
{"level":30,"time":"2026-04-19T12:04:57.511Z","pid":826,"hostname":"b4fd557d2fd1","module":"http","action":"request","method":"PATCH","url":"/events/9944bc09-7e2d-4648-b417-8da9b2ea2afd","msg":"[http][request] [http][request] PATCH /events/9944bc09-7e2d-4648-b417-8da9b2ea2afd"}
{"level":30,"time":"2026-04-19T12:04:57.513Z","pid":826,"hostname":"b4fd557d2fd1","module":"events:service","action":"updateEvent","userId":"81a3b8a5-134e-4b5e-84b0-6b8dddb175d2","eventId":"9944bc09-7e2d-4648-b417-8da9b2ea2afd","msg":"[events:service][updateEvent] Updating event"}
{"level":20,"time":"2026-04-19T12:04:57.513Z","pid":826,"hostname":"b4fd557d2fd1","module":"events:repository","action":"findById","id":"9944bc09-7e2d-4648-b417-8da9b2ea2afd","msg":"[events:repository][findById] Looking up event by id"}
{"level":50,"time":"2026-04-19T12:04:57.515Z","pid":826,"hostname":"b4fd557d2fd1","module":"http","action":"error","err":{"type":"ForbiddenError","message":"Only the event creator can update this event","stack":"ForbiddenError: Only the event creator can update this event\n    at Module.updateEvent (/app/src/modules/events/service.js:112:11)\n    at processTicksAndRejections (node:internal/process/task_queues:95:5)\n    at Object.<anonymous> (/app/src/modules/events/routes.js:221:23)","name":"ForbiddenError","statusCode":403,"code":"FORBIDDEN"},"requestId":"req-9","msg":"[http][error] [http][error] Only the event creator can update this event"}
{"level":30,"time":"2026-04-19T12:04:57.534Z","pid":826,"hostname":"b4fd557d2fd1","module":"http","action":"response","method":"PATCH","url":"/events/9944bc09-7e2d-4648-b417-8da9b2ea2afd","statusCode":403,"responseTime":23.381246999837458,"msg":"[http][response] [http][response] PATCH /events/9944bc09-7e2d-4648-b417-8da9b2ea2afd 403 23.4ms"}
{"level":30,"time":"2026-04-19T12:04:57.541Z","pid":826,"hostname":"b4fd557d2fd1","module":"http","action":"request","method":"POST","url":"/events","msg":"[http][request] [http][request] POST /events"}
{"level":30,"time":"2026-04-19T12:04:57.545Z","pid":826,"hostname":"b4fd557d2fd1","module":"events:service","action":"createEvent","userId":"e4b1a941-c372-4d97-8bb8-3db54300c375","msg":"[events:service][createEvent] Creating new event"}
{"level":20,"time":"2026-04-19T12:04:57.545Z","pid":826,"hostname":"b4fd557d2fd1","module":"events:repository","action":"create","data":{"title":"Windows Event","description":null,"event_date":"2025-09-10","headcount":30,"budget_amount":5000,"budget_cap":25000,"state":"draft","created_by":"e4b1a941-c372-4d97-8bb8-3db54300c375"},"msg":"[events:repository][create] Creating event"}
{"level":30,"time":"2026-04-19T12:04:57.558Z","pid":826,"hostname":"b4fd557d2fd1","module":"audit","action":"write","eventId":"afa92539-004a-4017-9745-6496939c99ee","subjectType":"event","subjectId":"afa92539-004a-4017-9745-6496939c99ee","auditAction":"create","msg":"[audit][write] Audit recorded: create on event afa92539-004a-4017-9745-6496939c99ee"}
{"level":30,"time":"2026-04-19T12:04:57.558Z","pid":826,"hostname":"b4fd557d2fd1","module":"events:routes","action":"create","eventId":"afa92539-004a-4017-9745-6496939c99ee","msg":"[events:routes][create] Event created"}
{"level":30,"time":"2026-04-19T12:04:57.558Z","pid":826,"hostname":"b4fd557d2fd1","module":"http","action":"response","method":"POST","url":"/events","statusCode":201,"responseTime":18.078347999602556,"msg":"[http][response] [http][response] POST /events 201 18.1ms"}
{"level":30,"time":"2026-04-19T12:04:57.560Z","pid":826,"hostname":"b4fd557d2fd1","module":"http","action":"request","method":"POST","url":"/events/afa92539-004a-4017-9745-6496939c99ee/service-windows","msg":"[http][request] [http][request] POST /events/afa92539-004a-4017-9745-6496939c99ee/service-windows"}
{"level":20,"time":"2026-04-19T12:04:57.563Z","pid":826,"hostname":"b4fd557d2fd1","module":"events:repository","action":"findById","id":"afa92539-004a-4017-9745-6496939c99ee","msg":"[events:repository][findById] Looking up event by id"}
{"level":20,"time":"2026-04-19T12:04:57.564Z","pid":826,"hostname":"b4fd557d2fd1","module":"events:repository","action":"addServiceWindow","data":{"event_id":"afa92539-004a-4017-9745-6496939c99ee","label":"Breakfast Service","start_at":"2025-09-10T07:00:00+00:00","end_at":"2025-09-10T09:00:00+00:00"},"msg":"[events:repository][addServiceWindow] Adding service window"}
{"level":30,"time":"2026-04-19T12:04:57.573Z","pid":826,"hostname":"b4fd557d2fd1","module":"events:routes","action":"addServiceWindow","eventId":"afa92539-004a-4017-9745-6496939c99ee","windowId":"e16110dc-5bfe-40db-a807-e904e431cbf6","msg":"[events:routes][addServiceWindow] Service window added to event"}
{"level":30,"time":"2026-04-19T12:04:57.573Z","pid":826,"hostname":"b4fd557d2fd1","module":"http","action":"response","method":"POST","url":"/events/afa92539-004a-4017-9745-6496939c99ee/service-windows","statusCode":201,"responseTime":13.938696000725031,"msg":"[http][response] [http][response] POST /events/afa92539-004a-4017-9745-6496939c99ee/service-windows 201 13.9ms"}
{"level":30,"time":"2026-04-19T12:04:57.576Z","pid":826,"hostname":"b4fd557d2fd1","module":"http","action":"request","method":"POST","url":"/events","msg":"[http][request] [http][request] POST /events"}
{"level":30,"time":"2026-04-19T12:04:57.578Z","pid":826,"hostname":"b4fd557d2fd1","module":"events:service","action":"createEvent","userId":"e4b1a941-c372-4d97-8bb8-3db54300c375","msg":"[events:service][createEvent] Creating new event"}
{"level":20,"time":"2026-04-19T12:04:57.578Z","pid":826,"hostname":"b4fd557d2fd1","module":"events:repository","action":"create","data":{"title":"State Machine Event","description":null,"event_date":"2025-08-01","headcount":50,"budget_amount":10000,"budget_cap":25000,"state":"draft","created_by":"e4b1a941-c372-4d97-8bb8-3db54300c375"},"msg":"[events:repository][create] Creating event"}
{"level":30,"time":"2026-04-19T12:04:57.591Z","pid":826,"hostname":"b4fd557d2fd1","module":"audit","action":"write","eventId":"08deea8d-658f-4f6c-83f6-be9896b1364a","subjectType":"event","subjectId":"08deea8d-658f-4f6c-83f6-be9896b1364a","auditAction":"create","msg":"[audit][write] Audit recorded: create on event 08deea8d-658f-4f6c-83f6-be9896b1364a"}
{"level":30,"time":"2026-04-19T12:04:57.591Z","pid":826,"hostname":"b4fd557d2fd1","module":"events:routes","action":"create","eventId":"08deea8d-658f-4f6c-83f6-be9896b1364a","msg":"[events:routes][create] Event created"}
{"level":30,"time":"2026-04-19T12:04:57.591Z","pid":826,"hostname":"b4fd557d2fd1","module":"http","action":"response","method":"POST","url":"/events","statusCode":201,"responseTime":15.004342000000179,"msg":"[http][response] [http][response] POST /events 201 15.0ms"}
{"level":30,"time":"2026-04-19T12:04:57.592Z","pid":826,"hostname":"b4fd557d2fd1","module":"http","action":"request","method":"POST","url":"/events/08deea8d-658f-4f6c-83f6-be9896b1364a/service-windows","msg":"[http][request] [http][request] POST /events/08deea8d-658f-4f6c-83f6-be9896b1364a/service-windows"}
{"level":20,"time":"2026-04-19T12:04:57.593Z","pid":826,"hostname":"b4fd557d2fd1","module":"events:repository","action":"findById","id":"08deea8d-658f-4f6c-83f6-be9896b1364a","msg":"[events:repository][findById] Looking up event by id"}
{"level":20,"time":"2026-04-19T12:04:57.595Z","pid":826,"hostname":"b4fd557d2fd1","module":"events:repository","action":"addServiceWindow","data":{"event_id":"08deea8d-658f-4f6c-83f6-be9896b1364a","label":"Main Service","start_at":"2025-08-01T10:00:00+00:00","end_at":"2025-08-01T14:00:00+00:00"},"msg":"[events:repository][addServiceWindow] Adding service window"}
{"level":30,"time":"2026-04-19T12:04:57.603Z","pid":826,"hostname":"b4fd557d2fd1","module":"events:routes","action":"addServiceWindow","eventId":"08deea8d-658f-4f6c-83f6-be9896b1364a","windowId":"bcc461cd-4fa7-42da-994c-d1934d4de842","msg":"[events:routes][addServiceWindow] Service window added to event"}
{"level":30,"time":"2026-04-19T12:04:57.604Z","pid":826,"hostname":"b4fd557d2fd1","module":"http","action":"response","method":"POST","url":"/events/08deea8d-658f-4f6c-83f6-be9896b1364a/service-windows","statusCode":201,"responseTime":11.909450000151992,"msg":"[http][response] [http][response] POST /events/08deea8d-658f-4f6c-83f6-be9896b1364a/service-windows 201 11.9ms"}
{"level":30,"time":"2026-04-19T12:04:57.612Z","pid":826,"hostname":"b4fd557d2fd1","module":"http","action":"request","method":"PATCH","url":"/events/08deea8d-658f-4f6c-83f6-be9896b1364a/state","msg":"[http][request] [http][request] PATCH /events/08deea8d-658f-4f6c-83f6-be9896b1364a/state"}
{"level":20,"time":"2026-04-19T12:04:57.615Z","pid":826,"hostname":"b4fd557d2fd1","module":"events:repository","action":"findById","id":"08deea8d-658f-4f6c-83f6-be9896b1364a","msg":"[events:repository][findById] Looking up event by id"}
{"level":30,"time":"2026-04-19T12:04:57.617Z","pid":826,"hostname":"b4fd557d2fd1","module":"events:service","action":"transitionState","userId":"e4b1a941-c372-4d97-8bb8-3db54300c375","eventId":"08deea8d-658f-4f6c-83f6-be9896b1364a","newState":"submitted","msg":"[events:service][transitionState] Transitioning event state"}
{"level":20,"time":"2026-04-19T12:04:57.617Z","pid":826,"hostname":"b4fd557d2fd1","module":"events:repository","action":"findById","id":"08deea8d-658f-4f6c-83f6-be9896b1364a","msg":"[events:repository][findById] Looking up event by id"}
{"level":20,"time":"2026-04-19T12:04:57.619Z","pid":826,"hostname":"b4fd557d2fd1","module":"events:repository","action":"getServiceWindows","eventId":"08deea8d-658f-4f6c-83f6-be9896b1364a","msg":"[events:repository][getServiceWindows] Listing service windows"}
{"level":20,"time":"2026-04-19T12:04:57.622Z","pid":826,"hostname":"b4fd557d2fd1","module":"events:repository","action":"getMaterials","eventId":"08deea8d-658f-4f6c-83f6-be9896b1364a","msg":"[events:repository][getMaterials] Listing materials"}
{"level":30,"time":"2026-04-19T12:04:57.626Z","pid":826,"hostname":"b4fd557d2fd1","module":"events:repository","action":"updateState","id":"08deea8d-658f-4f6c-83f6-be9896b1364a","newState":"submitted","msg":"[events:repository][updateState] Updating event state"}
 ✓ tests/integration/events.integration.test.js > Events integration (real DB) > PATCH /events/:id - Update event > returns 403 when a non-creator tries to update the event 28ms
 ✓ tests/integration/events.integration.test.js > Events integration (real DB) > POST /events/:id/service-windows > adds service windows and verifies they are stored in the DB 17ms
{"level":30,"time":"2026-04-19T12:04:57.637Z","pid":826,"hostname":"b4fd557d2fd1","module":"audit","action":"write","eventId":"08deea8d-658f-4f6c-83f6-be9896b1364a","subjectType":"event","subjectId":"08deea8d-658f-4f6c-83f6-be9896b1364a","auditAction":"state_transition","msg":"[audit][write] Audit recorded: state_transition on event 08deea8d-658f-4f6c-83f6-be9896b1364a"}
{"level":30,"time":"2026-04-19T12:04:57.637Z","pid":826,"hostname":"b4fd557d2fd1","module":"events:routes","action":"transitionState","eventId":"08deea8d-658f-4f6c-83f6-be9896b1364a","newState":"submitted","msg":"[events:routes][transitionState] Event state transitioned to submitted"}
{"level":30,"time":"2026-04-19T12:04:57.638Z","pid":826,"hostname":"b4fd557d2fd1","module":"http","action":"response","method":"PATCH","url":"/events/08deea8d-658f-4f6c-83f6-be9896b1364a/state","statusCode":200,"responseTime":25.82488299999386,"msg":"[http][response] [http][response] PATCH /events/08deea8d-658f-4f6c-83f6-be9896b1364a/state 200 25.8ms"}
{"level":30,"time":"2026-04-19T12:04:57.640Z","pid":826,"hostname":"b4fd557d2fd1","module":"http","action":"request","method":"PATCH","url":"/events/08deea8d-658f-4f6c-83f6-be9896b1364a/state","msg":"[http][request] [http][request] PATCH /events/08deea8d-658f-4f6c-83f6-be9896b1364a/state"}
{"level":30,"time":"2026-04-19T12:04:57.642Z","pid":826,"hostname":"b4fd557d2fd1","module":"events:service","action":"transitionState","userId":"e6f60039-e341-499c-ba0a-51113922be1f","eventId":"08deea8d-658f-4f6c-83f6-be9896b1364a","newState":"approved","msg":"[events:service][transitionState] Transitioning event state"}
{"level":20,"time":"2026-04-19T12:04:57.642Z","pid":826,"hostname":"b4fd557d2fd1","module":"events:repository","action":"findById","id":"08deea8d-658f-4f6c-83f6-be9896b1364a","msg":"[events:repository][findById] Looking up event by id"}
{"level":20,"time":"2026-04-19T12:04:57.644Z","pid":826,"hostname":"b4fd557d2fd1","module":"approvals:repository","action":"hasPendingForEvent","eventId":"08deea8d-658f-4f6c-83f6-be9896b1364a","msg":"[approvals:repository][hasPendingForEvent] Checking pending approvals for event"}
{"level":30,"time":"2026-04-19T12:04:57.648Z","pid":826,"hostname":"b4fd557d2fd1","module":"events:repository","action":"updateState","id":"08deea8d-658f-4f6c-83f6-be9896b1364a","newState":"approved","msg":"[events:repository][updateState] Updating event state"}
{"level":30,"time":"2026-04-19T12:04:57.661Z","pid":826,"hostname":"b4fd557d2fd1","module":"audit","action":"write","eventId":"08deea8d-658f-4f6c-83f6-be9896b1364a","subjectType":"event","subjectId":"08deea8d-658f-4f6c-83f6-be9896b1364a","auditAction":"state_transition","msg":"[audit][write] Audit recorded: state_transition on event 08deea8d-658f-4f6c-83f6-be9896b1364a"}
{"level":30,"time":"2026-04-19T12:04:57.662Z","pid":826,"hostname":"b4fd557d2fd1","module":"events:service","action":"triggerEntitlementAutoIssuance","eventId":"08deea8d-658f-4f6c-83f6-be9896b1364a","msg":"[events:service][triggerEntitlementAutoIssuance] Triggering auto-issuance of entitlements"}
{"level":20,"time":"2026-04-19T12:04:57.662Z","pid":826,"hostname":"b4fd557d2fd1","module":"events:repository","action":"findById","id":"08deea8d-658f-4f6c-83f6-be9896b1364a","msg":"[events:repository][findById] Looking up event by id"}
{"level":40,"time":"2026-04-19T12:04:57.665Z","pid":826,"hostname":"b4fd557d2fd1","module":"events:service","action":"triggerEntitlementAutoIssuance","ruleId":"6b2c76c2-9ee0-4e33-b19f-3ff63a012912","formula":"10_per_role","msg":"[events:service][triggerEntitlementAutoIssuance] Failed to evaluate quantity formula, skipping rule"}
{"level":30,"time":"2026-04-19T12:04:57.665Z","pid":826,"hostname":"b4fd557d2fd1","module":"events:routes","action":"transitionState","eventId":"08deea8d-658f-4f6c-83f6-be9896b1364a","newState":"approved","msg":"[events:routes][transitionState] Event state transitioned to approved"}
{"level":30,"time":"2026-04-19T12:04:57.666Z","pid":826,"hostname":"b4fd557d2fd1","module":"http","action":"response","method":"PATCH","url":"/events/08deea8d-658f-4f6c-83f6-be9896b1364a/state","statusCode":200,"responseTime":26.016983000561595,"msg":"[http][response] [http][response] PATCH /events/08deea8d-658f-4f6c-83f6-be9896b1364a/state 200 26.0ms"}
{"level":30,"time":"2026-04-19T12:04:57.670Z","pid":826,"hostname":"b4fd557d2fd1","module":"http","action":"request","method":"POST","url":"/events","msg":"[http][request] [http][request] POST /events"}
{"level":30,"time":"2026-04-19T12:04:57.672Z","pid":826,"hostname":"b4fd557d2fd1","module":"events:service","action":"createEvent","userId":"e4b1a941-c372-4d97-8bb8-3db54300c375","msg":"[events:service][createEvent] Creating new event"}
{"level":20,"time":"2026-04-19T12:04:57.672Z","pid":826,"hostname":"b4fd557d2fd1","module":"events:repository","action":"create","data":{"title":"Invalid Transition Event","description":null,"event_date":"2025-07-01","headcount":20,"budget_amount":3000,"budget_cap":25000,"state":"draft","created_by":"e4b1a941-c372-4d97-8bb8-3db54300c375"},"msg":"[events:repository][create] Creating event"}
{"level":30,"time":"2026-04-19T12:04:57.683Z","pid":826,"hostname":"b4fd557d2fd1","module":"audit","action":"write","eventId":"907900ec-1e38-4535-8bbd-2504a9e56646","subjectType":"event","subjectId":"907900ec-1e38-4535-8bbd-2504a9e56646","auditAction":"create","msg":"[audit][write] Audit recorded: create on event 907900ec-1e38-4535-8bbd-2504a9e56646"}
{"level":30,"time":"2026-04-19T12:04:57.683Z","pid":826,"hostname":"b4fd557d2fd1","module":"events:routes","action":"create","eventId":"907900ec-1e38-4535-8bbd-2504a9e56646","msg":"[events:routes][create] Event created"}
{"level":30,"time":"2026-04-19T12:04:57.684Z","pid":826,"hostname":"b4fd557d2fd1","module":"http","action":"response","method":"POST","url":"/events","statusCode":201,"responseTime":13.904577000066638,"msg":"[http][response] [http][response] POST /events 201 13.9ms"}
{"level":30,"time":"2026-04-19T12:04:57.684Z","pid":826,"hostname":"b4fd557d2fd1","module":"http","action":"request","method":"PATCH","url":"/events/907900ec-1e38-4535-8bbd-2504a9e56646/state","msg":"[http][request] [http][request] PATCH /events/907900ec-1e38-4535-8bbd-2504a9e56646/state"}
{"level":30,"time":"2026-04-19T12:04:57.686Z","pid":826,"hostname":"b4fd557d2fd1","module":"events:service","action":"transitionState","userId":"e6f60039-e341-499c-ba0a-51113922be1f","eventId":"907900ec-1e38-4535-8bbd-2504a9e56646","newState":"approved","msg":"[events:service][transitionState] Transitioning event state"}
{"level":20,"time":"2026-04-19T12:04:57.686Z","pid":826,"hostname":"b4fd557d2fd1","module":"events:repository","action":"findById","id":"907900ec-1e38-4535-8bbd-2504a9e56646","msg":"[events:repository][findById] Looking up event by id"}
{"level":50,"time":"2026-04-19T12:04:57.688Z","pid":826,"hostname":"b4fd557d2fd1","module":"http","action":"error","err":{"type":"ValidationError","message":"Validation failed","stack":"ValidationError: Validation failed\n    at Module.transitionState (/app/src/modules/events/service.js:261:11)\n    at processTicksAndRejections (node:internal/process/task_queues:95:5)\n    at Object.<anonymous> (/app/src/modules/events/routes.js:293:23)","name":"ValidationError","statusCode":422,"code":"VALIDATION_ERROR","details":{"errors":[{"path":"state","message":"Cannot transition from 'draft' to 'approved'. Allowed transitions: submitted"}]}},"requestId":"req-h","msg":"[http][error] [http][error] Validation failed"}
{"level":30,"time":"2026-04-19T12:04:57.689Z","pid":826,"hostname":"b4fd557d2fd1","module":"http","action":"response","method":"PATCH","url":"/events/907900ec-1e38-4535-8bbd-2504a9e56646/state","statusCode":422,"responseTime":4.43431599996984,"msg":"[http][response] [http][response] PATCH /events/907900ec-1e38-4535-8bbd-2504a9e56646/state 422 4.4ms"}
{"level":30,"time":"2026-04-19T12:04:57.690Z","pid":826,"hostname":"b4fd557d2fd1","module":"http","action":"request","method":"POST","url":"/events","msg":"[http][request] [http][request] POST /events"}
{"level":30,"time":"2026-04-19T12:04:57.693Z","pid":826,"hostname":"b4fd557d2fd1","module":"events:service","action":"createEvent","userId":"e4b1a941-c372-4d97-8bb8-3db54300c375","msg":"[events:service][createEvent] Creating new event"}
{"level":20,"time":"2026-04-19T12:04:57.693Z","pid":826,"hostname":"b4fd557d2fd1","module":"events:repository","action":"create","data":{"title":"Audit Trail Event","description":null,"event_date":"2025-06-15","headcount":40,"budget_amount":8000,"budget_cap":25000,"state":"draft","created_by":"e4b1a941-c372-4d97-8bb8-3db54300c375"},"msg":"[events:repository][create] Creating event"}
{"level":30,"time":"2026-04-19T12:04:57.704Z","pid":826,"hostname":"b4fd557d2fd1","module":"audit","action":"write","eventId":"12b58900-d97f-48b0-8937-de7c514753ab","subjectType":"event","subjectId":"12b58900-d97f-48b0-8937-de7c514753ab","auditAction":"create","msg":"[audit][write] Audit recorded: create on event 12b58900-d97f-48b0-8937-de7c514753ab"}
{"level":30,"time":"2026-04-19T12:04:57.704Z","pid":826,"hostname":"b4fd557d2fd1","module":"events:routes","action":"create","eventId":"12b58900-d97f-48b0-8937-de7c514753ab","msg":"[events:routes][create] Event created"}
{"level":30,"time":"2026-04-19T12:04:57.705Z","pid":826,"hostname":"b4fd557d2fd1","module":"http","action":"response","method":"POST","url":"/events","statusCode":201,"responseTime":15.068133000284433,"msg":"[http][response] [http][response] POST /events 201 15.1ms"}
{"level":30,"time":"2026-04-19T12:04:57.708Z","pid":826,"hostname":"b4fd557d2fd1","module":"http","action":"request","method":"POST","url":"/events","msg":"[http][request] [http][request] POST /events"}
{"level":30,"time":"2026-04-19T12:04:57.710Z","pid":826,"hostname":"b4fd557d2fd1","module":"events:service","action":"createEvent","userId":"e4b1a941-c372-4d97-8bb8-3db54300c375","msg":"[events:service][createEvent] Creating new event"}
{"level":20,"time":"2026-04-19T12:04:57.710Z","pid":826,"hostname":"b4fd557d2fd1","module":"events:repository","action":"create","data":{"title":"Over Budget Event","description":null,"event_date":"2025-05-01","headcount":200,"budget_amount":20000,"budget_cap":25000,"state":"draft","created_by":"e4b1a941-c372-4d97-8bb8-3db54300c375"},"msg":"[events:repository][create] Creating event"}
{"level":30,"time":"2026-04-19T12:04:57.722Z","pid":826,"hostname":"b4fd557d2fd1","module":"audit","action":"write","eventId":"e2b47610-1237-4207-9d12-841d6f6cc36e","subjectType":"event","subjectId":"e2b47610-1237-4207-9d12-841d6f6cc36e","auditAction":"create","msg":"[audit][write] Audit recorded: create on event e2b47610-1237-4207-9d12-841d6f6cc36e"}
{"level":30,"time":"2026-04-19T12:04:57.723Z","pid":826,"hostname":"b4fd557d2fd1","module":"events:routes","action":"create","eventId":"e2b47610-1237-4207-9d12-841d6f6cc36e","msg":"[events:routes][create] Event created"}
{"level":30,"time":"2026-04-19T12:04:57.723Z","pid":826,"hostname":"b4fd557d2fd1","module":"http","action":"response","method":"POST","url":"/events","statusCode":201,"responseTime":15.493791999295354,"msg":"[http][response] [http][response] POST /events 201 15.5ms"}
{"level":30,"time":"2026-04-19T12:04:57.724Z","pid":826,"hostname":"b4fd557d2fd1","module":"http","action":"request","method":"POST","url":"/events/e2b47610-1237-4207-9d12-841d6f6cc36e/service-windows","msg":"[http][request] [http][request] POST /events/e2b47610-1237-4207-9d12-841d6f6cc36e/service-windows"}
{"level":20,"time":"2026-04-19T12:04:57.726Z","pid":826,"hostname":"b4fd557d2fd1","module":"events:repository","action":"findById","id":"e2b47610-1237-4207-9d12-841d6f6cc36e","msg":"[events:repository][findById] Looking up event by id"}
{"level":20,"time":"2026-04-19T12:04:57.729Z","pid":826,"hostname":"b4fd557d2fd1","module":"events:repository","action":"addServiceWindow","data":{"event_id":"e2b47610-1237-4207-9d12-841d6f6cc36e","label":"Service","start_at":"2025-05-01T10:00:00+00:00","end_at":"2025-05-01T14:00:00+00:00"},"msg":"[events:repository][addServiceWindow] Adding service window"}
{"level":30,"time":"2026-04-19T12:04:57.735Z","pid":826,"hostname":"b4fd557d2fd1","module":"events:routes","action":"addServiceWindow","eventId":"e2b47610-1237-4207-9d12-841d6f6cc36e","windowId":"72bde00e-b804-443a-a69e-232fec489817","msg":"[events:routes][addServiceWindow] Service window added to event"}
{"level":30,"time":"2026-04-19T12:04:57.736Z","pid":826,"hostname":"b4fd557d2fd1","module":"http","action":"response","method":"POST","url":"/events/e2b47610-1237-4207-9d12-841d6f6cc36e/service-windows","statusCode":201,"responseTime":11.941500999964774,"msg":"[http][response] [http][response] POST /events/e2b47610-1237-4207-9d12-841d6f6cc36e/service-windows 201 11.9ms"}
 ✓ tests/integration/events.integration.test.js > Events integration (real DB) > PATCH /events/:id/state - State transitions > transitions draft -> submitted and verifies state in DB 28ms
 ✓ tests/integration/events.integration.test.js > Events integration (real DB) > PATCH /events/:id/state - State transitions > transitions submitted -> approved (as approver) and verifies state in DB 29ms
 ✓ tests/integration/events.integration.test.js > Events integration (real DB) > PATCH /events/:id/state - State transitions > rejects invalid state transition (draft -> approved) 20ms
 ✓ tests/integration/events.integration.test.js > Events integration (real DB) > Audit trail entries for event mutations > creates audit_trail entries when events are created and transitioned 18ms
{"level":30,"time":"2026-04-19T12:04:57.743Z","pid":826,"hostname":"b4fd557d2fd1","module":"http","action":"request","method":"PATCH","url":"/events/e2b47610-1237-4207-9d12-841d6f6cc36e/state","msg":"[http][request] [http][request] PATCH /events/e2b47610-1237-4207-9d12-841d6f6cc36e/state"}
{"level":20,"time":"2026-04-19T12:04:57.745Z","pid":826,"hostname":"b4fd557d2fd1","module":"events:repository","action":"findById","id":"e2b47610-1237-4207-9d12-841d6f6cc36e","msg":"[events:repository][findById] Looking up event by id"}
{"level":30,"time":"2026-04-19T12:04:57.746Z","pid":826,"hostname":"b4fd557d2fd1","module":"events:service","action":"transitionState","userId":"e4b1a941-c372-4d97-8bb8-3db54300c375","eventId":"e2b47610-1237-4207-9d12-841d6f6cc36e","newState":"submitted","msg":"[events:service][transitionState] Transitioning event state"}
{"level":20,"time":"2026-04-19T12:04:57.746Z","pid":826,"hostname":"b4fd557d2fd1","module":"events:repository","action":"findById","id":"e2b47610-1237-4207-9d12-841d6f6cc36e","msg":"[events:repository][findById] Looking up event by id"}
{"level":20,"time":"2026-04-19T12:04:57.748Z","pid":826,"hostname":"b4fd557d2fd1","module":"events:repository","action":"getServiceWindows","eventId":"e2b47610-1237-4207-9d12-841d6f6cc36e","msg":"[events:repository][getServiceWindows] Listing service windows"}
{"level":20,"time":"2026-04-19T12:04:57.749Z","pid":826,"hostname":"b4fd557d2fd1","module":"events:repository","action":"getMaterials","eventId":"e2b47610-1237-4207-9d12-841d6f6cc36e","msg":"[events:repository][getMaterials] Listing materials"}
{"level":30,"time":"2026-04-19T12:04:57.750Z","pid":826,"hostname":"b4fd557d2fd1","module":"events:repository","action":"updateState","id":"e2b47610-1237-4207-9d12-841d6f6cc36e","newState":"submitted","msg":"[events:repository][updateState] Updating event state"}
{"level":30,"time":"2026-04-19T12:04:57.762Z","pid":826,"hostname":"b4fd557d2fd1","module":"audit","action":"write","eventId":"e2b47610-1237-4207-9d12-841d6f6cc36e","subjectType":"event","subjectId":"e2b47610-1237-4207-9d12-841d6f6cc36e","auditAction":"state_transition","msg":"[audit][write] Audit recorded: state_transition on event e2b47610-1237-4207-9d12-841d6f6cc36e"}
{"level":30,"time":"2026-04-19T12:04:57.762Z","pid":826,"hostname":"b4fd557d2fd1","module":"events:routes","action":"transitionState","eventId":"e2b47610-1237-4207-9d12-841d6f6cc36e","newState":"submitted","msg":"[events:routes][transitionState] Event state transitioned to submitted"}
{"level":30,"time":"2026-04-19T12:04:57.762Z","pid":826,"hostname":"b4fd557d2fd1","module":"http","action":"response","method":"PATCH","url":"/events/e2b47610-1237-4207-9d12-841d6f6cc36e/state","statusCode":200,"responseTime":20.461705999448895,"msg":"[http][response] [http][response] PATCH /events/e2b47610-1237-4207-9d12-841d6f6cc36e/state 200 20.5ms"}
{"level":30,"time":"2026-04-19T12:04:57.763Z","pid":826,"hostname":"b4fd557d2fd1","module":"http","action":"request","method":"PATCH","url":"/events/e2b47610-1237-4207-9d12-841d6f6cc36e","msg":"[http][request] [http][request] PATCH /events/e2b47610-1237-4207-9d12-841d6f6cc36e"}
{"level":30,"time":"2026-04-19T12:04:57.765Z","pid":826,"hostname":"b4fd557d2fd1","module":"events:service","action":"updateEvent","userId":"e4b1a941-c372-4d97-8bb8-3db54300c375","eventId":"e2b47610-1237-4207-9d12-841d6f6cc36e","msg":"[events:service][updateEvent] Updating event"}
{"level":20,"time":"2026-04-19T12:04:57.765Z","pid":826,"hostname":"b4fd557d2fd1","module":"events:repository","action":"findById","id":"e2b47610-1237-4207-9d12-841d6f6cc36e","msg":"[events:repository][findById] Looking up event by id"}
{"level":20,"time":"2026-04-19T12:04:57.766Z","pid":826,"hostname":"b4fd557d2fd1","module":"approvals:repository","action":"findByEventId","eventId":"e2b47610-1237-4207-9d12-841d6f6cc36e","msg":"[approvals:repository][findByEventId] Listing approvals for event"}
{"level":50,"time":"2026-04-19T12:04:57.767Z","pid":826,"hostname":"b4fd557d2fd1","module":"http","action":"error","err":{"type":"ValidationError","message":"Validation failed","stack":"ValidationError: Validation failed\n    at Module.updateEvent (/app/src/modules/events/service.js:160:15)\n    at processTicksAndRejections (node:internal/process/task_queues:95:5)\n    at Object.<anonymous> (/app/src/modules/events/routes.js:221:23)","name":"ValidationError","statusCode":422,"code":"VALIDATION_ERROR","details":{"errors":[{"path":"budget_amount","message":"Budget amount 50000 exceeds cap of 25000. A budget_override approval is required."}]}},"requestId":"req-m","msg":"[http][error] [http][error] Validation failed"}
{"level":30,"time":"2026-04-19T12:04:57.768Z","pid":826,"hostname":"b4fd557d2fd1","module":"http","action":"response","method":"PATCH","url":"/events/e2b47610-1237-4207-9d12-841d6f6cc36e","statusCode":422,"responseTime":5.447646000422537,"msg":"[http][response] [http][response] PATCH /events/e2b47610-1237-4207-9d12-841d6f6cc36e 422 5.4ms"}
{"level":30,"time":"2026-04-19T12:04:57.769Z","pid":826,"hostname":"b4fd557d2fd1","module":"http","action":"request","method":"POST","url":"/events","msg":"[http][request] [http][request] POST /events"}
{"level":30,"time":"2026-04-19T12:04:57.772Z","pid":826,"hostname":"b4fd557d2fd1","module":"events:service","action":"createEvent","userId":"e4b1a941-c372-4d97-8bb8-3db54300c375","msg":"[events:service][createEvent] Creating new event"}
{"level":20,"time":"2026-04-19T12:04:57.772Z","pid":826,"hostname":"b4fd557d2fd1","module":"events:repository","action":"create","data":{"title":"Budget Change Event","description":null,"event_date":"2025-04-15","headcount":60,"budget_amount":10000,"budget_cap":25000,"state":"draft","created_by":"e4b1a941-c372-4d97-8bb8-3db54300c375"},"msg":"[events:repository][create] Creating event"}
{"level":30,"time":"2026-04-19T12:04:57.784Z","pid":826,"hostname":"b4fd557d2fd1","module":"audit","action":"write","eventId":"1ec4ee18-434c-4ce4-a95b-078ba669cb05","subjectType":"event","subjectId":"1ec4ee18-434c-4ce4-a95b-078ba669cb05","auditAction":"create","msg":"[audit][write] Audit recorded: create on event 1ec4ee18-434c-4ce4-a95b-078ba669cb05"}
{"level":30,"time":"2026-04-19T12:04:57.784Z","pid":826,"hostname":"b4fd557d2fd1","module":"events:routes","action":"create","eventId":"1ec4ee18-434c-4ce4-a95b-078ba669cb05","msg":"[events:routes][create] Event created"}
{"level":30,"time":"2026-04-19T12:04:57.784Z","pid":826,"hostname":"b4fd557d2fd1","module":"http","action":"response","method":"POST","url":"/events","statusCode":201,"responseTime":15.058517999947071,"msg":"[http][response] [http][response] POST /events 201 15.1ms"}
{"level":30,"time":"2026-04-19T12:04:57.785Z","pid":826,"hostname":"b4fd557d2fd1","module":"http","action":"request","method":"POST","url":"/events/1ec4ee18-434c-4ce4-a95b-078ba669cb05/service-windows","msg":"[http][request] [http][request] POST /events/1ec4ee18-434c-4ce4-a95b-078ba669cb05/service-windows"}
{"level":20,"time":"2026-04-19T12:04:57.787Z","pid":826,"hostname":"b4fd557d2fd1","module":"events:repository","action":"findById","id":"1ec4ee18-434c-4ce4-a95b-078ba669cb05","msg":"[events:repository][findById] Looking up event by id"}
{"level":20,"time":"2026-04-19T12:04:57.788Z","pid":826,"hostname":"b4fd557d2fd1","module":"events:repository","action":"addServiceWindow","data":{"event_id":"1ec4ee18-434c-4ce4-a95b-078ba669cb05","label":"Service","start_at":"2025-04-15T10:00:00+00:00","end_at":"2025-04-15T14:00:00+00:00"},"msg":"[events:repository][addServiceWindow] Adding service window"}
{"level":30,"time":"2026-04-19T12:04:57.794Z","pid":826,"hostname":"b4fd557d2fd1","module":"events:routes","action":"addServiceWindow","eventId":"1ec4ee18-434c-4ce4-a95b-078ba669cb05","windowId":"8cafa516-e667-4fb1-8f55-f7c623942cf8","msg":"[events:routes][addServiceWindow] Service window added to event"}
{"level":30,"time":"2026-04-19T12:04:57.795Z","pid":826,"hostname":"b4fd557d2fd1","module":"http","action":"response","method":"POST","url":"/events/1ec4ee18-434c-4ce4-a95b-078ba669cb05/service-windows","statusCode":201,"responseTime":10.05079900007695,"msg":"[http][response] [http][response] POST /events/1ec4ee18-434c-4ce4-a95b-078ba669cb05/service-windows 201 10.1ms"}
{"level":30,"time":"2026-04-19T12:04:57.801Z","pid":826,"hostname":"b4fd557d2fd1","module":"http","action":"request","method":"PATCH","url":"/events/1ec4ee18-434c-4ce4-a95b-078ba669cb05/state","msg":"[http][request] [http][request] PATCH /events/1ec4ee18-434c-4ce4-a95b-078ba669cb05/state"}
{"level":20,"time":"2026-04-19T12:04:57.802Z","pid":826,"hostname":"b4fd557d2fd1","module":"events:repository","action":"findById","id":"1ec4ee18-434c-4ce4-a95b-078ba669cb05","msg":"[events:repository][findById] Looking up event by id"}
{"level":30,"time":"2026-04-19T12:04:57.804Z","pid":826,"hostname":"b4fd557d2fd1","module":"events:service","action":"transitionState","userId":"e4b1a941-c372-4d97-8bb8-3db54300c375","eventId":"1ec4ee18-434c-4ce4-a95b-078ba669cb05","newState":"submitted","msg":"[events:service][transitionState] Transitioning event state"}
{"level":20,"time":"2026-04-19T12:04:57.804Z","pid":826,"hostname":"b4fd557d2fd1","module":"events:repository","action":"findById","id":"1ec4ee18-434c-4ce4-a95b-078ba669cb05","msg":"[events:repository][findById] Looking up event by id"}
{"level":20,"time":"2026-04-19T12:04:57.806Z","pid":826,"hostname":"b4fd557d2fd1","module":"events:repository","action":"getServiceWindows","eventId":"1ec4ee18-434c-4ce4-a95b-078ba669cb05","msg":"[events:repository][getServiceWindows] Listing service windows"}
{"level":20,"time":"2026-04-19T12:04:57.807Z","pid":826,"hostname":"b4fd557d2fd1","module":"events:repository","action":"getMaterials","eventId":"1ec4ee18-434c-4ce4-a95b-078ba669cb05","msg":"[events:repository][getMaterials] Listing materials"}
{"level":30,"time":"2026-04-19T12:04:57.809Z","pid":826,"hostname":"b4fd557d2fd1","module":"events:repository","action":"updateState","id":"1ec4ee18-434c-4ce4-a95b-078ba669cb05","newState":"submitted","msg":"[events:repository][updateState] Updating event state"}
{"level":30,"time":"2026-04-19T12:04:57.820Z","pid":826,"hostname":"b4fd557d2fd1","module":"audit","action":"write","eventId":"1ec4ee18-434c-4ce4-a95b-078ba669cb05","subjectType":"event","subjectId":"1ec4ee18-434c-4ce4-a95b-078ba669cb05","auditAction":"state_transition","msg":"[audit][write] Audit recorded: state_transition on event 1ec4ee18-434c-4ce4-a95b-078ba669cb05"}
{"level":30,"time":"2026-04-19T12:04:57.820Z","pid":826,"hostname":"b4fd557d2fd1","module":"events:routes","action":"transitionState","eventId":"1ec4ee18-434c-4ce4-a95b-078ba669cb05","newState":"submitted","msg":"[events:routes][transitionState] Event state transitioned to submitted"}
{"level":30,"time":"2026-04-19T12:04:57.821Z","pid":826,"hostname":"b4fd557d2fd1","module":"http","action":"response","method":"PATCH","url":"/events/1ec4ee18-434c-4ce4-a95b-078ba669cb05/state","statusCode":200,"responseTime":20.35045799985528,"msg":"[http][response] [http][response] PATCH /events/1ec4ee18-434c-4ce4-a95b-078ba669cb05/state 200 20.4ms"}
{"level":30,"time":"2026-04-19T12:04:57.822Z","pid":826,"hostname":"b4fd557d2fd1","module":"http","action":"request","method":"PATCH","url":"/events/1ec4ee18-434c-4ce4-a95b-078ba669cb05","msg":"[http][request] [http][request] PATCH /events/1ec4ee18-434c-4ce4-a95b-078ba669cb05"}
{"level":30,"time":"2026-04-19T12:04:57.824Z","pid":826,"hostname":"b4fd557d2fd1","module":"events:service","action":"updateEvent","userId":"e4b1a941-c372-4d97-8bb8-3db54300c375","eventId":"1ec4ee18-434c-4ce4-a95b-078ba669cb05","msg":"[events:service][updateEvent] Updating event"}
{"level":20,"time":"2026-04-19T12:04:57.824Z","pid":826,"hostname":"b4fd557d2fd1","module":"events:repository","action":"findById","id":"1ec4ee18-434c-4ce4-a95b-078ba669cb05","msg":"[events:repository][findById] Looking up event by id"}
{"level":20,"time":"2026-04-19T12:04:57.825Z","pid":826,"hostname":"b4fd557d2fd1","module":"events:repository","action":"getBudgetRevisions","eventId":"1ec4ee18-434c-4ce4-a95b-078ba669cb05","msg":"[events:repository][getBudgetRevisions] Listing budget revisions"}
{"level":30,"time":"2026-04-19T12:04:57.827Z","pid":826,"hostname":"b4fd557d2fd1","module":"approvals:service","action":"createApproval","type":"budget_change","eventId":"1ec4ee18-434c-4ce4-a95b-078ba669cb05","msg":"[approvals:service][createApproval] Creating approval"}
{"level":20,"time":"2026-04-19T12:04:57.828Z","pid":826,"hostname":"b4fd557d2fd1","module":"approvals:repository","action":"create","data":{"event_id":"1ec4ee18-434c-4ce4-a95b-078ba669cb05","approval_type":"budget_change","status":"pending","requested_by":"e4b1a941-c372-4d97-8bb8-3db54300c375","justification":"Budget change of 20.00% exceeds 10% threshold","old_amount":10000,"new_amount":12000,"requires_second_approval":false},"msg":"[approvals:repository][create] Creating approval"}
{"level":30,"time":"2026-04-19T12:04:57.839Z","pid":826,"hostname":"b4fd557d2fd1","module":"audit","action":"write","eventId":"1ec4ee18-434c-4ce4-a95b-078ba669cb05","subjectType":"approval","subjectId":"9b1f149b-8747-44b2-9afe-8427af8e43b8","auditAction":"create","msg":"[audit][write] Audit recorded: create on approval 9b1f149b-8747-44b2-9afe-8427af8e43b8"}
{"level":20,"time":"2026-04-19T12:04:57.840Z","pid":826,"hostname":"b4fd557d2fd1","module":"events:repository","action":"addBudgetRevision","data":{"event_id":"1ec4ee18-434c-4ce4-a95b-078ba669cb05","revision_no":1,"old_budget_amount":10000,"new_budget_amount":12000,"change_percent":"20.00","changed_by":"e4b1a941-c372-4d97-8bb8-3db54300c375","approval_id":"9b1f149b-8747-44b2-9afe-8427af8e43b8"},"msg":"[events:repository][addBudgetRevision] Adding budget revision"}
{"level":30,"time":"2026-04-19T12:04:57.846Z","pid":826,"hostname":"b4fd557d2fd1","module":"events:repository","action":"update","id":"1ec4ee18-434c-4ce4-a95b-078ba669cb05","msg":"[events:repository][update] Updating event"}
 ✓ tests/integration/events.integration.test.js > Events integration (real DB) > Budget validation rules > rejects budget_amount above budget_cap without an approved override 61ms
 ✓ tests/integration/events.integration.test.js > Events integration (real DB) > Budget validation rules > creates a pending budget_change approval when budget changes >10% on submitted event 92ms
{"level":30,"time":"2026-04-19T12:04:57.858Z","pid":826,"hostname":"b4fd557d2fd1","module":"audit","action":"write","eventId":"1ec4ee18-434c-4ce4-a95b-078ba669cb05","subjectType":"event","subjectId":"1ec4ee18-434c-4ce4-a95b-078ba669cb05","auditAction":"update","msg":"[audit][write] Audit recorded: update on event 1ec4ee18-434c-4ce4-a95b-078ba669cb05"}
{"level":30,"time":"2026-04-19T12:04:57.858Z","pid":826,"hostname":"b4fd557d2fd1","module":"events:routes","action":"update","eventId":"1ec4ee18-434c-4ce4-a95b-078ba669cb05","msg":"[events:routes][update] Event updated"}
{"level":30,"time":"2026-04-19T12:04:57.859Z","pid":826,"hostname":"b4fd557d2fd1","module":"http","action":"response","method":"PATCH","url":"/events/1ec4ee18-434c-4ce4-a95b-078ba669cb05","statusCode":200,"responseTime":37.363781000487506,"msg":"[http][response] [http][response] PATCH /events/1ec4ee18-434c-4ce4-a95b-078ba669cb05 200 37.4ms"}
{"level":30,"time":"2026-04-19T12:04:57.862Z","pid":826,"hostname":"b4fd557d2fd1","module":"http","action":"request","method":"POST","url":"/events","msg":"[http][request] [http][request] POST /events"}
{"level":30,"time":"2026-04-19T12:04:57.864Z","pid":826,"hostname":"b4fd557d2fd1","module":"events:service","action":"createEvent","userId":"e4b1a941-c372-4d97-8bb8-3db54300c375","msg":"[events:service][createEvent] Creating new event"}
{"level":20,"time":"2026-04-19T12:04:57.864Z","pid":826,"hostname":"b4fd557d2fd1","module":"events:repository","action":"create","data":{"title":"List Endpoint Event","description":"For GET /events list coverage","event_date":"2026-09-15","headcount":25,"budget_amount":1500,"budget_cap":25000,"state":"draft","created_by":"e4b1a941-c372-4d97-8bb8-3db54300c375"},"msg":"[events:repository][create] Creating event"}
{"level":30,"time":"2026-04-19T12:04:57.876Z","pid":826,"hostname":"b4fd557d2fd1","module":"audit","action":"write","eventId":"a07716c7-8b3b-4b7b-ad8e-bc20929565e0","subjectType":"event","subjectId":"a07716c7-8b3b-4b7b-ad8e-bc20929565e0","auditAction":"create","msg":"[audit][write] Audit recorded: create on event a07716c7-8b3b-4b7b-ad8e-bc20929565e0"}
{"level":30,"time":"2026-04-19T12:04:57.876Z","pid":826,"hostname":"b4fd557d2fd1","module":"events:routes","action":"create","eventId":"a07716c7-8b3b-4b7b-ad8e-bc20929565e0","msg":"[events:routes][create] Event created"}
{"level":30,"time":"2026-04-19T12:04:57.876Z","pid":826,"hostname":"b4fd557d2fd1","module":"http","action":"response","method":"POST","url":"/events","statusCode":201,"responseTime":14.580027000047266,"msg":"[http][response] [http][response] POST /events 201 14.6ms"}
{"level":30,"time":"2026-04-19T12:04:57.877Z","pid":826,"hostname":"b4fd557d2fd1","module":"http","action":"request","method":"POST","url":"/events","msg":"[http][request] [http][request] POST /events"}
{"level":30,"time":"2026-04-19T12:04:57.880Z","pid":826,"hostname":"b4fd557d2fd1","module":"events:service","action":"createEvent","userId":"e4b1a941-c372-4d97-8bb8-3db54300c375","msg":"[events:service][createEvent] Creating new event"}
{"level":20,"time":"2026-04-19T12:04:57.880Z","pid":826,"hostname":"b4fd557d2fd1","module":"events:repository","action":"create","data":{"title":"UniqueMarketingGala2026","description":null,"event_date":"2026-09-20","headcount":10,"budget_amount":500,"budget_cap":25000,"state":"draft","created_by":"e4b1a941-c372-4d97-8bb8-3db54300c375"},"msg":"[events:repository][create] Creating event"}
{"level":30,"time":"2026-04-19T12:04:57.891Z","pid":826,"hostname":"b4fd557d2fd1","module":"audit","action":"write","eventId":"3bb4c3bd-c52e-4440-9d97-27cca227adfe","subjectType":"event","subjectId":"3bb4c3bd-c52e-4440-9d97-27cca227adfe","auditAction":"create","msg":"[audit][write] Audit recorded: create on event 3bb4c3bd-c52e-4440-9d97-27cca227adfe"}
{"level":30,"time":"2026-04-19T12:04:57.891Z","pid":826,"hostname":"b4fd557d2fd1","module":"events:routes","action":"create","eventId":"3bb4c3bd-c52e-4440-9d97-27cca227adfe","msg":"[events:routes][create] Event created"}
{"level":30,"time":"2026-04-19T12:04:57.891Z","pid":826,"hostname":"b4fd557d2fd1","module":"http","action":"response","method":"POST","url":"/events","statusCode":201,"responseTime":14.492661000229418,"msg":"[http][response] [http][response] POST /events 201 14.5ms"}
{"level":30,"time":"2026-04-19T12:04:57.892Z","pid":826,"hostname":"b4fd557d2fd1","module":"http","action":"request","method":"GET","url":"/events","msg":"[http][request] [http][request] GET /events"}
{"level":40,"time":"2026-04-19T12:04:57.892Z","pid":826,"hostname":"b4fd557d2fd1","module":"auth","action":"authenticate","msg":"[auth][authenticate] Missing or malformed Authorization header"}
{"level":30,"time":"2026-04-19T12:04:57.892Z","pid":826,"hostname":"b4fd557d2fd1","module":"http","action":"response","method":"GET","url":"/events","statusCode":401,"responseTime":0.4917249996215105,"msg":"[http][response] [http][response] GET /events 401 0.5ms"}
{"level":30,"time":"2026-04-19T12:04:57.893Z","pid":826,"hostname":"b4fd557d2fd1","module":"http","action":"request","method":"GET","url":"/events?page=1&pageSize=5","msg":"[http][request] [http][request] GET /events?page=1&pageSize=5"}
{"level":20,"time":"2026-04-19T12:04:57.895Z","pid":826,"hostname":"b4fd557d2fd1","module":"events:repository","action":"findAll","page":1,"pageSize":5,"sortDir":"asc","msg":"[events:repository][findAll] Listing events"}
{"level":30,"time":"2026-04-19T12:04:57.898Z","pid":826,"hostname":"b4fd557d2fd1","module":"events:routes","action":"list","page":1,"total":11,"msg":"[events:routes][list] Listed events"}
{"level":30,"time":"2026-04-19T12:04:57.899Z","pid":826,"hostname":"b4fd557d2fd1","module":"http","action":"response","method":"GET","url":"/events?page=1&pageSize=5","statusCode":200,"responseTime":5.272295999340713,"msg":"[http][response] [http][response] GET /events?page=1&pageSize=5 200 5.3ms"}
{"level":30,"time":"2026-04-19T12:04:57.900Z","pid":826,"hostname":"b4fd557d2fd1","module":"http","action":"request","method":"GET","url":"/events?state=draft&pageSize=100","msg":"[http][request] [http][request] GET /events?state=draft&pageSize=100"}
{"level":20,"time":"2026-04-19T12:04:57.902Z","pid":826,"hostname":"b4fd557d2fd1","module":"events:repository","action":"findAll","page":1,"pageSize":100,"state":"draft","sortDir":"asc","msg":"[events:repository][findAll] Listing events"}
{"level":30,"time":"2026-04-19T12:04:57.905Z","pid":826,"hostname":"b4fd557d2fd1","module":"events:routes","action":"list","page":1,"total":8,"msg":"[events:routes][list] Listed events"}
{"level":30,"time":"2026-04-19T12:04:57.905Z","pid":826,"hostname":"b4fd557d2fd1","module":"http","action":"response","method":"GET","url":"/events?state=draft&pageSize=100","statusCode":200,"responseTime":5.416112000122666,"msg":"[http][response] [http][response] GET /events?state=draft&pageSize=100 200 5.4ms"}
{"level":30,"time":"2026-04-19T12:04:57.907Z","pid":826,"hostname":"b4fd557d2fd1","module":"http","action":"request","method":"GET","url":"/events?fromDate=2026-09-10&toDate=2026-09-30&pageSize=100","msg":"[http][request] [http][request] GET /events?fromDate=2026-09-10&toDate=2026-09-30&pageSize=100"}
{"level":20,"time":"2026-04-19T12:04:57.908Z","pid":826,"hostname":"b4fd557d2fd1","module":"events:repository","action":"findAll","page":1,"pageSize":100,"fromDate":"2026-09-10","toDate":"2026-09-30","sortDir":"asc","msg":"[events:repository][findAll] Listing events"}
{"level":30,"time":"2026-04-19T12:04:57.913Z","pid":826,"hostname":"b4fd557d2fd1","module":"events:routes","action":"list","page":1,"total":2,"msg":"[events:routes][list] Listed events"}
{"level":30,"time":"2026-04-19T12:04:57.914Z","pid":826,"hostname":"b4fd557d2fd1","module":"http","action":"response","method":"GET","url":"/events?fromDate=2026-09-10&toDate=2026-09-30&pageSize=100","statusCode":200,"responseTime":6.894078999757767,"msg":"[http][response] [http][response] GET /events?fromDate=2026-09-10&toDate=2026-09-30&pageSize=100 200 6.9ms"}
{"level":30,"time":"2026-04-19T12:04:57.915Z","pid":826,"hostname":"b4fd557d2fd1","module":"http","action":"request","method":"GET","url":"/events?search=uniquemarketinggala","msg":"[http][request] [http][request] GET /events?search=uniquemarketinggala"}
{"level":20,"time":"2026-04-19T12:04:57.917Z","pid":826,"hostname":"b4fd557d2fd1","module":"events:repository","action":"findAll","page":1,"pageSize":20,"search":"uniquemarketinggala","sortDir":"asc","msg":"[events:repository][findAll] Listing events"}
{"level":30,"time":"2026-04-19T12:04:57.920Z","pid":826,"hostname":"b4fd557d2fd1","module":"events:routes","action":"list","page":1,"total":1,"msg":"[events:routes][list] Listed events"}
{"level":30,"time":"2026-04-19T12:04:57.921Z","pid":826,"hostname":"b4fd557d2fd1","module":"http","action":"response","method":"GET","url":"/events?search=uniquemarketinggala","statusCode":200,"responseTime":5.541834999807179,"msg":"[http][response] [http][response] GET /events?search=uniquemarketinggala 200 5.5ms"}
{"level":30,"time":"2026-04-19T12:04:57.922Z","pid":826,"hostname":"b4fd557d2fd1","module":"http","action":"request","method":"POST","url":"/auth/login","msg":"[http][request] [http][request] POST /auth/login"}
 ✓ tests/integration/events.integration.test.js > Events integration (real DB) > GET /events - List events > returns 401 when unauthenticated 1ms
 ✓ tests/integration/events.integration.test.js > Events integration (real DB) > GET /events - List events > returns paginated list with pagination envelope for an authenticated user 7ms
 ✓ tests/integration/events.integration.test.js > Events integration (real DB) > GET /events - List events > filters by state=draft 7ms
 ✓ tests/integration/events.integration.test.js > Events integration (real DB) > GET /events - List events > filters by fromDate / toDate inclusive of the event_date 8ms
 ✓ tests/integration/events.integration.test.js > Events integration (real DB) > GET /events - List events > honors the search parameter against title (case-insensitive substring) 7ms
{"level":30,"time":"2026-04-19T12:04:58.043Z","pid":826,"hostname":"b4fd557d2fd1","module":"auth","action":"login","userId":"8763fc92-7cfd-47ab-a84a-26bd449247e6","username":"chef","msg":"[auth][login] User logged in"}
{"level":30,"time":"2026-04-19T12:04:58.044Z","pid":826,"hostname":"b4fd557d2fd1","module":"http","action":"response","method":"POST","url":"/auth/login","statusCode":200,"responseTime":121.90113800019026,"msg":"[http][response] [http][response] POST /auth/login 200 121.9ms"}
{"level":30,"time":"2026-04-19T12:04:58.044Z","pid":826,"hostname":"b4fd557d2fd1","module":"http","action":"request","method":"GET","url":"/events","msg":"[http][request] [http][request] GET /events"}
{"level":30,"time":"2026-04-19T12:04:58.046Z","pid":826,"hostname":"b4fd557d2fd1","module":"http","action":"response","method":"GET","url":"/events","statusCode":403,"responseTime":1.7722169999033213,"msg":"[http][response] [http][response] GET /events 403 1.8ms"}
 ✓ tests/integration/events.integration.test.js > Events integration (real DB) > GET /events - List events > returns 403 when the caller lacks event:read 125ms
{"level":30,"time":"2026-04-19T12:05:00.720Z","pid":826,"hostname":"b4fd557d2fd1","module":"db","action":"migrate","msg":"[db][migrate] Running database migrations"}
{"level":30,"time":"2026-04-19T12:05:00.780Z","pid":826,"hostname":"b4fd557d2fd1","module":"db","action":"migrate","msg":"[db][migrate] Database is already up to date"}
{"level":30,"time":"2026-04-19T12:05:01.694Z","pid":826,"hostname":"b4fd557d2fd1","module":"http","action":"request","method":"POST","url":"/auth/login","msg":"[http][request] [http][request] POST /auth/login"}
{"level":30,"time":"2026-04-19T12:05:01.810Z","pid":826,"hostname":"b4fd557d2fd1","module":"auth","action":"login","userId":"799712d2-8e3c-438c-a36d-e641bd574e83","username":"admin","msg":"[auth][login] User logged in"}
{"level":30,"time":"2026-04-19T12:05:01.811Z","pid":826,"hostname":"b4fd557d2fd1","module":"http","action":"response","method":"POST","url":"/auth/login","statusCode":200,"responseTime":116.95681300014257,"msg":"[http][response] [http][response] POST /auth/login 200 117.0ms"}
{"level":30,"time":"2026-04-19T12:05:01.812Z","pid":826,"hostname":"b4fd557d2fd1","module":"http","action":"request","method":"POST","url":"/auth/login","msg":"[http][request] [http][request] POST /auth/login"}
{"level":30,"time":"2026-04-19T12:05:01.922Z","pid":826,"hostname":"b4fd557d2fd1","module":"auth","action":"login","userId":"aa225211-9007-4592-af5f-ced0ae934816","username":"manager","msg":"[auth][login] User logged in"}
{"level":30,"time":"2026-04-19T12:05:01.923Z","pid":826,"hostname":"b4fd557d2fd1","module":"http","action":"response","method":"POST","url":"/auth/login","statusCode":200,"responseTime":111.11788799986243,"msg":"[http][response] [http][response] POST /auth/login 200 111.1ms"}
{"level":30,"time":"2026-04-19T12:05:01.923Z","pid":826,"hostname":"b4fd557d2fd1","module":"http","action":"request","method":"POST","url":"/auth/login","msg":"[http][request] [http][request] POST /auth/login"}
{"level":30,"time":"2026-04-19T12:05:02.034Z","pid":826,"hostname":"b4fd557d2fd1","module":"auth","action":"login","userId":"922b69de-2978-42a1-aeff-d808af931f6f","username":"approver","msg":"[auth][login] User logged in"}
{"level":30,"time":"2026-04-19T12:05:02.035Z","pid":826,"hostname":"b4fd557d2fd1","module":"http","action":"response","method":"POST","url":"/auth/login","statusCode":200,"responseTime":111.29165100026876,"msg":"[http][response] [http][response] POST /auth/login 200 111.3ms"}
{"level":30,"time":"2026-04-19T12:05:02.035Z","pid":826,"hostname":"b4fd557d2fd1","module":"http","action":"request","method":"POST","url":"/auth/login","msg":"[http][request] [http][request] POST /auth/login"}
{"level":30,"time":"2026-04-19T12:05:02.156Z","pid":826,"hostname":"b4fd557d2fd1","module":"auth","action":"login","userId":"9dec4d91-8f8a-47f7-8ddb-fcfdec72d3ef","username":"planner","msg":"[auth][login] User logged in"}
{"level":30,"time":"2026-04-19T12:05:02.156Z","pid":826,"hostname":"b4fd557d2fd1","module":"http","action":"response","method":"POST","url":"/auth/login","statusCode":200,"responseTime":121.11939699947834,"msg":"[http][response] [http][response] POST /auth/login 200 121.1ms"}
{"level":30,"time":"2026-04-19T12:05:02.157Z","pid":826,"hostname":"b4fd557d2fd1","module":"http","action":"request","method":"POST","url":"/events","msg":"[http][request] [http][request] POST /events"}
{"level":30,"time":"2026-04-19T12:05:02.159Z","pid":826,"hostname":"b4fd557d2fd1","module":"events:service","action":"createEvent","userId":"799712d2-8e3c-438c-a36d-e641bd574e83","msg":"[events:service][createEvent] Creating new event"}
{"level":20,"time":"2026-04-19T12:05:02.159Z","pid":826,"hostname":"b4fd557d2fd1","module":"events:repository","action":"create","data":{"title":"Reservation Lifecycle Event","description":null,"event_date":"2026-08-01","headcount":30,"budget_amount":3000,"budget_cap":25000,"state":"draft","created_by":"799712d2-8e3c-438c-a36d-e641bd574e83"},"msg":"[events:repository][create] Creating event"}
{"level":30,"time":"2026-04-19T12:05:02.174Z","pid":826,"hostname":"b4fd557d2fd1","module":"audit","action":"write","eventId":"e07fb1ad-91af-4910-b3a7-5bb4e580ac59","subjectType":"event","subjectId":"e07fb1ad-91af-4910-b3a7-5bb4e580ac59","auditAction":"create","msg":"[audit][write] Audit recorded: create on event e07fb1ad-91af-4910-b3a7-5bb4e580ac59"}
{"level":30,"time":"2026-04-19T12:05:02.174Z","pid":826,"hostname":"b4fd557d2fd1","module":"events:routes","action":"create","eventId":"e07fb1ad-91af-4910-b3a7-5bb4e580ac59","msg":"[events:routes][create] Event created"}
{"level":30,"time":"2026-04-19T12:05:02.174Z","pid":826,"hostname":"b4fd557d2fd1","module":"http","action":"response","method":"POST","url":"/events","statusCode":201,"responseTime":17.581795000471175,"msg":"[http][response] [http][response] POST /events 201 17.6ms"}
{"level":30,"time":"2026-04-19T12:05:02.190Z","pid":826,"hostname":"b4fd557d2fd1","module":"http","action":"request","method":"POST","url":"/reservations","msg":"[http][request] [http][request] POST /reservations"}
{"level":30,"time":"2026-04-19T12:05:02.193Z","pid":826,"hostname":"b4fd557d2fd1","module":"reservations:service","action":"createReservation","userId":"aa225211-9007-4592-af5f-ced0ae934816","eventId":"e07fb1ad-91af-4910-b3a7-5bb4e580ac59","msg":"[reservations:service][createReservation] Creating reservation"}
{"level":30,"time":"2026-04-19T12:05:02.195Z","pid":826,"hostname":"b4fd557d2fd1","module":"reservations:repository","action":"create","eventId":"e07fb1ad-91af-4910-b3a7-5bb4e580ac59","resourceId":"39797ab0-52a3-4c0d-8dcd-dbf02fcecd3a","msg":"[reservations:repository][create] Creating reservation"}
{"level":20,"time":"2026-04-19T12:05:02.202Z","pid":826,"hostname":"b4fd557d2fd1","module":"reservations:repository","action":"findById","id":"09709652-7458-4d09-bb4f-afb5c3c4de63","msg":"[reservations:repository][findById] Looking up reservation by id"}
{"level":30,"time":"2026-04-19T12:05:02.211Z","pid":826,"hostname":"b4fd557d2fd1","module":"audit","action":"write","eventId":"e07fb1ad-91af-4910-b3a7-5bb4e580ac59","subjectType":"reservation","subjectId":"09709652-7458-4d09-bb4f-afb5c3c4de63","auditAction":"create","msg":"[audit][write] Audit recorded: create on reservation 09709652-7458-4d09-bb4f-afb5c3c4de63"}
{"level":30,"time":"2026-04-19T12:05:02.211Z","pid":826,"hostname":"b4fd557d2fd1","module":"reservations:routes","action":"create","reservationId":"09709652-7458-4d09-bb4f-afb5c3c4de63","msg":"[reservations:routes][create] Reservation created"}
{"level":30,"time":"2026-04-19T12:05:02.211Z","pid":826,"hostname":"b4fd557d2fd1","module":"http","action":"response","method":"POST","url":"/reservations","statusCode":201,"responseTime":21.548492999747396,"msg":"[http][response] [http][response] POST /reservations 201 21.5ms"}
{"level":30,"time":"2026-04-19T12:05:02.212Z","pid":826,"hostname":"b4fd557d2fd1","module":"http","action":"request","method":"GET","url":"/reservations?page=1&pageSize=10&status=requested","msg":"[http][request] [http][request] GET /reservations?page=1&pageSize=10&status=requested"}
{"level":20,"time":"2026-04-19T12:05:02.215Z","pid":826,"hostname":"b4fd557d2fd1","module":"reservations:repository","action":"findAll","page":1,"pageSize":10,"status":"requested","scoped":true,"msg":"[reservations:repository][findAll] Listing reservations"}
{"level":30,"time":"2026-04-19T12:05:02.220Z","pid":826,"hostname":"b4fd557d2fd1","module":"reservations:routes","action":"list","page":1,"total":1,"msg":"[reservations:routes][list] Listed reservations"}
{"level":30,"time":"2026-04-19T12:05:02.220Z","pid":826,"hostname":"b4fd557d2fd1","module":"http","action":"response","method":"GET","url":"/reservations?page=1&pageSize=10&status=requested","statusCode":200,"responseTime":8.365481000393629,"msg":"[http][response] [http][response] GET /reservations?page=1&pageSize=10&status=requested 200 8.4ms"}
{"level":30,"time":"2026-04-19T12:05:02.221Z","pid":826,"hostname":"b4fd557d2fd1","module":"http","action":"request","method":"GET","url":"/reservations/09709652-7458-4d09-bb4f-afb5c3c4de63","msg":"[http][request] [http][request] GET /reservations/09709652-7458-4d09-bb4f-afb5c3c4de63"}
{"level":20,"time":"2026-04-19T12:05:02.223Z","pid":826,"hostname":"b4fd557d2fd1","module":"reservations:repository","action":"findById","id":"09709652-7458-4d09-bb4f-afb5c3c4de63","msg":"[reservations:repository][findById] Looking up reservation by id"}
{"level":30,"time":"2026-04-19T12:05:02.225Z","pid":826,"hostname":"b4fd557d2fd1","module":"reservations:routes","action":"getById","reservationId":"09709652-7458-4d09-bb4f-afb5c3c4de63","msg":"[reservations:routes][getById] Retrieved reservation by id"}
{"level":30,"time":"2026-04-19T12:05:02.225Z","pid":826,"hostname":"b4fd557d2fd1","module":"http","action":"response","method":"GET","url":"/reservations/09709652-7458-4d09-bb4f-afb5c3c4de63","statusCode":200,"responseTime":3.7114789998158813,"msg":"[http][response] [http][response] GET /reservations/09709652-7458-4d09-bb4f-afb5c3c4de63 200 3.7ms"}
{"level":30,"time":"2026-04-19T12:05:02.226Z","pid":826,"hostname":"b4fd557d2fd1","module":"http","action":"request","method":"GET","url":"/reservations/e612e42a-dbb2-47ef-87c0-4a6a2e32b7df","msg":"[http][request] [http][request] GET /reservations/e612e42a-dbb2-47ef-87c0-4a6a2e32b7df"}
{"level":20,"time":"2026-04-19T12:05:02.227Z","pid":826,"hostname":"b4fd557d2fd1","module":"reservations:repository","action":"findById","id":"e612e42a-dbb2-47ef-87c0-4a6a2e32b7df","msg":"[reservations:repository][findById] Looking up reservation by id"}
{"level":50,"time":"2026-04-19T12:05:02.229Z","pid":826,"hostname":"b4fd557d2fd1","module":"http","action":"error","err":{"type":"NotFoundError","message":"Reservation with id 'e612e42a-dbb2-47ef-87c0-4a6a2e32b7df' not found","stack":"NotFoundError: Reservation with id 'e612e42a-dbb2-47ef-87c0-4a6a2e32b7df' not found\n    at Object.<anonymous> (/app/src/modules/reservations/routes.js:175:15)\n    at processTicksAndRejections (node:internal/process/task_queues:95:5)","name":"NotFoundError","statusCode":404,"code":"NOT_FOUND","details":{"resource":"Reservation","id":"e612e42a-dbb2-47ef-87c0-4a6a2e32b7df"}},"requestId":"req-9","msg":"[http][error] [http][error] Reservation with id 'e612e42a-dbb2-47ef-87c0-4a6a2e32b7df' not found"}
{"level":30,"time":"2026-04-19T12:05:02.233Z","pid":826,"hostname":"b4fd557d2fd1","module":"http","action":"response","method":"GET","url":"/reservations/e612e42a-dbb2-47ef-87c0-4a6a2e32b7df","statusCode":404,"responseTime":6.871068999171257,"msg":"[http][response] [http][response] GET /reservations/e612e42a-dbb2-47ef-87c0-4a6a2e32b7df 404 6.9ms"}
{"level":30,"time":"2026-04-19T12:05:02.234Z","pid":826,"hostname":"b4fd557d2fd1","module":"http","action":"request","method":"POST","url":"/reservations/09709652-7458-4d09-bb4f-afb5c3c4de63/approve","msg":"[http][request] [http][request] POST /reservations/09709652-7458-4d09-bb4f-afb5c3c4de63/approve"}
{"level":30,"time":"2026-04-19T12:05:02.236Z","pid":826,"hostname":"b4fd557d2fd1","module":"reservations:service","action":"approveReservation","userId":"aa225211-9007-4592-af5f-ced0ae934816","reservationId":"09709652-7458-4d09-bb4f-afb5c3c4de63","msg":"[reservations:service][approveReservation] Approving reservation"}
{"level":20,"time":"2026-04-19T12:05:02.236Z","pid":826,"hostname":"b4fd557d2fd1","module":"reservations:repository","action":"findById","id":"09709652-7458-4d09-bb4f-afb5c3c4de63","msg":"[reservations:repository][findById] Looking up reservation by id"}
{"level":30,"time":"2026-04-19T12:05:02.241Z","pid":826,"hostname":"b4fd557d2fd1","module":"reservations:repository","action":"update","id":"09709652-7458-4d09-bb4f-afb5c3c4de63","msg":"[reservations:repository][update] Updating reservation"}
{"level":20,"time":"2026-04-19T12:05:02.249Z","pid":826,"hostname":"b4fd557d2fd1","module":"reservations:repository","action":"findById","id":"09709652-7458-4d09-bb4f-afb5c3c4de63","msg":"[reservations:repository][findById] Looking up reservation by id"}
{"level":30,"time":"2026-04-19T12:05:02.257Z","pid":826,"hostname":"b4fd557d2fd1","module":"audit","action":"write","eventId":"e07fb1ad-91af-4910-b3a7-5bb4e580ac59","subjectType":"reservation","subjectId":"09709652-7458-4d09-bb4f-afb5c3c4de63","auditAction":"approve","msg":"[audit][write] Audit recorded: approve on reservation 09709652-7458-4d09-bb4f-afb5c3c4de63"}
{"level":30,"time":"2026-04-19T12:05:02.257Z","pid":826,"hostname":"b4fd557d2fd1","module":"reservations:routes","action":"approve","reservationId":"09709652-7458-4d09-bb4f-afb5c3c4de63","msg":"[reservations:routes][approve] Reservation approved"}
{"level":30,"time":"2026-04-19T12:05:02.257Z","pid":826,"hostname":"b4fd557d2fd1","module":"http","action":"response","method":"POST","url":"/reservations/09709652-7458-4d09-bb4f-afb5c3c4de63/approve","statusCode":200,"responseTime":23.441393999382854,"msg":"[http][response] [http][response] POST /reservations/09709652-7458-4d09-bb4f-afb5c3c4de63/approve 200 23.4ms"}
{"level":30,"time":"2026-04-19T12:05:02.259Z","pid":826,"hostname":"b4fd557d2fd1","module":"http","action":"request","method":"POST","url":"/reservations","msg":"[http][request] [http][request] POST /reservations"}
{"level":30,"time":"2026-04-19T12:05:02.262Z","pid":826,"hostname":"b4fd557d2fd1","module":"reservations:service","action":"createReservation","userId":"aa225211-9007-4592-af5f-ced0ae934816","eventId":"e07fb1ad-91af-4910-b3a7-5bb4e580ac59","msg":"[reservations:service][createReservation] Creating reservation"}
{"level":30,"time":"2026-04-19T12:05:02.263Z","pid":826,"hostname":"b4fd557d2fd1","module":"reservations:repository","action":"create","eventId":"e07fb1ad-91af-4910-b3a7-5bb4e580ac59","resourceId":"39797ab0-52a3-4c0d-8dcd-dbf02fcecd3a","msg":"[reservations:repository][create] Creating reservation"}
{"level":20,"time":"2026-04-19T12:05:02.269Z","pid":826,"hostname":"b4fd557d2fd1","module":"reservations:repository","action":"findById","id":"f602fbb9-9268-4aed-a46e-65eded3a01ae","msg":"[reservations:repository][findById] Looking up reservation by id"}
{"level":30,"time":"2026-04-19T12:05:02.278Z","pid":826,"hostname":"b4fd557d2fd1","module":"audit","action":"write","eventId":"e07fb1ad-91af-4910-b3a7-5bb4e580ac59","subjectType":"reservation","subjectId":"f602fbb9-9268-4aed-a46e-65eded3a01ae","auditAction":"create","msg":"[audit][write] Audit recorded: create on reservation f602fbb9-9268-4aed-a46e-65eded3a01ae"}
{"level":30,"time":"2026-04-19T12:05:02.278Z","pid":826,"hostname":"b4fd557d2fd1","module":"reservations:routes","action":"create","reservationId":"f602fbb9-9268-4aed-a46e-65eded3a01ae","msg":"[reservations:routes][create] Reservation created"}
{"level":30,"time":"2026-04-19T12:05:02.279Z","pid":826,"hostname":"b4fd557d2fd1","module":"http","action":"response","method":"POST","url":"/reservations","statusCode":201,"responseTime":19.334733000025153,"msg":"[http][response] [http][response] POST /reservations 201 19.3ms"}
{"level":30,"time":"2026-04-19T12:05:02.279Z","pid":826,"hostname":"b4fd557d2fd1","module":"http","action":"request","method":"POST","url":"/reservations/f602fbb9-9268-4aed-a46e-65eded3a01ae/approve","msg":"[http][request] [http][request] POST /reservations/f602fbb9-9268-4aed-a46e-65eded3a01ae/approve"}
{"level":30,"time":"2026-04-19T12:05:02.281Z","pid":826,"hostname":"b4fd557d2fd1","module":"http","action":"response","method":"POST","url":"/reservations/f602fbb9-9268-4aed-a46e-65eded3a01ae/approve","statusCode":403,"responseTime":2.076794999651611,"msg":"[http][response] [http][response] POST /reservations/f602fbb9-9268-4aed-a46e-65eded3a01ae/approve 403 2.1ms"}
{"level":30,"time":"2026-04-19T12:05:02.282Z","pid":826,"hostname":"b4fd557d2fd1","module":"http","action":"request","method":"POST","url":"/reservations/09709652-7458-4d09-bb4f-afb5c3c4de63/release","msg":"[http][request] [http][request] POST /reservations/09709652-7458-4d09-bb4f-afb5c3c4de63/release"}
{"level":30,"time":"2026-04-19T12:05:02.283Z","pid":826,"hostname":"b4fd557d2fd1","module":"reservations:service","action":"releaseReservation","userId":"aa225211-9007-4592-af5f-ced0ae934816","reservationId":"09709652-7458-4d09-bb4f-afb5c3c4de63","msg":"[reservations:service][releaseReservation] Releasing reservation"}
{"level":20,"time":"2026-04-19T12:05:02.283Z","pid":826,"hostname":"b4fd557d2fd1","module":"reservations:repository","action":"findById","id":"09709652-7458-4d09-bb4f-afb5c3c4de63","msg":"[reservations:repository][findById] Looking up reservation by id"}
{"level":30,"time":"2026-04-19T12:05:02.286Z","pid":826,"hostname":"b4fd557d2fd1","module":"reservations:repository","action":"update","id":"09709652-7458-4d09-bb4f-afb5c3c4de63","msg":"[reservations:repository][update] Updating reservation"}
{"level":20,"time":"2026-04-19T12:05:02.292Z","pid":826,"hostname":"b4fd557d2fd1","module":"reservations:repository","action":"findById","id":"09709652-7458-4d09-bb4f-afb5c3c4de63","msg":"[reservations:repository][findById] Looking up reservation by id"}
{"level":30,"time":"2026-04-19T12:05:02.301Z","pid":826,"hostname":"b4fd557d2fd1","module":"audit","action":"write","eventId":"e07fb1ad-91af-4910-b3a7-5bb4e580ac59","subjectType":"reservation","subjectId":"09709652-7458-4d09-bb4f-afb5c3c4de63","auditAction":"release","msg":"[audit][write] Audit recorded: release on reservation 09709652-7458-4d09-bb4f-afb5c3c4de63"}
{"level":30,"time":"2026-04-19T12:05:02.301Z","pid":826,"hostname":"b4fd557d2fd1","module":"reservations:routes","action":"release","reservationId":"09709652-7458-4d09-bb4f-afb5c3c4de63","msg":"[reservations:routes][release] Reservation released"}
{"level":30,"time":"2026-04-19T12:05:02.301Z","pid":826,"hostname":"b4fd557d2fd1","module":"http","action":"response","method":"POST","url":"/reservations/09709652-7458-4d09-bb4f-afb5c3c4de63/release","statusCode":200,"responseTime":19.477693000808358,"msg":"[http][response] [http][response] POST /reservations/09709652-7458-4d09-bb4f-afb5c3c4de63/release 200 19.5ms"}
{"level":30,"time":"2026-04-19T12:05:02.302Z","pid":826,"hostname":"b4fd557d2fd1","module":"http","action":"request","method":"POST","url":"/reservations/09709652-7458-4d09-bb4f-afb5c3c4de63/release","msg":"[http][request] [http][request] POST /reservations/09709652-7458-4d09-bb4f-afb5c3c4de63/release"}
{"level":30,"time":"2026-04-19T12:05:02.303Z","pid":826,"hostname":"b4fd557d2fd1","module":"reservations:service","action":"releaseReservation","userId":"aa225211-9007-4592-af5f-ced0ae934816","reservationId":"09709652-7458-4d09-bb4f-afb5c3c4de63","msg":"[reservations:service][releaseReservation] Releasing reservation"}
{"level":20,"time":"2026-04-19T12:05:02.303Z","pid":826,"hostname":"b4fd557d2fd1","module":"reservations:repository","action":"findById","id":"09709652-7458-4d09-bb4f-afb5c3c4de63","msg":"[reservations:repository][findById] Looking up reservation by id"}
{"level":50,"time":"2026-04-19T12:05:02.306Z","pid":826,"hostname":"b4fd557d2fd1","module":"http","action":"error","err":{"type":"AppError","message":"Cannot release a reservation with status 'released'; expected 'approved'","stack":"AppError: Cannot release a reservation with status 'released'; expected 'approved'\n    at Module.releaseReservation (/app/src/modules/reservations/service.js:162:11)\n    at processTicksAndRejections (node:internal/process/task_queues:95:5)\n    at Object.<anonymous> (/app/src/modules/reservations/routes.js:249:27)","name":"AppError","statusCode":422,"code":"INVALID_STATE"},"requestId":"req-e","msg":"[http][error] [http][error] Cannot release a reservation with status 'released'; expected 'approved'"}
{"level":30,"time":"2026-04-19T12:05:02.308Z","pid":826,"hostname":"b4fd557d2fd1","module":"http","action":"response","method":"POST","url":"/reservations/09709652-7458-4d09-bb4f-afb5c3c4de63/release","statusCode":422,"responseTime":6.391538000665605,"msg":"[http][response] [http][response] POST /reservations/09709652-7458-4d09-bb4f-afb5c3c4de63/release 422 6.4ms"}
{"level":30,"time":"2026-04-19T12:05:02.310Z","pid":826,"hostname":"b4fd557d2fd1","module":"http","action":"request","method":"POST","url":"/reservations/09709652-7458-4d09-bb4f-afb5c3c4de63/occupy","msg":"[http][request] [http][request] POST /reservations/09709652-7458-4d09-bb4f-afb5c3c4de63/occupy"}
 ✓ tests/integration/reservations-lifecycle.integration.test.js > Reservations lifecycle (real DB) > GET /reservations returns paginated list with ?status filter 9ms
 ✓ tests/integration/reservations-lifecycle.integration.test.js > Reservations lifecycle (real DB) > GET /reservations/:id returns the reservation 4ms
 ✓ tests/integration/reservations-lifecycle.integration.test.js > Reservations lifecycle (real DB) > GET /reservations/:id returns 404 for unknown id 8ms
 ✓ tests/integration/reservations-lifecycle.integration.test.js > Reservations lifecycle (real DB) > POST /reservations/:id/approve — manager approves their scoped reservation 24ms
 ✓ tests/integration/reservations-lifecycle.integration.test.js > Reservations lifecycle (real DB) > POST /reservations/:id/approve — 403 for planner without reservation:approve 24ms
 ✓ tests/integration/reservations-lifecycle.integration.test.js > Reservations lifecycle (real DB) > POST /reservations/:id/release moves approved -> released 20ms
 ✓ tests/integration/reservations-lifecycle.integration.test.js > Reservations lifecycle (real DB) > POST /reservations/:id/release — 422 on invalid state (already released) 7ms
{"level":30,"time":"2026-04-19T12:05:02.313Z","pid":826,"hostname":"b4fd557d2fd1","module":"reservations:service","action":"occupyReservation","userId":"aa225211-9007-4592-af5f-ced0ae934816","reservationId":"09709652-7458-4d09-bb4f-afb5c3c4de63","occupancyCount":5,"msg":"[reservations:service][occupyReservation] Occupying reservation"}
{"level":20,"time":"2026-04-19T12:05:02.313Z","pid":826,"hostname":"b4fd557d2fd1","module":"reservations:repository","action":"findById","id":"09709652-7458-4d09-bb4f-afb5c3c4de63","msg":"[reservations:repository][findById] Looking up reservation by id"}
{"level":30,"time":"2026-04-19T12:05:02.318Z","pid":826,"hostname":"b4fd557d2fd1","module":"reservations:repository","action":"update","id":"09709652-7458-4d09-bb4f-afb5c3c4de63","msg":"[reservations:repository][update] Updating reservation"}
{"level":20,"time":"2026-04-19T12:05:02.325Z","pid":826,"hostname":"b4fd557d2fd1","module":"reservations:repository","action":"findById","id":"09709652-7458-4d09-bb4f-afb5c3c4de63","msg":"[reservations:repository][findById] Looking up reservation by id"}
{"level":30,"time":"2026-04-19T12:05:02.333Z","pid":826,"hostname":"b4fd557d2fd1","module":"audit","action":"write","eventId":"e07fb1ad-91af-4910-b3a7-5bb4e580ac59","subjectType":"reservation","subjectId":"09709652-7458-4d09-bb4f-afb5c3c4de63","auditAction":"occupy","msg":"[audit][write] Audit recorded: occupy on reservation 09709652-7458-4d09-bb4f-afb5c3c4de63"}
{"level":30,"time":"2026-04-19T12:05:02.333Z","pid":826,"hostname":"b4fd557d2fd1","module":"reservations:routes","action":"occupy","reservationId":"09709652-7458-4d09-bb4f-afb5c3c4de63","occupancyCount":5,"msg":"[reservations:routes][occupy] Reservation occupied"}
{"level":30,"time":"2026-04-19T12:05:02.334Z","pid":826,"hostname":"b4fd557d2fd1","module":"http","action":"response","method":"POST","url":"/reservations/09709652-7458-4d09-bb4f-afb5c3c4de63/occupy","statusCode":200,"responseTime":23.96568299923092,"msg":"[http][response] [http][response] POST /reservations/09709652-7458-4d09-bb4f-afb5c3c4de63/occupy 200 24.0ms"}
{"level":30,"time":"2026-04-19T12:05:02.334Z","pid":826,"hostname":"b4fd557d2fd1","module":"http","action":"request","method":"POST","url":"/reservations","msg":"[http][request] [http][request] POST /reservations"}
{"level":30,"time":"2026-04-19T12:05:02.336Z","pid":826,"hostname":"b4fd557d2fd1","module":"reservations:service","action":"createReservation","userId":"aa225211-9007-4592-af5f-ced0ae934816","eventId":"e07fb1ad-91af-4910-b3a7-5bb4e580ac59","msg":"[reservations:service][createReservation] Creating reservation"}
{"level":30,"time":"2026-04-19T12:05:02.337Z","pid":826,"hostname":"b4fd557d2fd1","module":"reservations:repository","action":"create","eventId":"e07fb1ad-91af-4910-b3a7-5bb4e580ac59","resourceId":"39797ab0-52a3-4c0d-8dcd-dbf02fcecd3a","msg":"[reservations:repository][create] Creating reservation"}
{"level":20,"time":"2026-04-19T12:05:02.343Z","pid":826,"hostname":"b4fd557d2fd1","module":"reservations:repository","action":"findById","id":"a5792023-22f6-4a41-b880-f54619974d70","msg":"[reservations:repository][findById] Looking up reservation by id"}
{"level":30,"time":"2026-04-19T12:05:02.351Z","pid":826,"hostname":"b4fd557d2fd1","module":"audit","action":"write","eventId":"e07fb1ad-91af-4910-b3a7-5bb4e580ac59","subjectType":"reservation","subjectId":"a5792023-22f6-4a41-b880-f54619974d70","auditAction":"create","msg":"[audit][write] Audit recorded: create on reservation a5792023-22f6-4a41-b880-f54619974d70"}
{"level":30,"time":"2026-04-19T12:05:02.351Z","pid":826,"hostname":"b4fd557d2fd1","module":"reservations:routes","action":"create","reservationId":"a5792023-22f6-4a41-b880-f54619974d70","msg":"[reservations:routes][create] Reservation created"}
{"level":30,"time":"2026-04-19T12:05:02.352Z","pid":826,"hostname":"b4fd557d2fd1","module":"http","action":"response","method":"POST","url":"/reservations","statusCode":201,"responseTime":17.629448000341654,"msg":"[http][response] [http][response] POST /reservations 201 17.6ms"}
{"level":30,"time":"2026-04-19T12:05:02.352Z","pid":826,"hostname":"b4fd557d2fd1","module":"http","action":"request","method":"POST","url":"/reservations/a5792023-22f6-4a41-b880-f54619974d70/occupy","msg":"[http][request] [http][request] POST /reservations/a5792023-22f6-4a41-b880-f54619974d70/occupy"}
{"level":30,"time":"2026-04-19T12:05:02.354Z","pid":826,"hostname":"b4fd557d2fd1","module":"reservations:service","action":"occupyReservation","userId":"aa225211-9007-4592-af5f-ced0ae934816","reservationId":"a5792023-22f6-4a41-b880-f54619974d70","occupancyCount":1,"msg":"[reservations:service][occupyReservation] Occupying reservation"}
{"level":20,"time":"2026-04-19T12:05:02.354Z","pid":826,"hostname":"b4fd557d2fd1","module":"reservations:repository","action":"findById","id":"a5792023-22f6-4a41-b880-f54619974d70","msg":"[reservations:repository][findById] Looking up reservation by id"}
{"level":50,"time":"2026-04-19T12:05:02.358Z","pid":826,"hostname":"b4fd557d2fd1","module":"http","action":"error","err":{"type":"AppError","message":"Cannot occupy a reservation with status 'requested'; expected 'released'","stack":"AppError: Cannot occupy a reservation with status 'requested'; expected 'released'\n    at Module.occupyReservation (/app/src/modules/reservations/service.js:208:11)\n    at processTicksAndRejections (node:internal/process/task_queues:95:5)\n    at Object.<anonymous> (/app/src/modules/reservations/routes.js:280:27)","name":"AppError","statusCode":422,"code":"INVALID_STATE"},"requestId":"req-h","msg":"[http][error] [http][error] Cannot occupy a reservation with status 'requested'; expected 'released'"}
{"level":30,"time":"2026-04-19T12:05:02.359Z","pid":826,"hostname":"b4fd557d2fd1","module":"http","action":"response","method":"POST","url":"/reservations/a5792023-22f6-4a41-b880-f54619974d70/occupy","statusCode":422,"responseTime":6.8112180000171065,"msg":"[http][response] [http][response] POST /reservations/a5792023-22f6-4a41-b880-f54619974d70/occupy 422 6.8ms"}
{"level":30,"time":"2026-04-19T12:05:02.360Z","pid":826,"hostname":"b4fd557d2fd1","module":"http","action":"request","method":"POST","url":"/reservations/09709652-7458-4d09-bb4f-afb5c3c4de63/return","msg":"[http][request] [http][request] POST /reservations/09709652-7458-4d09-bb4f-afb5c3c4de63/return"}
{"level":30,"time":"2026-04-19T12:05:02.363Z","pid":826,"hostname":"b4fd557d2fd1","module":"reservations:service","action":"returnReservation","userId":"aa225211-9007-4592-af5f-ced0ae934816","reservationId":"09709652-7458-4d09-bb4f-afb5c3c4de63","msg":"[reservations:service][returnReservation] Returning reservation"}
{"level":20,"time":"2026-04-19T12:05:02.363Z","pid":826,"hostname":"b4fd557d2fd1","module":"reservations:repository","action":"findById","id":"09709652-7458-4d09-bb4f-afb5c3c4de63","msg":"[reservations:repository][findById] Looking up reservation by id"}
{"level":30,"time":"2026-04-19T12:05:02.367Z","pid":826,"hostname":"b4fd557d2fd1","module":"reservations:repository","action":"update","id":"09709652-7458-4d09-bb4f-afb5c3c4de63","msg":"[reservations:repository][update] Updating reservation"}
{"level":20,"time":"2026-04-19T12:05:02.374Z","pid":826,"hostname":"b4fd557d2fd1","module":"reservations:repository","action":"findById","id":"09709652-7458-4d09-bb4f-afb5c3c4de63","msg":"[reservations:repository][findById] Looking up reservation by id"}
{"level":30,"time":"2026-04-19T12:05:02.382Z","pid":826,"hostname":"b4fd557d2fd1","module":"audit","action":"write","eventId":"e07fb1ad-91af-4910-b3a7-5bb4e580ac59","subjectType":"reservation","subjectId":"09709652-7458-4d09-bb4f-afb5c3c4de63","auditAction":"return","msg":"[audit][write] Audit recorded: return on reservation 09709652-7458-4d09-bb4f-afb5c3c4de63"}
{"level":30,"time":"2026-04-19T12:05:02.382Z","pid":826,"hostname":"b4fd557d2fd1","module":"reservations:routes","action":"return","reservationId":"09709652-7458-4d09-bb4f-afb5c3c4de63","msg":"[reservations:routes][return] Reservation return processed"}
{"level":30,"time":"2026-04-19T12:05:02.382Z","pid":826,"hostname":"b4fd557d2fd1","module":"http","action":"response","method":"POST","url":"/reservations/09709652-7458-4d09-bb4f-afb5c3c4de63/return","statusCode":200,"responseTime":22.703232999891043,"msg":"[http][response] [http][response] POST /reservations/09709652-7458-4d09-bb4f-afb5c3c4de63/return 200 22.7ms"}
{"level":30,"time":"2026-04-19T12:05:02.383Z","pid":826,"hostname":"b4fd557d2fd1","module":"http","action":"request","method":"POST","url":"/reservations/09709652-7458-4d09-bb4f-afb5c3c4de63/return","msg":"[http][request] [http][request] POST /reservations/09709652-7458-4d09-bb4f-afb5c3c4de63/return"}
{"level":30,"time":"2026-04-19T12:05:02.385Z","pid":826,"hostname":"b4fd557d2fd1","module":"reservations:service","action":"returnReservation","userId":"aa225211-9007-4592-af5f-ced0ae934816","reservationId":"09709652-7458-4d09-bb4f-afb5c3c4de63","msg":"[reservations:service][returnReservation] Returning reservation"}
{"level":20,"time":"2026-04-19T12:05:02.385Z","pid":826,"hostname":"b4fd557d2fd1","module":"reservations:repository","action":"findById","id":"09709652-7458-4d09-bb4f-afb5c3c4de63","msg":"[reservations:repository][findById] Looking up reservation by id"}
{"level":50,"time":"2026-04-19T12:05:02.390Z","pid":826,"hostname":"b4fd557d2fd1","module":"http","action":"error","err":{"type":"AppError","message":"Cannot return a reservation with status 'returned'; expected 'occupied'","stack":"AppError: Cannot return a reservation with status 'returned'; expected 'occupied'\n    at Module.returnReservation (/app/src/modules/reservations/service.js:256:11)\n    at processTicksAndRejections (node:internal/process/task_queues:95:5)\n    at Object.<anonymous> (/app/src/modules/reservations/routes.js:312:27)","name":"AppError","statusCode":422,"code":"INVALID_STATE"},"requestId":"req-j","msg":"[http][error] [http][error] Cannot return a reservation with status 'returned'; expected 'occupied'"}
{"level":30,"time":"2026-04-19T12:05:02.391Z","pid":826,"hostname":"b4fd557d2fd1","module":"http","action":"response","method":"POST","url":"/reservations/09709652-7458-4d09-bb4f-afb5c3c4de63/return","statusCode":422,"responseTime":7.851733999326825,"msg":"[http][response] [http][response] POST /reservations/09709652-7458-4d09-bb4f-afb5c3c4de63/return 422 7.9ms"}
{"level":30,"time":"2026-04-19T12:05:02.392Z","pid":826,"hostname":"b4fd557d2fd1","module":"http","action":"request","method":"POST","url":"/reservations","msg":"[http][request] [http][request] POST /reservations"}
{"level":30,"time":"2026-04-19T12:05:02.395Z","pid":826,"hostname":"b4fd557d2fd1","module":"reservations:service","action":"createReservation","userId":"aa225211-9007-4592-af5f-ced0ae934816","eventId":"e07fb1ad-91af-4910-b3a7-5bb4e580ac59","msg":"[reservations:service][createReservation] Creating reservation"}
{"level":30,"time":"2026-04-19T12:05:02.397Z","pid":826,"hostname":"b4fd557d2fd1","module":"reservations:repository","action":"create","eventId":"e07fb1ad-91af-4910-b3a7-5bb4e580ac59","resourceId":"39797ab0-52a3-4c0d-8dcd-dbf02fcecd3a","msg":"[reservations:repository][create] Creating reservation"}
{"level":20,"time":"2026-04-19T12:05:02.404Z","pid":826,"hostname":"b4fd557d2fd1","module":"reservations:repository","action":"findById","id":"ea60a2f9-71c8-4eaa-9aad-92cc93b2b907","msg":"[reservations:repository][findById] Looking up reservation by id"}
{"level":30,"time":"2026-04-19T12:05:02.414Z","pid":826,"hostname":"b4fd557d2fd1","module":"audit","action":"write","eventId":"e07fb1ad-91af-4910-b3a7-5bb4e580ac59","subjectType":"reservation","subjectId":"ea60a2f9-71c8-4eaa-9aad-92cc93b2b907","auditAction":"create","msg":"[audit][write] Audit recorded: create on reservation ea60a2f9-71c8-4eaa-9aad-92cc93b2b907"}
{"level":30,"time":"2026-04-19T12:05:02.414Z","pid":826,"hostname":"b4fd557d2fd1","module":"reservations:routes","action":"create","reservationId":"ea60a2f9-71c8-4eaa-9aad-92cc93b2b907","msg":"[reservations:routes][create] Reservation created"}
{"level":30,"time":"2026-04-19T12:05:02.414Z","pid":826,"hostname":"b4fd557d2fd1","module":"http","action":"response","method":"POST","url":"/reservations","statusCode":201,"responseTime":21.64080199971795,"msg":"[http][response] [http][response] POST /reservations 201 21.6ms"}
{"level":30,"time":"2026-04-19T12:05:02.414Z","pid":826,"hostname":"b4fd557d2fd1","module":"http","action":"request","method":"POST","url":"/reservations/ea60a2f9-71c8-4eaa-9aad-92cc93b2b907/cancel","msg":"[http][request] [http][request] POST /reservations/ea60a2f9-71c8-4eaa-9aad-92cc93b2b907/cancel"}
{"level":30,"time":"2026-04-19T12:05:02.416Z","pid":826,"hostname":"b4fd557d2fd1","module":"reservations:service","action":"cancelReservation","userId":"aa225211-9007-4592-af5f-ced0ae934816","reservationId":"ea60a2f9-71c8-4eaa-9aad-92cc93b2b907","msg":"[reservations:service][cancelReservation] Cancelling reservation"}
{"level":20,"time":"2026-04-19T12:05:02.416Z","pid":826,"hostname":"b4fd557d2fd1","module":"reservations:repository","action":"findById","id":"ea60a2f9-71c8-4eaa-9aad-92cc93b2b907","msg":"[reservations:repository][findById] Looking up reservation by id"}
{"level":30,"time":"2026-04-19T12:05:02.419Z","pid":826,"hostname":"b4fd557d2fd1","module":"reservations:repository","action":"update","id":"ea60a2f9-71c8-4eaa-9aad-92cc93b2b907","msg":"[reservations:repository][update] Updating reservation"}
{"level":20,"time":"2026-04-19T12:05:02.425Z","pid":826,"hostname":"b4fd557d2fd1","module":"reservations:repository","action":"findById","id":"ea60a2f9-71c8-4eaa-9aad-92cc93b2b907","msg":"[reservations:repository][findById] Looking up reservation by id"}
 ✓ tests/integration/reservations-lifecycle.integration.test.js > Reservations lifecycle (real DB) > POST /reservations/:id/occupy moves released -> occupied 25ms
 ✓ tests/integration/reservations-lifecycle.integration.test.js > Reservations lifecycle (real DB) > POST /reservations/:id/occupy — 422 if not released 25ms
 ✓ tests/integration/reservations-lifecycle.integration.test.js > Reservations lifecycle (real DB) > POST /reservations/:id/return moves occupied -> returned (no overtime) 24ms
 ✓ tests/integration/reservations-lifecycle.integration.test.js > Reservations lifecycle (real DB) > POST /reservations/:id/return — 422 on invalid state (already returned) 9ms
 ✓ tests/integration/reservations-lifecycle.integration.test.js > Reservations lifecycle (real DB) > POST /reservations/:id/cancel cancels a fresh reservation 41ms
{"level":30,"time":"2026-04-19T12:05:02.432Z","pid":826,"hostname":"b4fd557d2fd1","module":"audit","action":"write","eventId":"e07fb1ad-91af-4910-b3a7-5bb4e580ac59","subjectType":"reservation","subjectId":"ea60a2f9-71c8-4eaa-9aad-92cc93b2b907","auditAction":"cancel","msg":"[audit][write] Audit recorded: cancel on reservation ea60a2f9-71c8-4eaa-9aad-92cc93b2b907"}
{"level":30,"time":"2026-04-19T12:05:02.432Z","pid":826,"hostname":"b4fd557d2fd1","module":"reservations:routes","action":"cancel","reservationId":"ea60a2f9-71c8-4eaa-9aad-92cc93b2b907","msg":"[reservations:routes][cancel] Reservation cancelled"}
{"level":30,"time":"2026-04-19T12:05:02.432Z","pid":826,"hostname":"b4fd557d2fd1","module":"http","action":"response","method":"POST","url":"/reservations/ea60a2f9-71c8-4eaa-9aad-92cc93b2b907/cancel","statusCode":200,"responseTime":17.676584000699222,"msg":"[http][response] [http][response] POST /reservations/ea60a2f9-71c8-4eaa-9aad-92cc93b2b907/cancel 200 17.7ms"}
{"level":30,"time":"2026-04-19T12:05:02.433Z","pid":826,"hostname":"b4fd557d2fd1","module":"http","action":"request","method":"POST","url":"/reservations","msg":"[http][request] [http][request] POST /reservations"}
{"level":30,"time":"2026-04-19T12:05:02.435Z","pid":826,"hostname":"b4fd557d2fd1","module":"reservations:service","action":"createReservation","userId":"aa225211-9007-4592-af5f-ced0ae934816","eventId":"e07fb1ad-91af-4910-b3a7-5bb4e580ac59","msg":"[reservations:service][createReservation] Creating reservation"}
{"level":30,"time":"2026-04-19T12:05:02.437Z","pid":826,"hostname":"b4fd557d2fd1","module":"reservations:repository","action":"create","eventId":"e07fb1ad-91af-4910-b3a7-5bb4e580ac59","resourceId":"39797ab0-52a3-4c0d-8dcd-dbf02fcecd3a","msg":"[reservations:repository][create] Creating reservation"}
{"level":20,"time":"2026-04-19T12:05:02.442Z","pid":826,"hostname":"b4fd557d2fd1","module":"reservations:repository","action":"findById","id":"067e8179-ef51-4934-adbb-6e99980e9596","msg":"[reservations:repository][findById] Looking up reservation by id"}
{"level":30,"time":"2026-04-19T12:05:02.449Z","pid":826,"hostname":"b4fd557d2fd1","module":"audit","action":"write","eventId":"e07fb1ad-91af-4910-b3a7-5bb4e580ac59","subjectType":"reservation","subjectId":"067e8179-ef51-4934-adbb-6e99980e9596","auditAction":"create","msg":"[audit][write] Audit recorded: create on reservation 067e8179-ef51-4934-adbb-6e99980e9596"}
{"level":30,"time":"2026-04-19T12:05:02.449Z","pid":826,"hostname":"b4fd557d2fd1","module":"reservations:routes","action":"create","reservationId":"067e8179-ef51-4934-adbb-6e99980e9596","msg":"[reservations:routes][create] Reservation created"}
{"level":30,"time":"2026-04-19T12:05:02.450Z","pid":826,"hostname":"b4fd557d2fd1","module":"http","action":"response","method":"POST","url":"/reservations","statusCode":201,"responseTime":16.5381770003587,"msg":"[http][response] [http][response] POST /reservations 201 16.5ms"}
{"level":30,"time":"2026-04-19T12:05:02.451Z","pid":826,"hostname":"b4fd557d2fd1","module":"http","action":"request","method":"POST","url":"/reservations/067e8179-ef51-4934-adbb-6e99980e9596/cancel","msg":"[http][request] [http][request] POST /reservations/067e8179-ef51-4934-adbb-6e99980e9596/cancel"}
{"level":30,"time":"2026-04-19T12:05:02.452Z","pid":826,"hostname":"b4fd557d2fd1","module":"reservations:service","action":"cancelReservation","userId":"aa225211-9007-4592-af5f-ced0ae934816","reservationId":"067e8179-ef51-4934-adbb-6e99980e9596","msg":"[reservations:service][cancelReservation] Cancelling reservation"}
{"level":20,"time":"2026-04-19T12:05:02.452Z","pid":826,"hostname":"b4fd557d2fd1","module":"reservations:repository","action":"findById","id":"067e8179-ef51-4934-adbb-6e99980e9596","msg":"[reservations:repository][findById] Looking up reservation by id"}
{"level":30,"time":"2026-04-19T12:05:02.456Z","pid":826,"hostname":"b4fd557d2fd1","module":"reservations:repository","action":"update","id":"067e8179-ef51-4934-adbb-6e99980e9596","msg":"[reservations:repository][update] Updating reservation"}
{"level":20,"time":"2026-04-19T12:05:02.462Z","pid":826,"hostname":"b4fd557d2fd1","module":"reservations:repository","action":"findById","id":"067e8179-ef51-4934-adbb-6e99980e9596","msg":"[reservations:repository][findById] Looking up reservation by id"}
{"level":30,"time":"2026-04-19T12:05:02.470Z","pid":826,"hostname":"b4fd557d2fd1","module":"audit","action":"write","eventId":"e07fb1ad-91af-4910-b3a7-5bb4e580ac59","subjectType":"reservation","subjectId":"067e8179-ef51-4934-adbb-6e99980e9596","auditAction":"cancel","msg":"[audit][write] Audit recorded: cancel on reservation 067e8179-ef51-4934-adbb-6e99980e9596"}
{"level":30,"time":"2026-04-19T12:05:02.470Z","pid":826,"hostname":"b4fd557d2fd1","module":"reservations:routes","action":"cancel","reservationId":"067e8179-ef51-4934-adbb-6e99980e9596","msg":"[reservations:routes][cancel] Reservation cancelled"}
{"level":30,"time":"2026-04-19T12:05:02.470Z","pid":826,"hostname":"b4fd557d2fd1","module":"http","action":"response","method":"POST","url":"/reservations/067e8179-ef51-4934-adbb-6e99980e9596/cancel","statusCode":200,"responseTime":19.51118400041014,"msg":"[http][response] [http][response] POST /reservations/067e8179-ef51-4934-adbb-6e99980e9596/cancel 200 19.5ms"}
{"level":30,"time":"2026-04-19T12:05:02.471Z","pid":826,"hostname":"b4fd557d2fd1","module":"http","action":"request","method":"POST","url":"/reservations/067e8179-ef51-4934-adbb-6e99980e9596/cancel","msg":"[http][request] [http][request] POST /reservations/067e8179-ef51-4934-adbb-6e99980e9596/cancel"}
{"level":30,"time":"2026-04-19T12:05:02.473Z","pid":826,"hostname":"b4fd557d2fd1","module":"reservations:service","action":"cancelReservation","userId":"aa225211-9007-4592-af5f-ced0ae934816","reservationId":"067e8179-ef51-4934-adbb-6e99980e9596","msg":"[reservations:service][cancelReservation] Cancelling reservation"}
{"level":20,"time":"2026-04-19T12:05:02.473Z","pid":826,"hostname":"b4fd557d2fd1","module":"reservations:repository","action":"findById","id":"067e8179-ef51-4934-adbb-6e99980e9596","msg":"[reservations:repository][findById] Looking up reservation by id"}
{"level":50,"time":"2026-04-19T12:05:02.476Z","pid":826,"hostname":"b4fd557d2fd1","module":"http","action":"error","err":{"type":"AppError","message":"Cannot cancel a reservation with status 'cancelled'","stack":"AppError: Cannot cancel a reservation with status 'cancelled'\n    at Module.cancelReservation (/app/src/modules/reservations/service.js:353:11)\n    at processTicksAndRejections (node:internal/process/task_queues:95:5)\n    at Object.<anonymous> (/app/src/modules/reservations/routes.js:343:27)","name":"AppError","statusCode":422,"code":"INVALID_STATE"},"requestId":"req-o","msg":"[http][error] [http][error] Cannot cancel a reservation with status 'cancelled'"}
{"level":30,"time":"2026-04-19T12:05:02.477Z","pid":826,"hostname":"b4fd557d2fd1","module":"http","action":"response","method":"POST","url":"/reservations/067e8179-ef51-4934-adbb-6e99980e9596/cancel","statusCode":422,"responseTime":5.913351000286639,"msg":"[http][response] [http][response] POST /reservations/067e8179-ef51-4934-adbb-6e99980e9596/cancel 422 5.9ms"}
{"level":30,"time":"2026-04-19T12:05:02.478Z","pid":826,"hostname":"b4fd557d2fd1","module":"http","action":"request","method":"POST","url":"/reservations","msg":"[http][request] [http][request] POST /reservations"}
{"level":30,"time":"2026-04-19T12:05:02.480Z","pid":826,"hostname":"b4fd557d2fd1","module":"reservations:service","action":"createReservation","userId":"aa225211-9007-4592-af5f-ced0ae934816","eventId":"e07fb1ad-91af-4910-b3a7-5bb4e580ac59","msg":"[reservations:service][createReservation] Creating reservation"}
{"level":30,"time":"2026-04-19T12:05:02.481Z","pid":826,"hostname":"b4fd557d2fd1","module":"reservations:repository","action":"create","eventId":"e07fb1ad-91af-4910-b3a7-5bb4e580ac59","resourceId":"39797ab0-52a3-4c0d-8dcd-dbf02fcecd3a","msg":"[reservations:repository][create] Creating reservation"}
{"level":20,"time":"2026-04-19T12:05:02.487Z","pid":826,"hostname":"b4fd557d2fd1","module":"reservations:repository","action":"findById","id":"b54290e1-eb82-4568-a0a9-8dd5d9859eaa","msg":"[reservations:repository][findById] Looking up reservation by id"}
{"level":30,"time":"2026-04-19T12:05:02.493Z","pid":826,"hostname":"b4fd557d2fd1","module":"audit","action":"write","eventId":"e07fb1ad-91af-4910-b3a7-5bb4e580ac59","subjectType":"reservation","subjectId":"b54290e1-eb82-4568-a0a9-8dd5d9859eaa","auditAction":"create","msg":"[audit][write] Audit recorded: create on reservation b54290e1-eb82-4568-a0a9-8dd5d9859eaa"}
{"level":30,"time":"2026-04-19T12:05:02.494Z","pid":826,"hostname":"b4fd557d2fd1","module":"reservations:routes","action":"create","reservationId":"b54290e1-eb82-4568-a0a9-8dd5d9859eaa","msg":"[reservations:routes][create] Reservation created"}
{"level":30,"time":"2026-04-19T12:05:02.494Z","pid":826,"hostname":"b4fd557d2fd1","module":"http","action":"response","method":"POST","url":"/reservations","statusCode":201,"responseTime":16.116636000573635,"msg":"[http][response] [http][response] POST /reservations 201 16.1ms"}
{"level":30,"time":"2026-04-19T12:05:02.494Z","pid":826,"hostname":"b4fd557d2fd1","module":"http","action":"request","method":"POST","url":"/reservations/b54290e1-eb82-4568-a0a9-8dd5d9859eaa/reschedule","msg":"[http][request] [http][request] POST /reservations/b54290e1-eb82-4568-a0a9-8dd5d9859eaa/reschedule"}
{"level":30,"time":"2026-04-19T12:05:02.496Z","pid":826,"hostname":"b4fd557d2fd1","module":"reservations:service","action":"rescheduleReservation","userId":"aa225211-9007-4592-af5f-ced0ae934816","reservationId":"b54290e1-eb82-4568-a0a9-8dd5d9859eaa","msg":"[reservations:service][rescheduleReservation] Rescheduling reservation"}
{"level":20,"time":"2026-04-19T12:05:02.496Z","pid":826,"hostname":"b4fd557d2fd1","module":"reservations:repository","action":"findById","id":"b54290e1-eb82-4568-a0a9-8dd5d9859eaa","msg":"[reservations:repository][findById] Looking up reservation by id"}
{"level":30,"time":"2026-04-19T12:05:02.499Z","pid":826,"hostname":"b4fd557d2fd1","module":"reservations:repository","action":"update","id":"b54290e1-eb82-4568-a0a9-8dd5d9859eaa","msg":"[reservations:repository][update] Updating reservation"}
{"level":20,"time":"2026-04-19T12:05:02.505Z","pid":826,"hostname":"b4fd557d2fd1","module":"reservations:repository","action":"findById","id":"b54290e1-eb82-4568-a0a9-8dd5d9859eaa","msg":"[reservations:repository][findById] Looking up reservation by id"}
{"level":30,"time":"2026-04-19T12:05:02.506Z","pid":826,"hostname":"b4fd557d2fd1","module":"reservations:repository","action":"create","eventId":"e07fb1ad-91af-4910-b3a7-5bb4e580ac59","resourceId":"39797ab0-52a3-4c0d-8dcd-dbf02fcecd3a","msg":"[reservations:repository][create] Creating reservation"}
{"level":20,"time":"2026-04-19T12:05:02.512Z","pid":826,"hostname":"b4fd557d2fd1","module":"reservations:repository","action":"findById","id":"d480f779-6273-49cb-8f72-07a6b3cb93c8","msg":"[reservations:repository][findById] Looking up reservation by id"}
{"level":30,"time":"2026-04-19T12:05:02.520Z","pid":826,"hostname":"b4fd557d2fd1","module":"audit","action":"write","eventId":"e07fb1ad-91af-4910-b3a7-5bb4e580ac59","subjectType":"reservation","subjectId":"b54290e1-eb82-4568-a0a9-8dd5d9859eaa","auditAction":"reschedule_old","msg":"[audit][write] Audit recorded: reschedule_old on reservation b54290e1-eb82-4568-a0a9-8dd5d9859eaa"}
{"level":30,"time":"2026-04-19T12:05:02.525Z","pid":826,"hostname":"b4fd557d2fd1","module":"audit","action":"write","eventId":"e07fb1ad-91af-4910-b3a7-5bb4e580ac59","subjectType":"reservation","subjectId":"d480f779-6273-49cb-8f72-07a6b3cb93c8","auditAction":"reschedule_new","msg":"[audit][write] Audit recorded: reschedule_new on reservation d480f779-6273-49cb-8f72-07a6b3cb93c8"}
{"level":30,"time":"2026-04-19T12:05:02.525Z","pid":826,"hostname":"b4fd557d2fd1","module":"reservations:routes","action":"reschedule","oldId":"b54290e1-eb82-4568-a0a9-8dd5d9859eaa","newId":"d480f779-6273-49cb-8f72-07a6b3cb93c8","msg":"[reservations:routes][reschedule] Reservation rescheduled"}
{"level":30,"time":"2026-04-19T12:05:02.526Z","pid":826,"hostname":"b4fd557d2fd1","module":"http","action":"response","method":"POST","url":"/reservations/b54290e1-eb82-4568-a0a9-8dd5d9859eaa/reschedule","statusCode":200,"responseTime":31.7557060001418,"msg":"[http][response] [http][response] POST /reservations/b54290e1-eb82-4568-a0a9-8dd5d9859eaa/reschedule 200 31.8ms"}
{"level":30,"time":"2026-04-19T12:05:02.527Z","pid":826,"hostname":"b4fd557d2fd1","module":"http","action":"request","method":"POST","url":"/reservations","msg":"[http][request] [http][request] POST /reservations"}
{"level":30,"time":"2026-04-19T12:05:02.529Z","pid":826,"hostname":"b4fd557d2fd1","module":"reservations:service","action":"createReservation","userId":"aa225211-9007-4592-af5f-ced0ae934816","eventId":"e07fb1ad-91af-4910-b3a7-5bb4e580ac59","msg":"[reservations:service][createReservation] Creating reservation"}
{"level":30,"time":"2026-04-19T12:05:02.530Z","pid":826,"hostname":"b4fd557d2fd1","module":"reservations:repository","action":"create","eventId":"e07fb1ad-91af-4910-b3a7-5bb4e580ac59","resourceId":"39797ab0-52a3-4c0d-8dcd-dbf02fcecd3a","msg":"[reservations:repository][create] Creating reservation"}
{"level":20,"time":"2026-04-19T12:05:02.536Z","pid":826,"hostname":"b4fd557d2fd1","module":"reservations:repository","action":"findById","id":"c20172a7-b50f-4571-9d94-2b2c31f53c89","msg":"[reservations:repository][findById] Looking up reservation by id"}
{"level":30,"time":"2026-04-19T12:05:02.543Z","pid":826,"hostname":"b4fd557d2fd1","module":"audit","action":"write","eventId":"e07fb1ad-91af-4910-b3a7-5bb4e580ac59","subjectType":"reservation","subjectId":"c20172a7-b50f-4571-9d94-2b2c31f53c89","auditAction":"create","msg":"[audit][write] Audit recorded: create on reservation c20172a7-b50f-4571-9d94-2b2c31f53c89"}
{"level":30,"time":"2026-04-19T12:05:02.543Z","pid":826,"hostname":"b4fd557d2fd1","module":"reservations:routes","action":"create","reservationId":"c20172a7-b50f-4571-9d94-2b2c31f53c89","msg":"[reservations:routes][create] Reservation created"}
{"level":30,"time":"2026-04-19T12:05:02.544Z","pid":826,"hostname":"b4fd557d2fd1","module":"http","action":"response","method":"POST","url":"/reservations","statusCode":201,"responseTime":16.16635699942708,"msg":"[http][response] [http][response] POST /reservations 201 16.2ms"}
{"level":30,"time":"2026-04-19T12:05:02.544Z","pid":826,"hostname":"b4fd557d2fd1","module":"http","action":"request","method":"POST","url":"/reservations/c20172a7-b50f-4571-9d94-2b2c31f53c89/cancel","msg":"[http][request] [http][request] POST /reservations/c20172a7-b50f-4571-9d94-2b2c31f53c89/cancel"}
{"level":30,"time":"2026-04-19T12:05:02.545Z","pid":826,"hostname":"b4fd557d2fd1","module":"reservations:service","action":"cancelReservation","userId":"aa225211-9007-4592-af5f-ced0ae934816","reservationId":"c20172a7-b50f-4571-9d94-2b2c31f53c89","msg":"[reservations:service][cancelReservation] Cancelling reservation"}
{"level":20,"time":"2026-04-19T12:05:02.545Z","pid":826,"hostname":"b4fd557d2fd1","module":"reservations:repository","action":"findById","id":"c20172a7-b50f-4571-9d94-2b2c31f53c89","msg":"[reservations:repository][findById] Looking up reservation by id"}
{"level":30,"time":"2026-04-19T12:05:02.548Z","pid":826,"hostname":"b4fd557d2fd1","module":"reservations:repository","action":"update","id":"c20172a7-b50f-4571-9d94-2b2c31f53c89","msg":"[reservations:repository][update] Updating reservation"}
{"level":20,"time":"2026-04-19T12:05:02.553Z","pid":826,"hostname":"b4fd557d2fd1","module":"reservations:repository","action":"findById","id":"c20172a7-b50f-4571-9d94-2b2c31f53c89","msg":"[reservations:repository][findById] Looking up reservation by id"}
 ✓ tests/integration/reservations-lifecycle.integration.test.js > Reservations lifecycle (real DB) > POST /reservations/:id/cancel — 422 if already cancelled 44ms
 ✓ tests/integration/reservations-lifecycle.integration.test.js > Reservations lifecycle (real DB) > POST /reservations/:id/reschedule creates a replacement and marks old as rescheduled 49ms
 ✓ tests/integration/reservations-lifecycle.integration.test.js > Reservations lifecycle (real DB) > POST /reservations/:id/reschedule — 422 if reservation already cancelled 40ms
{"level":30,"time":"2026-04-19T12:05:02.561Z","pid":826,"hostname":"b4fd557d2fd1","module":"audit","action":"write","eventId":"e07fb1ad-91af-4910-b3a7-5bb4e580ac59","subjectType":"reservation","subjectId":"c20172a7-b50f-4571-9d94-2b2c31f53c89","auditAction":"cancel","msg":"[audit][write] Audit recorded: cancel on reservation c20172a7-b50f-4571-9d94-2b2c31f53c89"}
{"level":30,"time":"2026-04-19T12:05:02.561Z","pid":826,"hostname":"b4fd557d2fd1","module":"reservations:routes","action":"cancel","reservationId":"c20172a7-b50f-4571-9d94-2b2c31f53c89","msg":"[reservations:routes][cancel] Reservation cancelled"}
{"level":30,"time":"2026-04-19T12:05:02.561Z","pid":826,"hostname":"b4fd557d2fd1","module":"http","action":"response","method":"POST","url":"/reservations/c20172a7-b50f-4571-9d94-2b2c31f53c89/cancel","statusCode":200,"responseTime":17.226100999861956,"msg":"[http][response] [http][response] POST /reservations/c20172a7-b50f-4571-9d94-2b2c31f53c89/cancel 200 17.2ms"}
{"level":30,"time":"2026-04-19T12:05:02.561Z","pid":826,"hostname":"b4fd557d2fd1","module":"http","action":"request","method":"POST","url":"/reservations/c20172a7-b50f-4571-9d94-2b2c31f53c89/reschedule","msg":"[http][request] [http][request] POST /reservations/c20172a7-b50f-4571-9d94-2b2c31f53c89/reschedule"}
{"level":30,"time":"2026-04-19T12:05:02.563Z","pid":826,"hostname":"b4fd557d2fd1","module":"reservations:service","action":"rescheduleReservation","userId":"aa225211-9007-4592-af5f-ced0ae934816","reservationId":"c20172a7-b50f-4571-9d94-2b2c31f53c89","msg":"[reservations:service][rescheduleReservation] Rescheduling reservation"}
{"level":20,"time":"2026-04-19T12:05:02.563Z","pid":826,"hostname":"b4fd557d2fd1","module":"reservations:repository","action":"findById","id":"c20172a7-b50f-4571-9d94-2b2c31f53c89","msg":"[reservations:repository][findById] Looking up reservation by id"}
{"level":50,"time":"2026-04-19T12:05:02.565Z","pid":826,"hostname":"b4fd557d2fd1","module":"http","action":"error","err":{"type":"AppError","message":"Cannot reschedule a reservation with status 'cancelled'","stack":"AppError: Cannot reschedule a reservation with status 'cancelled'\n    at Module.rescheduleReservation (/app/src/modules/reservations/service.js:396:11)\n    at processTicksAndRejections (node:internal/process/task_queues:95:5)\n    at Object.<anonymous> (/app/src/modules/reservations/routes.js:374:22)","name":"AppError","statusCode":422,"code":"INVALID_STATE"},"requestId":"req-t","msg":"[http][error] [http][error] Cannot reschedule a reservation with status 'cancelled'"}
{"level":30,"time":"2026-04-19T12:05:02.566Z","pid":826,"hostname":"b4fd557d2fd1","module":"http","action":"response","method":"POST","url":"/reservations/c20172a7-b50f-4571-9d94-2b2c31f53c89/reschedule","statusCode":422,"responseTime":4.64138999953866,"msg":"[http][response] [http][response] POST /reservations/c20172a7-b50f-4571-9d94-2b2c31f53c89/reschedule 422 4.6ms"}
{"level":30,"time":"2026-04-19T12:05:02.567Z","pid":826,"hostname":"b4fd557d2fd1","module":"http","action":"request","method":"POST","url":"/reservations","msg":"[http][request] [http][request] POST /reservations"}
{"level":30,"time":"2026-04-19T12:05:02.569Z","pid":826,"hostname":"b4fd557d2fd1","module":"reservations:service","action":"createReservation","userId":"aa225211-9007-4592-af5f-ced0ae934816","eventId":"e07fb1ad-91af-4910-b3a7-5bb4e580ac59","msg":"[reservations:service][createReservation] Creating reservation"}
{"level":30,"time":"2026-04-19T12:05:02.570Z","pid":826,"hostname":"b4fd557d2fd1","module":"reservations:repository","action":"create","eventId":"e07fb1ad-91af-4910-b3a7-5bb4e580ac59","resourceId":"39797ab0-52a3-4c0d-8dcd-dbf02fcecd3a","msg":"[reservations:repository][create] Creating reservation"}
{"level":20,"time":"2026-04-19T12:05:02.575Z","pid":826,"hostname":"b4fd557d2fd1","module":"reservations:repository","action":"findById","id":"4b7e084f-65ae-47b3-9232-68757109c085","msg":"[reservations:repository][findById] Looking up reservation by id"}
{"level":30,"time":"2026-04-19T12:05:02.583Z","pid":826,"hostname":"b4fd557d2fd1","module":"audit","action":"write","eventId":"e07fb1ad-91af-4910-b3a7-5bb4e580ac59","subjectType":"reservation","subjectId":"4b7e084f-65ae-47b3-9232-68757109c085","auditAction":"create","msg":"[audit][write] Audit recorded: create on reservation 4b7e084f-65ae-47b3-9232-68757109c085"}
{"level":30,"time":"2026-04-19T12:05:02.583Z","pid":826,"hostname":"b4fd557d2fd1","module":"reservations:routes","action":"create","reservationId":"4b7e084f-65ae-47b3-9232-68757109c085","msg":"[reservations:routes][create] Reservation created"}
{"level":30,"time":"2026-04-19T12:05:02.583Z","pid":826,"hostname":"b4fd557d2fd1","module":"http","action":"response","method":"POST","url":"/reservations","statusCode":201,"responseTime":16.433153999969363,"msg":"[http][response] [http][response] POST /reservations 201 16.4ms"}
{"level":30,"time":"2026-04-19T12:05:02.584Z","pid":826,"hostname":"b4fd557d2fd1","module":"http","action":"request","method":"POST","url":"/reservations/4b7e084f-65ae-47b3-9232-68757109c085/renew","msg":"[http][request] [http][request] POST /reservations/4b7e084f-65ae-47b3-9232-68757109c085/renew"}
{"level":30,"time":"2026-04-19T12:05:02.586Z","pid":826,"hostname":"b4fd557d2fd1","module":"reservations:service","action":"renewReservation","userId":"aa225211-9007-4592-af5f-ced0ae934816","reservationId":"4b7e084f-65ae-47b3-9232-68757109c085","msg":"[reservations:service][renewReservation] Renewing reservation"}
{"level":20,"time":"2026-04-19T12:05:02.586Z","pid":826,"hostname":"b4fd557d2fd1","module":"reservations:repository","action":"findById","id":"4b7e084f-65ae-47b3-9232-68757109c085","msg":"[reservations:repository][findById] Looking up reservation by id"}
{"level":30,"time":"2026-04-19T12:05:02.588Z","pid":826,"hostname":"b4fd557d2fd1","module":"reservations:repository","action":"update","id":"4b7e084f-65ae-47b3-9232-68757109c085","msg":"[reservations:repository][update] Updating reservation"}
{"level":20,"time":"2026-04-19T12:05:02.594Z","pid":826,"hostname":"b4fd557d2fd1","module":"reservations:repository","action":"findById","id":"4b7e084f-65ae-47b3-9232-68757109c085","msg":"[reservations:repository][findById] Looking up reservation by id"}
{"level":30,"time":"2026-04-19T12:05:02.601Z","pid":826,"hostname":"b4fd557d2fd1","module":"audit","action":"write","eventId":"e07fb1ad-91af-4910-b3a7-5bb4e580ac59","subjectType":"reservation","subjectId":"4b7e084f-65ae-47b3-9232-68757109c085","auditAction":"renew","msg":"[audit][write] Audit recorded: renew on reservation 4b7e084f-65ae-47b3-9232-68757109c085"}
{"level":30,"time":"2026-04-19T12:05:02.601Z","pid":826,"hostname":"b4fd557d2fd1","module":"reservations:routes","action":"renew","reservationId":"4b7e084f-65ae-47b3-9232-68757109c085","msg":"[reservations:routes][renew] Reservation renewed"}
{"level":30,"time":"2026-04-19T12:05:02.601Z","pid":826,"hostname":"b4fd557d2fd1","module":"http","action":"response","method":"POST","url":"/reservations/4b7e084f-65ae-47b3-9232-68757109c085/renew","statusCode":200,"responseTime":17.65880500059575,"msg":"[http][response] [http][response] POST /reservations/4b7e084f-65ae-47b3-9232-68757109c085/renew 200 17.7ms"}
{"level":30,"time":"2026-04-19T12:05:02.602Z","pid":826,"hostname":"b4fd557d2fd1","module":"http","action":"request","method":"POST","url":"/reservations","msg":"[http][request] [http][request] POST /reservations"}
{"level":30,"time":"2026-04-19T12:05:02.604Z","pid":826,"hostname":"b4fd557d2fd1","module":"reservations:service","action":"createReservation","userId":"aa225211-9007-4592-af5f-ced0ae934816","eventId":"e07fb1ad-91af-4910-b3a7-5bb4e580ac59","msg":"[reservations:service][createReservation] Creating reservation"}
{"level":30,"time":"2026-04-19T12:05:02.605Z","pid":826,"hostname":"b4fd557d2fd1","module":"reservations:repository","action":"create","eventId":"e07fb1ad-91af-4910-b3a7-5bb4e580ac59","resourceId":"39797ab0-52a3-4c0d-8dcd-dbf02fcecd3a","msg":"[reservations:repository][create] Creating reservation"}
{"level":20,"time":"2026-04-19T12:05:02.611Z","pid":826,"hostname":"b4fd557d2fd1","module":"reservations:repository","action":"findById","id":"eb1ced39-12e7-4885-a3f3-13b3a9da6c57","msg":"[reservations:repository][findById] Looking up reservation by id"}
{"level":30,"time":"2026-04-19T12:05:02.618Z","pid":826,"hostname":"b4fd557d2fd1","module":"audit","action":"write","eventId":"e07fb1ad-91af-4910-b3a7-5bb4e580ac59","subjectType":"reservation","subjectId":"eb1ced39-12e7-4885-a3f3-13b3a9da6c57","auditAction":"create","msg":"[audit][write] Audit recorded: create on reservation eb1ced39-12e7-4885-a3f3-13b3a9da6c57"}
{"level":30,"time":"2026-04-19T12:05:02.618Z","pid":826,"hostname":"b4fd557d2fd1","module":"reservations:routes","action":"create","reservationId":"eb1ced39-12e7-4885-a3f3-13b3a9da6c57","msg":"[reservations:routes][create] Reservation created"}
{"level":30,"time":"2026-04-19T12:05:02.618Z","pid":826,"hostname":"b4fd557d2fd1","module":"http","action":"response","method":"POST","url":"/reservations","statusCode":201,"responseTime":16.15457300003618,"msg":"[http][response] [http][response] POST /reservations 201 16.2ms"}
{"level":30,"time":"2026-04-19T12:05:02.619Z","pid":826,"hostname":"b4fd557d2fd1","module":"http","action":"request","method":"POST","url":"/reservations/eb1ced39-12e7-4885-a3f3-13b3a9da6c57/cancel","msg":"[http][request] [http][request] POST /reservations/eb1ced39-12e7-4885-a3f3-13b3a9da6c57/cancel"}
{"level":30,"time":"2026-04-19T12:05:02.620Z","pid":826,"hostname":"b4fd557d2fd1","module":"reservations:service","action":"cancelReservation","userId":"aa225211-9007-4592-af5f-ced0ae934816","reservationId":"eb1ced39-12e7-4885-a3f3-13b3a9da6c57","msg":"[reservations:service][cancelReservation] Cancelling reservation"}
{"level":20,"time":"2026-04-19T12:05:02.620Z","pid":826,"hostname":"b4fd557d2fd1","module":"reservations:repository","action":"findById","id":"eb1ced39-12e7-4885-a3f3-13b3a9da6c57","msg":"[reservations:repository][findById] Looking up reservation by id"}
{"level":30,"time":"2026-04-19T12:05:02.623Z","pid":826,"hostname":"b4fd557d2fd1","module":"reservations:repository","action":"update","id":"eb1ced39-12e7-4885-a3f3-13b3a9da6c57","msg":"[reservations:repository][update] Updating reservation"}
{"level":20,"time":"2026-04-19T12:05:02.628Z","pid":826,"hostname":"b4fd557d2fd1","module":"reservations:repository","action":"findById","id":"eb1ced39-12e7-4885-a3f3-13b3a9da6c57","msg":"[reservations:repository][findById] Looking up reservation by id"}
{"level":30,"time":"2026-04-19T12:05:02.635Z","pid":826,"hostname":"b4fd557d2fd1","module":"audit","action":"write","eventId":"e07fb1ad-91af-4910-b3a7-5bb4e580ac59","subjectType":"reservation","subjectId":"eb1ced39-12e7-4885-a3f3-13b3a9da6c57","auditAction":"cancel","msg":"[audit][write] Audit recorded: cancel on reservation eb1ced39-12e7-4885-a3f3-13b3a9da6c57"}
{"level":30,"time":"2026-04-19T12:05:02.635Z","pid":826,"hostname":"b4fd557d2fd1","module":"reservations:routes","action":"cancel","reservationId":"eb1ced39-12e7-4885-a3f3-13b3a9da6c57","msg":"[reservations:routes][cancel] Reservation cancelled"}
{"level":30,"time":"2026-04-19T12:05:02.636Z","pid":826,"hostname":"b4fd557d2fd1","module":"http","action":"response","method":"POST","url":"/reservations/eb1ced39-12e7-4885-a3f3-13b3a9da6c57/cancel","statusCode":200,"responseTime":16.83019500039518,"msg":"[http][response] [http][response] POST /reservations/eb1ced39-12e7-4885-a3f3-13b3a9da6c57/cancel 200 16.8ms"}
{"level":30,"time":"2026-04-19T12:05:02.636Z","pid":826,"hostname":"b4fd557d2fd1","module":"http","action":"request","method":"POST","url":"/reservations/eb1ced39-12e7-4885-a3f3-13b3a9da6c57/renew","msg":"[http][request] [http][request] POST /reservations/eb1ced39-12e7-4885-a3f3-13b3a9da6c57/renew"}
{"level":30,"time":"2026-04-19T12:05:02.638Z","pid":826,"hostname":"b4fd557d2fd1","module":"reservations:service","action":"renewReservation","userId":"aa225211-9007-4592-af5f-ced0ae934816","reservationId":"eb1ced39-12e7-4885-a3f3-13b3a9da6c57","msg":"[reservations:service][renewReservation] Renewing reservation"}
{"level":20,"time":"2026-04-19T12:05:02.638Z","pid":826,"hostname":"b4fd557d2fd1","module":"reservations:repository","action":"findById","id":"eb1ced39-12e7-4885-a3f3-13b3a9da6c57","msg":"[reservations:repository][findById] Looking up reservation by id"}
{"level":50,"time":"2026-04-19T12:05:02.642Z","pid":826,"hostname":"b4fd557d2fd1","module":"http","action":"error","err":{"type":"AppError","message":"Cannot renew a reservation with status 'cancelled'","stack":"AppError: Cannot renew a reservation with status 'cancelled'\n    at Module.renewReservation (/app/src/modules/reservations/service.js:462:11)\n    at processTicksAndRejections (node:internal/process/task_queues:95:5)\n    at Object.<anonymous> (/app/src/modules/reservations/routes.js:412:27)","name":"AppError","statusCode":422,"code":"INVALID_STATE"},"requestId":"req-y","msg":"[http][error] [http][error] Cannot renew a reservation with status 'cancelled'"}
{"level":30,"time":"2026-04-19T12:05:02.643Z","pid":826,"hostname":"b4fd557d2fd1","module":"http","action":"response","method":"POST","url":"/reservations/eb1ced39-12e7-4885-a3f3-13b3a9da6c57/renew","statusCode":422,"responseTime":6.742064000107348,"msg":"[http][response] [http][response] POST /reservations/eb1ced39-12e7-4885-a3f3-13b3a9da6c57/renew 422 6.7ms"}
{"level":30,"time":"2026-04-19T12:05:02.644Z","pid":826,"hostname":"b4fd557d2fd1","module":"http","action":"request","method":"POST","url":"/reservations","msg":"[http][request] [http][request] POST /reservations"}
{"level":30,"time":"2026-04-19T12:05:02.648Z","pid":826,"hostname":"b4fd557d2fd1","module":"reservations:service","action":"createReservation","userId":"aa225211-9007-4592-af5f-ced0ae934816","eventId":"e07fb1ad-91af-4910-b3a7-5bb4e580ac59","msg":"[reservations:service][createReservation] Creating reservation"}
{"level":30,"time":"2026-04-19T12:05:02.649Z","pid":826,"hostname":"b4fd557d2fd1","module":"reservations:repository","action":"create","eventId":"e07fb1ad-91af-4910-b3a7-5bb4e580ac59","resourceId":"39797ab0-52a3-4c0d-8dcd-dbf02fcecd3a","msg":"[reservations:repository][create] Creating reservation"}
{"level":20,"time":"2026-04-19T12:05:02.655Z","pid":826,"hostname":"b4fd557d2fd1","module":"reservations:repository","action":"findById","id":"c1582f84-b810-4713-aeec-58ac5e8f6b4b","msg":"[reservations:repository][findById] Looking up reservation by id"}
{"level":30,"time":"2026-04-19T12:05:02.662Z","pid":826,"hostname":"b4fd557d2fd1","module":"audit","action":"write","eventId":"e07fb1ad-91af-4910-b3a7-5bb4e580ac59","subjectType":"reservation","subjectId":"c1582f84-b810-4713-aeec-58ac5e8f6b4b","auditAction":"create","msg":"[audit][write] Audit recorded: create on reservation c1582f84-b810-4713-aeec-58ac5e8f6b4b"}
{"level":30,"time":"2026-04-19T12:05:02.662Z","pid":826,"hostname":"b4fd557d2fd1","module":"reservations:routes","action":"create","reservationId":"c1582f84-b810-4713-aeec-58ac5e8f6b4b","msg":"[reservations:routes][create] Reservation created"}
{"level":30,"time":"2026-04-19T12:05:02.663Z","pid":826,"hostname":"b4fd557d2fd1","module":"http","action":"response","method":"POST","url":"/reservations","statusCode":201,"responseTime":18.76899200025946,"msg":"[http][response] [http][response] POST /reservations 201 18.8ms"}
{"level":30,"time":"2026-04-19T12:05:02.663Z","pid":826,"hostname":"b4fd557d2fd1","module":"http","action":"request","method":"POST","url":"/reservations/c1582f84-b810-4713-aeec-58ac5e8f6b4b/approve","msg":"[http][request] [http][request] POST /reservations/c1582f84-b810-4713-aeec-58ac5e8f6b4b/approve"}
{"level":30,"time":"2026-04-19T12:05:02.665Z","pid":826,"hostname":"b4fd557d2fd1","module":"reservations:service","action":"approveReservation","userId":"aa225211-9007-4592-af5f-ced0ae934816","reservationId":"c1582f84-b810-4713-aeec-58ac5e8f6b4b","msg":"[reservations:service][approveReservation] Approving reservation"}
{"level":20,"time":"2026-04-19T12:05:02.665Z","pid":826,"hostname":"b4fd557d2fd1","module":"reservations:repository","action":"findById","id":"c1582f84-b810-4713-aeec-58ac5e8f6b4b","msg":"[reservations:repository][findById] Looking up reservation by id"}
{"level":30,"time":"2026-04-19T12:05:02.668Z","pid":826,"hostname":"b4fd557d2fd1","module":"reservations:repository","action":"update","id":"c1582f84-b810-4713-aeec-58ac5e8f6b4b","msg":"[reservations:repository][update] Updating reservation"}
{"level":20,"time":"2026-04-19T12:05:02.674Z","pid":826,"hostname":"b4fd557d2fd1","module":"reservations:repository","action":"findById","id":"c1582f84-b810-4713-aeec-58ac5e8f6b4b","msg":"[reservations:repository][findById] Looking up reservation by id"}
{"level":30,"time":"2026-04-19T12:05:02.681Z","pid":826,"hostname":"b4fd557d2fd1","module":"audit","action":"write","eventId":"e07fb1ad-91af-4910-b3a7-5bb4e580ac59","subjectType":"reservation","subjectId":"c1582f84-b810-4713-aeec-58ac5e8f6b4b","auditAction":"approve","msg":"[audit][write] Audit recorded: approve on reservation c1582f84-b810-4713-aeec-58ac5e8f6b4b"}
{"level":30,"time":"2026-04-19T12:05:02.681Z","pid":826,"hostname":"b4fd557d2fd1","module":"reservations:routes","action":"approve","reservationId":"c1582f84-b810-4713-aeec-58ac5e8f6b4b","msg":"[reservations:routes][approve] Reservation approved"}
{"level":30,"time":"2026-04-19T12:05:02.681Z","pid":826,"hostname":"b4fd557d2fd1","module":"http","action":"response","method":"POST","url":"/reservations/c1582f84-b810-4713-aeec-58ac5e8f6b4b/approve","statusCode":200,"responseTime":17.881876000203192,"msg":"[http][response] [http][response] POST /reservations/c1582f84-b810-4713-aeec-58ac5e8f6b4b/approve 200 17.9ms"}
{"level":30,"time":"2026-04-19T12:05:02.682Z","pid":826,"hostname":"b4fd557d2fd1","module":"http","action":"request","method":"POST","url":"/reservations/c1582f84-b810-4713-aeec-58ac5e8f6b4b/release","msg":"[http][request] [http][request] POST /reservations/c1582f84-b810-4713-aeec-58ac5e8f6b4b/release"}
{"level":30,"time":"2026-04-19T12:05:02.683Z","pid":826,"hostname":"b4fd557d2fd1","module":"reservations:service","action":"releaseReservation","userId":"aa225211-9007-4592-af5f-ced0ae934816","reservationId":"c1582f84-b810-4713-aeec-58ac5e8f6b4b","msg":"[reservations:service][releaseReservation] Releasing reservation"}
{"level":20,"time":"2026-04-19T12:05:02.683Z","pid":826,"hostname":"b4fd557d2fd1","module":"reservations:repository","action":"findById","id":"c1582f84-b810-4713-aeec-58ac5e8f6b4b","msg":"[reservations:repository][findById] Looking up reservation by id"}
{"level":30,"time":"2026-04-19T12:05:02.686Z","pid":826,"hostname":"b4fd557d2fd1","module":"reservations:repository","action":"update","id":"c1582f84-b810-4713-aeec-58ac5e8f6b4b","msg":"[reservations:repository][update] Updating reservation"}
{"level":20,"time":"2026-04-19T12:05:02.692Z","pid":826,"hostname":"b4fd557d2fd1","module":"reservations:repository","action":"findById","id":"c1582f84-b810-4713-aeec-58ac5e8f6b4b","msg":"[reservations:repository][findById] Looking up reservation by id"}
{"level":30,"time":"2026-04-19T12:05:02.699Z","pid":826,"hostname":"b4fd557d2fd1","module":"audit","action":"write","eventId":"e07fb1ad-91af-4910-b3a7-5bb4e580ac59","subjectType":"reservation","subjectId":"c1582f84-b810-4713-aeec-58ac5e8f6b4b","auditAction":"release","msg":"[audit][write] Audit recorded: release on reservation c1582f84-b810-4713-aeec-58ac5e8f6b4b"}
{"level":30,"time":"2026-04-19T12:05:02.699Z","pid":826,"hostname":"b4fd557d2fd1","module":"reservations:routes","action":"release","reservationId":"c1582f84-b810-4713-aeec-58ac5e8f6b4b","msg":"[reservations:routes][release] Reservation released"}
{"level":30,"time":"2026-04-19T12:05:02.700Z","pid":826,"hostname":"b4fd557d2fd1","module":"http","action":"response","method":"POST","url":"/reservations/c1582f84-b810-4713-aeec-58ac5e8f6b4b/release","statusCode":200,"responseTime":18.204284999519587,"msg":"[http][response] [http][response] POST /reservations/c1582f84-b810-4713-aeec-58ac5e8f6b4b/release 200 18.2ms"}
{"level":30,"time":"2026-04-19T12:05:02.700Z","pid":826,"hostname":"b4fd557d2fd1","module":"http","action":"request","method":"POST","url":"/reservations/c1582f84-b810-4713-aeec-58ac5e8f6b4b/occupy","msg":"[http][request] [http][request] POST /reservations/c1582f84-b810-4713-aeec-58ac5e8f6b4b/occupy"}
{"level":30,"time":"2026-04-19T12:05:02.702Z","pid":826,"hostname":"b4fd557d2fd1","module":"reservations:service","action":"occupyReservation","userId":"aa225211-9007-4592-af5f-ced0ae934816","reservationId":"c1582f84-b810-4713-aeec-58ac5e8f6b4b","occupancyCount":3,"msg":"[reservations:service][occupyReservation] Occupying reservation"}
{"level":20,"time":"2026-04-19T12:05:02.702Z","pid":826,"hostname":"b4fd557d2fd1","module":"reservations:repository","action":"findById","id":"c1582f84-b810-4713-aeec-58ac5e8f6b4b","msg":"[reservations:repository][findById] Looking up reservation by id"}
{"level":30,"time":"2026-04-19T12:05:02.705Z","pid":826,"hostname":"b4fd557d2fd1","module":"reservations:repository","action":"update","id":"c1582f84-b810-4713-aeec-58ac5e8f6b4b","msg":"[reservations:repository][update] Updating reservation"}
{"level":20,"time":"2026-04-19T12:05:02.710Z","pid":826,"hostname":"b4fd557d2fd1","module":"reservations:repository","action":"findById","id":"c1582f84-b810-4713-aeec-58ac5e8f6b4b","msg":"[reservations:repository][findById] Looking up reservation by id"}
{"level":30,"time":"2026-04-19T12:05:02.718Z","pid":826,"hostname":"b4fd557d2fd1","module":"audit","action":"write","eventId":"e07fb1ad-91af-4910-b3a7-5bb4e580ac59","subjectType":"reservation","subjectId":"c1582f84-b810-4713-aeec-58ac5e8f6b4b","auditAction":"occupy","msg":"[audit][write] Audit recorded: occupy on reservation c1582f84-b810-4713-aeec-58ac5e8f6b4b"}
{"level":30,"time":"2026-04-19T12:05:02.718Z","pid":826,"hostname":"b4fd557d2fd1","module":"reservations:routes","action":"occupy","reservationId":"c1582f84-b810-4713-aeec-58ac5e8f6b4b","occupancyCount":3,"msg":"[reservations:routes][occupy] Reservation occupied"}
{"level":30,"time":"2026-04-19T12:05:02.718Z","pid":826,"hostname":"b4fd557d2fd1","module":"http","action":"response","method":"POST","url":"/reservations/c1582f84-b810-4713-aeec-58ac5e8f6b4b/occupy","statusCode":200,"responseTime":18.013776000589132,"msg":"[http][response] [http][response] POST /reservations/c1582f84-b810-4713-aeec-58ac5e8f6b4b/occupy 200 18.0ms"}
{"level":30,"time":"2026-04-19T12:05:02.719Z","pid":826,"hostname":"b4fd557d2fd1","module":"http","action":"request","method":"POST","url":"/reservations/c1582f84-b810-4713-aeec-58ac5e8f6b4b/return","msg":"[http][request] [http][request] POST /reservations/c1582f84-b810-4713-aeec-58ac5e8f6b4b/return"}
{"level":30,"time":"2026-04-19T12:05:02.720Z","pid":826,"hostname":"b4fd557d2fd1","module":"reservations:service","action":"returnReservation","userId":"aa225211-9007-4592-af5f-ced0ae934816","reservationId":"c1582f84-b810-4713-aeec-58ac5e8f6b4b","msg":"[reservations:service][returnReservation] Returning reservation"}
{"level":20,"time":"2026-04-19T12:05:02.720Z","pid":826,"hostname":"b4fd557d2fd1","module":"reservations:repository","action":"findById","id":"c1582f84-b810-4713-aeec-58ac5e8f6b4b","msg":"[reservations:repository][findById] Looking up reservation by id"}
{"level":30,"time":"2026-04-19T12:05:02.722Z","pid":826,"hostname":"b4fd557d2fd1","module":"reservations:repository","action":"update","id":"c1582f84-b810-4713-aeec-58ac5e8f6b4b","msg":"[reservations:repository][update] Updating reservation"}
{"level":20,"time":"2026-04-19T12:05:02.734Z","pid":826,"hostname":"b4fd557d2fd1","module":"reservations:repository","action":"findById","id":"c1582f84-b810-4713-aeec-58ac5e8f6b4b","msg":"[reservations:repository][findById] Looking up reservation by id"}
{"level":30,"time":"2026-04-19T12:05:02.741Z","pid":826,"hostname":"b4fd557d2fd1","module":"audit","action":"write","eventId":"e07fb1ad-91af-4910-b3a7-5bb4e580ac59","subjectType":"reservation","subjectId":"c1582f84-b810-4713-aeec-58ac5e8f6b4b","auditAction":"return_overtime_pending","msg":"[audit][write] Audit recorded: return_overtime_pending on reservation c1582f84-b810-4713-aeec-58ac5e8f6b4b"}
{"level":30,"time":"2026-04-19T12:05:02.741Z","pid":826,"hostname":"b4fd557d2fd1","module":"reservations:routes","action":"return","reservationId":"c1582f84-b810-4713-aeec-58ac5e8f6b4b","msg":"[reservations:routes][return] Reservation return processed"}
{"level":30,"time":"2026-04-19T12:05:02.742Z","pid":826,"hostname":"b4fd557d2fd1","module":"http","action":"response","method":"POST","url":"/reservations/c1582f84-b810-4713-aeec-58ac5e8f6b4b/return","statusCode":200,"responseTime":23.37110200058669,"msg":"[http][response] [http][response] POST /reservations/c1582f84-b810-4713-aeec-58ac5e8f6b4b/return 200 23.4ms"}
{"level":30,"time":"2026-04-19T12:05:02.742Z","pid":826,"hostname":"b4fd557d2fd1","module":"http","action":"request","method":"POST","url":"/reservations/c1582f84-b810-4713-aeec-58ac5e8f6b4b/approve-overtime","msg":"[http][request] [http][request] POST /reservations/c1582f84-b810-4713-aeec-58ac5e8f6b4b/approve-overtime"}
{"level":30,"time":"2026-04-19T12:05:02.744Z","pid":826,"hostname":"b4fd557d2fd1","module":"reservations:service","action":"approveOvertime","userId":"922b69de-2978-42a1-aeff-d808af931f6f","reservationId":"c1582f84-b810-4713-aeec-58ac5e8f6b4b","msg":"[reservations:service][approveOvertime] Approving overtime"}
{"level":20,"time":"2026-04-19T12:05:02.744Z","pid":826,"hostname":"b4fd557d2fd1","module":"reservations:repository","action":"findById","id":"c1582f84-b810-4713-aeec-58ac5e8f6b4b","msg":"[reservations:repository][findById] Looking up reservation by id"}
{"level":30,"time":"2026-04-19T12:05:02.748Z","pid":826,"hostname":"b4fd557d2fd1","module":"reservations:repository","action":"update","id":"c1582f84-b810-4713-aeec-58ac5e8f6b4b","msg":"[reservations:repository][update] Updating reservation"}
{"level":20,"time":"2026-04-19T12:05:02.761Z","pid":826,"hostname":"b4fd557d2fd1","module":"reservations:repository","action":"findById","id":"c1582f84-b810-4713-aeec-58ac5e8f6b4b","msg":"[reservations:repository][findById] Looking up reservation by id"}
 ✓ tests/integration/reservations-lifecycle.integration.test.js > Reservations lifecycle (real DB) > POST /reservations/:id/renew extends an active reservation 35ms
 ✓ tests/integration/reservations-lifecycle.integration.test.js > Reservations lifecycle (real DB) > POST /reservations/:id/renew — 422 if reservation cancelled 41ms
 ✓ tests/integration/reservations-lifecycle.integration.test.js > Reservations lifecycle (real DB) > POST /reservations/:id/approve-overtime approves pending overtime 130ms
{"level":30,"time":"2026-04-19T12:05:02.770Z","pid":826,"hostname":"b4fd557d2fd1","module":"audit","action":"write","eventId":"e07fb1ad-91af-4910-b3a7-5bb4e580ac59","subjectType":"reservation","subjectId":"c1582f84-b810-4713-aeec-58ac5e8f6b4b","auditAction":"approve_overtime","msg":"[audit][write] Audit recorded: approve_overtime on reservation c1582f84-b810-4713-aeec-58ac5e8f6b4b"}
{"level":30,"time":"2026-04-19T12:05:02.770Z","pid":826,"hostname":"b4fd557d2fd1","module":"reservations:routes","action":"approveOvertime","reservationId":"c1582f84-b810-4713-aeec-58ac5e8f6b4b","msg":"[reservations:routes][approveOvertime] Overtime approved"}
{"level":30,"time":"2026-04-19T12:05:02.770Z","pid":826,"hostname":"b4fd557d2fd1","module":"http","action":"response","method":"POST","url":"/reservations/c1582f84-b810-4713-aeec-58ac5e8f6b4b/approve-overtime","statusCode":200,"responseTime":27.95233100000769,"msg":"[http][response] [http][response] POST /reservations/c1582f84-b810-4713-aeec-58ac5e8f6b4b/approve-overtime 200 28.0ms"}
{"level":30,"time":"2026-04-19T12:05:02.773Z","pid":826,"hostname":"b4fd557d2fd1","module":"http","action":"request","method":"POST","url":"/reservations","msg":"[http][request] [http][request] POST /reservations"}
{"level":30,"time":"2026-04-19T12:05:02.775Z","pid":826,"hostname":"b4fd557d2fd1","module":"reservations:service","action":"createReservation","userId":"aa225211-9007-4592-af5f-ced0ae934816","eventId":"e07fb1ad-91af-4910-b3a7-5bb4e580ac59","msg":"[reservations:service][createReservation] Creating reservation"}
{"level":30,"time":"2026-04-19T12:05:02.776Z","pid":826,"hostname":"b4fd557d2fd1","module":"reservations:repository","action":"create","eventId":"e07fb1ad-91af-4910-b3a7-5bb4e580ac59","resourceId":"39797ab0-52a3-4c0d-8dcd-dbf02fcecd3a","msg":"[reservations:repository][create] Creating reservation"}
{"level":20,"time":"2026-04-19T12:05:02.782Z","pid":826,"hostname":"b4fd557d2fd1","module":"reservations:repository","action":"findById","id":"00c11263-6ed7-40ab-a241-b66a9f59f563","msg":"[reservations:repository][findById] Looking up reservation by id"}
{"level":30,"time":"2026-04-19T12:05:02.790Z","pid":826,"hostname":"b4fd557d2fd1","module":"audit","action":"write","eventId":"e07fb1ad-91af-4910-b3a7-5bb4e580ac59","subjectType":"reservation","subjectId":"00c11263-6ed7-40ab-a241-b66a9f59f563","auditAction":"create","msg":"[audit][write] Audit recorded: create on reservation 00c11263-6ed7-40ab-a241-b66a9f59f563"}
{"level":30,"time":"2026-04-19T12:05:02.790Z","pid":826,"hostname":"b4fd557d2fd1","module":"reservations:routes","action":"create","reservationId":"00c11263-6ed7-40ab-a241-b66a9f59f563","msg":"[reservations:routes][create] Reservation created"}
{"level":30,"time":"2026-04-19T12:05:02.790Z","pid":826,"hostname":"b4fd557d2fd1","module":"http","action":"response","method":"POST","url":"/reservations","statusCode":201,"responseTime":16.850456000305712,"msg":"[http][response] [http][response] POST /reservations 201 16.9ms"}
{"level":30,"time":"2026-04-19T12:05:02.790Z","pid":826,"hostname":"b4fd557d2fd1","module":"http","action":"request","method":"POST","url":"/reservations/00c11263-6ed7-40ab-a241-b66a9f59f563/approve-overtime","msg":"[http][request] [http][request] POST /reservations/00c11263-6ed7-40ab-a241-b66a9f59f563/approve-overtime"}
{"level":30,"time":"2026-04-19T12:05:02.792Z","pid":826,"hostname":"b4fd557d2fd1","module":"reservations:service","action":"approveOvertime","userId":"922b69de-2978-42a1-aeff-d808af931f6f","reservationId":"00c11263-6ed7-40ab-a241-b66a9f59f563","msg":"[reservations:service][approveOvertime] Approving overtime"}
{"level":20,"time":"2026-04-19T12:05:02.792Z","pid":826,"hostname":"b4fd557d2fd1","module":"reservations:repository","action":"findById","id":"00c11263-6ed7-40ab-a241-b66a9f59f563","msg":"[reservations:repository][findById] Looking up reservation by id"}
{"level":50,"time":"2026-04-19T12:05:02.795Z","pid":826,"hostname":"b4fd557d2fd1","module":"http","action":"error","err":{"type":"AppError","message":"This reservation does not have overtime pending approval","stack":"AppError: This reservation does not have overtime pending approval\n    at Module.approveOvertime (/app/src/modules/reservations/service.js:508:11)\n    at processTicksAndRejections (node:internal/process/task_queues:95:5)\n    at Object.<anonymous> (/app/src/modules/reservations/routes.js:444:27)","name":"AppError","statusCode":422,"code":"INVALID_STATE"},"requestId":"req-16","msg":"[http][error] [http][error] This reservation does not have overtime pending approval"}
{"level":30,"time":"2026-04-19T12:05:02.795Z","pid":826,"hostname":"b4fd557d2fd1","module":"http","action":"response","method":"POST","url":"/reservations/00c11263-6ed7-40ab-a241-b66a9f59f563/approve-overtime","statusCode":422,"responseTime":4.925448999740183,"msg":"[http][response] [http][response] POST /reservations/00c11263-6ed7-40ab-a241-b66a9f59f563/approve-overtime 422 4.9ms"}
{"level":30,"time":"2026-04-19T12:05:02.797Z","pid":826,"hostname":"b4fd557d2fd1","module":"http","action":"request","method":"POST","url":"/reservations","msg":"[http][request] [http][request] POST /reservations"}
{"level":30,"time":"2026-04-19T12:05:02.800Z","pid":826,"hostname":"b4fd557d2fd1","module":"reservations:service","action":"createReservation","userId":"aa225211-9007-4592-af5f-ced0ae934816","eventId":"e07fb1ad-91af-4910-b3a7-5bb4e580ac59","msg":"[reservations:service][createReservation] Creating reservation"}
{"level":30,"time":"2026-04-19T12:05:02.802Z","pid":826,"hostname":"b4fd557d2fd1","module":"reservations:repository","action":"create","eventId":"e07fb1ad-91af-4910-b3a7-5bb4e580ac59","resourceId":"39797ab0-52a3-4c0d-8dcd-dbf02fcecd3a","msg":"[reservations:repository][create] Creating reservation"}
{"level":20,"time":"2026-04-19T12:05:02.808Z","pid":826,"hostname":"b4fd557d2fd1","module":"reservations:repository","action":"findById","id":"dbcedf68-2431-4fdd-9b66-878c0b538aae","msg":"[reservations:repository][findById] Looking up reservation by id"}
{"level":30,"time":"2026-04-19T12:05:02.815Z","pid":826,"hostname":"b4fd557d2fd1","module":"audit","action":"write","eventId":"e07fb1ad-91af-4910-b3a7-5bb4e580ac59","subjectType":"reservation","subjectId":"dbcedf68-2431-4fdd-9b66-878c0b538aae","auditAction":"create","msg":"[audit][write] Audit recorded: create on reservation dbcedf68-2431-4fdd-9b66-878c0b538aae"}
{"level":30,"time":"2026-04-19T12:05:02.815Z","pid":826,"hostname":"b4fd557d2fd1","module":"reservations:routes","action":"create","reservationId":"dbcedf68-2431-4fdd-9b66-878c0b538aae","msg":"[reservations:routes][create] Reservation created"}
{"level":30,"time":"2026-04-19T12:05:02.816Z","pid":826,"hostname":"b4fd557d2fd1","module":"http","action":"response","method":"POST","url":"/reservations","statusCode":201,"responseTime":18.443895999342203,"msg":"[http][response] [http][response] POST /reservations 201 18.4ms"}
{"level":30,"time":"2026-04-19T12:05:02.816Z","pid":826,"hostname":"b4fd557d2fd1","module":"http","action":"request","method":"POST","url":"/reservations/dbcedf68-2431-4fdd-9b66-878c0b538aae/approve-overtime","msg":"[http][request] [http][request] POST /reservations/dbcedf68-2431-4fdd-9b66-878c0b538aae/approve-overtime"}
{"level":30,"time":"2026-04-19T12:05:02.818Z","pid":826,"hostname":"b4fd557d2fd1","module":"http","action":"response","method":"POST","url":"/reservations/dbcedf68-2431-4fdd-9b66-878c0b538aae/approve-overtime","statusCode":403,"responseTime":2.0847539994865656,"msg":"[http][response] [http][response] POST /reservations/dbcedf68-2431-4fdd-9b66-878c0b538aae/approve-overtime 403 2.1ms"}
{"level":30,"time":"2026-04-19T12:05:02.820Z","pid":826,"hostname":"b4fd557d2fd1","module":"http","action":"request","method":"POST","url":"/reservations/9be3f07a-29df-48a0-a5d9-bd7cfeae99fb/approve-overtime","msg":"[http][request] [http][request] POST /reservations/9be3f07a-29df-48a0-a5d9-bd7cfeae99fb/approve-overtime"}
{"level":40,"time":"2026-04-19T12:05:02.820Z","pid":826,"hostname":"b4fd557d2fd1","module":"auth","action":"authenticate","msg":"[auth][authenticate] Missing or malformed Authorization header"}
{"level":30,"time":"2026-04-19T12:05:02.821Z","pid":826,"hostname":"b4fd557d2fd1","module":"http","action":"response","method":"POST","url":"/reservations/9be3f07a-29df-48a0-a5d9-bd7cfeae99fb/approve-overtime","statusCode":401,"responseTime":0.7927399994805455,"msg":"[http][response] [http][response] POST /reservations/9be3f07a-29df-48a0-a5d9-bd7cfeae99fb/approve-overtime 401 0.8ms"}
{"level":30,"time":"2026-04-19T12:05:02.821Z","pid":826,"hostname":"b4fd557d2fd1","module":"http","action":"request","method":"POST","url":"/reservations","msg":"[http][request] [http][request] POST /reservations"}
{"level":30,"time":"2026-04-19T12:05:02.824Z","pid":826,"hostname":"b4fd557d2fd1","module":"reservations:service","action":"createReservation","userId":"aa225211-9007-4592-af5f-ced0ae934816","eventId":"e07fb1ad-91af-4910-b3a7-5bb4e580ac59","msg":"[reservations:service][createReservation] Creating reservation"}
{"level":30,"time":"2026-04-19T12:05:02.825Z","pid":826,"hostname":"b4fd557d2fd1","module":"reservations:repository","action":"create","eventId":"e07fb1ad-91af-4910-b3a7-5bb4e580ac59","resourceId":"39797ab0-52a3-4c0d-8dcd-dbf02fcecd3a","msg":"[reservations:repository][create] Creating reservation"}
{"level":20,"time":"2026-04-19T12:05:02.831Z","pid":826,"hostname":"b4fd557d2fd1","module":"reservations:repository","action":"findById","id":"94aa7462-d290-4e26-a601-4a01adcc4060","msg":"[reservations:repository][findById] Looking up reservation by id"}
{"level":30,"time":"2026-04-19T12:05:02.838Z","pid":826,"hostname":"b4fd557d2fd1","module":"audit","action":"write","eventId":"e07fb1ad-91af-4910-b3a7-5bb4e580ac59","subjectType":"reservation","subjectId":"94aa7462-d290-4e26-a601-4a01adcc4060","auditAction":"create","msg":"[audit][write] Audit recorded: create on reservation 94aa7462-d290-4e26-a601-4a01adcc4060"}
{"level":30,"time":"2026-04-19T12:05:02.838Z","pid":826,"hostname":"b4fd557d2fd1","module":"reservations:routes","action":"create","reservationId":"94aa7462-d290-4e26-a601-4a01adcc4060","msg":"[reservations:routes][create] Reservation created"}
{"level":30,"time":"2026-04-19T12:05:02.839Z","pid":826,"hostname":"b4fd557d2fd1","module":"http","action":"response","method":"POST","url":"/reservations","statusCode":201,"responseTime":17.391594999469817,"msg":"[http][response] [http][response] POST /reservations 201 17.4ms"}
{"level":30,"time":"2026-04-19T12:05:02.839Z","pid":826,"hostname":"b4fd557d2fd1","module":"http","action":"request","method":"POST","url":"/reservations/94aa7462-d290-4e26-a601-4a01adcc4060/approve-overtime","msg":"[http][request] [http][request] POST /reservations/94aa7462-d290-4e26-a601-4a01adcc4060/approve-overtime"}
{"level":30,"time":"2026-04-19T12:05:02.843Z","pid":826,"hostname":"b4fd557d2fd1","module":"http","action":"response","method":"POST","url":"/reservations/94aa7462-d290-4e26-a601-4a01adcc4060/approve-overtime","statusCode":422,"responseTime":3.9173909993842244,"msg":"[http][response] [http][response] POST /reservations/94aa7462-d290-4e26-a601-4a01adcc4060/approve-overtime 422 3.9ms"}
 ✓ tests/integration/reservations-lifecycle.integration.test.js > Reservations lifecycle (real DB) > POST /reservations/:id/approve-overtime — 422 when no overtime pending 24ms
 ✓ tests/integration/reservations-lifecycle.integration.test.js > Reservations lifecycle (real DB) > POST /reservations/:id/approve-overtime — 403 for a role without reservation:overtime_approve 23ms
 ✓ tests/integration/reservations-lifecycle.integration.test.js > Reservations lifecycle (real DB) > POST /reservations/:id/approve-overtime — 401 without a Bearer token 1ms
 ✓ tests/integration/reservations-lifecycle.integration.test.js > Reservations lifecycle (real DB) > POST /reservations/:id/approve-overtime — 422 on a missing justification (validation) 23ms
{"level":30,"time":"2026-04-19T12:05:05.791Z","pid":826,"hostname":"b4fd557d2fd1","module":"db","action":"migrate","msg":"[db][migrate] Running database migrations"}
{"level":30,"time":"2026-04-19T12:05:05.867Z","pid":826,"hostname":"b4fd557d2fd1","module":"db","action":"migrate","msg":"[db][migrate] Database is already up to date"}
 ✓ tests/integration/catalog.integration.test.js > Catalog / Resources (real DB) > GET /catalog/tree > returns 200 with an array envelope for an authenticated user 12ms
 ✓ tests/integration/catalog.integration.test.js > Catalog / Resources (real DB) > GET /catalog/tree > includes the seeded parent and exposes a child underneath it 7ms
 ✓ tests/integration/catalog.integration.test.js > Catalog / Resources (real DB) > GET /catalog/tree > returns 401 when unauthenticated 1ms
 ✓ tests/integration/catalog.integration.test.js > Catalog / Resources (real DB) > POST /catalog/resources > creates a new resource (201) on a valid payload 32ms
 ✓ tests/integration/catalog.integration.test.js > Catalog / Resources (real DB) > POST /catalog/resources > returns 422 when required fields are missing 4ms
 ✓ tests/integration/catalog.integration.test.js > Catalog / Resources (real DB) > POST /catalog/resources > returns 403 for a role lacking resource:manage 3ms
 ✓ tests/integration/catalog.integration.test.js > Catalog / Resources (real DB) > POST /catalog/templates > creates a template (201) on a valid payload 16ms
 ✓ tests/integration/catalog.integration.test.js > Catalog / Resources (real DB) > POST /catalog/templates > returns 422 when required fields are missing 3ms
 ✓ tests/integration/catalog.integration.test.js > Catalog / Resources (real DB) > GET /catalog/templates > returns the list of templates 5ms
 ✓ tests/integration/catalog.integration.test.js > Catalog / Resources (real DB) > GET /catalog/templates > returns a list that includes an equipment template 4ms
 ✓ tests/integration/catalog.integration.test.js > Catalog / Resources (real DB) > GET /catalog/resources/:id > returns 200 with the resource 14ms
 ✓ tests/integration/catalog.integration.test.js > Catalog / Resources (real DB) > GET /catalog/resources/:id > returns 404 for an unknown id 19ms
 ✓ tests/integration/catalog.integration.test.js > Catalog / Resources (real DB) > PATCH /catalog/resources/:id > updates a resource (200) 35ms
 ✓ tests/integration/catalog.integration.test.js > Catalog / Resources (real DB) > PATCH /catalog/resources/:id > returns 422 on invalid body (e.g. quota_per_event as negative) 4ms
 ✓ tests/integration/catalog.integration.test.js > Catalog / Resources (real DB) > PATCH /catalog/templates/:id > updates a template (200) 17ms
 ✓ tests/integration/catalog.integration.test.js > Catalog / Resources (real DB) > PATCH /catalog/templates/:id > returns 404 for unknown template id 4ms
 ✓ tests/integration/catalog.integration.test.js > Catalog / Resources (real DB) > POST /catalog/resources/:id/publish > publishes a resource (200) 21ms
{"level":30,"time":"2026-04-19T12:05:07.231Z","pid":826,"hostname":"b4fd557d2fd1","module":"http","action":"request","method":"POST","url":"/auth/login","msg":"[http][request] [http][request] POST /auth/login"}
{"level":30,"time":"2026-04-19T12:05:07.375Z","pid":826,"hostname":"b4fd557d2fd1","module":"auth","action":"login","userId":"14b7218c-2b32-43aa-84d7-322161a7b13b","username":"admin","msg":"[auth][login] User logged in"}
{"level":30,"time":"2026-04-19T12:05:07.377Z","pid":826,"hostname":"b4fd557d2fd1","module":"http","action":"response","method":"POST","url":"/auth/login","statusCode":200,"responseTime":146.43932200036943,"msg":"[http][response] [http][response] POST /auth/login 200 146.4ms"}
{"level":30,"time":"2026-04-19T12:05:07.378Z","pid":826,"hostname":"b4fd557d2fd1","module":"http","action":"request","method":"POST","url":"/auth/login","msg":"[http][request] [http][request] POST /auth/login"}
{"level":30,"time":"2026-04-19T12:05:07.525Z","pid":826,"hostname":"b4fd557d2fd1","module":"auth","action":"login","userId":"e4087568-8cfb-4aba-b1bc-148dffbf6b73","username":"manager","msg":"[auth][login] User logged in"}
{"level":30,"time":"2026-04-19T12:05:07.526Z","pid":826,"hostname":"b4fd557d2fd1","module":"http","action":"response","method":"POST","url":"/auth/login","statusCode":200,"responseTime":148.2162419995293,"msg":"[http][response] [http][response] POST /auth/login 200 148.2ms"}
{"level":30,"time":"2026-04-19T12:05:07.527Z","pid":826,"hostname":"b4fd557d2fd1","module":"http","action":"request","method":"POST","url":"/auth/login","msg":"[http][request] [http][request] POST /auth/login"}
{"level":30,"time":"2026-04-19T12:05:07.668Z","pid":826,"hostname":"b4fd557d2fd1","module":"auth","action":"login","userId":"28215769-0588-4944-a598-6e7712da7a1a","username":"planner","msg":"[auth][login] User logged in"}
{"level":30,"time":"2026-04-19T12:05:07.669Z","pid":826,"hostname":"b4fd557d2fd1","module":"http","action":"response","method":"POST","url":"/auth/login","statusCode":200,"responseTime":141.47531499993056,"msg":"[http][response] [http][response] POST /auth/login 200 141.5ms"}
{"level":30,"time":"2026-04-19T12:05:07.695Z","pid":826,"hostname":"b4fd557d2fd1","module":"http","action":"request","method":"GET","url":"/catalog/tree","msg":"[http][request] [http][request] GET /catalog/tree"}
{"level":20,"time":"2026-04-19T12:05:07.700Z","pid":826,"hostname":"b4fd557d2fd1","module":"resources:repository","action":"getTree","msg":"[resources:repository][getTree] Building resource catalog tree"}
{"level":30,"time":"2026-04-19T12:05:07.702Z","pid":826,"hostname":"b4fd557d2fd1","module":"resources:routes","action":"getTree","rootCount":4,"msg":"[resources:routes][getTree] Returned catalog tree"}
{"level":30,"time":"2026-04-19T12:05:07.703Z","pid":826,"hostname":"b4fd557d2fd1","module":"http","action":"response","method":"GET","url":"/catalog/tree","statusCode":200,"responseTime":8.55164899956435,"msg":"[http][response] [http][response] GET /catalog/tree 200 8.6ms"}
{"level":30,"time":"2026-04-19T12:05:07.706Z","pid":826,"hostname":"b4fd557d2fd1","module":"http","action":"request","method":"GET","url":"/catalog/tree","msg":"[http][request] [http][request] GET /catalog/tree"}
{"level":20,"time":"2026-04-19T12:05:07.710Z","pid":826,"hostname":"b4fd557d2fd1","module":"resources:repository","action":"getTree","msg":"[resources:repository][getTree] Building resource catalog tree"}
{"level":30,"time":"2026-04-19T12:05:07.711Z","pid":826,"hostname":"b4fd557d2fd1","module":"resources:routes","action":"getTree","rootCount":4,"msg":"[resources:routes][getTree] Returned catalog tree"}
{"level":30,"time":"2026-04-19T12:05:07.712Z","pid":826,"hostname":"b4fd557d2fd1","module":"http","action":"response","method":"GET","url":"/catalog/tree","statusCode":200,"responseTime":5.586497000418603,"msg":"[http][response] [http][response] GET /catalog/tree 200 5.6ms"}
{"level":30,"time":"2026-04-19T12:05:07.713Z","pid":826,"hostname":"b4fd557d2fd1","module":"http","action":"request","method":"GET","url":"/catalog/tree","msg":"[http][request] [http][request] GET /catalog/tree"}
{"level":40,"time":"2026-04-19T12:05:07.713Z","pid":826,"hostname":"b4fd557d2fd1","module":"auth","action":"authenticate","msg":"[auth][authenticate] Missing or malformed Authorization header"}
{"level":30,"time":"2026-04-19T12:05:07.713Z","pid":826,"hostname":"b4fd557d2fd1","module":"http","action":"response","method":"GET","url":"/catalog/tree","statusCode":401,"responseTime":0.7386779999360442,"msg":"[http][response] [http][response] GET /catalog/tree 401 0.7ms"}
{"level":30,"time":"2026-04-19T12:05:07.715Z","pid":826,"hostname":"b4fd557d2fd1","module":"http","action":"request","method":"POST","url":"/catalog/resources","msg":"[http][request] [http][request] POST /catalog/resources"}
{"level":30,"time":"2026-04-19T12:05:07.720Z","pid":826,"hostname":"b4fd557d2fd1","module":"resources:repository","action":"create","name":"Created Via POST","msg":"[resources:repository][create] Creating resource"}
{"level":20,"time":"2026-04-19T12:05:07.726Z","pid":826,"hostname":"b4fd557d2fd1","module":"resources:repository","action":"findById","id":"c67c7937-84bb-4705-8696-30754ccfc353","msg":"[resources:repository][findById] Looking up resource by id"}
{"level":30,"time":"2026-04-19T12:05:07.745Z","pid":826,"hostname":"b4fd557d2fd1","module":"audit","action":"write","eventId":null,"subjectType":"resource","subjectId":"c67c7937-84bb-4705-8696-30754ccfc353","auditAction":"create","msg":"[audit][write] Audit recorded: create on resource c67c7937-84bb-4705-8696-30754ccfc353"}
{"level":30,"time":"2026-04-19T12:05:07.745Z","pid":826,"hostname":"b4fd557d2fd1","module":"resources:routes","action":"create","resourceId":"c67c7937-84bb-4705-8696-30754ccfc353","name":"Created Via POST","msg":"[resources:routes][create] Resource created"}
{"level":30,"time":"2026-04-19T12:05:07.745Z","pid":826,"hostname":"b4fd557d2fd1","module":"http","action":"response","method":"POST","url":"/catalog/resources","statusCode":201,"responseTime":29.855259000323713,"msg":"[http][response] [http][response] POST /catalog/resources 201 29.9ms"}
{"level":30,"time":"2026-04-19T12:05:07.746Z","pid":826,"hostname":"b4fd557d2fd1","module":"http","action":"request","method":"POST","url":"/catalog/resources","msg":"[http][request] [http][request] POST /catalog/resources"}
{"level":30,"time":"2026-04-19T12:05:07.749Z","pid":826,"hostname":"b4fd557d2fd1","module":"http","action":"response","method":"POST","url":"/catalog/resources","statusCode":422,"responseTime":3.1981460005044937,"msg":"[http][response] [http][response] POST /catalog/resources 422 3.2ms"}
{"level":30,"time":"2026-04-19T12:05:07.750Z","pid":826,"hostname":"b4fd557d2fd1","module":"http","action":"request","method":"POST","url":"/catalog/resources","msg":"[http][request] [http][request] POST /catalog/resources"}
{"level":30,"time":"2026-04-19T12:05:07.753Z","pid":826,"hostname":"b4fd557d2fd1","module":"http","action":"response","method":"POST","url":"/catalog/resources","statusCode":403,"responseTime":2.600155000574887,"msg":"[http][response] [http][response] POST /catalog/resources 403 2.6ms"}
{"level":30,"time":"2026-04-19T12:05:07.754Z","pid":826,"hostname":"b4fd557d2fd1","module":"http","action":"request","method":"POST","url":"/catalog/templates","msg":"[http][request] [http][request] POST /catalog/templates"}
{"level":30,"time":"2026-04-19T12:05:07.757Z","pid":826,"hostname":"b4fd557d2fd1","module":"resources:repository","action":"createTemplate","resourceType":"space","msg":"[resources:repository][createTemplate] Creating template"}
{"level":30,"time":"2026-04-19T12:05:07.768Z","pid":826,"hostname":"b4fd557d2fd1","module":"audit","action":"write","eventId":null,"subjectType":"metadata_template","subjectId":"e79675dc-2074-402a-b90f-759a64fa396e","auditAction":"create","msg":"[audit][write] Audit recorded: create on metadata_template e79675dc-2074-402a-b90f-759a64fa396e"}
{"level":30,"time":"2026-04-19T12:05:07.768Z","pid":826,"hostname":"b4fd557d2fd1","module":"resources:routes","action":"createTemplate","templateId":"e79675dc-2074-402a-b90f-759a64fa396e","resourceType":"space","msg":"[resources:routes][createTemplate] Metadata template created"}
{"level":30,"time":"2026-04-19T12:05:07.769Z","pid":826,"hostname":"b4fd557d2fd1","module":"http","action":"response","method":"POST","url":"/catalog/templates","statusCode":201,"responseTime":15.102686000056565,"msg":"[http][response] [http][response] POST /catalog/templates 201 15.1ms"}
{"level":30,"time":"2026-04-19T12:05:07.769Z","pid":826,"hostname":"b4fd557d2fd1","module":"http","action":"request","method":"POST","url":"/catalog/templates","msg":"[http][request] [http][request] POST /catalog/templates"}
{"level":30,"time":"2026-04-19T12:05:07.772Z","pid":826,"hostname":"b4fd557d2fd1","module":"http","action":"response","method":"POST","url":"/catalog/templates","statusCode":422,"responseTime":2.272370000369847,"msg":"[http][response] [http][response] POST /catalog/templates 422 2.3ms"}
{"level":30,"time":"2026-04-19T12:05:07.772Z","pid":826,"hostname":"b4fd557d2fd1","module":"http","action":"request","method":"GET","url":"/catalog/templates","msg":"[http][request] [http][request] GET /catalog/templates"}
{"level":20,"time":"2026-04-19T12:05:07.774Z","pid":826,"hostname":"b4fd557d2fd1","module":"resources:repository","action":"findAllTemplates","msg":"[resources:repository][findAllTemplates] Listing all templates"}
{"level":30,"time":"2026-04-19T12:05:07.776Z","pid":826,"hostname":"b4fd557d2fd1","module":"resources:routes","action":"listTemplates","count":5,"msg":"[resources:routes][listTemplates] Listed metadata templates"}
{"level":30,"time":"2026-04-19T12:05:07.776Z","pid":826,"hostname":"b4fd557d2fd1","module":"http","action":"response","method":"GET","url":"/catalog/templates","statusCode":200,"responseTime":3.8886540001258254,"msg":"[http][response] [http][response] GET /catalog/templates 200 3.9ms"}
{"level":30,"time":"2026-04-19T12:05:07.777Z","pid":826,"hostname":"b4fd557d2fd1","module":"http","action":"request","method":"GET","url":"/catalog/templates","msg":"[http][request] [http][request] GET /catalog/templates"}
{"level":20,"time":"2026-04-19T12:05:07.778Z","pid":826,"hostname":"b4fd557d2fd1","module":"resources:repository","action":"findAllTemplates","msg":"[resources:repository][findAllTemplates] Listing all templates"}
{"level":30,"time":"2026-04-19T12:05:07.780Z","pid":826,"hostname":"b4fd557d2fd1","module":"resources:routes","action":"listTemplates","count":5,"msg":"[resources:routes][listTemplates] Listed metadata templates"}
{"level":30,"time":"2026-04-19T12:05:07.780Z","pid":826,"hostname":"b4fd557d2fd1","module":"http","action":"response","method":"GET","url":"/catalog/templates","statusCode":200,"responseTime":2.83914399985224,"msg":"[http][response] [http][response] GET /catalog/templates 200 2.8ms"}
{"level":30,"time":"2026-04-19T12:05:07.782Z","pid":826,"hostname":"b4fd557d2fd1","module":"http","action":"request","method":"GET","url":"/catalog/resources/8799559a-321a-4d5e-a419-ef88fdc562b5","msg":"[http][request] [http][request] GET /catalog/resources/8799559a-321a-4d5e-a419-ef88fdc562b5"}
{"level":20,"time":"2026-04-19T12:05:07.786Z","pid":826,"hostname":"b4fd557d2fd1","module":"resources:repository","action":"findById","id":"8799559a-321a-4d5e-a419-ef88fdc562b5","msg":"[resources:repository][findById] Looking up resource by id"}
{"level":30,"time":"2026-04-19T12:05:07.793Z","pid":826,"hostname":"b4fd557d2fd1","module":"resources:routes","action":"getById","resourceId":"8799559a-321a-4d5e-a419-ef88fdc562b5","msg":"[resources:routes][getById] Retrieved resource by id"}
{"level":30,"time":"2026-04-19T12:05:07.794Z","pid":826,"hostname":"b4fd557d2fd1","module":"http","action":"response","method":"GET","url":"/catalog/resources/8799559a-321a-4d5e-a419-ef88fdc562b5","statusCode":200,"responseTime":12.507182999514043,"msg":"[http][response] [http][response] GET /catalog/resources/8799559a-321a-4d5e-a419-ef88fdc562b5 200 12.5ms"}
{"level":30,"time":"2026-04-19T12:05:07.796Z","pid":826,"hostname":"b4fd557d2fd1","module":"http","action":"request","method":"GET","url":"/catalog/resources/2f1da059-d81a-47bd-8c85-6e514dd12050","msg":"[http][request] [http][request] GET /catalog/resources/2f1da059-d81a-47bd-8c85-6e514dd12050"}
{"level":20,"time":"2026-04-19T12:05:07.801Z","pid":826,"hostname":"b4fd557d2fd1","module":"resources:repository","action":"findById","id":"2f1da059-d81a-47bd-8c85-6e514dd12050","msg":"[resources:repository][findById] Looking up resource by id"}
{"level":50,"time":"2026-04-19T12:05:07.811Z","pid":826,"hostname":"b4fd557d2fd1","module":"http","action":"error","err":{"type":"NotFoundError","message":"Resource with id '2f1da059-d81a-47bd-8c85-6e514dd12050' not found","stack":"NotFoundError: Resource with id '2f1da059-d81a-47bd-8c85-6e514dd12050' not found\n    at Object.<anonymous> (/app/src/modules/resources/routes.js:287:15)\n    at processTicksAndRejections (node:internal/process/task_queues:95:5)","name":"NotFoundError","statusCode":404,"code":"NOT_FOUND","details":{"resource":"Resource","id":"2f1da059-d81a-47bd-8c85-6e514dd12050"}},"requestId":"req-f","msg":"[http][error] [http][error] Resource with id '2f1da059-d81a-47bd-8c85-6e514dd12050' not found"}
{"level":30,"time":"2026-04-19T12:05:07.813Z","pid":826,"hostname":"b4fd557d2fd1","module":"http","action":"response","method":"GET","url":"/catalog/resources/2f1da059-d81a-47bd-8c85-6e514dd12050","statusCode":404,"responseTime":17.720103000290692,"msg":"[http][response] [http][response] GET /catalog/resources/2f1da059-d81a-47bd-8c85-6e514dd12050 404 17.7ms"}
{"level":30,"time":"2026-04-19T12:05:07.814Z","pid":826,"hostname":"b4fd557d2fd1","module":"http","action":"request","method":"PATCH","url":"/catalog/resources/8799559a-321a-4d5e-a419-ef88fdc562b5","msg":"[http][request] [http][request] PATCH /catalog/resources/8799559a-321a-4d5e-a419-ef88fdc562b5"}
{"level":20,"time":"2026-04-19T12:05:07.818Z","pid":826,"hostname":"b4fd557d2fd1","module":"resources:repository","action":"findById","id":"8799559a-321a-4d5e-a419-ef88fdc562b5","msg":"[resources:repository][findById] Looking up resource by id"}
{"level":30,"time":"2026-04-19T12:05:07.822Z","pid":826,"hostname":"b4fd557d2fd1","module":"resources:repository","action":"update","id":"8799559a-321a-4d5e-a419-ef88fdc562b5","msg":"[resources:repository][update] Updating resource"}
{"level":20,"time":"2026-04-19T12:05:07.833Z","pid":826,"hostname":"b4fd557d2fd1","module":"resources:repository","action":"findById","id":"8799559a-321a-4d5e-a419-ef88fdc562b5","msg":"[resources:repository][findById] Looking up resource by id"}
{"level":30,"time":"2026-04-19T12:05:07.845Z","pid":826,"hostname":"b4fd557d2fd1","module":"audit","action":"write","eventId":null,"subjectType":"resource","subjectId":"8799559a-321a-4d5e-a419-ef88fdc562b5","auditAction":"update","msg":"[audit][write] Audit recorded: update on resource 8799559a-321a-4d5e-a419-ef88fdc562b5"}
{"level":30,"time":"2026-04-19T12:05:07.845Z","pid":826,"hostname":"b4fd557d2fd1","module":"resources:routes","action":"update","resourceId":"8799559a-321a-4d5e-a419-ef88fdc562b5","msg":"[resources:routes][update] Resource updated"}
{"level":30,"time":"2026-04-19T12:05:07.846Z","pid":826,"hostname":"b4fd557d2fd1","module":"http","action":"response","method":"PATCH","url":"/catalog/resources/8799559a-321a-4d5e-a419-ef88fdc562b5","statusCode":200,"responseTime":31.73100099992007,"msg":"[http][response] [http][response] PATCH /catalog/resources/8799559a-321a-4d5e-a419-ef88fdc562b5 200 31.7ms"}
{"level":30,"time":"2026-04-19T12:05:07.849Z","pid":826,"hostname":"b4fd557d2fd1","module":"http","action":"request","method":"PATCH","url":"/catalog/resources/8799559a-321a-4d5e-a419-ef88fdc562b5","msg":"[http][request] [http][request] PATCH /catalog/resources/8799559a-321a-4d5e-a419-ef88fdc562b5"}
{"level":30,"time":"2026-04-19T12:05:07.852Z","pid":826,"hostname":"b4fd557d2fd1","module":"http","action":"response","method":"PATCH","url":"/catalog/resources/8799559a-321a-4d5e-a419-ef88fdc562b5","statusCode":422,"responseTime":3.223574999719858,"msg":"[http][response] [http][response] PATCH /catalog/resources/8799559a-321a-4d5e-a419-ef88fdc562b5 422 3.2ms"}
{"level":30,"time":"2026-04-19T12:05:07.853Z","pid":826,"hostname":"b4fd557d2fd1","module":"http","action":"request","method":"PATCH","url":"/catalog/templates/f25000eb-34e6-4275-8e65-906cc8ac2e05","msg":"[http][request] [http][request] PATCH /catalog/templates/f25000eb-34e6-4275-8e65-906cc8ac2e05"}
{"level":20,"time":"2026-04-19T12:05:07.855Z","pid":826,"hostname":"b4fd557d2fd1","module":"resources:repository","action":"findTemplateById","id":"f25000eb-34e6-4275-8e65-906cc8ac2e05","msg":"[resources:repository][findTemplateById] Looking up template by id"}
{"level":30,"time":"2026-04-19T12:05:07.856Z","pid":826,"hostname":"b4fd557d2fd1","module":"resources:repository","action":"updateTemplate","id":"f25000eb-34e6-4275-8e65-906cc8ac2e05","msg":"[resources:repository][updateTemplate] Updating template"}
{"level":30,"time":"2026-04-19T12:05:07.868Z","pid":826,"hostname":"b4fd557d2fd1","module":"audit","action":"write","eventId":null,"subjectType":"metadata_template","subjectId":"f25000eb-34e6-4275-8e65-906cc8ac2e05","auditAction":"update","msg":"[audit][write] Audit recorded: update on metadata_template f25000eb-34e6-4275-8e65-906cc8ac2e05"}
{"level":30,"time":"2026-04-19T12:05:07.868Z","pid":826,"hostname":"b4fd557d2fd1","module":"resources:routes","action":"updateTemplate","templateId":"f25000eb-34e6-4275-8e65-906cc8ac2e05","msg":"[resources:routes][updateTemplate] Metadata template updated"}
{"level":30,"time":"2026-04-19T12:05:07.869Z","pid":826,"hostname":"b4fd557d2fd1","module":"http","action":"response","method":"PATCH","url":"/catalog/templates/f25000eb-34e6-4275-8e65-906cc8ac2e05","statusCode":200,"responseTime":15.86214100010693,"msg":"[http][response] [http][response] PATCH /catalog/templates/f25000eb-34e6-4275-8e65-906cc8ac2e05 200 15.9ms"}
{"level":30,"time":"2026-04-19T12:05:07.869Z","pid":826,"hostname":"b4fd557d2fd1","module":"http","action":"request","method":"PATCH","url":"/catalog/templates/c4fe09ba-da22-45dd-b21b-e145ebfc65fb","msg":"[http][request] [http][request] PATCH /catalog/templates/c4fe09ba-da22-45dd-b21b-e145ebfc65fb"}
{"level":20,"time":"2026-04-19T12:05:07.871Z","pid":826,"hostname":"b4fd557d2fd1","module":"resources:repository","action":"findTemplateById","id":"c4fe09ba-da22-45dd-b21b-e145ebfc65fb","msg":"[resources:repository][findTemplateById] Looking up template by id"}
{"level":50,"time":"2026-04-19T12:05:07.872Z","pid":826,"hostname":"b4fd557d2fd1","module":"http","action":"error","err":{"type":"NotFoundError","message":"MetadataTemplate with id 'c4fe09ba-da22-45dd-b21b-e145ebfc65fb' not found","stack":"NotFoundError: MetadataTemplate with id 'c4fe09ba-da22-45dd-b21b-e145ebfc65fb' not found\n    at Object.<anonymous> (/app/src/modules/resources/routes.js:356:15)\n    at processTicksAndRejections (node:internal/process/task_queues:95:5)","name":"NotFoundError","statusCode":404,"code":"NOT_FOUND","details":{"resource":"MetadataTemplate","id":"c4fe09ba-da22-45dd-b21b-e145ebfc65fb"}},"requestId":"req-j","msg":"[http][error] [http][error] MetadataTemplate with id 'c4fe09ba-da22-45dd-b21b-e145ebfc65fb' not found"}
{"level":30,"time":"2026-04-19T12:05:07.873Z","pid":826,"hostname":"b4fd557d2fd1","module":"http","action":"response","method":"PATCH","url":"/catalog/templates/c4fe09ba-da22-45dd-b21b-e145ebfc65fb","statusCode":404,"responseTime":3.5021559996530414,"msg":"[http][response] [http][response] PATCH /catalog/templates/c4fe09ba-da22-45dd-b21b-e145ebfc65fb 404 3.5ms"}
{"level":30,"time":"2026-04-19T12:05:07.874Z","pid":826,"hostname":"b4fd557d2fd1","module":"http","action":"request","method":"POST","url":"/catalog/resources/8799559a-321a-4d5e-a419-ef88fdc562b5/publish","msg":"[http][request] [http][request] POST /catalog/resources/8799559a-321a-4d5e-a419-ef88fdc562b5/publish"}
{"level":20,"time":"2026-04-19T12:05:07.875Z","pid":826,"hostname":"b4fd557d2fd1","module":"resources:repository","action":"findById","id":"8799559a-321a-4d5e-a419-ef88fdc562b5","msg":"[resources:repository][findById] Looking up resource by id"}
{"level":30,"time":"2026-04-19T12:05:07.879Z","pid":826,"hostname":"b4fd557d2fd1","module":"resources:repository","action":"publish","id":"8799559a-321a-4d5e-a419-ef88fdc562b5","msg":"[resources:repository][publish] Publishing resource"}
{"level":20,"time":"2026-04-19T12:05:07.885Z","pid":826,"hostname":"b4fd557d2fd1","module":"resources:repository","action":"findById","id":"8799559a-321a-4d5e-a419-ef88fdc562b5","msg":"[resources:repository][findById] Looking up resource by id"}
{"level":30,"time":"2026-04-19T12:05:07.893Z","pid":826,"hostname":"b4fd557d2fd1","module":"audit","action":"write","eventId":null,"subjectType":"resource","subjectId":"8799559a-321a-4d5e-a419-ef88fdc562b5","auditAction":"publish","msg":"[audit][write] Audit recorded: publish on resource 8799559a-321a-4d5e-a419-ef88fdc562b5"}
{"level":30,"time":"2026-04-19T12:05:07.893Z","pid":826,"hostname":"b4fd557d2fd1","module":"resources:routes","action":"publish","resourceId":"8799559a-321a-4d5e-a419-ef88fdc562b5","version":2,"msg":"[resources:routes][publish] Resource published"}
{"level":30,"time":"2026-04-19T12:05:07.894Z","pid":826,"hostname":"b4fd557d2fd1","module":"http","action":"response","method":"POST","url":"/catalog/resources/8799559a-321a-4d5e-a419-ef88fdc562b5/publish","statusCode":200,"responseTime":20.01419400051236,"msg":"[http][response] [http][response] POST /catalog/resources/8799559a-321a-4d5e-a419-ef88fdc562b5/publish 200 20.0ms"}
{"level":30,"time":"2026-04-19T12:05:07.895Z","pid":826,"hostname":"b4fd557d2fd1","module":"http","action":"request","method":"POST","url":"/catalog/resources/8799559a-321a-4d5e-a419-ef88fdc562b5/publish","msg":"[http][request] [http][request] POST /catalog/resources/8799559a-321a-4d5e-a419-ef88fdc562b5/publish"}
{"level":20,"time":"2026-04-19T12:05:07.898Z","pid":826,"hostname":"b4fd557d2fd1","module":"resources:repository","action":"findById","id":"8799559a-321a-4d5e-a419-ef88fdc562b5","msg":"[resources:repository][findById] Looking up resource by id"}
{"level":30,"time":"2026-04-19T12:05:07.902Z","pid":826,"hostname":"b4fd557d2fd1","module":"resources:repository","action":"publish","id":"8799559a-321a-4d5e-a419-ef88fdc562b5","msg":"[resources:repository][publish] Publishing resource"}
{"level":20,"time":"2026-04-19T12:05:07.908Z","pid":826,"hostname":"b4fd557d2fd1","module":"resources:repository","action":"findById","id":"8799559a-321a-4d5e-a419-ef88fdc562b5","msg":"[resources:repository][findById] Looking up resource by id"}
{"level":30,"time":"2026-04-19T12:05:07.917Z","pid":826,"hostname":"b4fd557d2fd1","module":"audit","action":"write","eventId":null,"subjectType":"resource","subjectId":"8799559a-321a-4d5e-a419-ef88fdc562b5","auditAction":"publish","msg":"[audit][write] Audit recorded: publish on resource 8799559a-321a-4d5e-a419-ef88fdc562b5"}
{"level":30,"time":"2026-04-19T12:05:07.917Z","pid":826,"hostname":"b4fd557d2fd1","module":"resources:routes","action":"publish","resourceId":"8799559a-321a-4d5e-a419-ef88fdc562b5","version":3,"msg":"[resources:routes][publish] Resource published"}
{"level":30,"time":"2026-04-19T12:05:07.917Z","pid":826,"hostname":"b4fd557d2fd1","module":"http","action":"response","method":"POST","url":"/catalog/resources/8799559a-321a-4d5e-a419-ef88fdc562b5/publish","statusCode":200,"responseTime":22.172538999468088,"msg":"[http][response] [http][response] POST /catalog/resources/8799559a-321a-4d5e-a419-ef88fdc562b5/publish 200 22.2ms"}
{"level":30,"time":"2026-04-19T12:05:07.918Z","pid":826,"hostname":"b4fd557d2fd1","module":"http","action":"request","method":"POST","url":"/catalog/templates/f25000eb-34e6-4275-8e65-906cc8ac2e05/publish","msg":"[http][request] [http][request] POST /catalog/templates/f25000eb-34e6-4275-8e65-906cc8ac2e05/publish"}
{"level":20,"time":"2026-04-19T12:05:07.920Z","pid":826,"hostname":"b4fd557d2fd1","module":"resources:repository","action":"findTemplateById","id":"f25000eb-34e6-4275-8e65-906cc8ac2e05","msg":"[resources:repository][findTemplateById] Looking up template by id"}
{"level":30,"time":"2026-04-19T12:05:07.921Z","pid":826,"hostname":"b4fd557d2fd1","module":"resources:repository","action":"publishTemplate","id":"f25000eb-34e6-4275-8e65-906cc8ac2e05","msg":"[resources:repository][publishTemplate] Publishing template"}
{"level":30,"time":"2026-04-19T12:05:07.932Z","pid":826,"hostname":"b4fd557d2fd1","module":"audit","action":"write","eventId":null,"subjectType":"metadata_template","subjectId":"f25000eb-34e6-4275-8e65-906cc8ac2e05","auditAction":"publish","msg":"[audit][write] Audit recorded: publish on metadata_template f25000eb-34e6-4275-8e65-906cc8ac2e05"}
{"level":30,"time":"2026-04-19T12:05:07.932Z","pid":826,"hostname":"b4fd557d2fd1","module":"resources:routes","action":"publishTemplate","templateId":"f25000eb-34e6-4275-8e65-906cc8ac2e05","version":2,"msg":"[resources:routes][publishTemplate] Metadata template published"}
{"level":30,"time":"2026-04-19T12:05:07.933Z","pid":826,"hostname":"b4fd557d2fd1","module":"http","action":"response","method":"POST","url":"/catalog/templates/f25000eb-34e6-4275-8e65-906cc8ac2e05/publish","statusCode":200,"responseTime":14.560391999781132,"msg":"[http][response] [http][response] POST /catalog/templates/f25000eb-34e6-4275-8e65-906cc8ac2e05/publish 200 14.6ms"}
{"level":30,"time":"2026-04-19T12:05:07.933Z","pid":826,"hostname":"b4fd557d2fd1","module":"http","action":"request","method":"POST","url":"/catalog/templates/f25000eb-34e6-4275-8e65-906cc8ac2e05/publish","msg":"[http][request] [http][request] POST /catalog/templates/f25000eb-34e6-4275-8e65-906cc8ac2e05/publish"}
{"level":20,"time":"2026-04-19T12:05:07.935Z","pid":826,"hostname":"b4fd557d2fd1","module":"resources:repository","action":"findTemplateById","id":"f25000eb-34e6-4275-8e65-906cc8ac2e05","msg":"[resources:repository][findTemplateById] Looking up template by id"}
{"level":30,"time":"2026-04-19T12:05:07.936Z","pid":826,"hostname":"b4fd557d2fd1","module":"resources:repository","action":"publishTemplate","id":"f25000eb-34e6-4275-8e65-906cc8ac2e05","msg":"[resources:repository][publishTemplate] Publishing template"}
{"level":30,"time":"2026-04-19T12:05:07.946Z","pid":826,"hostname":"b4fd557d2fd1","module":"audit","action":"write","eventId":null,"subjectType":"metadata_template","subjectId":"f25000eb-34e6-4275-8e65-906cc8ac2e05","auditAction":"publish","msg":"[audit][write] Audit recorded: publish on metadata_template f25000eb-34e6-4275-8e65-906cc8ac2e05"}
{"level":30,"time":"2026-04-19T12:05:07.947Z","pid":826,"hostname":"b4fd557d2fd1","module":"resources:routes","action":"publishTemplate","templateId":"f25000eb-34e6-4275-8e65-906cc8ac2e05","version":3,"msg":"[resources:routes][publishTemplate] Metadata template published"}
{"level":30,"time":"2026-04-19T12:05:07.947Z","pid":826,"hostname":"b4fd557d2fd1","module":"http","action":"response","method":"POST","url":"/catalog/templates/f25000eb-34e6-4275-8e65-906cc8ac2e05/publish","statusCode":200,"responseTime":13.586245999671519,"msg":"[http][response] [http][response] POST /catalog/templates/f25000eb-34e6-4275-8e65-906cc8ac2e05/publish 200 13.6ms"}
 ✓ tests/integration/catalog.integration.test.js > Catalog / Resources (real DB) > POST /catalog/resources/:id/publish > re-publishing an already-published resource currently returns 200 (no 409 gate) 23ms
 ✓ tests/integration/catalog.integration.test.js > Catalog / Resources (real DB) > POST /catalog/templates/:id/publish > publishes a template (200) 15ms
 ✓ tests/integration/catalog.integration.test.js > Catalog / Resources (real DB) > POST /catalog/templates/:id/publish > re-publishing an already-published template currently returns 200 (no 409 gate) 14ms
{"level":30,"time":"2026-04-19T12:05:10.746Z","pid":826,"hostname":"b4fd557d2fd1","module":"db","action":"migrate","msg":"[db][migrate] Running database migrations"}
{"level":30,"time":"2026-04-19T12:05:10.797Z","pid":826,"hostname":"b4fd557d2fd1","module":"db","action":"migrate","msg":"[db][migrate] Database is already up to date"}
{"level":30,"time":"2026-04-19T12:05:11.938Z","pid":826,"hostname":"b4fd557d2fd1","module":"http","action":"request","method":"POST","url":"/auth/login","msg":"[http][request] [http][request] POST /auth/login"}
{"level":30,"time":"2026-04-19T12:05:12.091Z","pid":826,"hostname":"b4fd557d2fd1","module":"auth","action":"login","userId":"498d3b99-6345-4b00-b79d-be0a21c5eaad","username":"admin","msg":"[auth][login] User logged in"}
{"level":30,"time":"2026-04-19T12:05:12.092Z","pid":826,"hostname":"b4fd557d2fd1","module":"http","action":"response","method":"POST","url":"/auth/login","statusCode":200,"responseTime":154.2928659999743,"msg":"[http][response] [http][response] POST /auth/login 200 154.3ms"}
{"level":30,"time":"2026-04-19T12:05:12.092Z","pid":826,"hostname":"b4fd557d2fd1","module":"http","action":"request","method":"POST","url":"/auth/login","msg":"[http][request] [http][request] POST /auth/login"}
{"level":30,"time":"2026-04-19T12:05:12.231Z","pid":826,"hostname":"b4fd557d2fd1","module":"auth","action":"login","userId":"75674816-fb1a-45ee-a996-87e47f9d8464","username":"planner","msg":"[auth][login] User logged in"}
{"level":30,"time":"2026-04-19T12:05:12.232Z","pid":826,"hostname":"b4fd557d2fd1","module":"http","action":"response","method":"POST","url":"/auth/login","statusCode":200,"responseTime":139.69112199917436,"msg":"[http][response] [http][response] POST /auth/login 200 139.7ms"}
{"level":30,"time":"2026-04-19T12:05:12.232Z","pid":826,"hostname":"b4fd557d2fd1","module":"http","action":"request","method":"POST","url":"/auth/login","msg":"[http][request] [http][request] POST /auth/login"}
{"level":30,"time":"2026-04-19T12:05:12.376Z","pid":826,"hostname":"b4fd557d2fd1","module":"auth","action":"login","userId":"1427dc25-7694-456a-8044-fe5dfd9a11b7","username":"chef","msg":"[auth][login] User logged in"}
{"level":30,"time":"2026-04-19T12:05:12.377Z","pid":826,"hostname":"b4fd557d2fd1","module":"http","action":"response","method":"POST","url":"/auth/login","statusCode":200,"responseTime":144.55171900056303,"msg":"[http][response] [http][response] POST /auth/login 200 144.6ms"}
{"level":30,"time":"2026-04-19T12:05:12.377Z","pid":826,"hostname":"b4fd557d2fd1","module":"http","action":"request","method":"POST","url":"/auth/login","msg":"[http][request] [http][request] POST /auth/login"}
{"level":30,"time":"2026-04-19T12:05:12.533Z","pid":826,"hostname":"b4fd557d2fd1","module":"auth","action":"login","userId":"34fe05a4-51cb-4a4a-a212-e50fc502afb3","username":"approver","msg":"[auth][login] User logged in"}
{"level":30,"time":"2026-04-19T12:05:12.534Z","pid":826,"hostname":"b4fd557d2fd1","module":"http","action":"response","method":"POST","url":"/auth/login","statusCode":200,"responseTime":156.71866699960083,"msg":"[http][response] [http][response] POST /auth/login 200 156.7ms"}
{"level":30,"time":"2026-04-19T12:05:12.534Z","pid":826,"hostname":"b4fd557d2fd1","module":"http","action":"request","method":"POST","url":"/auth/login","msg":"[http][request] [http][request] POST /auth/login"}
{"level":30,"time":"2026-04-19T12:05:12.677Z","pid":826,"hostname":"b4fd557d2fd1","module":"auth","action":"login","userId":"99258403-4389-4800-bad2-cababb112fe2","username":"manager","msg":"[auth][login] User logged in"}
{"level":30,"time":"2026-04-19T12:05:12.677Z","pid":826,"hostname":"b4fd557d2fd1","module":"http","action":"response","method":"POST","url":"/auth/login","statusCode":200,"responseTime":143.46985200047493,"msg":"[http][response] [http][response] POST /auth/login 200 143.5ms"}
{"level":30,"time":"2026-04-19T12:05:12.678Z","pid":826,"hostname":"b4fd557d2fd1","module":"http","action":"request","method":"POST","url":"/events","msg":"[http][request] [http][request] POST /events"}
{"level":30,"time":"2026-04-19T12:05:12.681Z","pid":826,"hostname":"b4fd557d2fd1","module":"events:service","action":"createEvent","userId":"75674816-fb1a-45ee-a996-87e47f9d8464","msg":"[events:service][createEvent] Creating new event"}
{"level":20,"time":"2026-04-19T12:05:12.681Z","pid":826,"hostname":"b4fd557d2fd1","module":"events:repository","action":"create","data":{"title":"Planner Gate Event","description":null,"event_date":"2026-04-10","headcount":30,"budget_amount":10000,"budget_cap":25000,"state":"draft","created_by":"75674816-fb1a-45ee-a996-87e47f9d8464"},"msg":"[events:repository][create] Creating event"}
{"level":30,"time":"2026-04-19T12:05:12.698Z","pid":826,"hostname":"b4fd557d2fd1","module":"audit","action":"write","eventId":"eeb62b13-3c33-4bb7-999b-bb3a90a8b7e5","subjectType":"event","subjectId":"eeb62b13-3c33-4bb7-999b-bb3a90a8b7e5","auditAction":"create","msg":"[audit][write] Audit recorded: create on event eeb62b13-3c33-4bb7-999b-bb3a90a8b7e5"}
{"level":30,"time":"2026-04-19T12:05:12.699Z","pid":826,"hostname":"b4fd557d2fd1","module":"events:routes","action":"create","eventId":"eeb62b13-3c33-4bb7-999b-bb3a90a8b7e5","msg":"[events:routes][create] Event created"}
{"level":30,"time":"2026-04-19T12:05:12.700Z","pid":826,"hostname":"b4fd557d2fd1","module":"http","action":"response","method":"POST","url":"/events","statusCode":201,"responseTime":22.045382999815047,"msg":"[http][response] [http][response] POST /events 201 22.0ms"}
{"level":30,"time":"2026-04-19T12:05:12.701Z","pid":826,"hostname":"b4fd557d2fd1","module":"http","action":"request","method":"POST","url":"/events","msg":"[http][request] [http][request] POST /events"}
{"level":30,"time":"2026-04-19T12:05:12.706Z","pid":826,"hostname":"b4fd557d2fd1","module":"events:service","action":"createEvent","userId":"498d3b99-6345-4b00-b79d-be0a21c5eaad","msg":"[events:service][createEvent] Creating new event"}
{"level":20,"time":"2026-04-19T12:05:12.706Z","pid":826,"hostname":"b4fd557d2fd1","module":"events:repository","action":"create","data":{"title":"Admin Other Event","description":null,"event_date":"2026-05-10","headcount":20,"budget_amount":2000,"budget_cap":25000,"state":"draft","created_by":"498d3b99-6345-4b00-b79d-be0a21c5eaad"},"msg":"[events:repository][create] Creating event"}
{"level":30,"time":"2026-04-19T12:05:12.726Z","pid":826,"hostname":"b4fd557d2fd1","module":"audit","action":"write","eventId":"f8313a8f-d140-4f08-abfd-2d58772160cc","subjectType":"event","subjectId":"f8313a8f-d140-4f08-abfd-2d58772160cc","auditAction":"create","msg":"[audit][write] Audit recorded: create on event f8313a8f-d140-4f08-abfd-2d58772160cc"}
{"level":30,"time":"2026-04-19T12:05:12.726Z","pid":826,"hostname":"b4fd557d2fd1","module":"events:routes","action":"create","eventId":"f8313a8f-d140-4f08-abfd-2d58772160cc","msg":"[events:routes][create] Event created"}
{"level":30,"time":"2026-04-19T12:05:12.726Z","pid":826,"hostname":"b4fd557d2fd1","module":"http","action":"response","method":"POST","url":"/events","statusCode":201,"responseTime":25.22420100029558,"msg":"[http][response] [http][response] POST /events 201 25.2ms"}
{"level":30,"time":"2026-04-19T12:05:12.727Z","pid":826,"hostname":"b4fd557d2fd1","module":"http","action":"request","method":"POST","url":"/events/eeb62b13-3c33-4bb7-999b-bb3a90a8b7e5/materials","msg":"[http][request] [http][request] POST /events/eeb62b13-3c33-4bb7-999b-bb3a90a8b7e5/materials"}
{"level":20,"time":"2026-04-19T12:05:12.730Z","pid":826,"hostname":"b4fd557d2fd1","module":"events:repository","action":"findById","id":"eeb62b13-3c33-4bb7-999b-bb3a90a8b7e5","msg":"[events:repository][findById] Looking up event by id"}
{"level":20,"time":"2026-04-19T12:05:12.732Z","pid":826,"hostname":"b4fd557d2fd1","module":"events:repository","action":"addMaterial","data":{"event_id":"eeb62b13-3c33-4bb7-999b-bb3a90a8b7e5","material_type":"rental","recipe_version_id":null,"rental_resource_id":null,"display_quantity":5,"unit":"units"},"msg":"[events:repository][addMaterial] Adding material"}
{"level":30,"time":"2026-04-19T12:05:12.739Z","pid":826,"hostname":"b4fd557d2fd1","module":"events:routes","action":"addMaterial","eventId":"eeb62b13-3c33-4bb7-999b-bb3a90a8b7e5","materialId":"50e87b49-0333-49e9-bc08-81bf5d35ba29","msg":"[events:routes][addMaterial] Material added to event"}
{"level":30,"time":"2026-04-19T12:05:12.739Z","pid":826,"hostname":"b4fd557d2fd1","module":"http","action":"response","method":"POST","url":"/events/eeb62b13-3c33-4bb7-999b-bb3a90a8b7e5/materials","statusCode":201,"responseTime":12.716926999390125,"msg":"[http][response] [http][response] POST /events/eeb62b13-3c33-4bb7-999b-bb3a90a8b7e5/materials 201 12.7ms"}
{"level":30,"time":"2026-04-19T12:05:12.740Z","pid":826,"hostname":"b4fd557d2fd1","module":"http","action":"request","method":"POST","url":"/events/eeb62b13-3c33-4bb7-999b-bb3a90a8b7e5/service-windows","msg":"[http][request] [http][request] POST /events/eeb62b13-3c33-4bb7-999b-bb3a90a8b7e5/service-windows"}
{"level":20,"time":"2026-04-19T12:05:12.742Z","pid":826,"hostname":"b4fd557d2fd1","module":"events:repository","action":"findById","id":"eeb62b13-3c33-4bb7-999b-bb3a90a8b7e5","msg":"[events:repository][findById] Looking up event by id"}
{"level":20,"time":"2026-04-19T12:05:12.744Z","pid":826,"hostname":"b4fd557d2fd1","module":"events:repository","action":"addServiceWindow","data":{"event_id":"eeb62b13-3c33-4bb7-999b-bb3a90a8b7e5","label":"Main Service","start_at":"2026-04-10T10:00:00+00:00","end_at":"2026-04-10T14:00:00+00:00"},"msg":"[events:repository][addServiceWindow] Adding service window"}
{"level":30,"time":"2026-04-19T12:05:12.752Z","pid":826,"hostname":"b4fd557d2fd1","module":"events:routes","action":"addServiceWindow","eventId":"eeb62b13-3c33-4bb7-999b-bb3a90a8b7e5","windowId":"05e36c54-4fb3-471b-a23e-c3a51ff65210","msg":"[events:routes][addServiceWindow] Service window added to event"}
{"level":30,"time":"2026-04-19T12:05:12.753Z","pid":826,"hostname":"b4fd557d2fd1","module":"http","action":"response","method":"POST","url":"/events/eeb62b13-3c33-4bb7-999b-bb3a90a8b7e5/service-windows","statusCode":201,"responseTime":13.047639000229537,"msg":"[http][response] [http][response] POST /events/eeb62b13-3c33-4bb7-999b-bb3a90a8b7e5/service-windows 201 13.0ms"}
{"level":30,"time":"2026-04-19T12:05:12.764Z","pid":826,"hostname":"b4fd557d2fd1","module":"http","action":"request","method":"PATCH","url":"/events/eeb62b13-3c33-4bb7-999b-bb3a90a8b7e5/state","msg":"[http][request] [http][request] PATCH /events/eeb62b13-3c33-4bb7-999b-bb3a90a8b7e5/state"}
{"level":20,"time":"2026-04-19T12:05:12.766Z","pid":826,"hostname":"b4fd557d2fd1","module":"events:repository","action":"findById","id":"eeb62b13-3c33-4bb7-999b-bb3a90a8b7e5","msg":"[events:repository][findById] Looking up event by id"}
{"level":30,"time":"2026-04-19T12:05:12.768Z","pid":826,"hostname":"b4fd557d2fd1","module":"http","action":"response","method":"PATCH","url":"/events/eeb62b13-3c33-4bb7-999b-bb3a90a8b7e5/state","statusCode":403,"responseTime":4.411826999858022,"msg":"[http][response] [http][response] PATCH /events/eeb62b13-3c33-4bb7-999b-bb3a90a8b7e5/state 403 4.4ms"}
{"level":30,"time":"2026-04-19T12:05:12.769Z","pid":826,"hostname":"b4fd557d2fd1","module":"http","action":"request","method":"PATCH","url":"/events/eeb62b13-3c33-4bb7-999b-bb3a90a8b7e5/state","msg":"[http][request] [http][request] PATCH /events/eeb62b13-3c33-4bb7-999b-bb3a90a8b7e5/state"}
{"level":20,"time":"2026-04-19T12:05:12.771Z","pid":826,"hostname":"b4fd557d2fd1","module":"events:repository","action":"findById","id":"eeb62b13-3c33-4bb7-999b-bb3a90a8b7e5","msg":"[events:repository][findById] Looking up event by id"}
{"level":30,"time":"2026-04-19T12:05:12.773Z","pid":826,"hostname":"b4fd557d2fd1","module":"events:service","action":"transitionState","userId":"75674816-fb1a-45ee-a996-87e47f9d8464","eventId":"eeb62b13-3c33-4bb7-999b-bb3a90a8b7e5","newState":"submitted","msg":"[events:service][transitionState] Transitioning event state"}
{"level":20,"time":"2026-04-19T12:05:12.773Z","pid":826,"hostname":"b4fd557d2fd1","module":"events:repository","action":"findById","id":"eeb62b13-3c33-4bb7-999b-bb3a90a8b7e5","msg":"[events:repository][findById] Looking up event by id"}
{"level":20,"time":"2026-04-19T12:05:12.774Z","pid":826,"hostname":"b4fd557d2fd1","module":"events:repository","action":"getServiceWindows","eventId":"eeb62b13-3c33-4bb7-999b-bb3a90a8b7e5","msg":"[events:repository][getServiceWindows] Listing service windows"}
{"level":20,"time":"2026-04-19T12:05:12.777Z","pid":826,"hostname":"b4fd557d2fd1","module":"events:repository","action":"getMaterials","eventId":"eeb62b13-3c33-4bb7-999b-bb3a90a8b7e5","msg":"[events:repository][getMaterials] Listing materials"}
{"level":30,"time":"2026-04-19T12:05:12.780Z","pid":826,"hostname":"b4fd557d2fd1","module":"events:repository","action":"updateState","id":"eeb62b13-3c33-4bb7-999b-bb3a90a8b7e5","newState":"submitted","msg":"[events:repository][updateState] Updating event state"}
{"level":30,"time":"2026-04-19T12:05:12.793Z","pid":826,"hostname":"b4fd557d2fd1","module":"audit","action":"write","eventId":"eeb62b13-3c33-4bb7-999b-bb3a90a8b7e5","subjectType":"event","subjectId":"eeb62b13-3c33-4bb7-999b-bb3a90a8b7e5","auditAction":"state_transition","msg":"[audit][write] Audit recorded: state_transition on event eeb62b13-3c33-4bb7-999b-bb3a90a8b7e5"}
{"level":30,"time":"2026-04-19T12:05:12.794Z","pid":826,"hostname":"b4fd557d2fd1","module":"events:routes","action":"transitionState","eventId":"eeb62b13-3c33-4bb7-999b-bb3a90a8b7e5","newState":"submitted","msg":"[events:routes][transitionState] Event state transitioned to submitted"}
{"level":30,"time":"2026-04-19T12:05:12.794Z","pid":826,"hostname":"b4fd557d2fd1","module":"http","action":"response","method":"PATCH","url":"/events/eeb62b13-3c33-4bb7-999b-bb3a90a8b7e5/state","statusCode":200,"responseTime":24.803756000474095,"msg":"[http][response] [http][response] PATCH /events/eeb62b13-3c33-4bb7-999b-bb3a90a8b7e5/state 200 24.8ms"}
{"level":30,"time":"2026-04-19T12:05:12.796Z","pid":826,"hostname":"b4fd557d2fd1","module":"http","action":"request","method":"POST","url":"/attachments?event_id=eeb62b13-3c33-4bb7-999b-bb3a90a8b7e5","msg":"[http][request] [http][request] POST /attachments?event_id=eeb62b13-3c33-4bb7-999b-bb3a90a8b7e5"}
{"level":30,"time":"2026-04-19T12:05:12.809Z","pid":826,"hostname":"b4fd557d2fd1","module":"attachments:service","action":"upload","userId":"75674816-fb1a-45ee-a996-87e47f9d8464","filename":"cross.png","msg":"[attachments:service][upload] Processing file upload"}
{"level":40,"time":"2026-04-19T12:05:12.860Z","pid":826,"hostname":"b4fd557d2fd1","module":"attachments:service","action":"upload","err":"Input buffer has corrupt header: pngload_buffer: end of stream","msg":"[attachments:service][upload] Image variant generation failed — continuing without variants"}
{"level":30,"time":"2026-04-19T12:05:12.860Z","pid":826,"hostname":"b4fd557d2fd1","module":"attachments:repository","action":"create","originalName":"cross.png","msg":"[attachments:repository][create] Inserting attachment record"}
 ✓ tests/integration/authorization-and-budget-gates.integration.test.js > PATCH /events/:id/state — submit requires creator or elevated perm > returns 403 when a non-creator (manager) tries to submit another user's draft 5ms
 ✓ tests/integration/authorization-and-budget-gates.integration.test.js > PATCH /events/:id/state — submit requires creator or elevated perm > allows the creator (planner) to submit their own draft 26ms
{"level":30,"time":"2026-04-19T12:05:12.875Z","pid":826,"hostname":"b4fd557d2fd1","module":"audit","action":"write","eventId":"eeb62b13-3c33-4bb7-999b-bb3a90a8b7e5","subjectType":"attachment","subjectId":"8cf555ca-998d-4fa7-8092-cd400f4003ed","auditAction":"upload","msg":"[audit][write] Audit recorded: upload on attachment 8cf555ca-998d-4fa7-8092-cd400f4003ed"}
{"level":30,"time":"2026-04-19T12:05:12.875Z","pid":826,"hostname":"b4fd557d2fd1","module":"attachments:service","action":"upload","attachmentId":"8cf555ca-998d-4fa7-8092-cd400f4003ed","sha256":"71fde3856a298a052c6edb5155638d8422114e55bf0e28374d90dea8be99ef6c","msg":"[attachments:service][upload] File upload completed"}
{"level":30,"time":"2026-04-19T12:05:12.875Z","pid":826,"hostname":"b4fd557d2fd1","module":"attachments:routes","action":"upload","count":1,"msg":"[attachments:routes][upload] Processed 1 file upload(s)"}
{"level":30,"time":"2026-04-19T12:05:12.875Z","pid":826,"hostname":"b4fd557d2fd1","module":"http","action":"response","method":"POST","url":"/attachments?event_id=eeb62b13-3c33-4bb7-999b-bb3a90a8b7e5","statusCode":200,"responseTime":79.58014299999923,"msg":"[http][response] [http][response] POST /attachments?event_id=eeb62b13-3c33-4bb7-999b-bb3a90a8b7e5 200 79.6ms"}
{"level":30,"time":"2026-04-19T12:05:12.876Z","pid":826,"hostname":"b4fd557d2fd1","module":"http","action":"request","method":"GET","url":"/attachments?event_id=eeb62b13-3c33-4bb7-999b-bb3a90a8b7e5","msg":"[http][request] [http][request] GET /attachments?event_id=eeb62b13-3c33-4bb7-999b-bb3a90a8b7e5"}
{"level":50,"time":"2026-04-19T12:05:12.882Z","pid":826,"hostname":"b4fd557d2fd1","module":"http","action":"error","err":{"type":"ForbiddenError","message":"You do not have access to this event's attachments","stack":"ForbiddenError: You do not have access to this event's attachments\n    at assertAttachmentParentAccess (/app/src/modules/attachments/routes.js:69:11)\n    at processTicksAndRejections (node:internal/process/task_queues:95:5)\n    at Object.<anonymous> (/app/src/modules/attachments/routes.js:186:7)","name":"ForbiddenError","statusCode":403,"code":"FORBIDDEN"},"requestId":"req-d","msg":"[http][error] [http][error] You do not have access to this event's attachments"}
{"level":30,"time":"2026-04-19T12:05:12.883Z","pid":826,"hostname":"b4fd557d2fd1","module":"http","action":"response","method":"GET","url":"/attachments?event_id=eeb62b13-3c33-4bb7-999b-bb3a90a8b7e5","statusCode":403,"responseTime":7.242669000290334,"msg":"[http][response] [http][response] GET /attachments?event_id=eeb62b13-3c33-4bb7-999b-bb3a90a8b7e5 403 7.2ms"}
{"level":30,"time":"2026-04-19T12:05:12.884Z","pid":826,"hostname":"b4fd557d2fd1","module":"http","action":"request","method":"GET","url":"/attachments/8cf555ca-998d-4fa7-8092-cd400f4003ed","msg":"[http][request] [http][request] GET /attachments/8cf555ca-998d-4fa7-8092-cd400f4003ed"}
{"level":20,"time":"2026-04-19T12:05:12.886Z","pid":826,"hostname":"b4fd557d2fd1","module":"attachments:repository","action":"findById","id":"8cf555ca-998d-4fa7-8092-cd400f4003ed","msg":"[attachments:repository][findById] Looking up attachment"}
{"level":50,"time":"2026-04-19T12:05:12.890Z","pid":826,"hostname":"b4fd557d2fd1","module":"http","action":"error","err":{"type":"ForbiddenError","message":"You do not have access to this event's attachments","stack":"ForbiddenError: You do not have access to this event's attachments\n    at assertAttachmentParentAccess (/app/src/modules/attachments/routes.js:69:11)\n    at processTicksAndRejections (node:internal/process/task_queues:95:5)\n    at Object.<anonymous> (/app/src/modules/attachments/routes.js:222:7)","name":"ForbiddenError","statusCode":403,"code":"FORBIDDEN"},"requestId":"req-e","msg":"[http][error] [http][error] You do not have access to this event's attachments"}
{"level":30,"time":"2026-04-19T12:05:12.891Z","pid":826,"hostname":"b4fd557d2fd1","module":"http","action":"response","method":"GET","url":"/attachments/8cf555ca-998d-4fa7-8092-cd400f4003ed","statusCode":403,"responseTime":6.813954000361264,"msg":"[http][response] [http][response] GET /attachments/8cf555ca-998d-4fa7-8092-cd400f4003ed 403 6.8ms"}
{"level":30,"time":"2026-04-19T12:05:12.891Z","pid":826,"hostname":"b4fd557d2fd1","module":"http","action":"request","method":"GET","url":"/attachments/8cf555ca-998d-4fa7-8092-cd400f4003ed/download","msg":"[http][request] [http][request] GET /attachments/8cf555ca-998d-4fa7-8092-cd400f4003ed/download"}
{"level":20,"time":"2026-04-19T12:05:12.893Z","pid":826,"hostname":"b4fd557d2fd1","module":"attachments:repository","action":"findById","id":"8cf555ca-998d-4fa7-8092-cd400f4003ed","msg":"[attachments:repository][findById] Looking up attachment"}
{"level":50,"time":"2026-04-19T12:05:12.896Z","pid":826,"hostname":"b4fd557d2fd1","module":"http","action":"error","err":{"type":"ForbiddenError","message":"You do not have access to this event's attachments","stack":"ForbiddenError: You do not have access to this event's attachments\n    at assertAttachmentParentAccess (/app/src/modules/attachments/routes.js:69:11)\n    at processTicksAndRejections (node:internal/process/task_queues:95:5)\n    at Object.<anonymous> (/app/src/modules/attachments/routes.js:253:7)","name":"ForbiddenError","statusCode":403,"code":"FORBIDDEN"},"requestId":"req-f","msg":"[http][error] [http][error] You do not have access to this event's attachments"}
{"level":30,"time":"2026-04-19T12:05:12.897Z","pid":826,"hostname":"b4fd557d2fd1","module":"http","action":"response","method":"GET","url":"/attachments/8cf555ca-998d-4fa7-8092-cd400f4003ed/download","statusCode":403,"responseTime":5.469916000030935,"msg":"[http][response] [http][response] GET /attachments/8cf555ca-998d-4fa7-8092-cd400f4003ed/download 403 5.5ms"}
{"level":30,"time":"2026-04-19T12:05:12.898Z","pid":826,"hostname":"b4fd557d2fd1","module":"http","action":"request","method":"GET","url":"/attachments/8cf555ca-998d-4fa7-8092-cd400f4003ed","msg":"[http][request] [http][request] GET /attachments/8cf555ca-998d-4fa7-8092-cd400f4003ed"}
{"level":20,"time":"2026-04-19T12:05:12.899Z","pid":826,"hostname":"b4fd557d2fd1","module":"attachments:repository","action":"findById","id":"8cf555ca-998d-4fa7-8092-cd400f4003ed","msg":"[attachments:repository][findById] Looking up attachment"}
{"level":30,"time":"2026-04-19T12:05:12.901Z","pid":826,"hostname":"b4fd557d2fd1","module":"attachments:routes","action":"getById","attachmentId":"8cf555ca-998d-4fa7-8092-cd400f4003ed","msg":"[attachments:routes][getById] Retrieved attachment metadata"}
{"level":30,"time":"2026-04-19T12:05:12.902Z","pid":826,"hostname":"b4fd557d2fd1","module":"http","action":"response","method":"GET","url":"/attachments/8cf555ca-998d-4fa7-8092-cd400f4003ed","statusCode":200,"responseTime":4.139111000113189,"msg":"[http][response] [http][response] GET /attachments/8cf555ca-998d-4fa7-8092-cd400f4003ed 200 4.1ms"}
{"level":30,"time":"2026-04-19T12:05:12.902Z","pid":826,"hostname":"b4fd557d2fd1","module":"http","action":"request","method":"DELETE","url":"/events/eeb62b13-3c33-4bb7-999b-bb3a90a8b7e5/materials/3d1f4a75-136a-44f1-8867-4d2d4944dbf9","msg":"[http][request] [http][request] DELETE /events/eeb62b13-3c33-4bb7-999b-bb3a90a8b7e5/materials/3d1f4a75-136a-44f1-8867-4d2d4944dbf9"}
{"level":20,"time":"2026-04-19T12:05:12.905Z","pid":826,"hostname":"b4fd557d2fd1","module":"events:repository","action":"findById","id":"eeb62b13-3c33-4bb7-999b-bb3a90a8b7e5","msg":"[events:repository][findById] Looking up event by id"}
{"level":30,"time":"2026-04-19T12:05:12.907Z","pid":826,"hostname":"b4fd557d2fd1","module":"events:repository","action":"removeMaterial","id":"3d1f4a75-136a-44f1-8867-4d2d4944dbf9","eventId":"eeb62b13-3c33-4bb7-999b-bb3a90a8b7e5","msg":"[events:repository][removeMaterial] Removing material"}
{"level":50,"time":"2026-04-19T12:05:12.908Z","pid":826,"hostname":"b4fd557d2fd1","module":"http","action":"error","err":{"type":"NotFoundError","message":"EventMaterial with id '3d1f4a75-136a-44f1-8867-4d2d4944dbf9' not found","stack":"NotFoundError: EventMaterial with id '3d1f4a75-136a-44f1-8867-4d2d4944dbf9' not found\n    at Object.<anonymous> (/app/src/modules/events/routes.js:422:15)\n    at processTicksAndRejections (node:internal/process/task_queues:95:5)","name":"NotFoundError","statusCode":404,"code":"NOT_FOUND","details":{"resource":"EventMaterial","id":"3d1f4a75-136a-44f1-8867-4d2d4944dbf9"}},"requestId":"req-h","msg":"[http][error] [http][error] EventMaterial with id '3d1f4a75-136a-44f1-8867-4d2d4944dbf9' not found"}
{"level":30,"time":"2026-04-19T12:05:12.909Z","pid":826,"hostname":"b4fd557d2fd1","module":"http","action":"response","method":"DELETE","url":"/events/eeb62b13-3c33-4bb7-999b-bb3a90a8b7e5/materials/3d1f4a75-136a-44f1-8867-4d2d4944dbf9","statusCode":404,"responseTime":6.513946000486612,"msg":"[http][response] [http][response] DELETE /events/eeb62b13-3c33-4bb7-999b-bb3a90a8b7e5/materials/3d1f4a75-136a-44f1-8867-4d2d4944dbf9 404 6.5ms"}
{"level":30,"time":"2026-04-19T12:05:12.911Z","pid":826,"hostname":"b4fd557d2fd1","module":"http","action":"request","method":"DELETE","url":"/events/eeb62b13-3c33-4bb7-999b-bb3a90a8b7e5/service-windows/8394b964-69cf-4f88-a16f-2791c127480c","msg":"[http][request] [http][request] DELETE /events/eeb62b13-3c33-4bb7-999b-bb3a90a8b7e5/service-windows/8394b964-69cf-4f88-a16f-2791c127480c"}
{"level":20,"time":"2026-04-19T12:05:12.913Z","pid":826,"hostname":"b4fd557d2fd1","module":"events:repository","action":"findById","id":"eeb62b13-3c33-4bb7-999b-bb3a90a8b7e5","msg":"[events:repository][findById] Looking up event by id"}
{"level":30,"time":"2026-04-19T12:05:12.915Z","pid":826,"hostname":"b4fd557d2fd1","module":"events:repository","action":"removeServiceWindow","id":"8394b964-69cf-4f88-a16f-2791c127480c","eventId":"eeb62b13-3c33-4bb7-999b-bb3a90a8b7e5","msg":"[events:repository][removeServiceWindow] Removing service window"}
{"level":50,"time":"2026-04-19T12:05:12.916Z","pid":826,"hostname":"b4fd557d2fd1","module":"http","action":"error","err":{"type":"NotFoundError","message":"EventServiceWindow with id '8394b964-69cf-4f88-a16f-2791c127480c' not found","stack":"NotFoundError: EventServiceWindow with id '8394b964-69cf-4f88-a16f-2791c127480c' not found\n    at Object.<anonymous> (/app/src/modules/events/routes.js:499:15)\n    at processTicksAndRejections (node:internal/process/task_queues:95:5)","name":"NotFoundError","statusCode":404,"code":"NOT_FOUND","details":{"resource":"EventServiceWindow","id":"8394b964-69cf-4f88-a16f-2791c127480c"}},"requestId":"req-i","msg":"[http][error] [http][error] EventServiceWindow with id '8394b964-69cf-4f88-a16f-2791c127480c' not found"}
{"level":30,"time":"2026-04-19T12:05:12.916Z","pid":826,"hostname":"b4fd557d2fd1","module":"http","action":"response","method":"DELETE","url":"/events/eeb62b13-3c33-4bb7-999b-bb3a90a8b7e5/service-windows/8394b964-69cf-4f88-a16f-2791c127480c","statusCode":404,"responseTime":5.184382000006735,"msg":"[http][response] [http][response] DELETE /events/eeb62b13-3c33-4bb7-999b-bb3a90a8b7e5/service-windows/8394b964-69cf-4f88-a16f-2791c127480c 404 5.2ms"}
{"level":30,"time":"2026-04-19T12:05:12.918Z","pid":826,"hostname":"b4fd557d2fd1","module":"http","action":"request","method":"POST","url":"/events","msg":"[http][request] [http][request] POST /events"}
{"level":30,"time":"2026-04-19T12:05:12.921Z","pid":826,"hostname":"b4fd557d2fd1","module":"events:service","action":"createEvent","userId":"75674816-fb1a-45ee-a996-87e47f9d8464","msg":"[events:service][createEvent] Creating new event"}
{"level":20,"time":"2026-04-19T12:05:12.922Z","pid":826,"hostname":"b4fd557d2fd1","module":"events:repository","action":"create","data":{"title":"Budget Gate Event","description":null,"event_date":"2026-07-10","headcount":40,"budget_amount":10000,"budget_cap":25000,"state":"draft","created_by":"75674816-fb1a-45ee-a996-87e47f9d8464"},"msg":"[events:repository][create] Creating event"}
{"level":30,"time":"2026-04-19T12:05:12.935Z","pid":826,"hostname":"b4fd557d2fd1","module":"audit","action":"write","eventId":"538d17b3-cb16-4c1d-937e-70cb54744fe5","subjectType":"event","subjectId":"538d17b3-cb16-4c1d-937e-70cb54744fe5","auditAction":"create","msg":"[audit][write] Audit recorded: create on event 538d17b3-cb16-4c1d-937e-70cb54744fe5"}
{"level":30,"time":"2026-04-19T12:05:12.935Z","pid":826,"hostname":"b4fd557d2fd1","module":"events:routes","action":"create","eventId":"538d17b3-cb16-4c1d-937e-70cb54744fe5","msg":"[events:routes][create] Event created"}
{"level":30,"time":"2026-04-19T12:05:12.935Z","pid":826,"hostname":"b4fd557d2fd1","module":"http","action":"response","method":"POST","url":"/events","statusCode":201,"responseTime":17.207529000006616,"msg":"[http][response] [http][response] POST /events 201 17.2ms"}
{"level":30,"time":"2026-04-19T12:05:12.935Z","pid":826,"hostname":"b4fd557d2fd1","module":"http","action":"request","method":"POST","url":"/events/538d17b3-cb16-4c1d-937e-70cb54744fe5/service-windows","msg":"[http][request] [http][request] POST /events/538d17b3-cb16-4c1d-937e-70cb54744fe5/service-windows"}
{"level":20,"time":"2026-04-19T12:05:12.937Z","pid":826,"hostname":"b4fd557d2fd1","module":"events:repository","action":"findById","id":"538d17b3-cb16-4c1d-937e-70cb54744fe5","msg":"[events:repository][findById] Looking up event by id"}
{"level":20,"time":"2026-04-19T12:05:12.938Z","pid":826,"hostname":"b4fd557d2fd1","module":"events:repository","action":"addServiceWindow","data":{"event_id":"538d17b3-cb16-4c1d-937e-70cb54744fe5","label":"Main","start_at":"2026-07-10T10:00:00+00:00","end_at":"2026-07-10T14:00:00+00:00"},"msg":"[events:repository][addServiceWindow] Adding service window"}
{"level":30,"time":"2026-04-19T12:05:12.945Z","pid":826,"hostname":"b4fd557d2fd1","module":"events:routes","action":"addServiceWindow","eventId":"538d17b3-cb16-4c1d-937e-70cb54744fe5","windowId":"939bbb8e-4fc3-48ff-892d-2114d125e0e3","msg":"[events:routes][addServiceWindow] Service window added to event"}
{"level":30,"time":"2026-04-19T12:05:12.945Z","pid":826,"hostname":"b4fd557d2fd1","module":"http","action":"response","method":"POST","url":"/events/538d17b3-cb16-4c1d-937e-70cb54744fe5/service-windows","statusCode":201,"responseTime":9.599723999388516,"msg":"[http][response] [http][response] POST /events/538d17b3-cb16-4c1d-937e-70cb54744fe5/service-windows 201 9.6ms"}
{"level":30,"time":"2026-04-19T12:05:12.950Z","pid":826,"hostname":"b4fd557d2fd1","module":"http","action":"request","method":"PATCH","url":"/events/538d17b3-cb16-4c1d-937e-70cb54744fe5/state","msg":"[http][request] [http][request] PATCH /events/538d17b3-cb16-4c1d-937e-70cb54744fe5/state"}
{"level":20,"time":"2026-04-19T12:05:12.952Z","pid":826,"hostname":"b4fd557d2fd1","module":"events:repository","action":"findById","id":"538d17b3-cb16-4c1d-937e-70cb54744fe5","msg":"[events:repository][findById] Looking up event by id"}
{"level":30,"time":"2026-04-19T12:05:12.953Z","pid":826,"hostname":"b4fd557d2fd1","module":"events:service","action":"transitionState","userId":"75674816-fb1a-45ee-a996-87e47f9d8464","eventId":"538d17b3-cb16-4c1d-937e-70cb54744fe5","newState":"submitted","msg":"[events:service][transitionState] Transitioning event state"}
{"level":20,"time":"2026-04-19T12:05:12.954Z","pid":826,"hostname":"b4fd557d2fd1","module":"events:repository","action":"findById","id":"538d17b3-cb16-4c1d-937e-70cb54744fe5","msg":"[events:repository][findById] Looking up event by id"}
{"level":20,"time":"2026-04-19T12:05:12.955Z","pid":826,"hostname":"b4fd557d2fd1","module":"events:repository","action":"getServiceWindows","eventId":"538d17b3-cb16-4c1d-937e-70cb54744fe5","msg":"[events:repository][getServiceWindows] Listing service windows"}
{"level":20,"time":"2026-04-19T12:05:12.956Z","pid":826,"hostname":"b4fd557d2fd1","module":"events:repository","action":"getMaterials","eventId":"538d17b3-cb16-4c1d-937e-70cb54744fe5","msg":"[events:repository][getMaterials] Listing materials"}
{"level":30,"time":"2026-04-19T12:05:12.958Z","pid":826,"hostname":"b4fd557d2fd1","module":"events:repository","action":"updateState","id":"538d17b3-cb16-4c1d-937e-70cb54744fe5","newState":"submitted","msg":"[events:repository][updateState] Updating event state"}
{"level":30,"time":"2026-04-19T12:05:12.968Z","pid":826,"hostname":"b4fd557d2fd1","module":"audit","action":"write","eventId":"538d17b3-cb16-4c1d-937e-70cb54744fe5","subjectType":"event","subjectId":"538d17b3-cb16-4c1d-937e-70cb54744fe5","auditAction":"state_transition","msg":"[audit][write] Audit recorded: state_transition on event 538d17b3-cb16-4c1d-937e-70cb54744fe5"}
{"level":30,"time":"2026-04-19T12:05:12.968Z","pid":826,"hostname":"b4fd557d2fd1","module":"events:routes","action":"transitionState","eventId":"538d17b3-cb16-4c1d-937e-70cb54744fe5","newState":"submitted","msg":"[events:routes][transitionState] Event state transitioned to submitted"}
{"level":30,"time":"2026-04-19T12:05:12.969Z","pid":826,"hostname":"b4fd557d2fd1","module":"http","action":"response","method":"PATCH","url":"/events/538d17b3-cb16-4c1d-937e-70cb54744fe5/state","statusCode":200,"responseTime":18.614731000736356,"msg":"[http][response] [http][response] PATCH /events/538d17b3-cb16-4c1d-937e-70cb54744fe5/state 200 18.6ms"}
{"level":30,"time":"2026-04-19T12:05:12.969Z","pid":826,"hostname":"b4fd557d2fd1","module":"http","action":"request","method":"PATCH","url":"/events/538d17b3-cb16-4c1d-937e-70cb54744fe5","msg":"[http][request] [http][request] PATCH /events/538d17b3-cb16-4c1d-937e-70cb54744fe5"}
{"level":30,"time":"2026-04-19T12:05:12.971Z","pid":826,"hostname":"b4fd557d2fd1","module":"events:service","action":"updateEvent","userId":"75674816-fb1a-45ee-a996-87e47f9d8464","eventId":"538d17b3-cb16-4c1d-937e-70cb54744fe5","msg":"[events:service][updateEvent] Updating event"}
{"level":20,"time":"2026-04-19T12:05:12.971Z","pid":826,"hostname":"b4fd557d2fd1","module":"events:repository","action":"findById","id":"538d17b3-cb16-4c1d-937e-70cb54744fe5","msg":"[events:repository][findById] Looking up event by id"}
{"level":20,"time":"2026-04-19T12:05:12.972Z","pid":826,"hostname":"b4fd557d2fd1","module":"approvals:repository","action":"findByEventId","eventId":"538d17b3-cb16-4c1d-937e-70cb54744fe5","msg":"[approvals:repository][findByEventId] Listing approvals for event"}
{"level":50,"time":"2026-04-19T12:05:12.975Z","pid":826,"hostname":"b4fd557d2fd1","module":"http","action":"error","err":{"type":"ValidationError","message":"Validation failed","stack":"ValidationError: Validation failed\n    at Module.updateEvent (/app/src/modules/events/service.js:139:13)\n    at processTicksAndRejections (node:internal/process/task_queues:95:5)\n    at Object.<anonymous> (/app/src/modules/events/routes.js:221:23)","name":"ValidationError","statusCode":422,"code":"VALIDATION_ERROR","details":{"errors":[{"path":"budget_cap","message":"Raising budget_cap to 40000 exceeds the system cap of 25000. An approved budget_override is required."}]}},"requestId":"req-m","msg":"[http][error] [http][error] Validation failed"}
{"level":30,"time":"2026-04-19T12:05:12.975Z","pid":826,"hostname":"b4fd557d2fd1","module":"http","action":"response","method":"PATCH","url":"/events/538d17b3-cb16-4c1d-937e-70cb54744fe5","statusCode":422,"responseTime":6.272761999629438,"msg":"[http][response] [http][response] PATCH /events/538d17b3-cb16-4c1d-937e-70cb54744fe5 422 6.3ms"}
{"level":30,"time":"2026-04-19T12:05:12.976Z","pid":826,"hostname":"b4fd557d2fd1","module":"http","action":"request","method":"PATCH","url":"/events/538d17b3-cb16-4c1d-937e-70cb54744fe5","msg":"[http][request] [http][request] PATCH /events/538d17b3-cb16-4c1d-937e-70cb54744fe5"}
 ✓ tests/integration/authorization-and-budget-gates.integration.test.js > Attachments — parent-event access gate > 403 on GET /attachments?event_id=<other>'s event for non-creator chef 8ms
 ✓ tests/integration/authorization-and-budget-gates.integration.test.js > Attachments — parent-event access gate > 403 on GET /attachments/:id for a non-creator without scope 7ms
 ✓ tests/integration/authorization-and-budget-gates.integration.test.js > Attachments — parent-event access gate > 403 on GET /attachments/:id/download for a non-creator without scope 6ms
 ✓ tests/integration/authorization-and-budget-gates.integration.test.js > Attachments — parent-event access gate > creator (planner) can still read their own attachment 5ms
 ✓ tests/integration/authorization-and-budget-gates.integration.test.js > DELETE event children — must be scoped by parent event_id > returns 404 when deleting a material via the wrong event_id 8ms
 ✓ tests/integration/authorization-and-budget-gates.integration.test.js > DELETE event children — must be scoped by parent event_id > returns 404 when deleting a service window via the wrong event_id 7ms
 ✓ tests/integration/authorization-and-budget-gates.integration.test.js > Budget gates on PATCH /events/:id > rejects PATCH budget_cap above the system cap without an approved override 7ms
{"level":30,"time":"2026-04-19T12:05:12.979Z","pid":826,"hostname":"b4fd557d2fd1","module":"events:service","action":"updateEvent","userId":"75674816-fb1a-45ee-a996-87e47f9d8464","eventId":"538d17b3-cb16-4c1d-937e-70cb54744fe5","msg":"[events:service][updateEvent] Updating event"}
{"level":20,"time":"2026-04-19T12:05:12.979Z","pid":826,"hostname":"b4fd557d2fd1","module":"events:repository","action":"findById","id":"538d17b3-cb16-4c1d-937e-70cb54744fe5","msg":"[events:repository][findById] Looking up event by id"}
{"level":20,"time":"2026-04-19T12:05:12.980Z","pid":826,"hostname":"b4fd557d2fd1","module":"events:repository","action":"getBudgetRevisions","eventId":"538d17b3-cb16-4c1d-937e-70cb54744fe5","msg":"[events:repository][getBudgetRevisions] Listing budget revisions"}
{"level":30,"time":"2026-04-19T12:05:12.984Z","pid":826,"hostname":"b4fd557d2fd1","module":"approvals:service","action":"createApproval","type":"budget_change","eventId":"538d17b3-cb16-4c1d-937e-70cb54744fe5","msg":"[approvals:service][createApproval] Creating approval"}
{"level":20,"time":"2026-04-19T12:05:12.984Z","pid":826,"hostname":"b4fd557d2fd1","module":"approvals:repository","action":"create","data":{"event_id":"538d17b3-cb16-4c1d-937e-70cb54744fe5","approval_type":"budget_change","status":"pending","requested_by":"75674816-fb1a-45ee-a996-87e47f9d8464","justification":"Budget change of 20.00% exceeds 10% threshold","old_amount":10000,"new_amount":12000,"requires_second_approval":false},"msg":"[approvals:repository][create] Creating approval"}
{"level":30,"time":"2026-04-19T12:05:12.996Z","pid":826,"hostname":"b4fd557d2fd1","module":"audit","action":"write","eventId":"538d17b3-cb16-4c1d-937e-70cb54744fe5","subjectType":"approval","subjectId":"378b5189-829c-4453-8aa5-ea6efbb2716e","auditAction":"create","msg":"[audit][write] Audit recorded: create on approval 378b5189-829c-4453-8aa5-ea6efbb2716e"}
{"level":20,"time":"2026-04-19T12:05:12.996Z","pid":826,"hostname":"b4fd557d2fd1","module":"events:repository","action":"addBudgetRevision","data":{"event_id":"538d17b3-cb16-4c1d-937e-70cb54744fe5","revision_no":1,"old_budget_amount":10000,"new_budget_amount":12000,"change_percent":"20.00","changed_by":"75674816-fb1a-45ee-a996-87e47f9d8464","approval_id":"378b5189-829c-4453-8aa5-ea6efbb2716e"},"msg":"[events:repository][addBudgetRevision] Adding budget revision"}
{"level":30,"time":"2026-04-19T12:05:13.002Z","pid":826,"hostname":"b4fd557d2fd1","module":"events:repository","action":"update","id":"538d17b3-cb16-4c1d-937e-70cb54744fe5","msg":"[events:repository][update] Updating event"}
{"level":30,"time":"2026-04-19T12:05:13.013Z","pid":826,"hostname":"b4fd557d2fd1","module":"audit","action":"write","eventId":"538d17b3-cb16-4c1d-937e-70cb54744fe5","subjectType":"event","subjectId":"538d17b3-cb16-4c1d-937e-70cb54744fe5","auditAction":"update","msg":"[audit][write] Audit recorded: update on event 538d17b3-cb16-4c1d-937e-70cb54744fe5"}
{"level":30,"time":"2026-04-19T12:05:13.013Z","pid":826,"hostname":"b4fd557d2fd1","module":"events:routes","action":"update","eventId":"538d17b3-cb16-4c1d-937e-70cb54744fe5","msg":"[events:routes][update] Event updated"}
{"level":30,"time":"2026-04-19T12:05:13.013Z","pid":826,"hostname":"b4fd557d2fd1","module":"http","action":"response","method":"PATCH","url":"/events/538d17b3-cb16-4c1d-937e-70cb54744fe5","statusCode":200,"responseTime":37.2517930008471,"msg":"[http][response] [http][response] PATCH /events/538d17b3-cb16-4c1d-937e-70cb54744fe5 200 37.3ms"}
{"level":30,"time":"2026-04-19T12:05:13.017Z","pid":826,"hostname":"b4fd557d2fd1","module":"http","action":"request","method":"GET","url":"/admin/cache/stats","msg":"[http][request] [http][request] GET /admin/cache/stats"}
{"level":40,"time":"2026-04-19T12:05:13.017Z","pid":826,"hostname":"b4fd557d2fd1","module":"auth","action":"authenticate","msg":"[auth][authenticate] Missing or malformed Authorization header"}
{"level":30,"time":"2026-04-19T12:05:13.017Z","pid":826,"hostname":"b4fd557d2fd1","module":"http","action":"response","method":"GET","url":"/admin/cache/stats","statusCode":401,"responseTime":0.4860910000279546,"msg":"[http][response] [http][response] GET /admin/cache/stats 401 0.5ms"}
{"level":30,"time":"2026-04-19T12:05:13.018Z","pid":826,"hostname":"b4fd557d2fd1","module":"http","action":"request","method":"POST","url":"/admin/cache/purge","msg":"[http][request] [http][request] POST /admin/cache/purge"}
{"level":40,"time":"2026-04-19T12:05:13.018Z","pid":826,"hostname":"b4fd557d2fd1","module":"auth","action":"authenticate","msg":"[auth][authenticate] Missing or malformed Authorization header"}
{"level":30,"time":"2026-04-19T12:05:13.019Z","pid":826,"hostname":"b4fd557d2fd1","module":"http","action":"response","method":"POST","url":"/admin/cache/purge","statusCode":401,"responseTime":0.5107990000396967,"msg":"[http][response] [http][response] POST /admin/cache/purge 401 0.5ms"}
{"level":30,"time":"2026-04-19T12:05:13.019Z","pid":826,"hostname":"b4fd557d2fd1","module":"http","action":"request","method":"GET","url":"/admin/cache/stats","msg":"[http][request] [http][request] GET /admin/cache/stats"}
{"level":30,"time":"2026-04-19T12:05:13.021Z","pid":826,"hostname":"b4fd557d2fd1","module":"admin:cache","action":"stats","userId":"498d3b99-6345-4b00-b79d-be0a21c5eaad","msg":"[admin:cache][stats] [admin:cache][stats] Cache stats requested"}
{"level":30,"time":"2026-04-19T12:05:13.021Z","pid":826,"hostname":"b4fd557d2fd1","module":"http","action":"response","method":"GET","url":"/admin/cache/stats","statusCode":200,"responseTime":2.2026049997657537,"msg":"[http][response] [http][response] GET /admin/cache/stats 200 2.2ms"}
{"level":30,"time":"2026-04-19T12:05:13.022Z","pid":826,"hostname":"b4fd557d2fd1","module":"http","action":"request","method":"GET","url":"/admin/cache/stats","msg":"[http][request] [http][request] GET /admin/cache/stats"}
{"level":30,"time":"2026-04-19T12:05:13.024Z","pid":826,"hostname":"b4fd557d2fd1","module":"http","action":"response","method":"GET","url":"/admin/cache/stats","statusCode":403,"responseTime":1.6823990000411868,"msg":"[http][response] [http][response] GET /admin/cache/stats 403 1.7ms"}
 ✓ tests/integration/authorization-and-budget-gates.integration.test.js > Budget gates on PATCH /events/:id > keeps budget_amount unchanged while a budget-change approval is pending 41ms
 ✓ tests/integration/authorization-and-budget-gates.integration.test.js > /admin/cache/* is registered > GET /admin/cache/stats — unauthenticated returns 401 (not 404) 1ms
 ✓ tests/integration/authorization-and-budget-gates.integration.test.js > /admin/cache/* is registered > POST /admin/cache/purge — unauthenticated returns 401 (not 404) 1ms
 ✓ tests/integration/authorization-and-budget-gates.integration.test.js > /admin/cache/* is registered > admin can GET /admin/cache/stats successfully 3ms
 ✓ tests/integration/authorization-and-budget-gates.integration.test.js > /admin/cache/* is registered > non-admin (chef) gets 403 on /admin/cache/stats (not 404) 2ms
{"level":30,"time":"2026-04-19T12:05:15.776Z","pid":826,"hostname":"b4fd557d2fd1","module":"db","action":"migrate","msg":"[db][migrate] Running database migrations"}
{"level":30,"time":"2026-04-19T12:05:15.827Z","pid":826,"hostname":"b4fd557d2fd1","module":"db","action":"migrate","msg":"[db][migrate] Database is already up to date"}
 ✓ tests/integration/authorization-gaps.integration.test.js > Check-in authorization (real DB) > culinary_editor (chef) without event:service permission gets 403 on check-in 3ms
 ✓ tests/integration/authorization-gaps.integration.test.js > Check-in authorization (real DB) > resource_manager (with event:service permission) can perform check-in 22ms
 ✓ tests/integration/authorization-gaps.integration.test.js > Check-in authorization (real DB) > admin (with all permissions) can perform check-in 18ms
 ✓ tests/integration/authorization-gaps.integration.test.js > Check-in authorization (real DB) > unauthenticated request gets 401 on check-in 1ms
 ✓ tests/integration/authorization-gaps.integration.test.js > Entitlement ownership enforcement (real DB) > entitlement owner (admin) can redeem their own entitlement 26ms
{"level":30,"time":"2026-04-19T12:05:17.048Z","pid":826,"hostname":"b4fd557d2fd1","module":"http","action":"request","method":"POST","url":"/auth/login","msg":"[http][request] [http][request] POST /auth/login"}
{"level":30,"time":"2026-04-19T12:05:17.174Z","pid":826,"hostname":"b4fd557d2fd1","module":"auth","action":"login","userId":"43927582-f06b-4cdd-aa9c-fcd48e9472c8","username":"admin","msg":"[auth][login] User logged in"}
{"level":30,"time":"2026-04-19T12:05:17.174Z","pid":826,"hostname":"b4fd557d2fd1","module":"http","action":"response","method":"POST","url":"/auth/login","statusCode":200,"responseTime":126.28139699995518,"msg":"[http][response] [http][response] POST /auth/login 200 126.3ms"}
{"level":30,"time":"2026-04-19T12:05:17.174Z","pid":826,"hostname":"b4fd557d2fd1","module":"http","action":"request","method":"POST","url":"/auth/login","msg":"[http][request] [http][request] POST /auth/login"}
{"level":30,"time":"2026-04-19T12:05:17.289Z","pid":826,"hostname":"b4fd557d2fd1","module":"auth","action":"login","userId":"6916a1fe-b5dd-4659-ae43-3fdf6cf513e6","username":"planner","msg":"[auth][login] User logged in"}
{"level":30,"time":"2026-04-19T12:05:17.289Z","pid":826,"hostname":"b4fd557d2fd1","module":"http","action":"response","method":"POST","url":"/auth/login","statusCode":200,"responseTime":115.11029100045562,"msg":"[http][response] [http][response] POST /auth/login 200 115.1ms"}
{"level":30,"time":"2026-04-19T12:05:17.290Z","pid":826,"hostname":"b4fd557d2fd1","module":"http","action":"request","method":"POST","url":"/auth/login","msg":"[http][request] [http][request] POST /auth/login"}
{"level":30,"time":"2026-04-19T12:05:17.407Z","pid":826,"hostname":"b4fd557d2fd1","module":"auth","action":"login","userId":"dc46ada4-bf39-4382-872d-3f095da3f5ba","username":"manager","msg":"[auth][login] User logged in"}
{"level":30,"time":"2026-04-19T12:05:17.408Z","pid":826,"hostname":"b4fd557d2fd1","module":"http","action":"response","method":"POST","url":"/auth/login","statusCode":200,"responseTime":117.84155100025237,"msg":"[http][response] [http][response] POST /auth/login 200 117.8ms"}
{"level":30,"time":"2026-04-19T12:05:17.408Z","pid":826,"hostname":"b4fd557d2fd1","module":"http","action":"request","method":"POST","url":"/auth/login","msg":"[http][request] [http][request] POST /auth/login"}
{"level":30,"time":"2026-04-19T12:05:17.531Z","pid":826,"hostname":"b4fd557d2fd1","module":"auth","action":"login","userId":"78701e1e-9ddd-4e7a-9c14-d416110c4639","username":"chef","msg":"[auth][login] User logged in"}
{"level":30,"time":"2026-04-19T12:05:17.531Z","pid":826,"hostname":"b4fd557d2fd1","module":"http","action":"response","method":"POST","url":"/auth/login","statusCode":200,"responseTime":123.19236200023443,"msg":"[http][response] [http][response] POST /auth/login 200 123.2ms"}
{"level":30,"time":"2026-04-19T12:05:17.531Z","pid":826,"hostname":"b4fd557d2fd1","module":"http","action":"request","method":"POST","url":"/auth/login","msg":"[http][request] [http][request] POST /auth/login"}
{"level":30,"time":"2026-04-19T12:05:17.659Z","pid":826,"hostname":"b4fd557d2fd1","module":"auth","action":"login","userId":"48535173-83bf-40c3-bbff-2f6aaeb44b6a","username":"approver","msg":"[auth][login] User logged in"}
{"level":30,"time":"2026-04-19T12:05:17.659Z","pid":826,"hostname":"b4fd557d2fd1","module":"http","action":"response","method":"POST","url":"/auth/login","statusCode":200,"responseTime":127.5504210004583,"msg":"[http][response] [http][response] POST /auth/login 200 127.6ms"}
{"level":30,"time":"2026-04-19T12:05:17.661Z","pid":826,"hostname":"b4fd557d2fd1","module":"http","action":"request","method":"POST","url":"/events","msg":"[http][request] [http][request] POST /events"}
{"level":30,"time":"2026-04-19T12:05:17.663Z","pid":826,"hostname":"b4fd557d2fd1","module":"events:service","action":"createEvent","userId":"43927582-f06b-4cdd-aa9c-fcd48e9472c8","msg":"[events:service][createEvent] Creating new event"}
{"level":20,"time":"2026-04-19T12:05:17.663Z","pid":826,"hostname":"b4fd557d2fd1","module":"events:repository","action":"create","data":{"title":"CheckIn Auth Test Event","description":null,"event_date":"2025-12-01","headcount":10,"budget_amount":1000,"budget_cap":25000,"state":"draft","created_by":"43927582-f06b-4cdd-aa9c-fcd48e9472c8"},"msg":"[events:repository][create] Creating event"}
{"level":30,"time":"2026-04-19T12:05:17.677Z","pid":826,"hostname":"b4fd557d2fd1","module":"audit","action":"write","eventId":"dd15238b-33e5-484d-9082-69eeb53f7912","subjectType":"event","subjectId":"dd15238b-33e5-484d-9082-69eeb53f7912","auditAction":"create","msg":"[audit][write] Audit recorded: create on event dd15238b-33e5-484d-9082-69eeb53f7912"}
{"level":30,"time":"2026-04-19T12:05:17.677Z","pid":826,"hostname":"b4fd557d2fd1","module":"events:routes","action":"create","eventId":"dd15238b-33e5-484d-9082-69eeb53f7912","msg":"[events:routes][create] Event created"}
{"level":30,"time":"2026-04-19T12:05:17.677Z","pid":826,"hostname":"b4fd557d2fd1","module":"http","action":"response","method":"POST","url":"/events","statusCode":201,"responseTime":16.712543999776244,"msg":"[http][response] [http][response] POST /events 201 16.7ms"}
{"level":30,"time":"2026-04-19T12:05:17.686Z","pid":826,"hostname":"b4fd557d2fd1","module":"http","action":"request","method":"POST","url":"/events/dd15238b-33e5-484d-9082-69eeb53f7912/service-windows","msg":"[http][request] [http][request] POST /events/dd15238b-33e5-484d-9082-69eeb53f7912/service-windows"}
{"level":20,"time":"2026-04-19T12:05:17.688Z","pid":826,"hostname":"b4fd557d2fd1","module":"events:repository","action":"findById","id":"dd15238b-33e5-484d-9082-69eeb53f7912","msg":"[events:repository][findById] Looking up event by id"}
{"level":20,"time":"2026-04-19T12:05:17.690Z","pid":826,"hostname":"b4fd557d2fd1","module":"events:repository","action":"addServiceWindow","data":{"event_id":"dd15238b-33e5-484d-9082-69eeb53f7912","label":"Main Service","start_at":"2025-12-01T10:00:00+00:00","end_at":"2025-12-01T14:00:00+00:00"},"msg":"[events:repository][addServiceWindow] Adding service window"}
{"level":30,"time":"2026-04-19T12:05:17.697Z","pid":826,"hostname":"b4fd557d2fd1","module":"events:routes","action":"addServiceWindow","eventId":"dd15238b-33e5-484d-9082-69eeb53f7912","windowId":"3238be4c-a78e-4bb9-9600-a17cb391a238","msg":"[events:routes][addServiceWindow] Service window added to event"}
{"level":30,"time":"2026-04-19T12:05:17.698Z","pid":826,"hostname":"b4fd557d2fd1","module":"http","action":"response","method":"POST","url":"/events/dd15238b-33e5-484d-9082-69eeb53f7912/service-windows","statusCode":201,"responseTime":11.407244000583887,"msg":"[http][response] [http][response] POST /events/dd15238b-33e5-484d-9082-69eeb53f7912/service-windows 201 11.4ms"}
{"level":30,"time":"2026-04-19T12:05:17.704Z","pid":826,"hostname":"b4fd557d2fd1","module":"http","action":"request","method":"PATCH","url":"/events/dd15238b-33e5-484d-9082-69eeb53f7912/state","msg":"[http][request] [http][request] PATCH /events/dd15238b-33e5-484d-9082-69eeb53f7912/state"}
{"level":20,"time":"2026-04-19T12:05:17.706Z","pid":826,"hostname":"b4fd557d2fd1","module":"events:repository","action":"findById","id":"dd15238b-33e5-484d-9082-69eeb53f7912","msg":"[events:repository][findById] Looking up event by id"}
{"level":30,"time":"2026-04-19T12:05:17.707Z","pid":826,"hostname":"b4fd557d2fd1","module":"events:service","action":"transitionState","userId":"43927582-f06b-4cdd-aa9c-fcd48e9472c8","eventId":"dd15238b-33e5-484d-9082-69eeb53f7912","newState":"submitted","msg":"[events:service][transitionState] Transitioning event state"}
{"level":20,"time":"2026-04-19T12:05:17.707Z","pid":826,"hostname":"b4fd557d2fd1","module":"events:repository","action":"findById","id":"dd15238b-33e5-484d-9082-69eeb53f7912","msg":"[events:repository][findById] Looking up event by id"}
{"level":20,"time":"2026-04-19T12:05:17.708Z","pid":826,"hostname":"b4fd557d2fd1","module":"events:repository","action":"getServiceWindows","eventId":"dd15238b-33e5-484d-9082-69eeb53f7912","msg":"[events:repository][getServiceWindows] Listing service windows"}
{"level":20,"time":"2026-04-19T12:05:17.711Z","pid":826,"hostname":"b4fd557d2fd1","module":"events:repository","action":"getMaterials","eventId":"dd15238b-33e5-484d-9082-69eeb53f7912","msg":"[events:repository][getMaterials] Listing materials"}
{"level":30,"time":"2026-04-19T12:05:17.715Z","pid":826,"hostname":"b4fd557d2fd1","module":"events:repository","action":"updateState","id":"dd15238b-33e5-484d-9082-69eeb53f7912","newState":"submitted","msg":"[events:repository][updateState] Updating event state"}
{"level":30,"time":"2026-04-19T12:05:17.727Z","pid":826,"hostname":"b4fd557d2fd1","module":"audit","action":"write","eventId":"dd15238b-33e5-484d-9082-69eeb53f7912","subjectType":"event","subjectId":"dd15238b-33e5-484d-9082-69eeb53f7912","auditAction":"state_transition","msg":"[audit][write] Audit recorded: state_transition on event dd15238b-33e5-484d-9082-69eeb53f7912"}
{"level":30,"time":"2026-04-19T12:05:17.727Z","pid":826,"hostname":"b4fd557d2fd1","module":"events:routes","action":"transitionState","eventId":"dd15238b-33e5-484d-9082-69eeb53f7912","newState":"submitted","msg":"[events:routes][transitionState] Event state transitioned to submitted"}
{"level":30,"time":"2026-04-19T12:05:17.728Z","pid":826,"hostname":"b4fd557d2fd1","module":"http","action":"response","method":"PATCH","url":"/events/dd15238b-33e5-484d-9082-69eeb53f7912/state","statusCode":200,"responseTime":23.298969000577927,"msg":"[http][response] [http][response] PATCH /events/dd15238b-33e5-484d-9082-69eeb53f7912/state 200 23.3ms"}
{"level":30,"time":"2026-04-19T12:05:17.728Z","pid":826,"hostname":"b4fd557d2fd1","module":"http","action":"request","method":"PATCH","url":"/events/dd15238b-33e5-484d-9082-69eeb53f7912/state","msg":"[http][request] [http][request] PATCH /events/dd15238b-33e5-484d-9082-69eeb53f7912/state"}
{"level":30,"time":"2026-04-19T12:05:17.729Z","pid":826,"hostname":"b4fd557d2fd1","module":"events:service","action":"transitionState","userId":"48535173-83bf-40c3-bbff-2f6aaeb44b6a","eventId":"dd15238b-33e5-484d-9082-69eeb53f7912","newState":"approved","msg":"[events:service][transitionState] Transitioning event state"}
{"level":20,"time":"2026-04-19T12:05:17.730Z","pid":826,"hostname":"b4fd557d2fd1","module":"events:repository","action":"findById","id":"dd15238b-33e5-484d-9082-69eeb53f7912","msg":"[events:repository][findById] Looking up event by id"}
{"level":20,"time":"2026-04-19T12:05:17.731Z","pid":826,"hostname":"b4fd557d2fd1","module":"approvals:repository","action":"hasPendingForEvent","eventId":"dd15238b-33e5-484d-9082-69eeb53f7912","msg":"[approvals:repository][hasPendingForEvent] Checking pending approvals for event"}
{"level":30,"time":"2026-04-19T12:05:17.733Z","pid":826,"hostname":"b4fd557d2fd1","module":"events:repository","action":"updateState","id":"dd15238b-33e5-484d-9082-69eeb53f7912","newState":"approved","msg":"[events:repository][updateState] Updating event state"}
{"level":30,"time":"2026-04-19T12:05:17.743Z","pid":826,"hostname":"b4fd557d2fd1","module":"audit","action":"write","eventId":"dd15238b-33e5-484d-9082-69eeb53f7912","subjectType":"event","subjectId":"dd15238b-33e5-484d-9082-69eeb53f7912","auditAction":"state_transition","msg":"[audit][write] Audit recorded: state_transition on event dd15238b-33e5-484d-9082-69eeb53f7912"}
{"level":30,"time":"2026-04-19T12:05:17.743Z","pid":826,"hostname":"b4fd557d2fd1","module":"events:service","action":"triggerEntitlementAutoIssuance","eventId":"dd15238b-33e5-484d-9082-69eeb53f7912","msg":"[events:service][triggerEntitlementAutoIssuance] Triggering auto-issuance of entitlements"}
{"level":20,"time":"2026-04-19T12:05:17.743Z","pid":826,"hostname":"b4fd557d2fd1","module":"events:repository","action":"findById","id":"dd15238b-33e5-484d-9082-69eeb53f7912","msg":"[events:repository][findById] Looking up event by id"}
{"level":40,"time":"2026-04-19T12:05:17.746Z","pid":826,"hostname":"b4fd557d2fd1","module":"events:service","action":"triggerEntitlementAutoIssuance","ruleId":"4e47255a-5ff0-44b1-8b4f-d6f874befe51","formula":"10_per_role","msg":"[events:service][triggerEntitlementAutoIssuance] Failed to evaluate quantity formula, skipping rule"}
{"level":30,"time":"2026-04-19T12:05:17.746Z","pid":826,"hostname":"b4fd557d2fd1","module":"events:routes","action":"transitionState","eventId":"dd15238b-33e5-484d-9082-69eeb53f7912","newState":"approved","msg":"[events:routes][transitionState] Event state transitioned to approved"}
{"level":30,"time":"2026-04-19T12:05:17.747Z","pid":826,"hostname":"b4fd557d2fd1","module":"http","action":"response","method":"PATCH","url":"/events/dd15238b-33e5-484d-9082-69eeb53f7912/state","statusCode":200,"responseTime":18.56958599947393,"msg":"[http][response] [http][response] PATCH /events/dd15238b-33e5-484d-9082-69eeb53f7912/state 200 18.6ms"}
{"level":30,"time":"2026-04-19T12:05:17.747Z","pid":826,"hostname":"b4fd557d2fd1","module":"http","action":"request","method":"PATCH","url":"/events/dd15238b-33e5-484d-9082-69eeb53f7912/state","msg":"[http][request] [http][request] PATCH /events/dd15238b-33e5-484d-9082-69eeb53f7912/state"}
{"level":30,"time":"2026-04-19T12:05:17.748Z","pid":826,"hostname":"b4fd557d2fd1","module":"events:service","action":"transitionState","userId":"dc46ada4-bf39-4382-872d-3f095da3f5ba","eventId":"dd15238b-33e5-484d-9082-69eeb53f7912","newState":"in_service","msg":"[events:service][transitionState] Transitioning event state"}
{"level":20,"time":"2026-04-19T12:05:17.748Z","pid":826,"hostname":"b4fd557d2fd1","module":"events:repository","action":"findById","id":"dd15238b-33e5-484d-9082-69eeb53f7912","msg":"[events:repository][findById] Looking up event by id"}
{"level":30,"time":"2026-04-19T12:05:17.751Z","pid":826,"hostname":"b4fd557d2fd1","module":"events:repository","action":"updateState","id":"dd15238b-33e5-484d-9082-69eeb53f7912","newState":"in_service","msg":"[events:repository][updateState] Updating event state"}
{"level":30,"time":"2026-04-19T12:05:17.762Z","pid":826,"hostname":"b4fd557d2fd1","module":"audit","action":"write","eventId":"dd15238b-33e5-484d-9082-69eeb53f7912","subjectType":"event","subjectId":"dd15238b-33e5-484d-9082-69eeb53f7912","auditAction":"state_transition","msg":"[audit][write] Audit recorded: state_transition on event dd15238b-33e5-484d-9082-69eeb53f7912"}
{"level":30,"time":"2026-04-19T12:05:17.762Z","pid":826,"hostname":"b4fd557d2fd1","module":"events:routes","action":"transitionState","eventId":"dd15238b-33e5-484d-9082-69eeb53f7912","newState":"in_service","msg":"[events:routes][transitionState] Event state transitioned to in_service"}
{"level":30,"time":"2026-04-19T12:05:17.762Z","pid":826,"hostname":"b4fd557d2fd1","module":"http","action":"response","method":"PATCH","url":"/events/dd15238b-33e5-484d-9082-69eeb53f7912/state","statusCode":200,"responseTime":15.4965830007568,"msg":"[http][response] [http][response] PATCH /events/dd15238b-33e5-484d-9082-69eeb53f7912/state 200 15.5ms"}
{"level":30,"time":"2026-04-19T12:05:17.764Z","pid":826,"hostname":"b4fd557d2fd1","module":"http","action":"request","method":"POST","url":"/events/dd15238b-33e5-484d-9082-69eeb53f7912/check-in","msg":"[http][request] [http][request] POST /events/dd15238b-33e5-484d-9082-69eeb53f7912/check-in"}
{"level":30,"time":"2026-04-19T12:05:17.766Z","pid":826,"hostname":"b4fd557d2fd1","module":"http","action":"response","method":"POST","url":"/events/dd15238b-33e5-484d-9082-69eeb53f7912/check-in","statusCode":403,"responseTime":2.2916680006310344,"msg":"[http][response] [http][response] POST /events/dd15238b-33e5-484d-9082-69eeb53f7912/check-in 403 2.3ms"}
{"level":30,"time":"2026-04-19T12:05:17.767Z","pid":826,"hostname":"b4fd557d2fd1","module":"http","action":"request","method":"POST","url":"/events/dd15238b-33e5-484d-9082-69eeb53f7912/check-in","msg":"[http][request] [http][request] POST /events/dd15238b-33e5-484d-9082-69eeb53f7912/check-in"}
{"level":30,"time":"2026-04-19T12:05:17.770Z","pid":826,"hostname":"b4fd557d2fd1","module":"checkin:service","action":"checkIn","userId":"dc46ada4-bf39-4382-872d-3f095da3f5ba","eventId":"dd15238b-33e5-484d-9082-69eeb53f7912","attendee":"Authorized Guest","msg":"[checkin:service][checkIn] Processing event check-in"}
{"level":20,"time":"2026-04-19T12:05:17.773Z","pid":826,"hostname":"b4fd557d2fd1","module":"checkin:repository","action":"getOccupancyCount","eventId":"dd15238b-33e5-484d-9082-69eeb53f7912","msg":"[checkin:repository][getOccupancyCount] Counting check-ins for event"}
{"level":30,"time":"2026-04-19T12:05:17.775Z","pid":826,"hostname":"b4fd557d2fd1","module":"checkin:repository","action":"create","eventId":"dd15238b-33e5-484d-9082-69eeb53f7912","attendee":"Authorized Guest","msg":"[checkin:repository][create] Inserting check-in record"}
{"level":30,"time":"2026-04-19T12:05:17.787Z","pid":826,"hostname":"b4fd557d2fd1","module":"audit","action":"write","eventId":"dd15238b-33e5-484d-9082-69eeb53f7912","subjectType":"event_checkin","subjectId":"4476d679-256d-4125-b587-0ff39864cd18","auditAction":"check_in","msg":"[audit][write] Audit recorded: check_in on event_checkin 4476d679-256d-4125-b587-0ff39864cd18"}
{"level":30,"time":"2026-04-19T12:05:17.787Z","pid":826,"hostname":"b4fd557d2fd1","module":"checkin:service","action":"checkIn","checkInId":"4476d679-256d-4125-b587-0ff39864cd18","occupancy":1,"msg":"[checkin:service][checkIn] Check-in completed, occupancy now 1/10"}
{"level":30,"time":"2026-04-19T12:05:17.787Z","pid":826,"hostname":"b4fd557d2fd1","module":"checkin:routes","action":"checkIn","eventId":"dd15238b-33e5-484d-9082-69eeb53f7912","occupancy":1,"msg":"[checkin:routes][checkIn] Attendee checked in"}
{"level":30,"time":"2026-04-19T12:05:17.788Z","pid":826,"hostname":"b4fd557d2fd1","module":"http","action":"response","method":"POST","url":"/events/dd15238b-33e5-484d-9082-69eeb53f7912/check-in","statusCode":201,"responseTime":20.961687999777496,"msg":"[http][response] [http][response] POST /events/dd15238b-33e5-484d-9082-69eeb53f7912/check-in 201 21.0ms"}
{"level":30,"time":"2026-04-19T12:05:17.788Z","pid":826,"hostname":"b4fd557d2fd1","module":"http","action":"request","method":"POST","url":"/events/dd15238b-33e5-484d-9082-69eeb53f7912/check-in","msg":"[http][request] [http][request] POST /events/dd15238b-33e5-484d-9082-69eeb53f7912/check-in"}
{"level":30,"time":"2026-04-19T12:05:17.791Z","pid":826,"hostname":"b4fd557d2fd1","module":"checkin:service","action":"checkIn","userId":"43927582-f06b-4cdd-aa9c-fcd48e9472c8","eventId":"dd15238b-33e5-484d-9082-69eeb53f7912","attendee":"Admin Guest","msg":"[checkin:service][checkIn] Processing event check-in"}
{"level":20,"time":"2026-04-19T12:05:17.793Z","pid":826,"hostname":"b4fd557d2fd1","module":"checkin:repository","action":"getOccupancyCount","eventId":"dd15238b-33e5-484d-9082-69eeb53f7912","msg":"[checkin:repository][getOccupancyCount] Counting check-ins for event"}
{"level":30,"time":"2026-04-19T12:05:17.794Z","pid":826,"hostname":"b4fd557d2fd1","module":"checkin:repository","action":"create","eventId":"dd15238b-33e5-484d-9082-69eeb53f7912","attendee":"Admin Guest","msg":"[checkin:repository][create] Inserting check-in record"}
{"level":30,"time":"2026-04-19T12:05:17.805Z","pid":826,"hostname":"b4fd557d2fd1","module":"audit","action":"write","eventId":"dd15238b-33e5-484d-9082-69eeb53f7912","subjectType":"event_checkin","subjectId":"f8658b70-b054-46be-b5d3-feff64ba5ea3","auditAction":"check_in","msg":"[audit][write] Audit recorded: check_in on event_checkin f8658b70-b054-46be-b5d3-feff64ba5ea3"}
{"level":30,"time":"2026-04-19T12:05:17.805Z","pid":826,"hostname":"b4fd557d2fd1","module":"checkin:service","action":"checkIn","checkInId":"f8658b70-b054-46be-b5d3-feff64ba5ea3","occupancy":2,"msg":"[checkin:service][checkIn] Check-in completed, occupancy now 2/10"}
{"level":30,"time":"2026-04-19T12:05:17.805Z","pid":826,"hostname":"b4fd557d2fd1","module":"checkin:routes","action":"checkIn","eventId":"dd15238b-33e5-484d-9082-69eeb53f7912","occupancy":2,"msg":"[checkin:routes][checkIn] Attendee checked in"}
{"level":30,"time":"2026-04-19T12:05:17.806Z","pid":826,"hostname":"b4fd557d2fd1","module":"http","action":"response","method":"POST","url":"/events/dd15238b-33e5-484d-9082-69eeb53f7912/check-in","statusCode":201,"responseTime":17.3646919997409,"msg":"[http][response] [http][response] POST /events/dd15238b-33e5-484d-9082-69eeb53f7912/check-in 201 17.4ms"}
{"level":30,"time":"2026-04-19T12:05:17.806Z","pid":826,"hostname":"b4fd557d2fd1","module":"http","action":"request","method":"POST","url":"/events/dd15238b-33e5-484d-9082-69eeb53f7912/check-in","msg":"[http][request] [http][request] POST /events/dd15238b-33e5-484d-9082-69eeb53f7912/check-in"}
{"level":40,"time":"2026-04-19T12:05:17.807Z","pid":826,"hostname":"b4fd557d2fd1","module":"auth","action":"authenticate","msg":"[auth][authenticate] Missing or malformed Authorization header"}
{"level":30,"time":"2026-04-19T12:05:17.807Z","pid":826,"hostname":"b4fd557d2fd1","module":"http","action":"response","method":"POST","url":"/events/dd15238b-33e5-484d-9082-69eeb53f7912/check-in","statusCode":401,"responseTime":0.7763709994032979,"msg":"[http][response] [http][response] POST /events/dd15238b-33e5-484d-9082-69eeb53f7912/check-in 401 0.8ms"}
{"level":30,"time":"2026-04-19T12:05:17.811Z","pid":826,"hostname":"b4fd557d2fd1","module":"http","action":"request","method":"POST","url":"/events","msg":"[http][request] [http][request] POST /events"}
{"level":30,"time":"2026-04-19T12:05:17.813Z","pid":826,"hostname":"b4fd557d2fd1","module":"events:service","action":"createEvent","userId":"43927582-f06b-4cdd-aa9c-fcd48e9472c8","msg":"[events:service][createEvent] Creating new event"}
{"level":20,"time":"2026-04-19T12:05:17.813Z","pid":826,"hostname":"b4fd557d2fd1","module":"events:repository","action":"create","data":{"title":"Entitlement Ownership Test","description":null,"event_date":"2025-12-01","headcount":20,"budget_amount":2000,"budget_cap":25000,"state":"draft","created_by":"43927582-f06b-4cdd-aa9c-fcd48e9472c8"},"msg":"[events:repository][create] Creating event"}
{"level":30,"time":"2026-04-19T12:05:17.825Z","pid":826,"hostname":"b4fd557d2fd1","module":"audit","action":"write","eventId":"d90bbe51-f7ce-43f5-be9c-24f8660d975a","subjectType":"event","subjectId":"d90bbe51-f7ce-43f5-be9c-24f8660d975a","auditAction":"create","msg":"[audit][write] Audit recorded: create on event d90bbe51-f7ce-43f5-be9c-24f8660d975a"}
{"level":30,"time":"2026-04-19T12:05:17.825Z","pid":826,"hostname":"b4fd557d2fd1","module":"events:routes","action":"create","eventId":"d90bbe51-f7ce-43f5-be9c-24f8660d975a","msg":"[events:routes][create] Event created"}
{"level":30,"time":"2026-04-19T12:05:17.826Z","pid":826,"hostname":"b4fd557d2fd1","module":"http","action":"response","method":"POST","url":"/events","statusCode":201,"responseTime":15.267271000891924,"msg":"[http][response] [http][response] POST /events 201 15.3ms"}
{"level":30,"time":"2026-04-19T12:05:17.827Z","pid":826,"hostname":"b4fd557d2fd1","module":"http","action":"request","method":"POST","url":"/entitlements/issue-manual","msg":"[http][request] [http][request] POST /entitlements/issue-manual"}
{"level":30,"time":"2026-04-19T12:05:17.830Z","pid":826,"hostname":"b4fd557d2fd1","module":"entitlements:service","action":"issueManual","issuerId":"43927582-f06b-4cdd-aa9c-fcd48e9472c8","userId":"43927582-f06b-4cdd-aa9c-fcd48e9472c8","eventId":"d90bbe51-f7ce-43f5-be9c-24f8660d975a","msg":"[entitlements:service][issueManual] Issuing manual entitlement"}
{"level":20,"time":"2026-04-19T12:05:17.831Z","pid":826,"hostname":"b4fd557d2fd1","module":"entitlements:repository","action":"create","userId":"43927582-f06b-4cdd-aa9c-fcd48e9472c8","eventId":"d90bbe51-f7ce-43f5-be9c-24f8660d975a","msg":"[entitlements:repository][create] Creating entitlement"}
{"level":30,"time":"2026-04-19T12:05:17.844Z","pid":826,"hostname":"b4fd557d2fd1","module":"audit","action":"write","eventId":"d90bbe51-f7ce-43f5-be9c-24f8660d975a","subjectType":"entitlement","subjectId":"aab14f24-8d69-4a2f-801c-02f2ed224060","auditAction":"manual_issue","msg":"[audit][write] Audit recorded: manual_issue on entitlement aab14f24-8d69-4a2f-801c-02f2ed224060"}
{"level":30,"time":"2026-04-19T12:05:17.844Z","pid":826,"hostname":"b4fd557d2fd1","module":"entitlements:routes","action":"issueManual","entitlementId":"aab14f24-8d69-4a2f-801c-02f2ed224060","msg":"[entitlements:routes][issueManual] Entitlement manually issued"}
{"level":30,"time":"2026-04-19T12:05:17.844Z","pid":826,"hostname":"b4fd557d2fd1","module":"http","action":"response","method":"POST","url":"/entitlements/issue-manual","statusCode":201,"responseTime":17.344728999771178,"msg":"[http][response] [http][response] POST /entitlements/issue-manual 201 17.3ms"}
{"level":30,"time":"2026-04-19T12:05:17.845Z","pid":826,"hostname":"b4fd557d2fd1","module":"http","action":"request","method":"POST","url":"/entitlements/aab14f24-8d69-4a2f-801c-02f2ed224060/redeem","msg":"[http][request] [http][request] POST /entitlements/aab14f24-8d69-4a2f-801c-02f2ed224060/redeem"}
{"level":20,"time":"2026-04-19T12:05:17.848Z","pid":826,"hostname":"b4fd557d2fd1","module":"entitlements:repository","action":"findById","id":"aab14f24-8d69-4a2f-801c-02f2ed224060","msg":"[entitlements:repository][findById] Looking up entitlement by id"}
{"level":30,"time":"2026-04-19T12:05:17.851Z","pid":826,"hostname":"b4fd557d2fd1","module":"entitlements:service","action":"redeem","userId":"43927582-f06b-4cdd-aa9c-fcd48e9472c8","entitlementId":"aab14f24-8d69-4a2f-801c-02f2ed224060","quantity":1,"idempotencyKey":"c64f3bbb-c5c2-4295-ad4f-754454118b22","msg":"[entitlements:service][redeem] Processing entitlement redemption"}
{"level":20,"time":"2026-04-19T12:05:17.851Z","pid":826,"hostname":"b4fd557d2fd1","module":"entitlements:repository","action":"findById","id":"aab14f24-8d69-4a2f-801c-02f2ed224060","msg":"[entitlements:repository][findById] Looking up entitlement by id"}
{"level":20,"time":"2026-04-19T12:05:17.853Z","pid":826,"hostname":"b4fd557d2fd1","module":"entitlements:repository","action":"findRedemptionByKey","entitlementId":"aab14f24-8d69-4a2f-801c-02f2ed224060","idempotencyKey":"c64f3bbb-c5c2-4295-ad4f-754454118b22","msg":"[entitlements:repository][findRedemptionByKey] Looking up redemption by idempotency key"}
{"level":20,"time":"2026-04-19T12:05:17.855Z","pid":826,"hostname":"b4fd557d2fd1","module":"entitlements:repository","action":"findById","id":"aab14f24-8d69-4a2f-801c-02f2ed224060","msg":"[entitlements:repository][findById] Looking up entitlement by id"}
{"level":30,"time":"2026-04-19T12:05:17.870Z","pid":826,"hostname":"b4fd557d2fd1","module":"audit","action":"write","eventId":"d90bbe51-f7ce-43f5-be9c-24f8660d975a","subjectType":"redemption","subjectId":"d965f2fa-2a4c-4ebf-a608-494354ea7ed0","auditAction":"redeem_success","msg":"[audit][write] Audit recorded: redeem_success on redemption d965f2fa-2a4c-4ebf-a608-494354ea7ed0"}
{"level":30,"time":"2026-04-19T12:05:17.870Z","pid":826,"hostname":"b4fd557d2fd1","module":"entitlements:routes","action":"redeem","entitlementId":"aab14f24-8d69-4a2f-801c-02f2ed224060","success":true,"redemptionId":"d965f2fa-2a4c-4ebf-a608-494354ea7ed0","msg":"[entitlements:routes][redeem] Entitlement redeemed"}
{"level":30,"time":"2026-04-19T12:05:17.870Z","pid":826,"hostname":"b4fd557d2fd1","module":"http","action":"response","method":"POST","url":"/entitlements/aab14f24-8d69-4a2f-801c-02f2ed224060/redeem","statusCode":200,"responseTime":25.026513000018895,"msg":"[http][response] [http][response] POST /entitlements/aab14f24-8d69-4a2f-801c-02f2ed224060/redeem 200 25.0ms"}
{"level":30,"time":"2026-04-19T12:05:17.871Z","pid":826,"hostname":"b4fd557d2fd1","module":"http","action":"request","method":"POST","url":"/entitlements/aab14f24-8d69-4a2f-801c-02f2ed224060/redeem","msg":"[http][request] [http][request] POST /entitlements/aab14f24-8d69-4a2f-801c-02f2ed224060/redeem"}
{"level":20,"time":"2026-04-19T12:05:17.873Z","pid":826,"hostname":"b4fd557d2fd1","module":"entitlements:repository","action":"findById","id":"aab14f24-8d69-4a2f-801c-02f2ed224060","msg":"[entitlements:repository][findById] Looking up entitlement by id"}
{"level":50,"time":"2026-04-19T12:05:17.875Z","pid":826,"hostname":"b4fd557d2fd1","module":"http","action":"error","err":{"type":"ForbiddenError","message":"You can only redeem your own entitlements","stack":"ForbiddenError: You can only redeem your own entitlements\n    at Object.<anonymous> (/app/src/modules/entitlements/routes.js:346:15)\n    at processTicksAndRejections (node:internal/process/task_queues:95:5)","name":"ForbiddenError","statusCode":403,"code":"FORBIDDEN"},"requestId":"req-i","msg":"[http][error] [http][error] You can only redeem your own entitlements"}
{"level":30,"time":"2026-04-19T12:05:17.876Z","pid":826,"hostname":"b4fd557d2fd1","module":"http","action":"response","method":"POST","url":"/entitlements/aab14f24-8d69-4a2f-801c-02f2ed224060/redeem","statusCode":403,"responseTime":5.155941999517381,"msg":"[http][response] [http][response] POST /entitlements/aab14f24-8d69-4a2f-801c-02f2ed224060/redeem 403 5.2ms"}
{"level":30,"time":"2026-04-19T12:05:17.877Z","pid":826,"hostname":"b4fd557d2fd1","module":"http","action":"request","method":"POST","url":"/entitlements/aab14f24-8d69-4a2f-801c-02f2ed224060/redeem","msg":"[http][request] [http][request] POST /entitlements/aab14f24-8d69-4a2f-801c-02f2ed224060/redeem"}
{"level":30,"time":"2026-04-19T12:05:17.879Z","pid":826,"hostname":"b4fd557d2fd1","module":"http","action":"response","method":"POST","url":"/entitlements/aab14f24-8d69-4a2f-801c-02f2ed224060/redeem","statusCode":403,"responseTime":2.0333949998021126,"msg":"[http][response] [http][response] POST /entitlements/aab14f24-8d69-4a2f-801c-02f2ed224060/redeem 403 2.0ms"}
{"level":30,"time":"2026-04-19T12:05:17.880Z","pid":826,"hostname":"b4fd557d2fd1","module":"http","action":"request","method":"POST","url":"/events","msg":"[http][request] [http][request] POST /events"}
{"level":30,"time":"2026-04-19T12:05:17.882Z","pid":826,"hostname":"b4fd557d2fd1","module":"http","action":"response","method":"POST","url":"/events","statusCode":403,"responseTime":1.7912579998373985,"msg":"[http][response] [http][response] POST /events 403 1.8ms"}
{"level":30,"time":"2026-04-19T12:05:17.882Z","pid":826,"hostname":"b4fd557d2fd1","module":"http","action":"request","method":"POST","url":"/auth/login","msg":"[http][request] [http][request] POST /auth/login"}
 ✓ tests/integration/authorization-gaps.integration.test.js > Entitlement ownership enforcement (real DB) > non-owner (planner) cannot redeem another users entitlement 6ms
 ✓ tests/integration/authorization-gaps.integration.test.js > Entitlement ownership enforcement (real DB) > non-owner without redeem permission gets 403 3ms
 ✓ tests/integration/authorization-gaps.integration.test.js > Role-based access control on event operations (real DB) > culinary_editor cannot create events (no event:create permission) 2ms
{"level":30,"time":"2026-04-19T12:05:18.002Z","pid":826,"hostname":"b4fd557d2fd1","module":"auth","action":"login","userId":"f9967b43-21b3-4db4-bd07-86ddb5f0c2f6","username":"analyst","msg":"[auth][login] User logged in"}
{"level":30,"time":"2026-04-19T12:05:18.003Z","pid":826,"hostname":"b4fd557d2fd1","module":"http","action":"response","method":"POST","url":"/auth/login","statusCode":200,"responseTime":120.83873699977994,"msg":"[http][response] [http][response] POST /auth/login 200 120.8ms"}
{"level":30,"time":"2026-04-19T12:05:18.004Z","pid":826,"hostname":"b4fd557d2fd1","module":"http","action":"request","method":"POST","url":"/events","msg":"[http][request] [http][request] POST /events"}
{"level":30,"time":"2026-04-19T12:05:18.007Z","pid":826,"hostname":"b4fd557d2fd1","module":"http","action":"response","method":"POST","url":"/events","statusCode":403,"responseTime":2.9650180004537106,"msg":"[http][response] [http][response] POST /events 403 3.0ms"}
{"level":30,"time":"2026-04-19T12:05:18.008Z","pid":826,"hostname":"b4fd557d2fd1","module":"http","action":"request","method":"POST","url":"/events","msg":"[http][request] [http][request] POST /events"}
{"level":30,"time":"2026-04-19T12:05:18.009Z","pid":826,"hostname":"b4fd557d2fd1","module":"events:service","action":"createEvent","userId":"6916a1fe-b5dd-4659-ae43-3fdf6cf513e6","msg":"[events:service][createEvent] Creating new event"}
{"level":20,"time":"2026-04-19T12:05:18.009Z","pid":826,"hostname":"b4fd557d2fd1","module":"events:repository","action":"create","data":{"title":"Planner Approve Attempt","description":null,"event_date":"2025-12-01","headcount":10,"budget_amount":1000,"budget_cap":25000,"state":"draft","created_by":"6916a1fe-b5dd-4659-ae43-3fdf6cf513e6"},"msg":"[events:repository][create] Creating event"}
{"level":30,"time":"2026-04-19T12:05:18.023Z","pid":826,"hostname":"b4fd557d2fd1","module":"audit","action":"write","eventId":"2304e630-bc94-4d45-9026-5eeaa9ef3d9b","subjectType":"event","subjectId":"2304e630-bc94-4d45-9026-5eeaa9ef3d9b","auditAction":"create","msg":"[audit][write] Audit recorded: create on event 2304e630-bc94-4d45-9026-5eeaa9ef3d9b"}
{"level":30,"time":"2026-04-19T12:05:18.023Z","pid":826,"hostname":"b4fd557d2fd1","module":"events:routes","action":"create","eventId":"2304e630-bc94-4d45-9026-5eeaa9ef3d9b","msg":"[events:routes][create] Event created"}
{"level":30,"time":"2026-04-19T12:05:18.024Z","pid":826,"hostname":"b4fd557d2fd1","module":"http","action":"response","method":"POST","url":"/events","statusCode":201,"responseTime":16.174069999717176,"msg":"[http][response] [http][response] POST /events 201 16.2ms"}
{"level":30,"time":"2026-04-19T12:05:18.024Z","pid":826,"hostname":"b4fd557d2fd1","module":"http","action":"request","method":"POST","url":"/events/2304e630-bc94-4d45-9026-5eeaa9ef3d9b/service-windows","msg":"[http][request] [http][request] POST /events/2304e630-bc94-4d45-9026-5eeaa9ef3d9b/service-windows"}
{"level":20,"time":"2026-04-19T12:05:18.026Z","pid":826,"hostname":"b4fd557d2fd1","module":"events:repository","action":"findById","id":"2304e630-bc94-4d45-9026-5eeaa9ef3d9b","msg":"[events:repository][findById] Looking up event by id"}
{"level":20,"time":"2026-04-19T12:05:18.027Z","pid":826,"hostname":"b4fd557d2fd1","module":"events:repository","action":"addServiceWindow","data":{"event_id":"2304e630-bc94-4d45-9026-5eeaa9ef3d9b","label":"Service","start_at":"2025-12-01T10:00:00+00:00","end_at":"2025-12-01T14:00:00+00:00"},"msg":"[events:repository][addServiceWindow] Adding service window"}
{"level":30,"time":"2026-04-19T12:05:18.033Z","pid":826,"hostname":"b4fd557d2fd1","module":"events:routes","action":"addServiceWindow","eventId":"2304e630-bc94-4d45-9026-5eeaa9ef3d9b","windowId":"902b83c5-faa9-41e0-92d7-0424ed67a1cb","msg":"[events:routes][addServiceWindow] Service window added to event"}
{"level":30,"time":"2026-04-19T12:05:18.034Z","pid":826,"hostname":"b4fd557d2fd1","module":"http","action":"response","method":"POST","url":"/events/2304e630-bc94-4d45-9026-5eeaa9ef3d9b/service-windows","statusCode":201,"responseTime":9.57202700059861,"msg":"[http][response] [http][response] POST /events/2304e630-bc94-4d45-9026-5eeaa9ef3d9b/service-windows 201 9.6ms"}
{"level":30,"time":"2026-04-19T12:05:18.039Z","pid":826,"hostname":"b4fd557d2fd1","module":"http","action":"request","method":"PATCH","url":"/events/2304e630-bc94-4d45-9026-5eeaa9ef3d9b/state","msg":"[http][request] [http][request] PATCH /events/2304e630-bc94-4d45-9026-5eeaa9ef3d9b/state"}
{"level":20,"time":"2026-04-19T12:05:18.041Z","pid":826,"hostname":"b4fd557d2fd1","module":"events:repository","action":"findById","id":"2304e630-bc94-4d45-9026-5eeaa9ef3d9b","msg":"[events:repository][findById] Looking up event by id"}
{"level":30,"time":"2026-04-19T12:05:18.042Z","pid":826,"hostname":"b4fd557d2fd1","module":"events:service","action":"transitionState","userId":"6916a1fe-b5dd-4659-ae43-3fdf6cf513e6","eventId":"2304e630-bc94-4d45-9026-5eeaa9ef3d9b","newState":"submitted","msg":"[events:service][transitionState] Transitioning event state"}
{"level":20,"time":"2026-04-19T12:05:18.042Z","pid":826,"hostname":"b4fd557d2fd1","module":"events:repository","action":"findById","id":"2304e630-bc94-4d45-9026-5eeaa9ef3d9b","msg":"[events:repository][findById] Looking up event by id"}
{"level":20,"time":"2026-04-19T12:05:18.043Z","pid":826,"hostname":"b4fd557d2fd1","module":"events:repository","action":"getServiceWindows","eventId":"2304e630-bc94-4d45-9026-5eeaa9ef3d9b","msg":"[events:repository][getServiceWindows] Listing service windows"}
{"level":20,"time":"2026-04-19T12:05:18.044Z","pid":826,"hostname":"b4fd557d2fd1","module":"events:repository","action":"getMaterials","eventId":"2304e630-bc94-4d45-9026-5eeaa9ef3d9b","msg":"[events:repository][getMaterials] Listing materials"}
{"level":30,"time":"2026-04-19T12:05:18.045Z","pid":826,"hostname":"b4fd557d2fd1","module":"events:repository","action":"updateState","id":"2304e630-bc94-4d45-9026-5eeaa9ef3d9b","newState":"submitted","msg":"[events:repository][updateState] Updating event state"}
{"level":30,"time":"2026-04-19T12:05:18.056Z","pid":826,"hostname":"b4fd557d2fd1","module":"audit","action":"write","eventId":"2304e630-bc94-4d45-9026-5eeaa9ef3d9b","subjectType":"event","subjectId":"2304e630-bc94-4d45-9026-5eeaa9ef3d9b","auditAction":"state_transition","msg":"[audit][write] Audit recorded: state_transition on event 2304e630-bc94-4d45-9026-5eeaa9ef3d9b"}
{"level":30,"time":"2026-04-19T12:05:18.056Z","pid":826,"hostname":"b4fd557d2fd1","module":"events:routes","action":"transitionState","eventId":"2304e630-bc94-4d45-9026-5eeaa9ef3d9b","newState":"submitted","msg":"[events:routes][transitionState] Event state transitioned to submitted"}
{"level":30,"time":"2026-04-19T12:05:18.056Z","pid":826,"hostname":"b4fd557d2fd1","module":"http","action":"response","method":"PATCH","url":"/events/2304e630-bc94-4d45-9026-5eeaa9ef3d9b/state","statusCode":200,"responseTime":17.167547999881208,"msg":"[http][response] [http][response] PATCH /events/2304e630-bc94-4d45-9026-5eeaa9ef3d9b/state 200 17.2ms"}
{"level":30,"time":"2026-04-19T12:05:18.056Z","pid":826,"hostname":"b4fd557d2fd1","module":"http","action":"request","method":"PATCH","url":"/events/2304e630-bc94-4d45-9026-5eeaa9ef3d9b/state","msg":"[http][request] [http][request] PATCH /events/2304e630-bc94-4d45-9026-5eeaa9ef3d9b/state"}
{"level":30,"time":"2026-04-19T12:05:18.058Z","pid":826,"hostname":"b4fd557d2fd1","module":"http","action":"response","method":"PATCH","url":"/events/2304e630-bc94-4d45-9026-5eeaa9ef3d9b/state","statusCode":403,"responseTime":1.7555729998275638,"msg":"[http][response] [http][response] PATCH /events/2304e630-bc94-4d45-9026-5eeaa9ef3d9b/state 403 1.8ms"}
{"level":30,"time":"2026-04-19T12:05:18.059Z","pid":826,"hostname":"b4fd557d2fd1","module":"http","action":"request","method":"POST","url":"/events","msg":"[http][request] [http][request] POST /events"}
{"level":30,"time":"2026-04-19T12:05:18.061Z","pid":826,"hostname":"b4fd557d2fd1","module":"events:service","action":"createEvent","userId":"6916a1fe-b5dd-4659-ae43-3fdf6cf513e6","msg":"[events:service][createEvent] Creating new event"}
{"level":20,"time":"2026-04-19T12:05:18.061Z","pid":826,"hostname":"b4fd557d2fd1","module":"events:repository","action":"create","data":{"title":"Approver Test Event","description":null,"event_date":"2025-12-01","headcount":10,"budget_amount":1000,"budget_cap":25000,"state":"draft","created_by":"6916a1fe-b5dd-4659-ae43-3fdf6cf513e6"},"msg":"[events:repository][create] Creating event"}
{"level":30,"time":"2026-04-19T12:05:18.072Z","pid":826,"hostname":"b4fd557d2fd1","module":"audit","action":"write","eventId":"95f90278-df4f-4b38-8a53-5414dee785ad","subjectType":"event","subjectId":"95f90278-df4f-4b38-8a53-5414dee785ad","auditAction":"create","msg":"[audit][write] Audit recorded: create on event 95f90278-df4f-4b38-8a53-5414dee785ad"}
{"level":30,"time":"2026-04-19T12:05:18.072Z","pid":826,"hostname":"b4fd557d2fd1","module":"events:routes","action":"create","eventId":"95f90278-df4f-4b38-8a53-5414dee785ad","msg":"[events:routes][create] Event created"}
{"level":30,"time":"2026-04-19T12:05:18.072Z","pid":826,"hostname":"b4fd557d2fd1","module":"http","action":"response","method":"POST","url":"/events","statusCode":201,"responseTime":13.167782000266016,"msg":"[http][response] [http][response] POST /events 201 13.2ms"}
{"level":30,"time":"2026-04-19T12:05:18.073Z","pid":826,"hostname":"b4fd557d2fd1","module":"http","action":"request","method":"POST","url":"/events/95f90278-df4f-4b38-8a53-5414dee785ad/service-windows","msg":"[http][request] [http][request] POST /events/95f90278-df4f-4b38-8a53-5414dee785ad/service-windows"}
{"level":20,"time":"2026-04-19T12:05:18.075Z","pid":826,"hostname":"b4fd557d2fd1","module":"events:repository","action":"findById","id":"95f90278-df4f-4b38-8a53-5414dee785ad","msg":"[events:repository][findById] Looking up event by id"}
{"level":20,"time":"2026-04-19T12:05:18.076Z","pid":826,"hostname":"b4fd557d2fd1","module":"events:repository","action":"addServiceWindow","data":{"event_id":"95f90278-df4f-4b38-8a53-5414dee785ad","label":"Service","start_at":"2025-12-01T10:00:00+00:00","end_at":"2025-12-01T14:00:00+00:00"},"msg":"[events:repository][addServiceWindow] Adding service window"}
{"level":30,"time":"2026-04-19T12:05:18.083Z","pid":826,"hostname":"b4fd557d2fd1","module":"events:routes","action":"addServiceWindow","eventId":"95f90278-df4f-4b38-8a53-5414dee785ad","windowId":"9242101d-58da-430e-93c6-81f447b80336","msg":"[events:routes][addServiceWindow] Service window added to event"}
{"level":30,"time":"2026-04-19T12:05:18.083Z","pid":826,"hostname":"b4fd557d2fd1","module":"http","action":"response","method":"POST","url":"/events/95f90278-df4f-4b38-8a53-5414dee785ad/service-windows","statusCode":201,"responseTime":10.707105000503361,"msg":"[http][response] [http][response] POST /events/95f90278-df4f-4b38-8a53-5414dee785ad/service-windows 201 10.7ms"}
{"level":30,"time":"2026-04-19T12:05:18.089Z","pid":826,"hostname":"b4fd557d2fd1","module":"http","action":"request","method":"PATCH","url":"/events/95f90278-df4f-4b38-8a53-5414dee785ad/state","msg":"[http][request] [http][request] PATCH /events/95f90278-df4f-4b38-8a53-5414dee785ad/state"}
{"level":20,"time":"2026-04-19T12:05:18.090Z","pid":826,"hostname":"b4fd557d2fd1","module":"events:repository","action":"findById","id":"95f90278-df4f-4b38-8a53-5414dee785ad","msg":"[events:repository][findById] Looking up event by id"}
{"level":30,"time":"2026-04-19T12:05:18.092Z","pid":826,"hostname":"b4fd557d2fd1","module":"events:service","action":"transitionState","userId":"6916a1fe-b5dd-4659-ae43-3fdf6cf513e6","eventId":"95f90278-df4f-4b38-8a53-5414dee785ad","newState":"submitted","msg":"[events:service][transitionState] Transitioning event state"}
{"level":20,"time":"2026-04-19T12:05:18.092Z","pid":826,"hostname":"b4fd557d2fd1","module":"events:repository","action":"findById","id":"95f90278-df4f-4b38-8a53-5414dee785ad","msg":"[events:repository][findById] Looking up event by id"}
{"level":20,"time":"2026-04-19T12:05:18.094Z","pid":826,"hostname":"b4fd557d2fd1","module":"events:repository","action":"getServiceWindows","eventId":"95f90278-df4f-4b38-8a53-5414dee785ad","msg":"[events:repository][getServiceWindows] Listing service windows"}
{"level":20,"time":"2026-04-19T12:05:18.095Z","pid":826,"hostname":"b4fd557d2fd1","module":"events:repository","action":"getMaterials","eventId":"95f90278-df4f-4b38-8a53-5414dee785ad","msg":"[events:repository][getMaterials] Listing materials"}
{"level":30,"time":"2026-04-19T12:05:18.096Z","pid":826,"hostname":"b4fd557d2fd1","module":"events:repository","action":"updateState","id":"95f90278-df4f-4b38-8a53-5414dee785ad","newState":"submitted","msg":"[events:repository][updateState] Updating event state"}
 ✓ tests/integration/authorization-gaps.integration.test.js > Role-based access control on event operations (real DB) > inventory_analyst cannot create events 125ms
 ✓ tests/integration/authorization-gaps.integration.test.js > Role-based access control on event operations (real DB) > planner cannot approve events (no event:approve permission) 51ms
{"level":30,"time":"2026-04-19T12:05:18.109Z","pid":826,"hostname":"b4fd557d2fd1","module":"audit","action":"write","eventId":"95f90278-df4f-4b38-8a53-5414dee785ad","subjectType":"event","subjectId":"95f90278-df4f-4b38-8a53-5414dee785ad","auditAction":"state_transition","msg":"[audit][write] Audit recorded: state_transition on event 95f90278-df4f-4b38-8a53-5414dee785ad"}
{"level":30,"time":"2026-04-19T12:05:18.109Z","pid":826,"hostname":"b4fd557d2fd1","module":"events:routes","action":"transitionState","eventId":"95f90278-df4f-4b38-8a53-5414dee785ad","newState":"submitted","msg":"[events:routes][transitionState] Event state transitioned to submitted"}
{"level":30,"time":"2026-04-19T12:05:18.109Z","pid":826,"hostname":"b4fd557d2fd1","module":"http","action":"response","method":"PATCH","url":"/events/95f90278-df4f-4b38-8a53-5414dee785ad/state","statusCode":200,"responseTime":20.69793300051242,"msg":"[http][response] [http][response] PATCH /events/95f90278-df4f-4b38-8a53-5414dee785ad/state 200 20.7ms"}
{"level":30,"time":"2026-04-19T12:05:18.110Z","pid":826,"hostname":"b4fd557d2fd1","module":"http","action":"request","method":"PATCH","url":"/events/95f90278-df4f-4b38-8a53-5414dee785ad/state","msg":"[http][request] [http][request] PATCH /events/95f90278-df4f-4b38-8a53-5414dee785ad/state"}
{"level":30,"time":"2026-04-19T12:05:18.112Z","pid":826,"hostname":"b4fd557d2fd1","module":"events:service","action":"transitionState","userId":"48535173-83bf-40c3-bbff-2f6aaeb44b6a","eventId":"95f90278-df4f-4b38-8a53-5414dee785ad","newState":"approved","msg":"[events:service][transitionState] Transitioning event state"}
{"level":20,"time":"2026-04-19T12:05:18.112Z","pid":826,"hostname":"b4fd557d2fd1","module":"events:repository","action":"findById","id":"95f90278-df4f-4b38-8a53-5414dee785ad","msg":"[events:repository][findById] Looking up event by id"}
{"level":20,"time":"2026-04-19T12:05:18.114Z","pid":826,"hostname":"b4fd557d2fd1","module":"approvals:repository","action":"hasPendingForEvent","eventId":"95f90278-df4f-4b38-8a53-5414dee785ad","msg":"[approvals:repository][hasPendingForEvent] Checking pending approvals for event"}
{"level":30,"time":"2026-04-19T12:05:18.115Z","pid":826,"hostname":"b4fd557d2fd1","module":"events:repository","action":"updateState","id":"95f90278-df4f-4b38-8a53-5414dee785ad","newState":"approved","msg":"[events:repository][updateState] Updating event state"}
{"level":30,"time":"2026-04-19T12:05:18.127Z","pid":826,"hostname":"b4fd557d2fd1","module":"audit","action":"write","eventId":"95f90278-df4f-4b38-8a53-5414dee785ad","subjectType":"event","subjectId":"95f90278-df4f-4b38-8a53-5414dee785ad","auditAction":"state_transition","msg":"[audit][write] Audit recorded: state_transition on event 95f90278-df4f-4b38-8a53-5414dee785ad"}
{"level":30,"time":"2026-04-19T12:05:18.127Z","pid":826,"hostname":"b4fd557d2fd1","module":"events:service","action":"triggerEntitlementAutoIssuance","eventId":"95f90278-df4f-4b38-8a53-5414dee785ad","msg":"[events:service][triggerEntitlementAutoIssuance] Triggering auto-issuance of entitlements"}
{"level":20,"time":"2026-04-19T12:05:18.127Z","pid":826,"hostname":"b4fd557d2fd1","module":"events:repository","action":"findById","id":"95f90278-df4f-4b38-8a53-5414dee785ad","msg":"[events:repository][findById] Looking up event by id"}
{"level":40,"time":"2026-04-19T12:05:18.130Z","pid":826,"hostname":"b4fd557d2fd1","module":"events:service","action":"triggerEntitlementAutoIssuance","ruleId":"4e47255a-5ff0-44b1-8b4f-d6f874befe51","formula":"10_per_role","msg":"[events:service][triggerEntitlementAutoIssuance] Failed to evaluate quantity formula, skipping rule"}
{"level":30,"time":"2026-04-19T12:05:18.130Z","pid":826,"hostname":"b4fd557d2fd1","module":"events:routes","action":"transitionState","eventId":"95f90278-df4f-4b38-8a53-5414dee785ad","newState":"approved","msg":"[events:routes][transitionState] Event state transitioned to approved"}
{"level":30,"time":"2026-04-19T12:05:18.130Z","pid":826,"hostname":"b4fd557d2fd1","module":"http","action":"response","method":"PATCH","url":"/events/95f90278-df4f-4b38-8a53-5414dee785ad/state","statusCode":200,"responseTime":20.18262800015509,"msg":"[http][response] [http][response] PATCH /events/95f90278-df4f-4b38-8a53-5414dee785ad/state 200 20.2ms"}
 ✓ tests/integration/authorization-gaps.integration.test.js > Role-based access control on event operations (real DB) > approver role CAN approve submitted events 72ms
{"level":30,"time":"2026-04-19T12:05:20.967Z","pid":826,"hostname":"b4fd557d2fd1","module":"db","action":"migrate","msg":"[db][migrate] Running database migrations"}
{"level":30,"time":"2026-04-19T12:05:21.017Z","pid":826,"hostname":"b4fd557d2fd1","module":"db","action":"migrate","msg":"[db][migrate] Database is already up to date"}
 ✓ tests/integration/admin.integration.test.js > Admin roles + manager-scopes (real DB) > GET /admin/roles > returns the full roles list for admin (200) 5ms
 ✓ tests/integration/admin.integration.test.js > Admin roles + manager-scopes (real DB) > GET /admin/roles > returns 403 for a regular user 2ms
 ✓ tests/integration/admin.integration.test.js > Admin roles + manager-scopes (real DB) > POST /admin/users/:id/roles > assigns a new role to a user (201) and persists it 20ms
 ✓ tests/integration/admin.integration.test.js > Admin roles + manager-scopes (real DB) > POST /admin/users/:id/roles > returns 409 when assigning the same role twice 13ms
 ✓ tests/integration/admin.integration.test.js > Admin roles + manager-scopes (real DB) > POST /admin/users/:id/roles > returns 403 when a non-admin tries to assign a role 3ms
 ✓ tests/integration/admin.integration.test.js > Admin roles + manager-scopes (real DB) > DELETE /admin/users/:id/roles/:roleId > removes an existing role (200) 28ms
 ✓ tests/integration/admin.integration.test.js > Admin roles + manager-scopes (real DB) > DELETE /admin/users/:id/roles/:roleId > returns 404 when the pairing does not exist 14ms
 ✓ tests/integration/admin.integration.test.js > Admin roles + manager-scopes (real DB) > DELETE /admin/users/:id/roles/:roleId > returns 403 for non-admin caller 3ms
 ✓ tests/integration/admin.integration.test.js > Admin roles + manager-scopes (real DB) > POST /admin/users/:id/manager-scopes > creates a manager scope (201) 18ms
 ✓ tests/integration/admin.integration.test.js > Admin roles + manager-scopes (real DB) > POST /admin/users/:id/manager-scopes > returns 422 when eventId is missing 2ms
 ✓ tests/integration/admin.integration.test.js > Admin roles + manager-scopes (real DB) > GET /admin/users/:id/manager-scopes > returns the list of scopes for a user (200) 5ms
 ✓ tests/integration/admin.integration.test.js > Admin roles + manager-scopes (real DB) > GET /admin/users/:id/manager-scopes > returns 404 for an unknown user 3ms
 ✓ tests/integration/admin.integration.test.js > Admin roles + manager-scopes (real DB) > DELETE /admin/users/:id/manager-scopes/:eventId > removes an existing manager scope (200) 17ms
 ✓ tests/integration/admin.integration.test.js > Admin roles + manager-scopes (real DB) > DELETE /admin/users/:id/manager-scopes/:eventId > returns 404 when the scope does not exist 3ms
 ✓ tests/integration/admin.integration.test.js > Admin roles + manager-scopes (real DB) > DELETE /admin/users/:id/manager-scopes/:eventId > returns 403 for non-admin caller 2ms
 ✓ tests/integration/admin.integration.test.js > Admin roles + manager-scopes (real DB) > GET /admin/audit-trail > returns paginated audit entries for admins (200) 8ms
 ✓ tests/integration/admin.integration.test.js > Admin roles + manager-scopes (real DB) > GET /admin/audit-trail > filters by action when a valid query is supplied 5ms
 ✓ tests/integration/admin.integration.test.js > Admin roles + manager-scopes (real DB) > GET /admin/audit-trail > returns 403 for non-admin callers 2ms
{"level":30,"time":"2026-04-19T12:05:22.116Z","pid":826,"hostname":"b4fd557d2fd1","module":"http","action":"request","method":"POST","url":"/auth/login","msg":"[http][request] [http][request] POST /auth/login"}
{"level":30,"time":"2026-04-19T12:05:22.249Z","pid":826,"hostname":"b4fd557d2fd1","module":"auth","action":"login","userId":"c42c3a6f-d48a-4839-87c7-df182e2cb09f","username":"admin","msg":"[auth][login] User logged in"}
{"level":30,"time":"2026-04-19T12:05:22.250Z","pid":826,"hostname":"b4fd557d2fd1","module":"http","action":"response","method":"POST","url":"/auth/login","statusCode":200,"responseTime":133.85364500060678,"msg":"[http][response] [http][response] POST /auth/login 200 133.9ms"}
{"level":30,"time":"2026-04-19T12:05:22.250Z","pid":826,"hostname":"b4fd557d2fd1","module":"http","action":"request","method":"POST","url":"/auth/login","msg":"[http][request] [http][request] POST /auth/login"}
{"level":30,"time":"2026-04-19T12:05:22.368Z","pid":826,"hostname":"b4fd557d2fd1","module":"auth","action":"login","userId":"90b3b95d-4c8a-45d1-8a82-0c7e9d6bfb19","username":"planner","msg":"[auth][login] User logged in"}
{"level":30,"time":"2026-04-19T12:05:22.369Z","pid":826,"hostname":"b4fd557d2fd1","module":"http","action":"response","method":"POST","url":"/auth/login","statusCode":200,"responseTime":118.40815899986774,"msg":"[http][response] [http][response] POST /auth/login 200 118.4ms"}
{"level":30,"time":"2026-04-19T12:05:22.369Z","pid":826,"hostname":"b4fd557d2fd1","module":"http","action":"request","method":"POST","url":"/auth/login","msg":"[http][request] [http][request] POST /auth/login"}
{"level":30,"time":"2026-04-19T12:05:22.483Z","pid":826,"hostname":"b4fd557d2fd1","module":"auth","action":"login","userId":"ea3bf699-a5f8-496b-9327-5f1a55f628dc","username":"chef","msg":"[auth][login] User logged in"}
{"level":30,"time":"2026-04-19T12:05:22.484Z","pid":826,"hostname":"b4fd557d2fd1","module":"http","action":"response","method":"POST","url":"/auth/login","statusCode":200,"responseTime":114.77527099940926,"msg":"[http][response] [http][response] POST /auth/login 200 114.8ms"}
{"level":30,"time":"2026-04-19T12:05:22.486Z","pid":826,"hostname":"b4fd557d2fd1","module":"http","action":"request","method":"POST","url":"/events","msg":"[http][request] [http][request] POST /events"}
{"level":30,"time":"2026-04-19T12:05:22.488Z","pid":826,"hostname":"b4fd557d2fd1","module":"events:service","action":"createEvent","userId":"c42c3a6f-d48a-4839-87c7-df182e2cb09f","msg":"[events:service][createEvent] Creating new event"}
{"level":20,"time":"2026-04-19T12:05:22.488Z","pid":826,"hostname":"b4fd557d2fd1","module":"events:repository","action":"create","data":{"title":"Admin Scope Test Event","description":null,"event_date":"2026-06-15","headcount":20,"budget_amount":2000,"budget_cap":25000,"state":"draft","created_by":"c42c3a6f-d48a-4839-87c7-df182e2cb09f"},"msg":"[events:repository][create] Creating event"}
{"level":30,"time":"2026-04-19T12:05:22.507Z","pid":826,"hostname":"b4fd557d2fd1","module":"audit","action":"write","eventId":"708d7fd6-7b28-453d-ad05-8dd5ba651c83","subjectType":"event","subjectId":"708d7fd6-7b28-453d-ad05-8dd5ba651c83","auditAction":"create","msg":"[audit][write] Audit recorded: create on event 708d7fd6-7b28-453d-ad05-8dd5ba651c83"}
{"level":30,"time":"2026-04-19T12:05:22.507Z","pid":826,"hostname":"b4fd557d2fd1","module":"events:routes","action":"create","eventId":"708d7fd6-7b28-453d-ad05-8dd5ba651c83","msg":"[events:routes][create] Event created"}
{"level":30,"time":"2026-04-19T12:05:22.507Z","pid":826,"hostname":"b4fd557d2fd1","module":"http","action":"response","method":"POST","url":"/events","statusCode":201,"responseTime":21.13731800019741,"msg":"[http][response] [http][response] POST /events 201 21.1ms"}
{"level":30,"time":"2026-04-19T12:05:22.508Z","pid":826,"hostname":"b4fd557d2fd1","module":"http","action":"request","method":"GET","url":"/admin/roles","msg":"[http][request] [http][request] GET /admin/roles"}
{"level":20,"time":"2026-04-19T12:05:22.510Z","pid":826,"hostname":"b4fd557d2fd1","module":"roles:repository","action":"findAll","msg":"[roles:repository][findAll] Listing all roles"}
{"level":30,"time":"2026-04-19T12:05:22.511Z","pid":826,"hostname":"b4fd557d2fd1","module":"roles:routes","action":"listRoles","count":6,"msg":"[roles:routes][listRoles] Listed all roles"}
{"level":30,"time":"2026-04-19T12:05:22.512Z","pid":826,"hostname":"b4fd557d2fd1","module":"http","action":"response","method":"GET","url":"/admin/roles","statusCode":200,"responseTime":3.51921399962157,"msg":"[http][response] [http][response] GET /admin/roles 200 3.5ms"}
{"level":30,"time":"2026-04-19T12:05:22.513Z","pid":826,"hostname":"b4fd557d2fd1","module":"http","action":"request","method":"GET","url":"/admin/roles","msg":"[http][request] [http][request] GET /admin/roles"}
{"level":30,"time":"2026-04-19T12:05:22.514Z","pid":826,"hostname":"b4fd557d2fd1","module":"http","action":"response","method":"GET","url":"/admin/roles","statusCode":403,"responseTime":1.4710290003567934,"msg":"[http][response] [http][response] GET /admin/roles 403 1.5ms"}
{"level":30,"time":"2026-04-19T12:05:22.515Z","pid":826,"hostname":"b4fd557d2fd1","module":"http","action":"request","method":"POST","url":"/admin/users/ea3bf699-a5f8-496b-9327-5f1a55f628dc/roles","msg":"[http][request] [http][request] POST /admin/users/ea3bf699-a5f8-496b-9327-5f1a55f628dc/roles"}
{"level":20,"time":"2026-04-19T12:05:22.518Z","pid":826,"hostname":"b4fd557d2fd1","module":"roles:repository","action":"findByName","name":"approver","msg":"[roles:repository][findByName] Looking up role by name"}
{"level":30,"time":"2026-04-19T12:05:22.520Z","pid":826,"hostname":"b4fd557d2fd1","module":"roles:repository","action":"assignRole","userId":"ea3bf699-a5f8-496b-9327-5f1a55f628dc","roleId":"8a89476e-aefc-45da-818e-b9c2a384d5d6","msg":"[roles:repository][assignRole] Assigning role to user"}
{"level":30,"time":"2026-04-19T12:05:22.532Z","pid":826,"hostname":"b4fd557d2fd1","module":"audit","action":"write","eventId":null,"subjectType":"user_role","subjectId":"ea3bf699-a5f8-496b-9327-5f1a55f628dc","auditAction":"assign_role","msg":"[audit][write] Audit recorded: assign_role on user_role ea3bf699-a5f8-496b-9327-5f1a55f628dc"}
{"level":30,"time":"2026-04-19T12:05:22.532Z","pid":826,"hostname":"b4fd557d2fd1","module":"roles:routes","action":"assignRole","userId":"ea3bf699-a5f8-496b-9327-5f1a55f628dc","roleName":"approver","msg":"[roles:routes][assignRole] Role 'approver' assigned to user"}
{"level":30,"time":"2026-04-19T12:05:22.532Z","pid":826,"hostname":"b4fd557d2fd1","module":"http","action":"response","method":"POST","url":"/admin/users/ea3bf699-a5f8-496b-9327-5f1a55f628dc/roles","statusCode":201,"responseTime":17.01694899983704,"msg":"[http][response] [http][response] POST /admin/users/ea3bf699-a5f8-496b-9327-5f1a55f628dc/roles 201 17.0ms"}
{"level":30,"time":"2026-04-19T12:05:22.535Z","pid":826,"hostname":"b4fd557d2fd1","module":"http","action":"request","method":"POST","url":"/admin/users/ea3bf699-a5f8-496b-9327-5f1a55f628dc/roles","msg":"[http][request] [http][request] POST /admin/users/ea3bf699-a5f8-496b-9327-5f1a55f628dc/roles"}
{"level":20,"time":"2026-04-19T12:05:22.537Z","pid":826,"hostname":"b4fd557d2fd1","module":"roles:repository","action":"findByName","name":"culinary_editor","msg":"[roles:repository][findByName] Looking up role by name"}
{"level":50,"time":"2026-04-19T12:05:22.539Z","pid":826,"hostname":"b4fd557d2fd1","module":"http","action":"error","err":{"type":"ConflictError","message":"User already has role 'culinary_editor'","stack":"ConflictError: User already has role 'culinary_editor'\n    at Object.<anonymous> (/app/src/modules/roles/routes.js:113:15)\n    at processTicksAndRejections (node:internal/process/task_queues:95:5)","name":"ConflictError","statusCode":409,"code":"CONFLICT","details":{"userId":"ea3bf699-a5f8-496b-9327-5f1a55f628dc","roleName":"culinary_editor"}},"requestId":"req-8","msg":"[http][error] [http][error] User already has role 'culinary_editor'"}
{"level":30,"time":"2026-04-19T12:05:22.548Z","pid":826,"hostname":"b4fd557d2fd1","module":"http","action":"response","method":"POST","url":"/admin/users/ea3bf699-a5f8-496b-9327-5f1a55f628dc/roles","statusCode":409,"responseTime":12.716709000058472,"msg":"[http][response] [http][response] POST /admin/users/ea3bf699-a5f8-496b-9327-5f1a55f628dc/roles 409 12.7ms"}
{"level":30,"time":"2026-04-19T12:05:22.548Z","pid":826,"hostname":"b4fd557d2fd1","module":"http","action":"request","method":"POST","url":"/admin/users/ea3bf699-a5f8-496b-9327-5f1a55f628dc/roles","msg":"[http][request] [http][request] POST /admin/users/ea3bf699-a5f8-496b-9327-5f1a55f628dc/roles"}
{"level":30,"time":"2026-04-19T12:05:22.551Z","pid":826,"hostname":"b4fd557d2fd1","module":"http","action":"response","method":"POST","url":"/admin/users/ea3bf699-a5f8-496b-9327-5f1a55f628dc/roles","statusCode":403,"responseTime":2.726088000461459,"msg":"[http][response] [http][response] POST /admin/users/ea3bf699-a5f8-496b-9327-5f1a55f628dc/roles 403 2.7ms"}
{"level":30,"time":"2026-04-19T12:05:22.559Z","pid":826,"hostname":"b4fd557d2fd1","module":"http","action":"request","method":"DELETE","url":"/admin/users/ea3bf699-a5f8-496b-9327-5f1a55f628dc/roles/0fc1dcd7-0d63-4923-a0d8-a0084fdbebc1","msg":"[http][request] [http][request] DELETE /admin/users/ea3bf699-a5f8-496b-9327-5f1a55f628dc/roles/0fc1dcd7-0d63-4923-a0d8-a0084fdbebc1"}
{"level":30,"time":"2026-04-19T12:05:22.562Z","pid":826,"hostname":"b4fd557d2fd1","module":"roles:repository","action":"removeRole","userId":"ea3bf699-a5f8-496b-9327-5f1a55f628dc","roleId":"0fc1dcd7-0d63-4923-a0d8-a0084fdbebc1","msg":"[roles:repository][removeRole] Removing role from user"}
{"level":30,"time":"2026-04-19T12:05:22.576Z","pid":826,"hostname":"b4fd557d2fd1","module":"audit","action":"write","eventId":null,"subjectType":"user_role","subjectId":"ea3bf699-a5f8-496b-9327-5f1a55f628dc","auditAction":"remove_role","msg":"[audit][write] Audit recorded: remove_role on user_role ea3bf699-a5f8-496b-9327-5f1a55f628dc"}
{"level":30,"time":"2026-04-19T12:05:22.576Z","pid":826,"hostname":"b4fd557d2fd1","module":"roles:routes","action":"removeRole","userId":"ea3bf699-a5f8-496b-9327-5f1a55f628dc","roleId":"0fc1dcd7-0d63-4923-a0d8-a0084fdbebc1","msg":"[roles:routes][removeRole] Role removed from user"}
{"level":30,"time":"2026-04-19T12:05:22.577Z","pid":826,"hostname":"b4fd557d2fd1","module":"http","action":"response","method":"DELETE","url":"/admin/users/ea3bf699-a5f8-496b-9327-5f1a55f628dc/roles/0fc1dcd7-0d63-4923-a0d8-a0084fdbebc1","statusCode":200,"responseTime":18.24552999995649,"msg":"[http][response] [http][response] DELETE /admin/users/ea3bf699-a5f8-496b-9327-5f1a55f628dc/roles/0fc1dcd7-0d63-4923-a0d8-a0084fdbebc1 200 18.2ms"}
{"level":30,"time":"2026-04-19T12:05:22.580Z","pid":826,"hostname":"b4fd557d2fd1","module":"http","action":"request","method":"DELETE","url":"/admin/users/ea3bf699-a5f8-496b-9327-5f1a55f628dc/roles/3513191e-7ddc-4958-ab2b-af257039fc21","msg":"[http][request] [http][request] DELETE /admin/users/ea3bf699-a5f8-496b-9327-5f1a55f628dc/roles/3513191e-7ddc-4958-ab2b-af257039fc21"}
{"level":30,"time":"2026-04-19T12:05:22.584Z","pid":826,"hostname":"b4fd557d2fd1","module":"roles:repository","action":"removeRole","userId":"ea3bf699-a5f8-496b-9327-5f1a55f628dc","roleId":"3513191e-7ddc-4958-ab2b-af257039fc21","msg":"[roles:repository][removeRole] Removing role from user"}
{"level":50,"time":"2026-04-19T12:05:22.592Z","pid":826,"hostname":"b4fd557d2fd1","module":"http","action":"error","err":{"type":"NotFoundError","message":"UserRole with id 'ea3bf699-a5f8-496b-9327-5f1a55f628dc/3513191e-7ddc-4958-ab2b-af257039fc21' not found","stack":"NotFoundError: UserRole with id 'ea3bf699-a5f8-496b-9327-5f1a55f628dc/3513191e-7ddc-4958-ab2b-af257039fc21' not found\n    at Object.<anonymous> (/app/src/modules/roles/routes.js:163:15)\n    at processTicksAndRejections (node:internal/process/task_queues:95:5)","name":"NotFoundError","statusCode":404,"code":"NOT_FOUND","details":{"resource":"UserRole","id":"ea3bf699-a5f8-496b-9327-5f1a55f628dc/3513191e-7ddc-4958-ab2b-af257039fc21"}},"requestId":"req-b","msg":"[http][error] [http][error] UserRole with id 'ea3bf699-a5f8-496b-9327-5f1a55f628dc/3513191e-7ddc-4958-ab2b-af257039fc21' not found"}
{"level":30,"time":"2026-04-19T12:05:22.593Z","pid":826,"hostname":"b4fd557d2fd1","module":"http","action":"response","method":"DELETE","url":"/admin/users/ea3bf699-a5f8-496b-9327-5f1a55f628dc/roles/3513191e-7ddc-4958-ab2b-af257039fc21","statusCode":404,"responseTime":12.689817000180483,"msg":"[http][response] [http][response] DELETE /admin/users/ea3bf699-a5f8-496b-9327-5f1a55f628dc/roles/3513191e-7ddc-4958-ab2b-af257039fc21 404 12.7ms"}
{"level":30,"time":"2026-04-19T12:05:22.595Z","pid":826,"hostname":"b4fd557d2fd1","module":"http","action":"request","method":"DELETE","url":"/admin/users/ea3bf699-a5f8-496b-9327-5f1a55f628dc/roles/d99ddd06-b348-456e-8532-f09265da4c00","msg":"[http][request] [http][request] DELETE /admin/users/ea3bf699-a5f8-496b-9327-5f1a55f628dc/roles/d99ddd06-b348-456e-8532-f09265da4c00"}
{"level":30,"time":"2026-04-19T12:05:22.597Z","pid":826,"hostname":"b4fd557d2fd1","module":"http","action":"response","method":"DELETE","url":"/admin/users/ea3bf699-a5f8-496b-9327-5f1a55f628dc/roles/d99ddd06-b348-456e-8532-f09265da4c00","statusCode":403,"responseTime":1.5320540005341172,"msg":"[http][response] [http][response] DELETE /admin/users/ea3bf699-a5f8-496b-9327-5f1a55f628dc/roles/d99ddd06-b348-456e-8532-f09265da4c00 403 1.5ms"}
{"level":30,"time":"2026-04-19T12:05:22.597Z","pid":826,"hostname":"b4fd557d2fd1","module":"http","action":"request","method":"POST","url":"/admin/users/ea3bf699-a5f8-496b-9327-5f1a55f628dc/manager-scopes","msg":"[http][request] [http][request] POST /admin/users/ea3bf699-a5f8-496b-9327-5f1a55f628dc/manager-scopes"}
{"level":30,"time":"2026-04-19T12:05:22.614Z","pid":826,"hostname":"b4fd557d2fd1","module":"audit","action":"write","eventId":null,"subjectType":"manager_event_scope","subjectId":"fad3a254-9b4d-4e5f-be0b-f36cf7fcf414","auditAction":"assign_scope","msg":"[audit][write] Audit recorded: assign_scope on manager_event_scope fad3a254-9b4d-4e5f-be0b-f36cf7fcf414"}
{"level":30,"time":"2026-04-19T12:05:22.614Z","pid":826,"hostname":"b4fd557d2fd1","module":"roles:routes","action":"assignManagerScope","userId":"ea3bf699-a5f8-496b-9327-5f1a55f628dc","eventId":"708d7fd6-7b28-453d-ad05-8dd5ba651c83","msg":"[roles:routes][assignManagerScope] Manager event scope assigned"}
{"level":30,"time":"2026-04-19T12:05:22.615Z","pid":826,"hostname":"b4fd557d2fd1","module":"http","action":"response","method":"POST","url":"/admin/users/ea3bf699-a5f8-496b-9327-5f1a55f628dc/manager-scopes","statusCode":201,"responseTime":17.65988999977708,"msg":"[http][response] [http][response] POST /admin/users/ea3bf699-a5f8-496b-9327-5f1a55f628dc/manager-scopes 201 17.7ms"}
{"level":30,"time":"2026-04-19T12:05:22.616Z","pid":826,"hostname":"b4fd557d2fd1","module":"http","action":"request","method":"POST","url":"/admin/users/ea3bf699-a5f8-496b-9327-5f1a55f628dc/manager-scopes","msg":"[http][request] [http][request] POST /admin/users/ea3bf699-a5f8-496b-9327-5f1a55f628dc/manager-scopes"}
{"level":30,"time":"2026-04-19T12:05:22.617Z","pid":826,"hostname":"b4fd557d2fd1","module":"http","action":"response","method":"POST","url":"/admin/users/ea3bf699-a5f8-496b-9327-5f1a55f628dc/manager-scopes","statusCode":422,"responseTime":1.8111170008778572,"msg":"[http][response] [http][response] POST /admin/users/ea3bf699-a5f8-496b-9327-5f1a55f628dc/manager-scopes 422 1.8ms"}
{"level":30,"time":"2026-04-19T12:05:22.618Z","pid":826,"hostname":"b4fd557d2fd1","module":"http","action":"request","method":"GET","url":"/admin/users/ea3bf699-a5f8-496b-9327-5f1a55f628dc/manager-scopes","msg":"[http][request] [http][request] GET /admin/users/ea3bf699-a5f8-496b-9327-5f1a55f628dc/manager-scopes"}
{"level":30,"time":"2026-04-19T12:05:22.622Z","pid":826,"hostname":"b4fd557d2fd1","module":"roles:routes","action":"listManagerScopes","userId":"ea3bf699-a5f8-496b-9327-5f1a55f628dc","count":1,"msg":"[roles:routes][listManagerScopes] Listed manager event scopes"}
{"level":30,"time":"2026-04-19T12:05:22.622Z","pid":826,"hostname":"b4fd557d2fd1","module":"http","action":"response","method":"GET","url":"/admin/users/ea3bf699-a5f8-496b-9327-5f1a55f628dc/manager-scopes","statusCode":200,"responseTime":4.102992000058293,"msg":"[http][response] [http][response] GET /admin/users/ea3bf699-a5f8-496b-9327-5f1a55f628dc/manager-scopes 200 4.1ms"}
{"level":30,"time":"2026-04-19T12:05:22.623Z","pid":826,"hostname":"b4fd557d2fd1","module":"http","action":"request","method":"GET","url":"/admin/users/e43e25ab-dc85-4710-b5d2-7b1a2bd92cca/manager-scopes","msg":"[http][request] [http][request] GET /admin/users/e43e25ab-dc85-4710-b5d2-7b1a2bd92cca/manager-scopes"}
{"level":50,"time":"2026-04-19T12:05:22.625Z","pid":826,"hostname":"b4fd557d2fd1","module":"http","action":"error","err":{"type":"NotFoundError","message":"User with id 'e43e25ab-dc85-4710-b5d2-7b1a2bd92cca' not found","stack":"NotFoundError: User with id 'e43e25ab-dc85-4710-b5d2-7b1a2bd92cca' not found\n    at Object.<anonymous> (/app/src/modules/roles/routes.js:324:15)\n    at processTicksAndRejections (node:internal/process/task_queues:95:5)","name":"NotFoundError","statusCode":404,"code":"NOT_FOUND","details":{"resource":"User","id":"e43e25ab-dc85-4710-b5d2-7b1a2bd92cca"}},"requestId":"req-g","msg":"[http][error] [http][error] User with id 'e43e25ab-dc85-4710-b5d2-7b1a2bd92cca' not found"}
{"level":30,"time":"2026-04-19T12:05:22.625Z","pid":826,"hostname":"b4fd557d2fd1","module":"http","action":"response","method":"GET","url":"/admin/users/e43e25ab-dc85-4710-b5d2-7b1a2bd92cca/manager-scopes","statusCode":404,"responseTime":2.58024699985981,"msg":"[http][response] [http][response] GET /admin/users/e43e25ab-dc85-4710-b5d2-7b1a2bd92cca/manager-scopes 404 2.6ms"}
{"level":30,"time":"2026-04-19T12:05:22.627Z","pid":826,"hostname":"b4fd557d2fd1","module":"http","action":"request","method":"DELETE","url":"/admin/users/ea3bf699-a5f8-496b-9327-5f1a55f628dc/manager-scopes/708d7fd6-7b28-453d-ad05-8dd5ba651c83","msg":"[http][request] [http][request] DELETE /admin/users/ea3bf699-a5f8-496b-9327-5f1a55f628dc/manager-scopes/708d7fd6-7b28-453d-ad05-8dd5ba651c83"}
{"level":30,"time":"2026-04-19T12:05:22.641Z","pid":826,"hostname":"b4fd557d2fd1","module":"audit","action":"write","eventId":null,"subjectType":"manager_event_scope","subjectId":"ea3bf699-a5f8-496b-9327-5f1a55f628dc","auditAction":"remove_scope","msg":"[audit][write] Audit recorded: remove_scope on manager_event_scope ea3bf699-a5f8-496b-9327-5f1a55f628dc"}
{"level":30,"time":"2026-04-19T12:05:22.641Z","pid":826,"hostname":"b4fd557d2fd1","module":"roles:routes","action":"removeManagerScope","userId":"ea3bf699-a5f8-496b-9327-5f1a55f628dc","eventId":"708d7fd6-7b28-453d-ad05-8dd5ba651c83","msg":"[roles:routes][removeManagerScope] Manager event scope removed"}
{"level":30,"time":"2026-04-19T12:05:22.641Z","pid":826,"hostname":"b4fd557d2fd1","module":"http","action":"response","method":"DELETE","url":"/admin/users/ea3bf699-a5f8-496b-9327-5f1a55f628dc/manager-scopes/708d7fd6-7b28-453d-ad05-8dd5ba651c83","statusCode":200,"responseTime":14.42387600056827,"msg":"[http][response] [http][response] DELETE /admin/users/ea3bf699-a5f8-496b-9327-5f1a55f628dc/manager-scopes/708d7fd6-7b28-453d-ad05-8dd5ba651c83 200 14.4ms"}
{"level":30,"time":"2026-04-19T12:05:22.643Z","pid":826,"hostname":"b4fd557d2fd1","module":"http","action":"request","method":"DELETE","url":"/admin/users/ea3bf699-a5f8-496b-9327-5f1a55f628dc/manager-scopes/a6144264-e38c-4f87-8588-56833ada13d8","msg":"[http][request] [http][request] DELETE /admin/users/ea3bf699-a5f8-496b-9327-5f1a55f628dc/manager-scopes/a6144264-e38c-4f87-8588-56833ada13d8"}
{"level":50,"time":"2026-04-19T12:05:22.645Z","pid":826,"hostname":"b4fd557d2fd1","module":"http","action":"error","err":{"type":"NotFoundError","message":"ManagerEventScope with id 'ea3bf699-a5f8-496b-9327-5f1a55f628dc/a6144264-e38c-4f87-8588-56833ada13d8' not found","stack":"NotFoundError: ManagerEventScope with id 'ea3bf699-a5f8-496b-9327-5f1a55f628dc/a6144264-e38c-4f87-8588-56833ada13d8' not found\n    at Object.<anonymous> (/app/src/modules/roles/routes.js:280:15)\n    at processTicksAndRejections (node:internal/process/task_queues:95:5)","name":"NotFoundError","statusCode":404,"code":"NOT_FOUND","details":{"resource":"ManagerEventScope","id":"ea3bf699-a5f8-496b-9327-5f1a55f628dc/a6144264-e38c-4f87-8588-56833ada13d8"}},"requestId":"req-i","msg":"[http][error] [http][error] ManagerEventScope with id 'ea3bf699-a5f8-496b-9327-5f1a55f628dc/a6144264-e38c-4f87-8588-56833ada13d8' not found"}
{"level":30,"time":"2026-04-19T12:05:22.645Z","pid":826,"hostname":"b4fd557d2fd1","module":"http","action":"response","method":"DELETE","url":"/admin/users/ea3bf699-a5f8-496b-9327-5f1a55f628dc/manager-scopes/a6144264-e38c-4f87-8588-56833ada13d8","statusCode":404,"responseTime":2.727742999792099,"msg":"[http][response] [http][response] DELETE /admin/users/ea3bf699-a5f8-496b-9327-5f1a55f628dc/manager-scopes/a6144264-e38c-4f87-8588-56833ada13d8 404 2.7ms"}
{"level":30,"time":"2026-04-19T12:05:22.646Z","pid":826,"hostname":"b4fd557d2fd1","module":"http","action":"request","method":"DELETE","url":"/admin/users/ea3bf699-a5f8-496b-9327-5f1a55f628dc/manager-scopes/708d7fd6-7b28-453d-ad05-8dd5ba651c83","msg":"[http][request] [http][request] DELETE /admin/users/ea3bf699-a5f8-496b-9327-5f1a55f628dc/manager-scopes/708d7fd6-7b28-453d-ad05-8dd5ba651c83"}
{"level":30,"time":"2026-04-19T12:05:22.647Z","pid":826,"hostname":"b4fd557d2fd1","module":"http","action":"response","method":"DELETE","url":"/admin/users/ea3bf699-a5f8-496b-9327-5f1a55f628dc/manager-scopes/708d7fd6-7b28-453d-ad05-8dd5ba651c83","statusCode":403,"responseTime":1.4431010000407696,"msg":"[http][response] [http][response] DELETE /admin/users/ea3bf699-a5f8-496b-9327-5f1a55f628dc/manager-scopes/708d7fd6-7b28-453d-ad05-8dd5ba651c83 403 1.4ms"}
{"level":30,"time":"2026-04-19T12:05:22.648Z","pid":826,"hostname":"b4fd557d2fd1","module":"http","action":"request","method":"GET","url":"/admin/audit-trail?page=1&pageSize=10","msg":"[http][request] [http][request] GET /admin/audit-trail?page=1&pageSize=10"}
{"level":30,"time":"2026-04-19T12:05:22.654Z","pid":826,"hostname":"b4fd557d2fd1","module":"audit:routes","action":"queryAudit","page":1,"total":5,"msg":"[audit:routes][queryAudit] Queried audit trail"}
{"level":30,"time":"2026-04-19T12:05:22.655Z","pid":826,"hostname":"b4fd557d2fd1","module":"http","action":"response","method":"GET","url":"/admin/audit-trail?page=1&pageSize=10","statusCode":200,"responseTime":6.945131999440491,"msg":"[http][response] [http][response] GET /admin/audit-trail?page=1&pageSize=10 200 6.9ms"}
{"level":30,"time":"2026-04-19T12:05:22.656Z","pid":826,"hostname":"b4fd557d2fd1","module":"http","action":"request","method":"GET","url":"/admin/audit-trail?action=create","msg":"[http][request] [http][request] GET /admin/audit-trail?action=create"}
{"level":30,"time":"2026-04-19T12:05:22.660Z","pid":826,"hostname":"b4fd557d2fd1","module":"audit:routes","action":"queryAudit","page":1,"total":1,"msg":"[audit:routes][queryAudit] Queried audit trail"}
{"level":30,"time":"2026-04-19T12:05:22.660Z","pid":826,"hostname":"b4fd557d2fd1","module":"http","action":"response","method":"GET","url":"/admin/audit-trail?action=create","statusCode":200,"responseTime":4.195977999828756,"msg":"[http][response] [http][response] GET /admin/audit-trail?action=create 200 4.2ms"}
{"level":30,"time":"2026-04-19T12:05:22.661Z","pid":826,"hostname":"b4fd557d2fd1","module":"http","action":"request","method":"GET","url":"/admin/audit-trail","msg":"[http][request] [http][request] GET /admin/audit-trail"}
{"level":30,"time":"2026-04-19T12:05:22.662Z","pid":826,"hostname":"b4fd557d2fd1","module":"http","action":"response","method":"GET","url":"/admin/audit-trail","statusCode":403,"responseTime":1.4767180001363158,"msg":"[http][response] [http][response] GET /admin/audit-trail 403 1.5ms"}
{"level":30,"time":"2026-04-19T12:05:25.086Z","pid":826,"hostname":"b4fd557d2fd1","module":"db","action":"migrate","msg":"[db][migrate] Running database migrations"}
{"level":30,"time":"2026-04-19T12:05:25.138Z","pid":826,"hostname":"b4fd557d2fd1","module":"db","action":"migrate","msg":"[db][migrate] Database is already up to date"}
{"level":30,"time":"2026-04-19T12:05:26.151Z","pid":826,"hostname":"b4fd557d2fd1","module":"http","action":"request","method":"POST","url":"/auth/login","msg":"[http][request] [http][request] POST /auth/login"}
{"level":30,"time":"2026-04-19T12:05:26.280Z","pid":826,"hostname":"b4fd557d2fd1","module":"auth","action":"login","userId":"d132a9b3-e9f1-4ed4-ba88-2896c789d6ba","username":"admin","msg":"[auth][login] User logged in"}
{"level":30,"time":"2026-04-19T12:05:26.281Z","pid":826,"hostname":"b4fd557d2fd1","module":"http","action":"response","method":"POST","url":"/auth/login","statusCode":200,"responseTime":130.02896200027317,"msg":"[http][response] [http][response] POST /auth/login 200 130.0ms"}
{"level":30,"time":"2026-04-19T12:05:26.281Z","pid":826,"hostname":"b4fd557d2fd1","module":"http","action":"request","method":"POST","url":"/auth/login","msg":"[http][request] [http][request] POST /auth/login"}
{"level":30,"time":"2026-04-19T12:05:26.432Z","pid":826,"hostname":"b4fd557d2fd1","module":"auth","action":"login","userId":"3106e687-7ee4-426e-aba7-19525adce31f","username":"planner","msg":"[auth][login] User logged in"}
{"level":30,"time":"2026-04-19T12:05:26.433Z","pid":826,"hostname":"b4fd557d2fd1","module":"http","action":"response","method":"POST","url":"/auth/login","statusCode":200,"responseTime":151.73582199960947,"msg":"[http][response] [http][response] POST /auth/login 200 151.7ms"}
{"level":30,"time":"2026-04-19T12:05:26.433Z","pid":826,"hostname":"b4fd557d2fd1","module":"http","action":"request","method":"POST","url":"/auth/login","msg":"[http][request] [http][request] POST /auth/login"}
{"level":30,"time":"2026-04-19T12:05:26.567Z","pid":826,"hostname":"b4fd557d2fd1","module":"auth","action":"login","userId":"3bb806b7-a9d0-440a-bf5a-383ac6d76cb6","username":"chef","msg":"[auth][login] User logged in"}
{"level":30,"time":"2026-04-19T12:05:26.568Z","pid":826,"hostname":"b4fd557d2fd1","module":"http","action":"response","method":"POST","url":"/auth/login","statusCode":200,"responseTime":134.72782899998128,"msg":"[http][response] [http][response] POST /auth/login 200 134.7ms"}
{"level":30,"time":"2026-04-19T12:05:26.571Z","pid":826,"hostname":"b4fd557d2fd1","module":"http","action":"request","method":"POST","url":"/events","msg":"[http][request] [http][request] POST /events"}
{"level":30,"time":"2026-04-19T12:05:26.576Z","pid":826,"hostname":"b4fd557d2fd1","module":"events:service","action":"createEvent","userId":"d132a9b3-e9f1-4ed4-ba88-2896c789d6ba","msg":"[events:service][createEvent] Creating new event"}
{"level":20,"time":"2026-04-19T12:05:26.576Z","pid":826,"hostname":"b4fd557d2fd1","module":"events:repository","action":"create","data":{"title":"Entitlement Route Event","description":null,"event_date":"2026-03-20","headcount":10,"budget_amount":1000,"budget_cap":25000,"state":"draft","created_by":"d132a9b3-e9f1-4ed4-ba88-2896c789d6ba"},"msg":"[events:repository][create] Creating event"}
{"level":30,"time":"2026-04-19T12:05:26.594Z","pid":826,"hostname":"b4fd557d2fd1","module":"audit","action":"write","eventId":"62ce1851-ea2c-4102-87e1-21390ee92914","subjectType":"event","subjectId":"62ce1851-ea2c-4102-87e1-21390ee92914","auditAction":"create","msg":"[audit][write] Audit recorded: create on event 62ce1851-ea2c-4102-87e1-21390ee92914"}
{"level":30,"time":"2026-04-19T12:05:26.594Z","pid":826,"hostname":"b4fd557d2fd1","module":"events:routes","action":"create","eventId":"62ce1851-ea2c-4102-87e1-21390ee92914","msg":"[events:routes][create] Event created"}
{"level":30,"time":"2026-04-19T12:05:26.595Z","pid":826,"hostname":"b4fd557d2fd1","module":"http","action":"response","method":"POST","url":"/events","statusCode":201,"responseTime":23.519543999806046,"msg":"[http][response] [http][response] POST /events 201 23.5ms"}
{"level":30,"time":"2026-04-19T12:05:26.595Z","pid":826,"hostname":"b4fd557d2fd1","module":"http","action":"request","method":"POST","url":"/entitlements/issue-manual","msg":"[http][request] [http][request] POST /entitlements/issue-manual"}
{"level":30,"time":"2026-04-19T12:05:26.597Z","pid":826,"hostname":"b4fd557d2fd1","module":"entitlements:service","action":"issueManual","issuerId":"d132a9b3-e9f1-4ed4-ba88-2896c789d6ba","userId":"3106e687-7ee4-426e-aba7-19525adce31f","eventId":"62ce1851-ea2c-4102-87e1-21390ee92914","msg":"[entitlements:service][issueManual] Issuing manual entitlement"}
{"level":20,"time":"2026-04-19T12:05:26.598Z","pid":826,"hostname":"b4fd557d2fd1","module":"entitlements:repository","action":"create","userId":"3106e687-7ee4-426e-aba7-19525adce31f","eventId":"62ce1851-ea2c-4102-87e1-21390ee92914","msg":"[entitlements:repository][create] Creating entitlement"}
{"level":30,"time":"2026-04-19T12:05:26.612Z","pid":826,"hostname":"b4fd557d2fd1","module":"audit","action":"write","eventId":"62ce1851-ea2c-4102-87e1-21390ee92914","subjectType":"entitlement","subjectId":"da6ef603-3b2e-47e8-9d7b-d33bbd962795","auditAction":"manual_issue","msg":"[audit][write] Audit recorded: manual_issue on entitlement da6ef603-3b2e-47e8-9d7b-d33bbd962795"}
{"level":30,"time":"2026-04-19T12:05:26.612Z","pid":826,"hostname":"b4fd557d2fd1","module":"entitlements:routes","action":"issueManual","entitlementId":"da6ef603-3b2e-47e8-9d7b-d33bbd962795","msg":"[entitlements:routes][issueManual] Entitlement manually issued"}
{"level":30,"time":"2026-04-19T12:05:26.612Z","pid":826,"hostname":"b4fd557d2fd1","module":"http","action":"response","method":"POST","url":"/entitlements/issue-manual","statusCode":201,"responseTime":16.857366000302136,"msg":"[http][response] [http][response] POST /entitlements/issue-manual 201 16.9ms"}
{"level":30,"time":"2026-04-19T12:05:26.613Z","pid":826,"hostname":"b4fd557d2fd1","module":"http","action":"request","method":"GET","url":"/entitlements?page=1&pageSize=10","msg":"[http][request] [http][request] GET /entitlements?page=1&pageSize=10"}
{"level":20,"time":"2026-04-19T12:05:26.615Z","pid":826,"hostname":"b4fd557d2fd1","module":"entitlements:repository","action":"findByUser","userId":"3106e687-7ee4-426e-aba7-19525adce31f","page":1,"pageSize":10,"msg":"[entitlements:repository][findByUser] Listing entitlements for user"}
{"level":30,"time":"2026-04-19T12:05:26.620Z","pid":826,"hostname":"b4fd557d2fd1","module":"entitlements:routes","action":"list","userId":"3106e687-7ee4-426e-aba7-19525adce31f","page":1,"total":1,"msg":"[entitlements:routes][list] Listed entitlements"}
{"level":30,"time":"2026-04-19T12:05:26.621Z","pid":826,"hostname":"b4fd557d2fd1","module":"http","action":"response","method":"GET","url":"/entitlements?page=1&pageSize=10","statusCode":200,"responseTime":7.703030999749899,"msg":"[http][response] [http][response] GET /entitlements?page=1&pageSize=10 200 7.7ms"}
{"level":30,"time":"2026-04-19T12:05:26.621Z","pid":826,"hostname":"b4fd557d2fd1","module":"http","action":"request","method":"GET","url":"/entitlements?user_id=3106e687-7ee4-426e-aba7-19525adce31f","msg":"[http][request] [http][request] GET /entitlements?user_id=3106e687-7ee4-426e-aba7-19525adce31f"}
{"level":20,"time":"2026-04-19T12:05:26.623Z","pid":826,"hostname":"b4fd557d2fd1","module":"entitlements:repository","action":"findByUser","userId":"3106e687-7ee4-426e-aba7-19525adce31f","page":1,"pageSize":20,"msg":"[entitlements:repository][findByUser] Listing entitlements for user"}
{"level":30,"time":"2026-04-19T12:05:26.626Z","pid":826,"hostname":"b4fd557d2fd1","module":"entitlements:routes","action":"list","userId":"3106e687-7ee4-426e-aba7-19525adce31f","page":1,"total":1,"msg":"[entitlements:routes][list] Listed entitlements"}
{"level":30,"time":"2026-04-19T12:05:26.626Z","pid":826,"hostname":"b4fd557d2fd1","module":"http","action":"response","method":"GET","url":"/entitlements?user_id=3106e687-7ee4-426e-aba7-19525adce31f","statusCode":200,"responseTime":4.3853210005909204,"msg":"[http][response] [http][response] GET /entitlements?user_id=3106e687-7ee4-426e-aba7-19525adce31f 200 4.4ms"}
{"level":30,"time":"2026-04-19T12:05:26.627Z","pid":826,"hostname":"b4fd557d2fd1","module":"http","action":"request","method":"GET","url":"/entitlements?user_id=3106e687-7ee4-426e-aba7-19525adce31f","msg":"[http][request] [http][request] GET /entitlements?user_id=3106e687-7ee4-426e-aba7-19525adce31f"}
{"level":50,"time":"2026-04-19T12:05:26.629Z","pid":826,"hostname":"b4fd557d2fd1","module":"http","action":"error","err":{"type":"ForbiddenError","message":"Cannot view entitlements for other users","stack":"ForbiddenError: Cannot view entitlements for other users\n    at Object.<anonymous> (/app/src/modules/entitlements/routes.js:90:17)\n    at preHandlerCallbackInner (/app/node_modules/fastify/lib/handle-request.js:168:24)\n    at preHandlerCallback (/app/node_modules/fastify/lib/handle-request.js:134:5)\n    at next (/app/node_modules/fastify/lib/hooks.js:236:9)\n    at handleResolve (/app/node_modules/fastify/lib/hooks.js:253:7)\n    at processTicksAndRejections (node:internal/process/task_queues:95:5)","name":"ForbiddenError","statusCode":403,"code":"FORBIDDEN"},"requestId":"req-8","msg":"[http][error] [http][error] Cannot view entitlements for other users"}
{"level":30,"time":"2026-04-19T12:05:26.630Z","pid":826,"hostname":"b4fd557d2fd1","module":"http","action":"response","method":"GET","url":"/entitlements?user_id=3106e687-7ee4-426e-aba7-19525adce31f","statusCode":403,"responseTime":3.2519020000472665,"msg":"[http][response] [http][response] GET /entitlements?user_id=3106e687-7ee4-426e-aba7-19525adce31f 403 3.3ms"}
{"level":30,"time":"2026-04-19T12:05:26.631Z","pid":826,"hostname":"b4fd557d2fd1","module":"http","action":"request","method":"GET","url":"/entitlements/da6ef603-3b2e-47e8-9d7b-d33bbd962795/redemptions","msg":"[http][request] [http][request] GET /entitlements/da6ef603-3b2e-47e8-9d7b-d33bbd962795/redemptions"}
{"level":20,"time":"2026-04-19T12:05:26.633Z","pid":826,"hostname":"b4fd557d2fd1","module":"entitlements:repository","action":"findById","id":"da6ef603-3b2e-47e8-9d7b-d33bbd962795","msg":"[entitlements:repository][findById] Looking up entitlement by id"}
{"level":20,"time":"2026-04-19T12:05:26.636Z","pid":826,"hostname":"b4fd557d2fd1","module":"entitlements:repository","action":"findRedemptions","entitlementId":"da6ef603-3b2e-47e8-9d7b-d33bbd962795","msg":"[entitlements:repository][findRedemptions] Listing redemptions"}
{"level":30,"time":"2026-04-19T12:05:26.639Z","pid":826,"hostname":"b4fd557d2fd1","module":"entitlements:routes","action":"listRedemptions","entitlementId":"da6ef603-3b2e-47e8-9d7b-d33bbd962795","count":0,"msg":"[entitlements:routes][listRedemptions] Listed redemptions"}
{"level":30,"time":"2026-04-19T12:05:26.640Z","pid":826,"hostname":"b4fd557d2fd1","module":"http","action":"response","method":"GET","url":"/entitlements/da6ef603-3b2e-47e8-9d7b-d33bbd962795/redemptions","statusCode":200,"responseTime":9.16714600007981,"msg":"[http][response] [http][response] GET /entitlements/da6ef603-3b2e-47e8-9d7b-d33bbd962795/redemptions 200 9.2ms"}
{"level":30,"time":"2026-04-19T12:05:26.641Z","pid":826,"hostname":"b4fd557d2fd1","module":"http","action":"request","method":"GET","url":"/entitlements/c7045015-a4a5-4517-b5bc-97bbf2035393/redemptions","msg":"[http][request] [http][request] GET /entitlements/c7045015-a4a5-4517-b5bc-97bbf2035393/redemptions"}
{"level":20,"time":"2026-04-19T12:05:26.643Z","pid":826,"hostname":"b4fd557d2fd1","module":"entitlements:repository","action":"findById","id":"c7045015-a4a5-4517-b5bc-97bbf2035393","msg":"[entitlements:repository][findById] Looking up entitlement by id"}
{"level":50,"time":"2026-04-19T12:05:26.644Z","pid":826,"hostname":"b4fd557d2fd1","module":"http","action":"error","err":{"type":"NotFoundError","message":"Entitlement with id 'c7045015-a4a5-4517-b5bc-97bbf2035393' not found","stack":"NotFoundError: Entitlement with id 'c7045015-a4a5-4517-b5bc-97bbf2035393' not found\n    at Object.<anonymous> (/app/src/modules/entitlements/routes.js:164:15)\n    at processTicksAndRejections (node:internal/process/task_queues:95:5)","name":"NotFoundError","statusCode":404,"code":"NOT_FOUND","details":{"resource":"Entitlement","id":"c7045015-a4a5-4517-b5bc-97bbf2035393"}},"requestId":"req-a","msg":"[http][error] [http][error] Entitlement with id 'c7045015-a4a5-4517-b5bc-97bbf2035393' not found"}
{"level":30,"time":"2026-04-19T12:05:26.645Z","pid":826,"hostname":"b4fd557d2fd1","module":"http","action":"response","method":"GET","url":"/entitlements/c7045015-a4a5-4517-b5bc-97bbf2035393/redemptions","statusCode":404,"responseTime":4.416520000435412,"msg":"[http][response] [http][response] GET /entitlements/c7045015-a4a5-4517-b5bc-97bbf2035393/redemptions 404 4.4ms"}
{"level":30,"time":"2026-04-19T12:05:26.646Z","pid":826,"hostname":"b4fd557d2fd1","module":"http","action":"request","method":"GET","url":"/entitlements/da6ef603-3b2e-47e8-9d7b-d33bbd962795","msg":"[http][request] [http][request] GET /entitlements/da6ef603-3b2e-47e8-9d7b-d33bbd962795"}
{"level":20,"time":"2026-04-19T12:05:26.648Z","pid":826,"hostname":"b4fd557d2fd1","module":"entitlements:repository","action":"findById","id":"da6ef603-3b2e-47e8-9d7b-d33bbd962795","msg":"[entitlements:repository][findById] Looking up entitlement by id"}
{"level":30,"time":"2026-04-19T12:05:26.650Z","pid":826,"hostname":"b4fd557d2fd1","module":"entitlements:routes","action":"getById","entitlementId":"da6ef603-3b2e-47e8-9d7b-d33bbd962795","msg":"[entitlements:routes][getById] Retrieved entitlement by id"}
{"level":30,"time":"2026-04-19T12:05:26.651Z","pid":826,"hostname":"b4fd557d2fd1","module":"http","action":"response","method":"GET","url":"/entitlements/da6ef603-3b2e-47e8-9d7b-d33bbd962795","statusCode":200,"responseTime":5.109423000365496,"msg":"[http][response] [http][response] GET /entitlements/da6ef603-3b2e-47e8-9d7b-d33bbd962795 200 5.1ms"}
{"level":30,"time":"2026-04-19T12:05:26.652Z","pid":826,"hostname":"b4fd557d2fd1","module":"http","action":"request","method":"GET","url":"/entitlements/da6ef603-3b2e-47e8-9d7b-d33bbd962795","msg":"[http][request] [http][request] GET /entitlements/da6ef603-3b2e-47e8-9d7b-d33bbd962795"}
{"level":20,"time":"2026-04-19T12:05:26.653Z","pid":826,"hostname":"b4fd557d2fd1","module":"entitlements:repository","action":"findById","id":"da6ef603-3b2e-47e8-9d7b-d33bbd962795","msg":"[entitlements:repository][findById] Looking up entitlement by id"}
{"level":30,"time":"2026-04-19T12:05:26.655Z","pid":826,"hostname":"b4fd557d2fd1","module":"entitlements:routes","action":"getById","entitlementId":"da6ef603-3b2e-47e8-9d7b-d33bbd962795","msg":"[entitlements:routes][getById] Retrieved entitlement by id"}
{"level":30,"time":"2026-04-19T12:05:26.656Z","pid":826,"hostname":"b4fd557d2fd1","module":"http","action":"response","method":"GET","url":"/entitlements/da6ef603-3b2e-47e8-9d7b-d33bbd962795","statusCode":200,"responseTime":3.893872999586165,"msg":"[http][response] [http][response] GET /entitlements/da6ef603-3b2e-47e8-9d7b-d33bbd962795 200 3.9ms"}
{"level":30,"time":"2026-04-19T12:05:26.657Z","pid":826,"hostname":"b4fd557d2fd1","module":"http","action":"request","method":"GET","url":"/entitlements/ddccf0fc-6c7b-41e5-b2f8-711d8f9cd539","msg":"[http][request] [http][request] GET /entitlements/ddccf0fc-6c7b-41e5-b2f8-711d8f9cd539"}
{"level":20,"time":"2026-04-19T12:05:26.661Z","pid":826,"hostname":"b4fd557d2fd1","module":"entitlements:repository","action":"findById","id":"ddccf0fc-6c7b-41e5-b2f8-711d8f9cd539","msg":"[entitlements:repository][findById] Looking up entitlement by id"}
{"level":50,"time":"2026-04-19T12:05:26.662Z","pid":826,"hostname":"b4fd557d2fd1","module":"http","action":"error","err":{"type":"NotFoundError","message":"Entitlement with id 'ddccf0fc-6c7b-41e5-b2f8-711d8f9cd539' not found","stack":"NotFoundError: Entitlement with id 'ddccf0fc-6c7b-41e5-b2f8-711d8f9cd539' not found\n    at Object.<anonymous> (/app/src/modules/entitlements/routes.js:128:15)\n    at processTicksAndRejections (node:internal/process/task_queues:95:5)","name":"NotFoundError","statusCode":404,"code":"NOT_FOUND","details":{"resource":"Entitlement","id":"ddccf0fc-6c7b-41e5-b2f8-711d8f9cd539"}},"requestId":"req-d","msg":"[http][error] [http][error] Entitlement with id 'ddccf0fc-6c7b-41e5-b2f8-711d8f9cd539' not found"}
{"level":30,"time":"2026-04-19T12:05:26.663Z","pid":826,"hostname":"b4fd557d2fd1","module":"http","action":"response","method":"GET","url":"/entitlements/ddccf0fc-6c7b-41e5-b2f8-711d8f9cd539","statusCode":404,"responseTime":6.193975999951363,"msg":"[http][response] [http][response] GET /entitlements/ddccf0fc-6c7b-41e5-b2f8-711d8f9cd539 404 6.2ms"}
{"level":30,"time":"2026-04-19T12:05:26.664Z","pid":826,"hostname":"b4fd557d2fd1","module":"http","action":"request","method":"GET","url":"/entitlements/da6ef603-3b2e-47e8-9d7b-d33bbd962795","msg":"[http][request] [http][request] GET /entitlements/da6ef603-3b2e-47e8-9d7b-d33bbd962795"}
{"level":20,"time":"2026-04-19T12:05:26.667Z","pid":826,"hostname":"b4fd557d2fd1","module":"entitlements:repository","action":"findById","id":"da6ef603-3b2e-47e8-9d7b-d33bbd962795","msg":"[entitlements:repository][findById] Looking up entitlement by id"}
{"level":50,"time":"2026-04-19T12:05:26.670Z","pid":826,"hostname":"b4fd557d2fd1","module":"http","action":"error","err":{"type":"ForbiddenError","message":"Insufficient permissions to view this entitlement","stack":"ForbiddenError: Insufficient permissions to view this entitlement\n    at Object.<anonymous> (/app/src/modules/entitlements/routes.js:138:15)\n    at processTicksAndRejections (node:internal/process/task_queues:95:5)","name":"ForbiddenError","statusCode":403,"code":"FORBIDDEN"},"requestId":"req-e","msg":"[http][error] [http][error] Insufficient permissions to view this entitlement"}
{"level":30,"time":"2026-04-19T12:05:26.673Z","pid":826,"hostname":"b4fd557d2fd1","module":"http","action":"response","method":"GET","url":"/entitlements/da6ef603-3b2e-47e8-9d7b-d33bbd962795","statusCode":403,"responseTime":8.233323000371456,"msg":"[http][response] [http][response] GET /entitlements/da6ef603-3b2e-47e8-9d7b-d33bbd962795 403 8.2ms"}
{"level":30,"time":"2026-04-19T12:05:26.674Z","pid":826,"hostname":"b4fd557d2fd1","module":"http","action":"request","method":"POST","url":"/events","msg":"[http][request] [http][request] POST /events"}
{"level":30,"time":"2026-04-19T12:05:26.678Z","pid":826,"hostname":"b4fd557d2fd1","module":"events:service","action":"createEvent","userId":"d132a9b3-e9f1-4ed4-ba88-2896c789d6ba","msg":"[events:service][createEvent] Creating new event"}
{"level":20,"time":"2026-04-19T12:05:26.678Z","pid":826,"hostname":"b4fd557d2fd1","module":"events:repository","action":"create","data":{"title":"Bulk Import Validate Event","description":null,"event_date":"2026-05-01","headcount":10,"budget_amount":500,"budget_cap":25000,"state":"draft","created_by":"d132a9b3-e9f1-4ed4-ba88-2896c789d6ba"},"msg":"[events:repository][create] Creating event"}
{"level":30,"time":"2026-04-19T12:05:26.693Z","pid":826,"hostname":"b4fd557d2fd1","module":"audit","action":"write","eventId":"cd81a5f2-11e1-4b7a-acfd-f4577ea7152c","subjectType":"event","subjectId":"cd81a5f2-11e1-4b7a-acfd-f4577ea7152c","auditAction":"create","msg":"[audit][write] Audit recorded: create on event cd81a5f2-11e1-4b7a-acfd-f4577ea7152c"}
{"level":30,"time":"2026-04-19T12:05:26.693Z","pid":826,"hostname":"b4fd557d2fd1","module":"events:routes","action":"create","eventId":"cd81a5f2-11e1-4b7a-acfd-f4577ea7152c","msg":"[events:routes][create] Event created"}
{"level":30,"time":"2026-04-19T12:05:26.694Z","pid":826,"hostname":"b4fd557d2fd1","module":"http","action":"response","method":"POST","url":"/events","statusCode":201,"responseTime":19.529283000156283,"msg":"[http][response] [http][response] POST /events 201 19.5ms"}
{"level":30,"time":"2026-04-19T12:05:26.695Z","pid":826,"hostname":"b4fd557d2fd1","module":"http","action":"request","method":"POST","url":"/entitlements/bulk-import/validate","msg":"[http][request] [http][request] POST /entitlements/bulk-import/validate"}
 ✓ tests/integration/entitlements-routes.integration.test.js > GET /entitlements (real DB) > returns paginated list of the caller's own entitlements 9ms
 ✓ tests/integration/entitlements-routes.integration.test.js > GET /entitlements (real DB) > privileged (admin) caller can query by user_id 5ms
 ✓ tests/integration/entitlements-routes.integration.test.js > GET /entitlements (real DB) > non-privileged caller requesting another user's entitlements gets 403 4ms
 ✓ tests/integration/entitlements-routes.integration.test.js > GET /entitlements/:id/redemptions (real DB) > owner can list their entitlement redemptions 10ms
 ✓ tests/integration/entitlements-routes.integration.test.js > GET /entitlements/:id/redemptions (real DB) > returns 404 for an unknown entitlement 5ms
 ✓ tests/integration/entitlements-routes.integration.test.js > GET /entitlements/:id (real DB) > owner can fetch their own entitlement (200) 6ms
 ✓ tests/integration/entitlements-routes.integration.test.js > GET /entitlements/:id (real DB) > privileged (admin) caller can fetch any entitlement 5ms
 ✓ tests/integration/entitlements-routes.integration.test.js > GET /entitlements/:id (real DB) > returns 404 for a nonexistent entitlement id 8ms
 ✓ tests/integration/entitlements-routes.integration.test.js > GET /entitlements/:id (real DB) > returns 403 for a non-owner, non-privileged caller 9ms
 ✓ tests/integration/entitlements-routes.integration.test.js > POST /entitlements/bulk-import/validate (real DB) > returns 200 with validation results for a valid CSV 30ms
 ✓ tests/integration/entitlements-routes.integration.test.js > POST /entitlements/bulk-import/validate (real DB) > returns 422 when the multipart body is missing a file 5ms
{"level":30,"time":"2026-04-19T12:05:26.700Z","pid":826,"hostname":"b4fd557d2fd1","module":"entitlements:service","action":"validateBulkImport","msg":"[entitlements:service][validateBulkImport] Validating bulk import CSV"}
{"level":30,"time":"2026-04-19T12:05:26.700Z","pid":826,"hostname":"b4fd557d2fd1","module":"entitlements:routes","action":"validateBulkImport","validCount":0,"errorCount":1,"batchId":null,"msg":"[entitlements:routes][validateBulkImport] Bulk import CSV validated"}
{"level":30,"time":"2026-04-19T12:05:26.702Z","pid":826,"hostname":"b4fd557d2fd1","module":"http","action":"response","method":"POST","url":"/entitlements/bulk-import/validate","statusCode":200,"responseTime":6.882333000190556,"msg":"[http][response] [http][response] POST /entitlements/bulk-import/validate 200 6.9ms"}
{"level":30,"time":"2026-04-19T12:05:26.703Z","pid":826,"hostname":"b4fd557d2fd1","module":"http","action":"request","method":"POST","url":"/entitlements/bulk-import/validate","msg":"[http][request] [http][request] POST /entitlements/bulk-import/validate"}
{"level":30,"time":"2026-04-19T12:05:26.708Z","pid":826,"hostname":"b4fd557d2fd1","module":"http","action":"response","method":"POST","url":"/entitlements/bulk-import/validate","statusCode":422,"responseTime":4.370237000286579,"msg":"[http][response] [http][response] POST /entitlements/bulk-import/validate 422 4.4ms"}
{"level":30,"time":"2026-04-19T12:05:26.709Z","pid":826,"hostname":"b4fd557d2fd1","module":"http","action":"request","method":"POST","url":"/entitlements/da6ef603-3b2e-47e8-9d7b-d33bbd962795/redeem","msg":"[http][request] [http][request] POST /entitlements/da6ef603-3b2e-47e8-9d7b-d33bbd962795/redeem"}
{"level":20,"time":"2026-04-19T12:05:26.711Z","pid":826,"hostname":"b4fd557d2fd1","module":"entitlements:repository","action":"findById","id":"da6ef603-3b2e-47e8-9d7b-d33bbd962795","msg":"[entitlements:repository][findById] Looking up entitlement by id"}
{"level":30,"time":"2026-04-19T12:05:26.713Z","pid":826,"hostname":"b4fd557d2fd1","module":"entitlements:service","action":"redeem","userId":"3106e687-7ee4-426e-aba7-19525adce31f","entitlementId":"da6ef603-3b2e-47e8-9d7b-d33bbd962795","quantity":1,"idempotencyKey":"568b5303-5f89-48ee-ba63-e6b7234e5a05","msg":"[entitlements:service][redeem] Processing entitlement redemption"}
{"level":20,"time":"2026-04-19T12:05:26.713Z","pid":826,"hostname":"b4fd557d2fd1","module":"entitlements:repository","action":"findById","id":"da6ef603-3b2e-47e8-9d7b-d33bbd962795","msg":"[entitlements:repository][findById] Looking up entitlement by id"}
{"level":20,"time":"2026-04-19T12:05:26.714Z","pid":826,"hostname":"b4fd557d2fd1","module":"entitlements:repository","action":"findRedemptionByKey","entitlementId":"da6ef603-3b2e-47e8-9d7b-d33bbd962795","idempotencyKey":"568b5303-5f89-48ee-ba63-e6b7234e5a05","msg":"[entitlements:repository][findRedemptionByKey] Looking up redemption by idempotency key"}
{"level":20,"time":"2026-04-19T12:05:26.716Z","pid":826,"hostname":"b4fd557d2fd1","module":"entitlements:repository","action":"findById","id":"da6ef603-3b2e-47e8-9d7b-d33bbd962795","msg":"[entitlements:repository][findById] Looking up entitlement by id"}
{"level":30,"time":"2026-04-19T12:05:26.740Z","pid":826,"hostname":"b4fd557d2fd1","module":"audit","action":"write","eventId":"62ce1851-ea2c-4102-87e1-21390ee92914","subjectType":"redemption","subjectId":"e1109860-7b0e-420e-af19-c3d7a3fb8221","auditAction":"redeem_success","msg":"[audit][write] Audit recorded: redeem_success on redemption e1109860-7b0e-420e-af19-c3d7a3fb8221"}
{"level":30,"time":"2026-04-19T12:05:26.740Z","pid":826,"hostname":"b4fd557d2fd1","module":"entitlements:routes","action":"redeem","entitlementId":"da6ef603-3b2e-47e8-9d7b-d33bbd962795","success":true,"redemptionId":"e1109860-7b0e-420e-af19-c3d7a3fb8221","msg":"[entitlements:routes][redeem] Entitlement redeemed"}
{"level":30,"time":"2026-04-19T12:05:26.740Z","pid":826,"hostname":"b4fd557d2fd1","module":"http","action":"response","method":"POST","url":"/entitlements/da6ef603-3b2e-47e8-9d7b-d33bbd962795/redeem","statusCode":200,"responseTime":31.575174000114202,"msg":"[http][response] [http][response] POST /entitlements/da6ef603-3b2e-47e8-9d7b-d33bbd962795/redeem 200 31.6ms"}
{"level":30,"time":"2026-04-19T12:05:26.741Z","pid":826,"hostname":"b4fd557d2fd1","module":"http","action":"request","method":"POST","url":"/entitlements/da6ef603-3b2e-47e8-9d7b-d33bbd962795/redeem","msg":"[http][request] [http][request] POST /entitlements/da6ef603-3b2e-47e8-9d7b-d33bbd962795/redeem"}
{"level":20,"time":"2026-04-19T12:05:26.743Z","pid":826,"hostname":"b4fd557d2fd1","module":"entitlements:repository","action":"findById","id":"da6ef603-3b2e-47e8-9d7b-d33bbd962795","msg":"[entitlements:repository][findById] Looking up entitlement by id"}
{"level":30,"time":"2026-04-19T12:05:26.746Z","pid":826,"hostname":"b4fd557d2fd1","module":"entitlements:service","action":"redeem","userId":"3106e687-7ee4-426e-aba7-19525adce31f","entitlementId":"da6ef603-3b2e-47e8-9d7b-d33bbd962795","quantity":1,"idempotencyKey":"568b5303-5f89-48ee-ba63-e6b7234e5a05","msg":"[entitlements:service][redeem] Processing entitlement redemption"}
{"level":20,"time":"2026-04-19T12:05:26.746Z","pid":826,"hostname":"b4fd557d2fd1","module":"entitlements:repository","action":"findById","id":"da6ef603-3b2e-47e8-9d7b-d33bbd962795","msg":"[entitlements:repository][findById] Looking up entitlement by id"}
{"level":20,"time":"2026-04-19T12:05:26.748Z","pid":826,"hostname":"b4fd557d2fd1","module":"entitlements:repository","action":"findRedemptionByKey","entitlementId":"da6ef603-3b2e-47e8-9d7b-d33bbd962795","idempotencyKey":"568b5303-5f89-48ee-ba63-e6b7234e5a05","msg":"[entitlements:repository][findRedemptionByKey] Looking up redemption by idempotency key"}
{"level":30,"time":"2026-04-19T12:05:26.749Z","pid":826,"hostname":"b4fd557d2fd1","module":"entitlements:service","action":"redeem","redemptionId":"e1109860-7b0e-420e-af19-c3d7a3fb8221","idempotencyKey":"568b5303-5f89-48ee-ba63-e6b7234e5a05","msg":"[entitlements:service][redeem] Returning existing redemption (idempotent)"}
{"level":20,"time":"2026-04-19T12:05:26.749Z","pid":826,"hostname":"b4fd557d2fd1","module":"entitlements:repository","action":"findById","id":"da6ef603-3b2e-47e8-9d7b-d33bbd962795","msg":"[entitlements:repository][findById] Looking up entitlement by id"}
{"level":30,"time":"2026-04-19T12:05:26.750Z","pid":826,"hostname":"b4fd557d2fd1","module":"entitlements:routes","action":"redeem","entitlementId":"da6ef603-3b2e-47e8-9d7b-d33bbd962795","success":true,"redemptionId":"e1109860-7b0e-420e-af19-c3d7a3fb8221","msg":"[entitlements:routes][redeem] Entitlement redeemed"}
{"level":30,"time":"2026-04-19T12:05:26.750Z","pid":826,"hostname":"b4fd557d2fd1","module":"http","action":"response","method":"POST","url":"/entitlements/da6ef603-3b2e-47e8-9d7b-d33bbd962795/redeem","statusCode":200,"responseTime":9.407343000173569,"msg":"[http][response] [http][response] POST /entitlements/da6ef603-3b2e-47e8-9d7b-d33bbd962795/redeem 200 9.4ms"}
{"level":30,"time":"2026-04-19T12:05:26.752Z","pid":826,"hostname":"b4fd557d2fd1","module":"http","action":"request","method":"POST","url":"/entitlements/bulk-import/confirm","msg":"[http][request] [http][request] POST /entitlements/bulk-import/confirm"}
{"level":30,"time":"2026-04-19T12:05:26.757Z","pid":826,"hostname":"b4fd557d2fd1","module":"entitlements:service","action":"confirmBulkImport","userId":"d132a9b3-e9f1-4ed4-ba88-2896c789d6ba","batchId":"97004c5e-04ef-4a97-abf8-f4cdad4eba9c","msg":"[entitlements:service][confirmBulkImport] Confirming bulk import"}
{"level":50,"time":"2026-04-19T12:05:26.761Z","pid":826,"hostname":"b4fd557d2fd1","module":"http","action":"error","err":{"type":"NotFoundError","message":"BulkImportBatch with id '97004c5e-04ef-4a97-abf8-f4cdad4eba9c' not found","stack":"NotFoundError: BulkImportBatch with id '97004c5e-04ef-4a97-abf8-f4cdad4eba9c' not found\n    at Module.confirmBulkImport (/app/src/modules/entitlements/service.js:296:11)\n    at processTicksAndRejections (node:internal/process/task_queues:95:5)\n    at Object.<anonymous> (/app/src/modules/entitlements/routes.js:297:39)","name":"NotFoundError","statusCode":404,"code":"NOT_FOUND","details":{"resource":"BulkImportBatch","id":"97004c5e-04ef-4a97-abf8-f4cdad4eba9c"}},"requestId":"req-k","msg":"[http][error] [http][error] BulkImportBatch with id '97004c5e-04ef-4a97-abf8-f4cdad4eba9c' not found"}
{"level":30,"time":"2026-04-19T12:05:26.766Z","pid":826,"hostname":"b4fd557d2fd1","module":"http","action":"response","method":"POST","url":"/entitlements/bulk-import/confirm","statusCode":404,"responseTime":14.078110000118613,"msg":"[http][response] [http][response] POST /entitlements/bulk-import/confirm 404 14.1ms"}
{"level":30,"time":"2026-04-19T12:05:26.767Z","pid":826,"hostname":"b4fd557d2fd1","module":"http","action":"request","method":"POST","url":"/events","msg":"[http][request] [http][request] POST /events"}
{"level":30,"time":"2026-04-19T12:05:26.769Z","pid":826,"hostname":"b4fd557d2fd1","module":"events:service","action":"createEvent","userId":"d132a9b3-e9f1-4ed4-ba88-2896c789d6ba","msg":"[events:service][createEvent] Creating new event"}
{"level":20,"time":"2026-04-19T12:05:26.769Z","pid":826,"hostname":"b4fd557d2fd1","module":"events:repository","action":"create","data":{"title":"Bulk Import Confirm Event","description":null,"event_date":"2026-07-10","headcount":5,"budget_amount":200,"budget_cap":25000,"state":"draft","created_by":"d132a9b3-e9f1-4ed4-ba88-2896c789d6ba"},"msg":"[events:repository][create] Creating event"}
{"level":30,"time":"2026-04-19T12:05:26.781Z","pid":826,"hostname":"b4fd557d2fd1","module":"audit","action":"write","eventId":"9b191404-a120-4291-b9f1-7c917fd43f98","subjectType":"event","subjectId":"9b191404-a120-4291-b9f1-7c917fd43f98","auditAction":"create","msg":"[audit][write] Audit recorded: create on event 9b191404-a120-4291-b9f1-7c917fd43f98"}
{"level":30,"time":"2026-04-19T12:05:26.781Z","pid":826,"hostname":"b4fd557d2fd1","module":"events:routes","action":"create","eventId":"9b191404-a120-4291-b9f1-7c917fd43f98","msg":"[events:routes][create] Event created"}
{"level":30,"time":"2026-04-19T12:05:26.782Z","pid":826,"hostname":"b4fd557d2fd1","module":"http","action":"response","method":"POST","url":"/events","statusCode":201,"responseTime":14.42595599964261,"msg":"[http][response] [http][response] POST /events 201 14.4ms"}
{"level":30,"time":"2026-04-19T12:05:26.782Z","pid":826,"hostname":"b4fd557d2fd1","module":"http","action":"request","method":"POST","url":"/entitlements/bulk-import/validate","msg":"[http][request] [http][request] POST /entitlements/bulk-import/validate"}
{"level":30,"time":"2026-04-19T12:05:26.785Z","pid":826,"hostname":"b4fd557d2fd1","module":"entitlements:service","action":"validateBulkImport","msg":"[entitlements:service][validateBulkImport] Validating bulk import CSV"}
{"level":20,"time":"2026-04-19T12:05:26.785Z","pid":826,"hostname":"b4fd557d2fd1","module":"entitlements:repository","action":"findTypes","msg":"[entitlements:repository][findTypes] Listing entitlement types"}
{"level":20,"time":"2026-04-19T12:05:26.787Z","pid":826,"hostname":"b4fd557d2fd1","module":"entitlements:repository","action":"createBulkBatch","msg":"[entitlements:repository][createBulkBatch] Creating bulk import batch"}
{"level":30,"time":"2026-04-19T12:05:26.793Z","pid":826,"hostname":"b4fd557d2fd1","module":"entitlements:routes","action":"validateBulkImport","validCount":1,"errorCount":0,"batchId":"805cd8e1-e6d6-4420-91ef-62aa0e2c0cab","msg":"[entitlements:routes][validateBulkImport] Bulk import CSV validated"}
{"level":30,"time":"2026-04-19T12:05:26.793Z","pid":826,"hostname":"b4fd557d2fd1","module":"http","action":"response","method":"POST","url":"/entitlements/bulk-import/validate","statusCode":200,"responseTime":10.896975999698043,"msg":"[http][response] [http][response] POST /entitlements/bulk-import/validate 200 10.9ms"}
{"level":30,"time":"2026-04-19T12:05:26.794Z","pid":826,"hostname":"b4fd557d2fd1","module":"http","action":"request","method":"POST","url":"/entitlements/bulk-import/confirm","msg":"[http][request] [http][request] POST /entitlements/bulk-import/confirm"}
{"level":30,"time":"2026-04-19T12:05:26.795Z","pid":826,"hostname":"b4fd557d2fd1","module":"entitlements:service","action":"confirmBulkImport","userId":"d132a9b3-e9f1-4ed4-ba88-2896c789d6ba","batchId":"805cd8e1-e6d6-4420-91ef-62aa0e2c0cab","msg":"[entitlements:service][confirmBulkImport] Confirming bulk import"}
{"level":20,"time":"2026-04-19T12:05:26.797Z","pid":826,"hostname":"b4fd557d2fd1","module":"entitlements:repository","action":"createMany","count":1,"msg":"[entitlements:repository][createMany] Bulk creating entitlements"}
{"level":30,"time":"2026-04-19T12:05:26.803Z","pid":826,"hostname":"b4fd557d2fd1","module":"entitlements:repository","action":"updateBulkBatch","id":"805cd8e1-e6d6-4420-91ef-62aa0e2c0cab","msg":"[entitlements:repository][updateBulkBatch] Updating bulk import batch"}
 ✓ tests/integration/entitlements-routes.integration.test.js > POST /entitlements/:id/redeem idempotency (real DB) > second redeem with same idempotency_key returns the same redemption_id 42ms
 ✓ tests/integration/entitlements-routes.integration.test.js > POST /entitlements/bulk-import/confirm (real DB) > returns 404 for an unknown batch_id 16ms
 ✓ tests/integration/entitlements-routes.integration.test.js > POST /entitlements/bulk-import/confirm (real DB) > commits entitlements from a validated batch and reports them in the response 50ms
{"level":30,"time":"2026-04-19T12:05:26.814Z","pid":826,"hostname":"b4fd557d2fd1","module":"audit","action":"write","eventId":null,"subjectType":"bulk_import_batch","subjectId":"805cd8e1-e6d6-4420-91ef-62aa0e2c0cab","auditAction":"confirm_bulk_import","msg":"[audit][write] Audit recorded: confirm_bulk_import on bulk_import_batch 805cd8e1-e6d6-4420-91ef-62aa0e2c0cab"}
{"level":30,"time":"2026-04-19T12:05:26.814Z","pid":826,"hostname":"b4fd557d2fd1","module":"entitlements:routes","action":"confirmBulkImport","batchId":"805cd8e1-e6d6-4420-91ef-62aa0e2c0cab","count":1,"msg":"[entitlements:routes][confirmBulkImport] Bulk import confirmed"}
{"level":30,"time":"2026-04-19T12:05:26.814Z","pid":826,"hostname":"b4fd557d2fd1","module":"http","action":"response","method":"POST","url":"/entitlements/bulk-import/confirm","statusCode":201,"responseTime":20.79524999950081,"msg":"[http][response] [http][response] POST /entitlements/bulk-import/confirm 201 20.8ms"}
{"level":30,"time":"2026-04-19T12:05:29.511Z","pid":826,"hostname":"b4fd557d2fd1","module":"db","action":"migrate","msg":"[db][migrate] Running database migrations"}
{"level":30,"time":"2026-04-19T12:05:29.563Z","pid":826,"hostname":"b4fd557d2fd1","module":"db","action":"migrate","msg":"[db][migrate] Database is already up to date"}
{"level":30,"time":"2026-04-19T12:05:30.601Z","pid":826,"hostname":"b4fd557d2fd1","module":"http","action":"request","method":"POST","url":"/auth/login","msg":"[http][request] [http][request] POST /auth/login"}
{"level":30,"time":"2026-04-19T12:05:30.736Z","pid":826,"hostname":"b4fd557d2fd1","module":"auth","action":"login","userId":"3112ce30-7548-4986-96f2-e55550b24cb5","username":"admin","msg":"[auth][login] User logged in"}
{"level":30,"time":"2026-04-19T12:05:30.738Z","pid":826,"hostname":"b4fd557d2fd1","module":"http","action":"response","method":"POST","url":"/auth/login","statusCode":200,"responseTime":137.48580299969763,"msg":"[http][response] [http][response] POST /auth/login 200 137.5ms"}
{"level":30,"time":"2026-04-19T12:05:30.739Z","pid":826,"hostname":"b4fd557d2fd1","module":"http","action":"request","method":"POST","url":"/auth/login","msg":"[http][request] [http][request] POST /auth/login"}
{"level":30,"time":"2026-04-19T12:05:30.856Z","pid":826,"hostname":"b4fd557d2fd1","module":"auth","action":"login","userId":"bab83e64-3720-404d-8cd3-4fae7994c8ba","username":"planner","msg":"[auth][login] User logged in"}
{"level":30,"time":"2026-04-19T12:05:30.857Z","pid":826,"hostname":"b4fd557d2fd1","module":"http","action":"response","method":"POST","url":"/auth/login","statusCode":200,"responseTime":118.03255700040609,"msg":"[http][response] [http][response] POST /auth/login 200 118.0ms"}
{"level":30,"time":"2026-04-19T12:05:30.860Z","pid":826,"hostname":"b4fd557d2fd1","module":"http","action":"request","method":"POST","url":"/events","msg":"[http][request] [http][request] POST /events"}
{"level":30,"time":"2026-04-19T12:05:30.862Z","pid":826,"hostname":"b4fd557d2fd1","module":"events:service","action":"createEvent","userId":"3112ce30-7548-4986-96f2-e55550b24cb5","msg":"[events:service][createEvent] Creating new event"}
{"level":20,"time":"2026-04-19T12:05:30.862Z","pid":826,"hostname":"b4fd557d2fd1","module":"events:repository","action":"create","data":{"title":"Entitlement Test Event","description":null,"event_date":"2025-12-01","headcount":50,"budget_amount":5000,"budget_cap":25000,"state":"draft","created_by":"3112ce30-7548-4986-96f2-e55550b24cb5"},"msg":"[events:repository][create] Creating event"}
{"level":30,"time":"2026-04-19T12:05:30.876Z","pid":826,"hostname":"b4fd557d2fd1","module":"audit","action":"write","eventId":"5a3af2cc-308c-4e85-8afc-275383435669","subjectType":"event","subjectId":"5a3af2cc-308c-4e85-8afc-275383435669","auditAction":"create","msg":"[audit][write] Audit recorded: create on event 5a3af2cc-308c-4e85-8afc-275383435669"}
{"level":30,"time":"2026-04-19T12:05:30.876Z","pid":826,"hostname":"b4fd557d2fd1","module":"events:routes","action":"create","eventId":"5a3af2cc-308c-4e85-8afc-275383435669","msg":"[events:routes][create] Event created"}
{"level":30,"time":"2026-04-19T12:05:30.876Z","pid":826,"hostname":"b4fd557d2fd1","module":"http","action":"response","method":"POST","url":"/events","statusCode":201,"responseTime":16.657769999466836,"msg":"[http][response] [http][response] POST /events 201 16.7ms"}
{"level":30,"time":"2026-04-19T12:05:30.877Z","pid":826,"hostname":"b4fd557d2fd1","module":"http","action":"request","method":"POST","url":"/entitlements/issue-manual","msg":"[http][request] [http][request] POST /entitlements/issue-manual"}
{"level":30,"time":"2026-04-19T12:05:30.879Z","pid":826,"hostname":"b4fd557d2fd1","module":"entitlements:service","action":"issueManual","issuerId":"3112ce30-7548-4986-96f2-e55550b24cb5","userId":"bab83e64-3720-404d-8cd3-4fae7994c8ba","eventId":"5a3af2cc-308c-4e85-8afc-275383435669","msg":"[entitlements:service][issueManual] Issuing manual entitlement"}
{"level":20,"time":"2026-04-19T12:05:30.879Z","pid":826,"hostname":"b4fd557d2fd1","module":"entitlements:repository","action":"create","userId":"bab83e64-3720-404d-8cd3-4fae7994c8ba","eventId":"5a3af2cc-308c-4e85-8afc-275383435669","msg":"[entitlements:repository][create] Creating entitlement"}
{"level":30,"time":"2026-04-19T12:05:30.892Z","pid":826,"hostname":"b4fd557d2fd1","module":"audit","action":"write","eventId":"5a3af2cc-308c-4e85-8afc-275383435669","subjectType":"entitlement","subjectId":"966d1e05-0a56-417f-812c-4d988cd906e1","auditAction":"manual_issue","msg":"[audit][write] Audit recorded: manual_issue on entitlement 966d1e05-0a56-417f-812c-4d988cd906e1"}
{"level":30,"time":"2026-04-19T12:05:30.892Z","pid":826,"hostname":"b4fd557d2fd1","module":"entitlements:routes","action":"issueManual","entitlementId":"966d1e05-0a56-417f-812c-4d988cd906e1","msg":"[entitlements:routes][issueManual] Entitlement manually issued"}
{"level":30,"time":"2026-04-19T12:05:30.892Z","pid":826,"hostname":"b4fd557d2fd1","module":"http","action":"response","method":"POST","url":"/entitlements/issue-manual","statusCode":201,"responseTime":14.972260999493301,"msg":"[http][response] [http][response] POST /entitlements/issue-manual 201 15.0ms"}
{"level":30,"time":"2026-04-19T12:05:30.895Z","pid":826,"hostname":"b4fd557d2fd1","module":"http","action":"request","method":"POST","url":"/entitlements/issue-manual","msg":"[http][request] [http][request] POST /entitlements/issue-manual"}
{"level":30,"time":"2026-04-19T12:05:30.898Z","pid":826,"hostname":"b4fd557d2fd1","module":"entitlements:service","action":"issueManual","issuerId":"3112ce30-7548-4986-96f2-e55550b24cb5","userId":"bab83e64-3720-404d-8cd3-4fae7994c8ba","eventId":"5a3af2cc-308c-4e85-8afc-275383435669","msg":"[entitlements:service][issueManual] Issuing manual entitlement"}
{"level":20,"time":"2026-04-19T12:05:30.898Z","pid":826,"hostname":"b4fd557d2fd1","module":"entitlements:repository","action":"create","userId":"bab83e64-3720-404d-8cd3-4fae7994c8ba","eventId":"5a3af2cc-308c-4e85-8afc-275383435669","msg":"[entitlements:repository][create] Creating entitlement"}
{"level":30,"time":"2026-04-19T12:05:30.911Z","pid":826,"hostname":"b4fd557d2fd1","module":"audit","action":"write","eventId":"5a3af2cc-308c-4e85-8afc-275383435669","subjectType":"entitlement","subjectId":"65f90bf1-ff15-4d60-ae63-80d41860cad6","auditAction":"manual_issue","msg":"[audit][write] Audit recorded: manual_issue on entitlement 65f90bf1-ff15-4d60-ae63-80d41860cad6"}
{"level":30,"time":"2026-04-19T12:05:30.911Z","pid":826,"hostname":"b4fd557d2fd1","module":"entitlements:routes","action":"issueManual","entitlementId":"65f90bf1-ff15-4d60-ae63-80d41860cad6","msg":"[entitlements:routes][issueManual] Entitlement manually issued"}
{"level":30,"time":"2026-04-19T12:05:30.911Z","pid":826,"hostname":"b4fd557d2fd1","module":"http","action":"response","method":"POST","url":"/entitlements/issue-manual","statusCode":201,"responseTime":16.648988999426365,"msg":"[http][response] [http][response] POST /entitlements/issue-manual 201 16.6ms"}
{"level":30,"time":"2026-04-19T12:05:30.912Z","pid":826,"hostname":"b4fd557d2fd1","module":"http","action":"request","method":"POST","url":"/entitlements/65f90bf1-ff15-4d60-ae63-80d41860cad6/redeem","msg":"[http][request] [http][request] POST /entitlements/65f90bf1-ff15-4d60-ae63-80d41860cad6/redeem"}
{"level":20,"time":"2026-04-19T12:05:30.914Z","pid":826,"hostname":"b4fd557d2fd1","module":"entitlements:repository","action":"findById","id":"65f90bf1-ff15-4d60-ae63-80d41860cad6","msg":"[entitlements:repository][findById] Looking up entitlement by id"}
{"level":30,"time":"2026-04-19T12:05:30.915Z","pid":826,"hostname":"b4fd557d2fd1","module":"entitlements:service","action":"redeem","userId":"bab83e64-3720-404d-8cd3-4fae7994c8ba","entitlementId":"65f90bf1-ff15-4d60-ae63-80d41860cad6","quantity":2,"idempotencyKey":"001a5aa5-0566-4aeb-be8d-516f674844aa","msg":"[entitlements:service][redeem] Processing entitlement redemption"}
{"level":20,"time":"2026-04-19T12:05:30.916Z","pid":826,"hostname":"b4fd557d2fd1","module":"entitlements:repository","action":"findById","id":"65f90bf1-ff15-4d60-ae63-80d41860cad6","msg":"[entitlements:repository][findById] Looking up entitlement by id"}
{"level":20,"time":"2026-04-19T12:05:30.917Z","pid":826,"hostname":"b4fd557d2fd1","module":"entitlements:repository","action":"findRedemptionByKey","entitlementId":"65f90bf1-ff15-4d60-ae63-80d41860cad6","idempotencyKey":"001a5aa5-0566-4aeb-be8d-516f674844aa","msg":"[entitlements:repository][findRedemptionByKey] Looking up redemption by idempotency key"}
{"level":20,"time":"2026-04-19T12:05:30.920Z","pid":826,"hostname":"b4fd557d2fd1","module":"entitlements:repository","action":"findById","id":"65f90bf1-ff15-4d60-ae63-80d41860cad6","msg":"[entitlements:repository][findById] Looking up entitlement by id"}
{"level":30,"time":"2026-04-19T12:05:30.937Z","pid":826,"hostname":"b4fd557d2fd1","module":"audit","action":"write","eventId":"5a3af2cc-308c-4e85-8afc-275383435669","subjectType":"redemption","subjectId":"59c2363e-76b4-444c-8c23-62a49ae08db6","auditAction":"redeem_success","msg":"[audit][write] Audit recorded: redeem_success on redemption 59c2363e-76b4-444c-8c23-62a49ae08db6"}
{"level":30,"time":"2026-04-19T12:05:30.937Z","pid":826,"hostname":"b4fd557d2fd1","module":"entitlements:routes","action":"redeem","entitlementId":"65f90bf1-ff15-4d60-ae63-80d41860cad6","success":true,"redemptionId":"59c2363e-76b4-444c-8c23-62a49ae08db6","msg":"[entitlements:routes][redeem] Entitlement redeemed"}
{"level":30,"time":"2026-04-19T12:05:30.937Z","pid":826,"hostname":"b4fd557d2fd1","module":"http","action":"response","method":"POST","url":"/entitlements/65f90bf1-ff15-4d60-ae63-80d41860cad6/redeem","statusCode":200,"responseTime":25.203401000238955,"msg":"[http][response] [http][response] POST /entitlements/65f90bf1-ff15-4d60-ae63-80d41860cad6/redeem 200 25.2ms"}
{"level":30,"time":"2026-04-19T12:05:30.940Z","pid":826,"hostname":"b4fd557d2fd1","module":"http","action":"request","method":"POST","url":"/entitlements/65f90bf1-ff15-4d60-ae63-80d41860cad6/redeem","msg":"[http][request] [http][request] POST /entitlements/65f90bf1-ff15-4d60-ae63-80d41860cad6/redeem"}
{"level":20,"time":"2026-04-19T12:05:30.942Z","pid":826,"hostname":"b4fd557d2fd1","module":"entitlements:repository","action":"findById","id":"65f90bf1-ff15-4d60-ae63-80d41860cad6","msg":"[entitlements:repository][findById] Looking up entitlement by id"}
{"level":30,"time":"2026-04-19T12:05:30.944Z","pid":826,"hostname":"b4fd557d2fd1","module":"entitlements:service","action":"redeem","userId":"bab83e64-3720-404d-8cd3-4fae7994c8ba","entitlementId":"65f90bf1-ff15-4d60-ae63-80d41860cad6","quantity":1,"idempotencyKey":"c0ee387b-363b-4a42-bdd9-e1cc0c3ddd2e","msg":"[entitlements:service][redeem] Processing entitlement redemption"}
{"level":20,"time":"2026-04-19T12:05:30.944Z","pid":826,"hostname":"b4fd557d2fd1","module":"entitlements:repository","action":"findById","id":"65f90bf1-ff15-4d60-ae63-80d41860cad6","msg":"[entitlements:repository][findById] Looking up entitlement by id"}
{"level":20,"time":"2026-04-19T12:05:30.945Z","pid":826,"hostname":"b4fd557d2fd1","module":"entitlements:repository","action":"findRedemptionByKey","entitlementId":"65f90bf1-ff15-4d60-ae63-80d41860cad6","idempotencyKey":"c0ee387b-363b-4a42-bdd9-e1cc0c3ddd2e","msg":"[entitlements:repository][findRedemptionByKey] Looking up redemption by idempotency key"}
{"level":20,"time":"2026-04-19T12:05:30.946Z","pid":826,"hostname":"b4fd557d2fd1","module":"entitlements:repository","action":"findById","id":"65f90bf1-ff15-4d60-ae63-80d41860cad6","msg":"[entitlements:repository][findById] Looking up entitlement by id"}
{"level":30,"time":"2026-04-19T12:05:30.961Z","pid":826,"hostname":"b4fd557d2fd1","module":"audit","action":"write","eventId":"5a3af2cc-308c-4e85-8afc-275383435669","subjectType":"redemption","subjectId":"c628d134-1bb3-4311-bcd0-c46d46fcc4ab","auditAction":"redeem_success","msg":"[audit][write] Audit recorded: redeem_success on redemption c628d134-1bb3-4311-bcd0-c46d46fcc4ab"}
{"level":30,"time":"2026-04-19T12:05:30.961Z","pid":826,"hostname":"b4fd557d2fd1","module":"entitlements:routes","action":"redeem","entitlementId":"65f90bf1-ff15-4d60-ae63-80d41860cad6","success":true,"redemptionId":"c628d134-1bb3-4311-bcd0-c46d46fcc4ab","msg":"[entitlements:routes][redeem] Entitlement redeemed"}
{"level":30,"time":"2026-04-19T12:05:30.961Z","pid":826,"hostname":"b4fd557d2fd1","module":"http","action":"response","method":"POST","url":"/entitlements/65f90bf1-ff15-4d60-ae63-80d41860cad6/redeem","statusCode":200,"responseTime":21.611711000092328,"msg":"[http][response] [http][response] POST /entitlements/65f90bf1-ff15-4d60-ae63-80d41860cad6/redeem 200 21.6ms"}
{"level":30,"time":"2026-04-19T12:05:30.962Z","pid":826,"hostname":"b4fd557d2fd1","module":"http","action":"request","method":"POST","url":"/entitlements/65f90bf1-ff15-4d60-ae63-80d41860cad6/redeem","msg":"[http][request] [http][request] POST /entitlements/65f90bf1-ff15-4d60-ae63-80d41860cad6/redeem"}
{"level":20,"time":"2026-04-19T12:05:30.963Z","pid":826,"hostname":"b4fd557d2fd1","module":"entitlements:repository","action":"findById","id":"65f90bf1-ff15-4d60-ae63-80d41860cad6","msg":"[entitlements:repository][findById] Looking up entitlement by id"}
{"level":30,"time":"2026-04-19T12:05:30.964Z","pid":826,"hostname":"b4fd557d2fd1","module":"entitlements:service","action":"redeem","userId":"bab83e64-3720-404d-8cd3-4fae7994c8ba","entitlementId":"65f90bf1-ff15-4d60-ae63-80d41860cad6","quantity":1,"idempotencyKey":"c0ee387b-363b-4a42-bdd9-e1cc0c3ddd2e","msg":"[entitlements:service][redeem] Processing entitlement redemption"}
{"level":20,"time":"2026-04-19T12:05:30.964Z","pid":826,"hostname":"b4fd557d2fd1","module":"entitlements:repository","action":"findById","id":"65f90bf1-ff15-4d60-ae63-80d41860cad6","msg":"[entitlements:repository][findById] Looking up entitlement by id"}
{"level":20,"time":"2026-04-19T12:05:30.966Z","pid":826,"hostname":"b4fd557d2fd1","module":"entitlements:repository","action":"findRedemptionByKey","entitlementId":"65f90bf1-ff15-4d60-ae63-80d41860cad6","idempotencyKey":"c0ee387b-363b-4a42-bdd9-e1cc0c3ddd2e","msg":"[entitlements:repository][findRedemptionByKey] Looking up redemption by idempotency key"}
{"level":30,"time":"2026-04-19T12:05:30.967Z","pid":826,"hostname":"b4fd557d2fd1","module":"entitlements:service","action":"redeem","redemptionId":"c628d134-1bb3-4311-bcd0-c46d46fcc4ab","idempotencyKey":"c0ee387b-363b-4a42-bdd9-e1cc0c3ddd2e","msg":"[entitlements:service][redeem] Returning existing redemption (idempotent)"}
{"level":20,"time":"2026-04-19T12:05:30.967Z","pid":826,"hostname":"b4fd557d2fd1","module":"entitlements:repository","action":"findById","id":"65f90bf1-ff15-4d60-ae63-80d41860cad6","msg":"[entitlements:repository][findById] Looking up entitlement by id"}
{"level":30,"time":"2026-04-19T12:05:30.968Z","pid":826,"hostname":"b4fd557d2fd1","module":"entitlements:routes","action":"redeem","entitlementId":"65f90bf1-ff15-4d60-ae63-80d41860cad6","success":true,"redemptionId":"c628d134-1bb3-4311-bcd0-c46d46fcc4ab","msg":"[entitlements:routes][redeem] Entitlement redeemed"}
{"level":30,"time":"2026-04-19T12:05:30.969Z","pid":826,"hostname":"b4fd557d2fd1","module":"http","action":"response","method":"POST","url":"/entitlements/65f90bf1-ff15-4d60-ae63-80d41860cad6/redeem","statusCode":200,"responseTime":7.249188000336289,"msg":"[http][response] [http][response] POST /entitlements/65f90bf1-ff15-4d60-ae63-80d41860cad6/redeem 200 7.2ms"}
{"level":30,"time":"2026-04-19T12:05:30.975Z","pid":826,"hostname":"b4fd557d2fd1","module":"http","action":"request","method":"POST","url":"/entitlements/65f90bf1-ff15-4d60-ae63-80d41860cad6/redeem","msg":"[http][request] [http][request] POST /entitlements/65f90bf1-ff15-4d60-ae63-80d41860cad6/redeem"}
 ✓ tests/integration/entitlements.integration.test.js > Entitlements integration (real DB) > POST /entitlements/issue-manual > issues an entitlement manually and verifies it in the DB 18ms
 ✓ tests/integration/entitlements.integration.test.js > Entitlements integration (real DB) > POST /entitlements/:id/redeem > redeems an entitlement and verifies quantity_remaining decreased in DB 27ms
 ✓ tests/integration/entitlements.integration.test.js > Entitlements integration (real DB) > POST /entitlements/:id/redeem > returns same result with same idempotency key (no double decrement) 32ms
 ✓ tests/integration/entitlements.integration.test.js > Entitlements integration (real DB) > POST /entitlements/:id/redeem > verifies redemption_records table has the entry 2ms
{"level":20,"time":"2026-04-19T12:05:30.978Z","pid":826,"hostname":"b4fd557d2fd1","module":"entitlements:repository","action":"findById","id":"65f90bf1-ff15-4d60-ae63-80d41860cad6","msg":"[entitlements:repository][findById] Looking up entitlement by id"}
{"level":30,"time":"2026-04-19T12:05:30.979Z","pid":826,"hostname":"b4fd557d2fd1","module":"entitlements:service","action":"redeem","userId":"bab83e64-3720-404d-8cd3-4fae7994c8ba","entitlementId":"65f90bf1-ff15-4d60-ae63-80d41860cad6","quantity":102,"idempotencyKey":"833070d1-c4a7-4d34-9d13-fe60a2048cf2","msg":"[entitlements:service][redeem] Processing entitlement redemption"}
{"level":20,"time":"2026-04-19T12:05:30.979Z","pid":826,"hostname":"b4fd557d2fd1","module":"entitlements:repository","action":"findById","id":"65f90bf1-ff15-4d60-ae63-80d41860cad6","msg":"[entitlements:repository][findById] Looking up entitlement by id"}
{"level":20,"time":"2026-04-19T12:05:30.981Z","pid":826,"hostname":"b4fd557d2fd1","module":"entitlements:repository","action":"findRedemptionByKey","entitlementId":"65f90bf1-ff15-4d60-ae63-80d41860cad6","idempotencyKey":"833070d1-c4a7-4d34-9d13-fe60a2048cf2","msg":"[entitlements:repository][findRedemptionByKey] Looking up redemption by idempotency key"}
{"level":20,"time":"2026-04-19T12:05:30.983Z","pid":826,"hostname":"b4fd557d2fd1","module":"entitlements:repository","action":"findById","id":"65f90bf1-ff15-4d60-ae63-80d41860cad6","msg":"[entitlements:repository][findById] Looking up entitlement by id"}
{"level":20,"time":"2026-04-19T12:05:30.985Z","pid":826,"hostname":"b4fd557d2fd1","module":"entitlements:repository","action":"createRedemption","entitlementId":"65f90bf1-ff15-4d60-ae63-80d41860cad6","msg":"[entitlements:repository][createRedemption] Creating redemption record"}
{"level":30,"time":"2026-04-19T12:05:30.998Z","pid":826,"hostname":"b4fd557d2fd1","module":"audit","action":"write","eventId":"5a3af2cc-308c-4e85-8afc-275383435669","subjectType":"redemption","subjectId":"3c04a5be-16b2-46a0-bc63-1f4a97325ff1","auditAction":"redeem_failed","msg":"[audit][write] Audit recorded: redeem_failed on redemption 3c04a5be-16b2-46a0-bc63-1f4a97325ff1"}
{"level":30,"time":"2026-04-19T12:05:30.998Z","pid":826,"hostname":"b4fd557d2fd1","module":"entitlements:routes","action":"redeem","entitlementId":"65f90bf1-ff15-4d60-ae63-80d41860cad6","success":false,"redemptionId":"3c04a5be-16b2-46a0-bc63-1f4a97325ff1","msg":"[entitlements:routes][redeem] Entitlement redemption failed"}
{"level":30,"time":"2026-04-19T12:05:30.998Z","pid":826,"hostname":"b4fd557d2fd1","module":"http","action":"response","method":"POST","url":"/entitlements/65f90bf1-ff15-4d60-ae63-80d41860cad6/redeem","statusCode":422,"responseTime":23.35176800005138,"msg":"[http][response] [http][response] POST /entitlements/65f90bf1-ff15-4d60-ae63-80d41860cad6/redeem 422 23.4ms"}
{"level":30,"time":"2026-04-19T12:05:31.002Z","pid":826,"hostname":"b4fd557d2fd1","module":"http","action":"request","method":"POST","url":"/entitlements/c47d7ea1-b0db-4319-86a3-294f9e855786/redeem","msg":"[http][request] [http][request] POST /entitlements/c47d7ea1-b0db-4319-86a3-294f9e855786/redeem"}
{"level":20,"time":"2026-04-19T12:05:31.003Z","pid":826,"hostname":"b4fd557d2fd1","module":"entitlements:repository","action":"findById","id":"c47d7ea1-b0db-4319-86a3-294f9e855786","msg":"[entitlements:repository][findById] Looking up entitlement by id"}
{"level":50,"time":"2026-04-19T12:05:31.005Z","pid":826,"hostname":"b4fd557d2fd1","module":"http","action":"error","err":{"type":"NotFoundError","message":"Entitlement with id 'c47d7ea1-b0db-4319-86a3-294f9e855786' not found","stack":"NotFoundError: Entitlement with id 'c47d7ea1-b0db-4319-86a3-294f9e855786' not found\n    at Object.<anonymous> (/app/src/modules/entitlements/routes.js:337:15)\n    at processTicksAndRejections (node:internal/process/task_queues:95:5)","name":"NotFoundError","statusCode":404,"code":"NOT_FOUND","details":{"resource":"Entitlement","id":"c47d7ea1-b0db-4319-86a3-294f9e855786"}},"requestId":"req-a","msg":"[http][error] [http][error] Entitlement with id 'c47d7ea1-b0db-4319-86a3-294f9e855786' not found"}
{"level":30,"time":"2026-04-19T12:05:31.005Z","pid":826,"hostname":"b4fd557d2fd1","module":"http","action":"response","method":"POST","url":"/entitlements/c47d7ea1-b0db-4319-86a3-294f9e855786/redeem","statusCode":404,"responseTime":3.713182999752462,"msg":"[http][response] [http][response] POST /entitlements/c47d7ea1-b0db-4319-86a3-294f9e855786/redeem 404 3.7ms"}
{"level":30,"time":"2026-04-19T12:05:31.008Z","pid":826,"hostname":"b4fd557d2fd1","module":"http","action":"request","method":"POST","url":"/entitlements/issue-manual","msg":"[http][request] [http][request] POST /entitlements/issue-manual"}
{"level":30,"time":"2026-04-19T12:05:31.011Z","pid":826,"hostname":"b4fd557d2fd1","module":"entitlements:service","action":"issueManual","issuerId":"3112ce30-7548-4986-96f2-e55550b24cb5","userId":"bab83e64-3720-404d-8cd3-4fae7994c8ba","eventId":"5a3af2cc-308c-4e85-8afc-275383435669","msg":"[entitlements:service][issueManual] Issuing manual entitlement"}
{"level":20,"time":"2026-04-19T12:05:31.011Z","pid":826,"hostname":"b4fd557d2fd1","module":"entitlements:repository","action":"create","userId":"bab83e64-3720-404d-8cd3-4fae7994c8ba","eventId":"5a3af2cc-308c-4e85-8afc-275383435669","msg":"[entitlements:repository][create] Creating entitlement"}
{"level":30,"time":"2026-04-19T12:05:31.023Z","pid":826,"hostname":"b4fd557d2fd1","module":"audit","action":"write","eventId":"5a3af2cc-308c-4e85-8afc-275383435669","subjectType":"entitlement","subjectId":"72006749-51bb-4321-a71f-ecbddabc76eb","auditAction":"manual_issue","msg":"[audit][write] Audit recorded: manual_issue on entitlement 72006749-51bb-4321-a71f-ecbddabc76eb"}
{"level":30,"time":"2026-04-19T12:05:31.023Z","pid":826,"hostname":"b4fd557d2fd1","module":"entitlements:routes","action":"issueManual","entitlementId":"72006749-51bb-4321-a71f-ecbddabc76eb","msg":"[entitlements:routes][issueManual] Entitlement manually issued"}
{"level":30,"time":"2026-04-19T12:05:31.023Z","pid":826,"hostname":"b4fd557d2fd1","module":"http","action":"response","method":"POST","url":"/entitlements/issue-manual","statusCode":201,"responseTime":15.382505999878049,"msg":"[http][response] [http][response] POST /entitlements/issue-manual 201 15.4ms"}
{"level":30,"time":"2026-04-19T12:05:31.024Z","pid":826,"hostname":"b4fd557d2fd1","module":"http","action":"request","method":"POST","url":"/entitlements/72006749-51bb-4321-a71f-ecbddabc76eb/redeem","msg":"[http][request] [http][request] POST /entitlements/72006749-51bb-4321-a71f-ecbddabc76eb/redeem"}
{"level":20,"time":"2026-04-19T12:05:31.025Z","pid":826,"hostname":"b4fd557d2fd1","module":"entitlements:repository","action":"findById","id":"72006749-51bb-4321-a71f-ecbddabc76eb","msg":"[entitlements:repository][findById] Looking up entitlement by id"}
{"level":30,"time":"2026-04-19T12:05:31.027Z","pid":826,"hostname":"b4fd557d2fd1","module":"entitlements:service","action":"redeem","userId":"bab83e64-3720-404d-8cd3-4fae7994c8ba","entitlementId":"72006749-51bb-4321-a71f-ecbddabc76eb","quantity":1,"idempotencyKey":"7954c599-b28e-4f8a-aafc-933ebbd6f07c","msg":"[entitlements:service][redeem] Processing entitlement redemption"}
{"level":20,"time":"2026-04-19T12:05:31.027Z","pid":826,"hostname":"b4fd557d2fd1","module":"entitlements:repository","action":"findById","id":"72006749-51bb-4321-a71f-ecbddabc76eb","msg":"[entitlements:repository][findById] Looking up entitlement by id"}
{"level":20,"time":"2026-04-19T12:05:31.028Z","pid":826,"hostname":"b4fd557d2fd1","module":"entitlements:repository","action":"findRedemptionByKey","entitlementId":"72006749-51bb-4321-a71f-ecbddabc76eb","idempotencyKey":"7954c599-b28e-4f8a-aafc-933ebbd6f07c","msg":"[entitlements:repository][findRedemptionByKey] Looking up redemption by idempotency key"}
{"level":20,"time":"2026-04-19T12:05:31.028Z","pid":826,"hostname":"b4fd557d2fd1","module":"entitlements:repository","action":"findById","id":"72006749-51bb-4321-a71f-ecbddabc76eb","msg":"[entitlements:repository][findById] Looking up entitlement by id"}
{"level":20,"time":"2026-04-19T12:05:31.029Z","pid":826,"hostname":"b4fd557d2fd1","module":"entitlements:repository","action":"createRedemption","entitlementId":"72006749-51bb-4321-a71f-ecbddabc76eb","msg":"[entitlements:repository][createRedemption] Creating redemption record"}
{"level":30,"time":"2026-04-19T12:05:31.040Z","pid":826,"hostname":"b4fd557d2fd1","module":"audit","action":"write","eventId":"5a3af2cc-308c-4e85-8afc-275383435669","subjectType":"redemption","subjectId":"1fb7cb84-5f72-4937-a45f-76f5866d3858","auditAction":"redeem_failed","msg":"[audit][write] Audit recorded: redeem_failed on redemption 1fb7cb84-5f72-4937-a45f-76f5866d3858"}
{"level":30,"time":"2026-04-19T12:05:31.041Z","pid":826,"hostname":"b4fd557d2fd1","module":"entitlements:routes","action":"redeem","entitlementId":"72006749-51bb-4321-a71f-ecbddabc76eb","success":false,"redemptionId":"1fb7cb84-5f72-4937-a45f-76f5866d3858","msg":"[entitlements:routes][redeem] Entitlement redemption failed"}
{"level":30,"time":"2026-04-19T12:05:31.041Z","pid":826,"hostname":"b4fd557d2fd1","module":"http","action":"response","method":"POST","url":"/entitlements/72006749-51bb-4321-a71f-ecbddabc76eb/redeem","statusCode":422,"responseTime":17.22267199959606,"msg":"[http][response] [http][response] POST /entitlements/72006749-51bb-4321-a71f-ecbddabc76eb/redeem 422 17.2ms"}
 ✓ tests/integration/entitlements.integration.test.js > Entitlements integration (real DB) > POST /entitlements/:id/redeem > rejects redemption when requested quantity exceeds remaining 27ms
 ✓ tests/integration/entitlements.integration.test.js > Entitlements integration (real DB) > POST /entitlements/:id/redeem > returns a clean 404 when redeeming a nonexistent entitlement (no FK violation) 7ms
 ✓ tests/integration/entitlements.integration.test.js > Entitlements integration (real DB) > Expired entitlement redemption > rejects redemption of an expired entitlement 34ms
{"level":30,"time":"2026-04-19T12:05:33.803Z","pid":826,"hostname":"b4fd557d2fd1","module":"db","action":"migrate","msg":"[db][migrate] Running database migrations"}
{"level":30,"time":"2026-04-19T12:05:33.906Z","pid":826,"hostname":"b4fd557d2fd1","module":"db","action":"migrate","msg":"[db][migrate] Database is already up to date"}
{"level":30,"time":"2026-04-19T12:05:34.887Z","pid":826,"hostname":"b4fd557d2fd1","module":"http","action":"request","method":"POST","url":"/auth/register","msg":"[http][request] [http][request] POST /auth/register"}
{"level":30,"time":"2026-04-19T12:05:34.995Z","pid":826,"hostname":"b4fd557d2fd1","module":"users:repository","action":"createUser","username":"integration_user_1","msg":"[users:repository][createUser] Creating user"}
{"level":30,"time":"2026-04-19T12:05:35.022Z","pid":826,"hostname":"b4fd557d2fd1","module":"audit","action":"write","eventId":null,"subjectType":"user","subjectId":"9515866e-73f8-406a-b21b-15a90728edd8","auditAction":"register","msg":"[audit][write] Audit recorded: register on user 9515866e-73f8-406a-b21b-15a90728edd8"}
{"level":30,"time":"2026-04-19T12:05:35.022Z","pid":826,"hostname":"b4fd557d2fd1","module":"auth","action":"register","userId":"9515866e-73f8-406a-b21b-15a90728edd8","username":"integration_user_1","msg":"[auth][register] User registered"}
{"level":30,"time":"2026-04-19T12:05:35.022Z","pid":826,"hostname":"b4fd557d2fd1","module":"http","action":"response","method":"POST","url":"/auth/register","statusCode":201,"responseTime":135.7000440005213,"msg":"[http][response] [http][response] POST /auth/register 201 135.7ms"}
{"level":30,"time":"2026-04-19T12:05:35.024Z","pid":826,"hostname":"b4fd557d2fd1","module":"http","action":"request","method":"POST","url":"/auth/register","msg":"[http][request] [http][request] POST /auth/register"}
 ✓ tests/integration/auth.integration.test.js > Auth integration (real DB) > POST /auth/register > registers a new user and the user appears in the users table 138ms
{"level":30,"time":"2026-04-19T12:05:35.124Z","pid":826,"hostname":"b4fd557d2fd1","module":"users:repository","action":"createUser","username":"duplicate_user","msg":"[users:repository][createUser] Creating user"}
{"level":30,"time":"2026-04-19T12:05:35.144Z","pid":826,"hostname":"b4fd557d2fd1","module":"audit","action":"write","eventId":null,"subjectType":"user","subjectId":"3379405f-b7c9-4c51-999c-0ea71495b48a","auditAction":"register","msg":"[audit][write] Audit recorded: register on user 3379405f-b7c9-4c51-999c-0ea71495b48a"}
{"level":30,"time":"2026-04-19T12:05:35.145Z","pid":826,"hostname":"b4fd557d2fd1","module":"auth","action":"register","userId":"3379405f-b7c9-4c51-999c-0ea71495b48a","username":"duplicate_user","msg":"[auth][register] User registered"}
{"level":30,"time":"2026-04-19T12:05:35.145Z","pid":826,"hostname":"b4fd557d2fd1","module":"http","action":"response","method":"POST","url":"/auth/register","statusCode":201,"responseTime":120.72716700006276,"msg":"[http][response] [http][response] POST /auth/register 201 120.7ms"}
{"level":30,"time":"2026-04-19T12:05:35.145Z","pid":826,"hostname":"b4fd557d2fd1","module":"http","action":"request","method":"POST","url":"/auth/register","msg":"[http][request] [http][request] POST /auth/register"}
{"level":30,"time":"2026-04-19T12:05:35.147Z","pid":826,"hostname":"b4fd557d2fd1","module":"http","action":"response","method":"POST","url":"/auth/register","statusCode":409,"responseTime":1.68947400059551,"msg":"[http][response] [http][response] POST /auth/register 409 1.7ms"}
{"level":30,"time":"2026-04-19T12:05:35.148Z","pid":826,"hostname":"b4fd557d2fd1","module":"http","action":"request","method":"POST","url":"/auth/register","msg":"[http][request] [http][request] POST /auth/register"}
 ✓ tests/integration/auth.integration.test.js > Auth integration (real DB) > POST /auth/register > returns 409 when registering a duplicate username 123ms
{"level":30,"time":"2026-04-19T12:05:35.246Z","pid":826,"hostname":"b4fd557d2fd1","module":"users:repository","action":"createUser","username":"role_check_user","msg":"[users:repository][createUser] Creating user"}
{"level":30,"time":"2026-04-19T12:05:35.266Z","pid":826,"hostname":"b4fd557d2fd1","module":"audit","action":"write","eventId":null,"subjectType":"user","subjectId":"074684d3-799a-4ce4-b81c-c7135fbcfabe","auditAction":"register","msg":"[audit][write] Audit recorded: register on user 074684d3-799a-4ce4-b81c-c7135fbcfabe"}
{"level":30,"time":"2026-04-19T12:05:35.267Z","pid":826,"hostname":"b4fd557d2fd1","module":"auth","action":"register","userId":"074684d3-799a-4ce4-b81c-c7135fbcfabe","username":"role_check_user","msg":"[auth][register] User registered"}
{"level":30,"time":"2026-04-19T12:05:35.267Z","pid":826,"hostname":"b4fd557d2fd1","module":"http","action":"response","method":"POST","url":"/auth/register","statusCode":201,"responseTime":119.26316899992526,"msg":"[http][response] [http][response] POST /auth/register 201 119.3ms"}
{"level":30,"time":"2026-04-19T12:05:35.269Z","pid":826,"hostname":"b4fd557d2fd1","module":"http","action":"request","method":"POST","url":"/auth/login","msg":"[http][request] [http][request] POST /auth/login"}
 ✓ tests/integration/auth.integration.test.js > Auth integration (real DB) > POST /auth/register > assigns the default event_planner role to newly registered users 121ms
{"level":30,"time":"2026-04-19T12:05:35.387Z","pid":826,"hostname":"b4fd557d2fd1","module":"auth","action":"login","userId":"7645dc2a-7bb2-41fe-9423-3ce5507767f2","username":"admin","msg":"[auth][login] User logged in"}
{"level":30,"time":"2026-04-19T12:05:35.388Z","pid":826,"hostname":"b4fd557d2fd1","module":"http","action":"response","method":"POST","url":"/auth/login","statusCode":200,"responseTime":118.6214430006221,"msg":"[http][response] [http][response] POST /auth/login 200 118.6ms"}
{"level":30,"time":"2026-04-19T12:05:35.389Z","pid":826,"hostname":"b4fd557d2fd1","module":"http","action":"request","method":"POST","url":"/auth/login","msg":"[http][request] [http][request] POST /auth/login"}
 ✓ tests/integration/auth.integration.test.js > Auth integration (real DB) > POST /auth/login > logs in with valid credentials and returns JWT tokens 120ms
{"level":30,"time":"2026-04-19T12:05:35.494Z","pid":826,"hostname":"b4fd557d2fd1","module":"http","action":"response","method":"POST","url":"/auth/login","statusCode":401,"responseTime":105.40497099980712,"msg":"[http][response] [http][response] POST /auth/login 401 105.4ms"}
{"level":30,"time":"2026-04-19T12:05:35.496Z","pid":826,"hostname":"b4fd557d2fd1","module":"http","action":"request","method":"POST","url":"/auth/login","msg":"[http][request] [http][request] POST /auth/login"}
{"level":30,"time":"2026-04-19T12:05:35.498Z","pid":826,"hostname":"b4fd557d2fd1","module":"http","action":"response","method":"POST","url":"/auth/login","statusCode":401,"responseTime":1.6846200004220009,"msg":"[http][response] [http][response] POST /auth/login 401 1.7ms"}
{"level":30,"time":"2026-04-19T12:05:35.498Z","pid":826,"hostname":"b4fd557d2fd1","module":"http","action":"request","method":"POST","url":"/auth/login","msg":"[http][request] [http][request] POST /auth/login"}
 ✓ tests/integration/auth.integration.test.js > Auth integration (real DB) > POST /auth/login > returns 401 with wrong password 107ms
 ✓ tests/integration/auth.integration.test.js > Auth integration (real DB) > POST /auth/login > returns 401 for a non-existent user 3ms
{"level":30,"time":"2026-04-19T12:05:35.622Z","pid":826,"hostname":"b4fd557d2fd1","module":"auth","action":"login","userId":"b5460f6a-8253-4e60-b4d6-1e8cbe97ae65","username":"planner","msg":"[auth][login] User logged in"}
{"level":30,"time":"2026-04-19T12:05:35.622Z","pid":826,"hostname":"b4fd557d2fd1","module":"http","action":"response","method":"POST","url":"/auth/login","statusCode":200,"responseTime":123.89985099993646,"msg":"[http][response] [http][response] POST /auth/login 200 123.9ms"}
{"level":30,"time":"2026-04-19T12:05:35.626Z","pid":826,"hostname":"b4fd557d2fd1","module":"http","action":"request","method":"POST","url":"/auth/login","msg":"[http][request] [http][request] POST /auth/login"}
 ✓ tests/integration/auth.integration.test.js > Auth integration (real DB) > POST /auth/login > stores a refresh token hash in the database on successful login 128ms
{"level":30,"time":"2026-04-19T12:05:35.754Z","pid":826,"hostname":"b4fd557d2fd1","module":"auth","action":"login","userId":"7645dc2a-7bb2-41fe-9423-3ce5507767f2","username":"admin","msg":"[auth][login] User logged in"}
{"level":30,"time":"2026-04-19T12:05:35.755Z","pid":826,"hostname":"b4fd557d2fd1","module":"http","action":"response","method":"POST","url":"/auth/login","statusCode":200,"responseTime":128.82150399964303,"msg":"[http][response] [http][response] POST /auth/login 200 128.8ms"}
{"level":30,"time":"2026-04-19T12:05:35.755Z","pid":826,"hostname":"b4fd557d2fd1","module":"http","action":"request","method":"POST","url":"/auth/refresh","msg":"[http][request] [http][request] POST /auth/refresh"}
{"level":30,"time":"2026-04-19T12:05:35.779Z","pid":826,"hostname":"b4fd557d2fd1","module":"auth","action":"refresh","userId":"7645dc2a-7bb2-41fe-9423-3ce5507767f2","msg":"[auth][refresh] Token refreshed"}
{"level":30,"time":"2026-04-19T12:05:35.779Z","pid":826,"hostname":"b4fd557d2fd1","module":"http","action":"response","method":"POST","url":"/auth/refresh","statusCode":200,"responseTime":24.210091000422835,"msg":"[http][response] [http][response] POST /auth/refresh 200 24.2ms"}
{"level":30,"time":"2026-04-19T12:05:35.781Z","pid":826,"hostname":"b4fd557d2fd1","module":"http","action":"request","method":"POST","url":"/auth/login","msg":"[http][request] [http][request] POST /auth/login"}
 ✓ tests/integration/auth.integration.test.js > Auth integration (real DB) > POST /auth/refresh > rotates a refresh token and returns a new access token 154ms
{"level":30,"time":"2026-04-19T12:05:35.912Z","pid":826,"hostname":"b4fd557d2fd1","module":"auth","action":"login","userId":"b5460f6a-8253-4e60-b4d6-1e8cbe97ae65","username":"planner","msg":"[auth][login] User logged in"}
{"level":30,"time":"2026-04-19T12:05:35.912Z","pid":826,"hostname":"b4fd557d2fd1","module":"http","action":"response","method":"POST","url":"/auth/login","statusCode":200,"responseTime":131.34275499917567,"msg":"[http][response] [http][response] POST /auth/login 200 131.3ms"}
{"level":30,"time":"2026-04-19T12:05:35.912Z","pid":826,"hostname":"b4fd557d2fd1","module":"http","action":"request","method":"POST","url":"/auth/refresh","msg":"[http][request] [http][request] POST /auth/refresh"}
{"level":30,"time":"2026-04-19T12:05:35.929Z","pid":826,"hostname":"b4fd557d2fd1","module":"auth","action":"refresh","userId":"b5460f6a-8253-4e60-b4d6-1e8cbe97ae65","msg":"[auth][refresh] Token refreshed"}
{"level":30,"time":"2026-04-19T12:05:35.930Z","pid":826,"hostname":"b4fd557d2fd1","module":"http","action":"response","method":"POST","url":"/auth/refresh","statusCode":200,"responseTime":17.60010000038892,"msg":"[http][response] [http][response] POST /auth/refresh 200 17.6ms"}
{"level":30,"time":"2026-04-19T12:05:35.930Z","pid":826,"hostname":"b4fd557d2fd1","module":"http","action":"request","method":"POST","url":"/auth/refresh","msg":"[http][request] [http][request] POST /auth/refresh"}
{"level":30,"time":"2026-04-19T12:05:35.932Z","pid":826,"hostname":"b4fd557d2fd1","module":"http","action":"response","method":"POST","url":"/auth/refresh","statusCode":401,"responseTime":1.8867539996281266,"msg":"[http][response] [http][response] POST /auth/refresh 401 1.9ms"}
{"level":30,"time":"2026-04-19T12:05:35.933Z","pid":826,"hostname":"b4fd557d2fd1","module":"http","action":"request","method":"POST","url":"/auth/login","msg":"[http][request] [http][request] POST /auth/login"}
 ✓ tests/integration/auth.integration.test.js > Auth integration (real DB) > POST /auth/refresh > rejects a previously used refresh token after rotation 152ms
{"level":30,"time":"2026-04-19T12:05:36.064Z","pid":826,"hostname":"b4fd557d2fd1","module":"auth","action":"login","userId":"a2c33bc9-c198-45a0-9713-ff42a58d46c3","username":"approver","msg":"[auth][login] User logged in"}
{"level":30,"time":"2026-04-19T12:05:36.065Z","pid":826,"hostname":"b4fd557d2fd1","module":"http","action":"response","method":"POST","url":"/auth/login","statusCode":200,"responseTime":132.0476919999346,"msg":"[http][response] [http][response] POST /auth/login 200 132.0ms"}
{"level":30,"time":"2026-04-19T12:05:36.065Z","pid":826,"hostname":"b4fd557d2fd1","module":"http","action":"request","method":"POST","url":"/auth/logout","msg":"[http][request] [http][request] POST /auth/logout"}
{"level":30,"time":"2026-04-19T12:05:36.072Z","pid":826,"hostname":"b4fd557d2fd1","module":"auth","action":"logout","userId":"a2c33bc9-c198-45a0-9713-ff42a58d46c3","msg":"[auth][logout] User logged out — all refresh tokens revoked"}
{"level":30,"time":"2026-04-19T12:05:36.073Z","pid":826,"hostname":"b4fd557d2fd1","module":"http","action":"response","method":"POST","url":"/auth/logout","statusCode":200,"responseTime":7.446621000766754,"msg":"[http][response] [http][response] POST /auth/logout 200 7.4ms"}
{"level":30,"time":"2026-04-19T12:05:36.076Z","pid":826,"hostname":"b4fd557d2fd1","module":"http","action":"request","method":"POST","url":"/auth/login","msg":"[http][request] [http][request] POST /auth/login"}
 ✓ tests/integration/auth.integration.test.js > Auth integration (real DB) > POST /auth/logout > revokes all refresh tokens for the user in the DB 143ms
 ✓ tests/integration/auth.integration.test.js > Auth integration (real DB) > GET /auth/me > returns the authenticated user profile with correct roles 156ms
 ✓ tests/integration/auth.integration.test.js > Auth integration (real DB) > GET /auth/me > returns 401 without a valid token 2ms
{"level":30,"time":"2026-04-19T12:05:36.222Z","pid":826,"hostname":"b4fd557d2fd1","module":"auth","action":"login","userId":"7645dc2a-7bb2-41fe-9423-3ce5507767f2","username":"admin","msg":"[auth][login] User logged in"}
{"level":30,"time":"2026-04-19T12:05:36.222Z","pid":826,"hostname":"b4fd557d2fd1","module":"http","action":"response","method":"POST","url":"/auth/login","statusCode":200,"responseTime":146.44732300005853,"msg":"[http][response] [http][response] POST /auth/login 200 146.4ms"}
{"level":30,"time":"2026-04-19T12:05:36.223Z","pid":826,"hostname":"b4fd557d2fd1","module":"http","action":"request","method":"GET","url":"/auth/me","msg":"[http][request] [http][request] GET /auth/me"}
{"level":30,"time":"2026-04-19T12:05:36.230Z","pid":826,"hostname":"b4fd557d2fd1","module":"http","action":"response","method":"GET","url":"/auth/me","statusCode":200,"responseTime":7.572116000577807,"msg":"[http][response] [http][response] GET /auth/me 200 7.6ms"}
{"level":30,"time":"2026-04-19T12:05:36.232Z","pid":826,"hostname":"b4fd557d2fd1","module":"http","action":"request","method":"GET","url":"/auth/me","msg":"[http][request] [http][request] GET /auth/me"}
{"level":40,"time":"2026-04-19T12:05:36.233Z","pid":826,"hostname":"b4fd557d2fd1","module":"auth","action":"authenticate","error":"JsonWebTokenError","msg":"[auth][authenticate] Invalid token"}
{"level":30,"time":"2026-04-19T12:05:36.233Z","pid":826,"hostname":"b4fd557d2fd1","module":"http","action":"response","method":"GET","url":"/auth/me","statusCode":401,"responseTime":1.329208000563085,"msg":"[http][response] [http][response] GET /auth/me 401 1.3ms"}
{"level":30,"time":"2026-04-19T12:05:39.015Z","pid":826,"hostname":"b4fd557d2fd1","module":"db","action":"migrate","msg":"[db][migrate] Running database migrations"}
{"level":30,"time":"2026-04-19T12:05:39.062Z","pid":826,"hostname":"b4fd557d2fd1","module":"db","action":"migrate","msg":"[db][migrate] Database is already up to date"}
(node:826) MaxListenersExceededWarning: Possible EventEmitter memory leak detected. 11 unhandledRejection listeners added to [process]. MaxListeners is 10. Use emitter.setMaxListeners() to increase limit
(Use `node --trace-warnings ...` to show where the warning was created)
(node:826) MaxListenersExceededWarning: Possible EventEmitter memory leak detected. 11 uncaughtException listeners added to [process]. MaxListeners is 10. Use emitter.setMaxListeners() to increase limit
 ✓ tests/integration/attachments.integration.test.js > Attachments (real DB) > GET /attachments > returns an empty list for a fresh event (200 with data array) 8ms
 ✓ tests/integration/attachments.integration.test.js > Attachments (real DB) > POST /attachments > uploads a PNG and returns a data array including sha256 + id 29ms
 ✓ tests/integration/attachments.integration.test.js > Attachments (real DB) > POST /attachments > rejects an upload targeting another user's event with 403 8ms
 ✓ tests/integration/attachments.integration.test.js > Attachments (real DB) > GET /attachments/:id > returns attachment metadata for a valid id (200) 8ms
 ✓ tests/integration/attachments.integration.test.js > Attachments (real DB) > GET /attachments/:id > returns 404 for a nonexistent attachment id 8ms
 ✓ tests/integration/attachments.integration.test.js > Attachments (real DB) > GET /attachments/:id > returns 403 when the attachment belongs to another user's event 18ms
 ✓ tests/integration/attachments.integration.test.js > Attachments (real DB) > GET /attachments/:id/download > returns 200 with Content-Disposition containing the original filename 46ms
 ✓ tests/integration/attachments.integration.test.js > Attachments (real DB) > GET /attachments/:id/download > returns 404 for an unknown attachment id 5ms
{"level":30,"time":"2026-04-19T12:05:40.338Z","pid":826,"hostname":"b4fd557d2fd1","module":"http","action":"request","method":"POST","url":"/auth/login","msg":"[http][request] [http][request] POST /auth/login"}
{"level":30,"time":"2026-04-19T12:05:40.458Z","pid":826,"hostname":"b4fd557d2fd1","module":"auth","action":"login","userId":"b73a583a-9dc3-44f7-aa67-dc7c3a413d46","username":"planner","msg":"[auth][login] User logged in"}
{"level":30,"time":"2026-04-19T12:05:40.459Z","pid":826,"hostname":"b4fd557d2fd1","module":"http","action":"response","method":"POST","url":"/auth/login","statusCode":200,"responseTime":120.95222600083798,"msg":"[http][response] [http][response] POST /auth/login 200 121.0ms"}
{"level":30,"time":"2026-04-19T12:05:40.459Z","pid":826,"hostname":"b4fd557d2fd1","module":"http","action":"request","method":"POST","url":"/auth/login","msg":"[http][request] [http][request] POST /auth/login"}
{"level":30,"time":"2026-04-19T12:05:40.588Z","pid":826,"hostname":"b4fd557d2fd1","module":"auth","action":"login","userId":"674b0c7b-d8f8-4c01-bdbd-872a6e89a193","username":"chef","msg":"[auth][login] User logged in"}
{"level":30,"time":"2026-04-19T12:05:40.588Z","pid":826,"hostname":"b4fd557d2fd1","module":"http","action":"response","method":"POST","url":"/auth/login","statusCode":200,"responseTime":129.28175700083375,"msg":"[http][response] [http][response] POST /auth/login 200 129.3ms"}
{"level":30,"time":"2026-04-19T12:05:40.589Z","pid":826,"hostname":"b4fd557d2fd1","module":"http","action":"request","method":"POST","url":"/events","msg":"[http][request] [http][request] POST /events"}
{"level":30,"time":"2026-04-19T12:05:40.591Z","pid":826,"hostname":"b4fd557d2fd1","module":"events:service","action":"createEvent","userId":"b73a583a-9dc3-44f7-aa67-dc7c3a413d46","msg":"[events:service][createEvent] Creating new event"}
{"level":20,"time":"2026-04-19T12:05:40.591Z","pid":826,"hostname":"b4fd557d2fd1","module":"events:repository","action":"create","data":{"title":"Attachment Test Event","description":null,"event_date":"2026-03-01","headcount":10,"budget_amount":1000,"budget_cap":25000,"state":"draft","created_by":"b73a583a-9dc3-44f7-aa67-dc7c3a413d46"},"msg":"[events:repository][create] Creating event"}
{"level":30,"time":"2026-04-19T12:05:40.605Z","pid":826,"hostname":"b4fd557d2fd1","module":"audit","action":"write","eventId":"7c502382-ae7a-4ec0-a611-477ebe55d0df","subjectType":"event","subjectId":"7c502382-ae7a-4ec0-a611-477ebe55d0df","auditAction":"create","msg":"[audit][write] Audit recorded: create on event 7c502382-ae7a-4ec0-a611-477ebe55d0df"}
{"level":30,"time":"2026-04-19T12:05:40.605Z","pid":826,"hostname":"b4fd557d2fd1","module":"events:routes","action":"create","eventId":"7c502382-ae7a-4ec0-a611-477ebe55d0df","msg":"[events:routes][create] Event created"}
{"level":30,"time":"2026-04-19T12:05:40.605Z","pid":826,"hostname":"b4fd557d2fd1","module":"http","action":"response","method":"POST","url":"/events","statusCode":201,"responseTime":16.77935399953276,"msg":"[http][response] [http][response] POST /events 201 16.8ms"}
{"level":30,"time":"2026-04-19T12:05:40.607Z","pid":826,"hostname":"b4fd557d2fd1","module":"http","action":"request","method":"GET","url":"/attachments?event_id=7c502382-ae7a-4ec0-a611-477ebe55d0df","msg":"[http][request] [http][request] GET /attachments?event_id=7c502382-ae7a-4ec0-a611-477ebe55d0df"}
{"level":20,"time":"2026-04-19T12:05:40.609Z","pid":826,"hostname":"b4fd557d2fd1","module":"attachments:repository","action":"findByEvent","eventId":"7c502382-ae7a-4ec0-a611-477ebe55d0df","msg":"[attachments:repository][findByEvent] Listing attachments for event"}
{"level":30,"time":"2026-04-19T12:05:40.613Z","pid":826,"hostname":"b4fd557d2fd1","module":"http","action":"response","method":"GET","url":"/attachments?event_id=7c502382-ae7a-4ec0-a611-477ebe55d0df","statusCode":200,"responseTime":6.52948800008744,"msg":"[http][response] [http][response] GET /attachments?event_id=7c502382-ae7a-4ec0-a611-477ebe55d0df 200 6.5ms"}
{"level":30,"time":"2026-04-19T12:05:40.614Z","pid":826,"hostname":"b4fd557d2fd1","module":"http","action":"request","method":"POST","url":"/attachments?event_id=7c502382-ae7a-4ec0-a611-477ebe55d0df","msg":"[http][request] [http][request] POST /attachments?event_id=7c502382-ae7a-4ec0-a611-477ebe55d0df"}
{"level":30,"time":"2026-04-19T12:05:40.619Z","pid":826,"hostname":"b4fd557d2fd1","module":"attachments:service","action":"upload","userId":"b73a583a-9dc3-44f7-aa67-dc7c3a413d46","filename":"tiny.png","msg":"[attachments:service][upload] Processing file upload"}
{"level":40,"time":"2026-04-19T12:05:40.626Z","pid":826,"hostname":"b4fd557d2fd1","module":"attachments:service","action":"upload","err":"Input buffer has corrupt header: pngload_buffer: end of stream","msg":"[attachments:service][upload] Image variant generation failed — continuing without variants"}
{"level":30,"time":"2026-04-19T12:05:40.626Z","pid":826,"hostname":"b4fd557d2fd1","module":"attachments:repository","action":"create","originalName":"tiny.png","msg":"[attachments:repository][create] Inserting attachment record"}
{"level":30,"time":"2026-04-19T12:05:40.641Z","pid":826,"hostname":"b4fd557d2fd1","module":"audit","action":"write","eventId":"7c502382-ae7a-4ec0-a611-477ebe55d0df","subjectType":"attachment","subjectId":"871d3039-b97a-41d7-8541-105078c5c992","auditAction":"upload","msg":"[audit][write] Audit recorded: upload on attachment 871d3039-b97a-41d7-8541-105078c5c992"}
{"level":30,"time":"2026-04-19T12:05:40.641Z","pid":826,"hostname":"b4fd557d2fd1","module":"attachments:service","action":"upload","attachmentId":"871d3039-b97a-41d7-8541-105078c5c992","sha256":"71fde3856a298a052c6edb5155638d8422114e55bf0e28374d90dea8be99ef6c","msg":"[attachments:service][upload] File upload completed"}
{"level":30,"time":"2026-04-19T12:05:40.641Z","pid":826,"hostname":"b4fd557d2fd1","module":"attachments:routes","action":"upload","count":1,"msg":"[attachments:routes][upload] Processed 1 file upload(s)"}
{"level":30,"time":"2026-04-19T12:05:40.642Z","pid":826,"hostname":"b4fd557d2fd1","module":"http","action":"response","method":"POST","url":"/attachments?event_id=7c502382-ae7a-4ec0-a611-477ebe55d0df","statusCode":200,"responseTime":27.370779999531806,"msg":"[http][response] [http][response] POST /attachments?event_id=7c502382-ae7a-4ec0-a611-477ebe55d0df 200 27.4ms"}
{"level":30,"time":"2026-04-19T12:05:40.643Z","pid":826,"hostname":"b4fd557d2fd1","module":"http","action":"request","method":"POST","url":"/attachments?event_id=7c502382-ae7a-4ec0-a611-477ebe55d0df","msg":"[http][request] [http][request] POST /attachments?event_id=7c502382-ae7a-4ec0-a611-477ebe55d0df"}
{"level":50,"time":"2026-04-19T12:05:40.649Z","pid":826,"hostname":"b4fd557d2fd1","module":"http","action":"error","err":{"type":"ForbiddenError","message":"You do not have access to this event's attachments","stack":"ForbiddenError: You do not have access to this event's attachments\n    at assertAttachmentParentAccess (/app/src/modules/attachments/routes.js:69:11)\n    at processTicksAndRejections (node:internal/process/task_queues:95:5)\n    at Object.<anonymous> (/app/src/modules/attachments/routes.js:113:7)","name":"ForbiddenError","statusCode":403,"code":"FORBIDDEN"},"requestId":"req-6","msg":"[http][error] [http][error] You do not have access to this event's attachments"}
{"level":30,"time":"2026-04-19T12:05:40.650Z","pid":826,"hostname":"b4fd557d2fd1","module":"http","action":"response","method":"POST","url":"/attachments?event_id=7c502382-ae7a-4ec0-a611-477ebe55d0df","statusCode":403,"responseTime":6.704735999926925,"msg":"[http][response] [http][response] POST /attachments?event_id=7c502382-ae7a-4ec0-a611-477ebe55d0df 403 6.7ms"}
{"level":30,"time":"2026-04-19T12:05:40.651Z","pid":826,"hostname":"b4fd557d2fd1","module":"http","action":"request","method":"POST","url":"/attachments?event_id=7c502382-ae7a-4ec0-a611-477ebe55d0df","msg":"[http][request] [http][request] POST /attachments?event_id=7c502382-ae7a-4ec0-a611-477ebe55d0df"}
{"level":30,"time":"2026-04-19T12:05:40.655Z","pid":826,"hostname":"b4fd557d2fd1","module":"attachments:service","action":"upload","userId":"b73a583a-9dc3-44f7-aa67-dc7c3a413d46","filename":"metadata-target.png","msg":"[attachments:service][upload] Processing file upload"}
{"level":40,"time":"2026-04-19T12:05:40.659Z","pid":826,"hostname":"b4fd557d2fd1","module":"attachments:service","action":"upload","err":"Input buffer has corrupt header: pngload_buffer: end of stream","msg":"[attachments:service][upload] Image variant generation failed — continuing without variants"}
{"level":30,"time":"2026-04-19T12:05:40.659Z","pid":826,"hostname":"b4fd557d2fd1","module":"attachments:repository","action":"create","originalName":"metadata-target.png","msg":"[attachments:repository][create] Inserting attachment record"}
{"level":30,"time":"2026-04-19T12:05:40.675Z","pid":826,"hostname":"b4fd557d2fd1","module":"audit","action":"write","eventId":"7c502382-ae7a-4ec0-a611-477ebe55d0df","subjectType":"attachment","subjectId":"cd064289-4f11-4c19-9e86-dcc21f79e46c","auditAction":"upload","msg":"[audit][write] Audit recorded: upload on attachment cd064289-4f11-4c19-9e86-dcc21f79e46c"}
{"level":30,"time":"2026-04-19T12:05:40.675Z","pid":826,"hostname":"b4fd557d2fd1","module":"attachments:service","action":"upload","attachmentId":"cd064289-4f11-4c19-9e86-dcc21f79e46c","sha256":"7c6841a8e71c3266f7e2d7fe2289c4565407cee07e8abe324365aeebccfaf19a","msg":"[attachments:service][upload] File upload completed"}
{"level":30,"time":"2026-04-19T12:05:40.675Z","pid":826,"hostname":"b4fd557d2fd1","module":"attachments:routes","action":"upload","count":1,"msg":"[attachments:routes][upload] Processed 1 file upload(s)"}
{"level":30,"time":"2026-04-19T12:05:40.676Z","pid":826,"hostname":"b4fd557d2fd1","module":"http","action":"response","method":"POST","url":"/attachments?event_id=7c502382-ae7a-4ec0-a611-477ebe55d0df","statusCode":200,"responseTime":24.894601999782026,"msg":"[http][response] [http][response] POST /attachments?event_id=7c502382-ae7a-4ec0-a611-477ebe55d0df 200 24.9ms"}
{"level":30,"time":"2026-04-19T12:05:40.677Z","pid":826,"hostname":"b4fd557d2fd1","module":"http","action":"request","method":"GET","url":"/attachments/cd064289-4f11-4c19-9e86-dcc21f79e46c","msg":"[http][request] [http][request] GET /attachments/cd064289-4f11-4c19-9e86-dcc21f79e46c"}
{"level":20,"time":"2026-04-19T12:05:40.680Z","pid":826,"hostname":"b4fd557d2fd1","module":"attachments:repository","action":"findById","id":"cd064289-4f11-4c19-9e86-dcc21f79e46c","msg":"[attachments:repository][findById] Looking up attachment"}
{"level":30,"time":"2026-04-19T12:05:40.683Z","pid":826,"hostname":"b4fd557d2fd1","module":"attachments:routes","action":"getById","attachmentId":"cd064289-4f11-4c19-9e86-dcc21f79e46c","msg":"[attachments:routes][getById] Retrieved attachment metadata"}
{"level":30,"time":"2026-04-19T12:05:40.684Z","pid":826,"hostname":"b4fd557d2fd1","module":"http","action":"response","method":"GET","url":"/attachments/cd064289-4f11-4c19-9e86-dcc21f79e46c","statusCode":200,"responseTime":7.075263999402523,"msg":"[http][response] [http][response] GET /attachments/cd064289-4f11-4c19-9e86-dcc21f79e46c 200 7.1ms"}
{"level":30,"time":"2026-04-19T12:05:40.685Z","pid":826,"hostname":"b4fd557d2fd1","module":"http","action":"request","method":"GET","url":"/attachments/1900726e-a0de-4de0-87b5-85906c41bfcb","msg":"[http][request] [http][request] GET /attachments/1900726e-a0de-4de0-87b5-85906c41bfcb"}
{"level":20,"time":"2026-04-19T12:05:40.689Z","pid":826,"hostname":"b4fd557d2fd1","module":"attachments:repository","action":"findById","id":"1900726e-a0de-4de0-87b5-85906c41bfcb","msg":"[attachments:repository][findById] Looking up attachment"}
{"level":50,"time":"2026-04-19T12:05:40.691Z","pid":826,"hostname":"b4fd557d2fd1","module":"http","action":"error","err":{"type":"NotFoundError","message":"Attachment with id '1900726e-a0de-4de0-87b5-85906c41bfcb' not found","stack":"NotFoundError: Attachment with id '1900726e-a0de-4de0-87b5-85906c41bfcb' not found\n    at Object.<anonymous> (/app/src/modules/attachments/routes.js:219:15)\n    at processTicksAndRejections (node:internal/process/task_queues:95:5)","name":"NotFoundError","statusCode":404,"code":"NOT_FOUND","details":{"resource":"Attachment","id":"1900726e-a0de-4de0-87b5-85906c41bfcb"}},"requestId":"req-9","msg":"[http][error] [http][error] Attachment with id '1900726e-a0de-4de0-87b5-85906c41bfcb' not found"}
{"level":30,"time":"2026-04-19T12:05:40.692Z","pid":826,"hostname":"b4fd557d2fd1","module":"http","action":"response","method":"GET","url":"/attachments/1900726e-a0de-4de0-87b5-85906c41bfcb","statusCode":404,"responseTime":7.190212000161409,"msg":"[http][response] [http][response] GET /attachments/1900726e-a0de-4de0-87b5-85906c41bfcb 404 7.2ms"}
{"level":30,"time":"2026-04-19T12:05:40.693Z","pid":826,"hostname":"b4fd557d2fd1","module":"http","action":"request","method":"GET","url":"/attachments/cd064289-4f11-4c19-9e86-dcc21f79e46c","msg":"[http][request] [http][request] GET /attachments/cd064289-4f11-4c19-9e86-dcc21f79e46c"}
{"level":20,"time":"2026-04-19T12:05:40.699Z","pid":826,"hostname":"b4fd557d2fd1","module":"attachments:repository","action":"findById","id":"cd064289-4f11-4c19-9e86-dcc21f79e46c","msg":"[attachments:repository][findById] Looking up attachment"}
{"level":50,"time":"2026-04-19T12:05:40.709Z","pid":826,"hostname":"b4fd557d2fd1","module":"http","action":"error","err":{"type":"ForbiddenError","message":"You do not have access to this event's attachments","stack":"ForbiddenError: You do not have access to this event's attachments\n    at assertAttachmentParentAccess (/app/src/modules/attachments/routes.js:69:11)\n    at processTicksAndRejections (node:internal/process/task_queues:95:5)\n    at Object.<anonymous> (/app/src/modules/attachments/routes.js:222:7)","name":"ForbiddenError","statusCode":403,"code":"FORBIDDEN"},"requestId":"req-a","msg":"[http][error] [http][error] You do not have access to this event's attachments"}
{"level":30,"time":"2026-04-19T12:05:40.710Z","pid":826,"hostname":"b4fd557d2fd1","module":"http","action":"response","method":"GET","url":"/attachments/cd064289-4f11-4c19-9e86-dcc21f79e46c","statusCode":403,"responseTime":16.40995700005442,"msg":"[http][response] [http][response] GET /attachments/cd064289-4f11-4c19-9e86-dcc21f79e46c 403 16.4ms"}
{"level":30,"time":"2026-04-19T12:05:40.712Z","pid":826,"hostname":"b4fd557d2fd1","module":"http","action":"request","method":"POST","url":"/attachments?event_id=7c502382-ae7a-4ec0-a611-477ebe55d0df","msg":"[http][request] [http][request] POST /attachments?event_id=7c502382-ae7a-4ec0-a611-477ebe55d0df"}
{"level":30,"time":"2026-04-19T12:05:40.726Z","pid":826,"hostname":"b4fd557d2fd1","module":"attachments:service","action":"upload","userId":"b73a583a-9dc3-44f7-aa67-dc7c3a413d46","filename":"download-me.png","msg":"[attachments:service][upload] Processing file upload"}
{"level":40,"time":"2026-04-19T12:05:40.730Z","pid":826,"hostname":"b4fd557d2fd1","module":"attachments:service","action":"upload","err":"Input buffer has corrupt header: pngload_buffer: end of stream","msg":"[attachments:service][upload] Image variant generation failed — continuing without variants"}
{"level":30,"time":"2026-04-19T12:05:40.730Z","pid":826,"hostname":"b4fd557d2fd1","module":"attachments:repository","action":"create","originalName":"download-me.png","msg":"[attachments:repository][create] Inserting attachment record"}
{"level":30,"time":"2026-04-19T12:05:40.745Z","pid":826,"hostname":"b4fd557d2fd1","module":"audit","action":"write","eventId":"7c502382-ae7a-4ec0-a611-477ebe55d0df","subjectType":"attachment","subjectId":"4519ad6b-6c0e-4416-bbd8-e61be7d54ee2","auditAction":"upload","msg":"[audit][write] Audit recorded: upload on attachment 4519ad6b-6c0e-4416-bbd8-e61be7d54ee2"}
{"level":30,"time":"2026-04-19T12:05:40.745Z","pid":826,"hostname":"b4fd557d2fd1","module":"attachments:service","action":"upload","attachmentId":"4519ad6b-6c0e-4416-bbd8-e61be7d54ee2","sha256":"48a31c6fb9de03ed8422876402e3d202eede8374545606259fca93e3c52a9c78","msg":"[attachments:service][upload] File upload completed"}
{"level":30,"time":"2026-04-19T12:05:40.746Z","pid":826,"hostname":"b4fd557d2fd1","module":"attachments:routes","action":"upload","count":1,"msg":"[attachments:routes][upload] Processed 1 file upload(s)"}
{"level":30,"time":"2026-04-19T12:05:40.746Z","pid":826,"hostname":"b4fd557d2fd1","module":"http","action":"response","method":"POST","url":"/attachments?event_id=7c502382-ae7a-4ec0-a611-477ebe55d0df","statusCode":200,"responseTime":34.03894599992782,"msg":"[http][response] [http][response] POST /attachments?event_id=7c502382-ae7a-4ec0-a611-477ebe55d0df 200 34.0ms"}
{"level":30,"time":"2026-04-19T12:05:40.747Z","pid":826,"hostname":"b4fd557d2fd1","module":"http","action":"request","method":"GET","url":"/attachments/4519ad6b-6c0e-4416-bbd8-e61be7d54ee2/download","msg":"[http][request] [http][request] GET /attachments/4519ad6b-6c0e-4416-bbd8-e61be7d54ee2/download"}
{"level":20,"time":"2026-04-19T12:05:40.748Z","pid":826,"hostname":"b4fd557d2fd1","module":"attachments:repository","action":"findById","id":"4519ad6b-6c0e-4416-bbd8-e61be7d54ee2","msg":"[attachments:repository][findById] Looking up attachment"}
{"level":30,"time":"2026-04-19T12:05:40.751Z","pid":826,"hostname":"b4fd557d2fd1","module":"attachments:routes","action":"download","attachmentId":"4519ad6b-6c0e-4416-bbd8-e61be7d54ee2","msg":"[attachments:routes][download] Streaming attachment download"}
{"level":30,"time":"2026-04-19T12:05:40.756Z","pid":826,"hostname":"b4fd557d2fd1","module":"http","action":"response","method":"GET","url":"/attachments/4519ad6b-6c0e-4416-bbd8-e61be7d54ee2/download","statusCode":200,"responseTime":8.982656000182033,"msg":"[http][response] [http][response] GET /attachments/4519ad6b-6c0e-4416-bbd8-e61be7d54ee2/download 200 9.0ms"}
{"level":30,"time":"2026-04-19T12:05:40.758Z","pid":826,"hostname":"b4fd557d2fd1","module":"http","action":"request","method":"GET","url":"/attachments/9c6c777e-b629-421c-af80-7c6432df0050/download","msg":"[http][request] [http][request] GET /attachments/9c6c777e-b629-421c-af80-7c6432df0050/download"}
{"level":20,"time":"2026-04-19T12:05:40.759Z","pid":826,"hostname":"b4fd557d2fd1","module":"attachments:repository","action":"findById","id":"9c6c777e-b629-421c-af80-7c6432df0050","msg":"[attachments:repository][findById] Looking up attachment"}
{"level":50,"time":"2026-04-19T12:05:40.761Z","pid":826,"hostname":"b4fd557d2fd1","module":"http","action":"error","err":{"type":"NotFoundError","message":"Attachment with id '9c6c777e-b629-421c-af80-7c6432df0050' not found","stack":"NotFoundError: Attachment with id '9c6c777e-b629-421c-af80-7c6432df0050' not found\n    at Object.<anonymous> (/app/src/modules/attachments/routes.js:250:15)\n    at processTicksAndRejections (node:internal/process/task_queues:95:5)","name":"NotFoundError","statusCode":404,"code":"NOT_FOUND","details":{"resource":"Attachment","id":"9c6c777e-b629-421c-af80-7c6432df0050"}},"requestId":"req-d","msg":"[http][error] [http][error] Attachment with id '9c6c777e-b629-421c-af80-7c6432df0050' not found"}
{"level":30,"time":"2026-04-19T12:05:40.761Z","pid":826,"hostname":"b4fd557d2fd1","module":"http","action":"response","method":"GET","url":"/attachments/9c6c777e-b629-421c-af80-7c6432df0050/download","statusCode":404,"responseTime":3.907131999731064,"msg":"[http][response] [http][response] GET /attachments/9c6c777e-b629-421c-af80-7c6432df0050/download 404 3.9ms"}
{"level":30,"time":"2026-04-19T12:05:43.602Z","pid":826,"hostname":"b4fd557d2fd1","module":"db","action":"migrate","msg":"[db][migrate] Running database migrations"}
{"level":30,"time":"2026-04-19T12:05:43.650Z","pid":826,"hostname":"b4fd557d2fd1","module":"db","action":"migrate","msg":"[db][migrate] Database is already up to date"}
{"level":30,"time":"2026-04-19T12:05:44.605Z","pid":826,"hostname":"b4fd557d2fd1","module":"http","action":"request","method":"POST","url":"/auth/login","msg":"[http][request] [http][request] POST /auth/login"}
{"level":30,"time":"2026-04-19T12:05:44.737Z","pid":826,"hostname":"b4fd557d2fd1","module":"auth","action":"login","userId":"4ffd87e7-d6d2-4cc3-ac32-a8d4724ed33f","username":"planner","msg":"[auth][login] User logged in"}
{"level":30,"time":"2026-04-19T12:05:44.738Z","pid":826,"hostname":"b4fd557d2fd1","module":"http","action":"response","method":"POST","url":"/auth/login","statusCode":200,"responseTime":132.767512999475,"msg":"[http][response] [http][response] POST /auth/login 200 132.8ms"}
{"level":30,"time":"2026-04-19T12:05:44.738Z","pid":826,"hostname":"b4fd557d2fd1","module":"http","action":"request","method":"POST","url":"/auth/login","msg":"[http][request] [http][request] POST /auth/login"}
{"level":30,"time":"2026-04-19T12:05:44.858Z","pid":826,"hostname":"b4fd557d2fd1","module":"auth","action":"login","userId":"df8e894d-a462-4e99-a97e-368680693060","username":"approver","msg":"[auth][login] User logged in"}
{"level":30,"time":"2026-04-19T12:05:44.858Z","pid":826,"hostname":"b4fd557d2fd1","module":"http","action":"response","method":"POST","url":"/auth/login","statusCode":200,"responseTime":119.69497800059617,"msg":"[http][response] [http][response] POST /auth/login 200 119.7ms"}
{"level":30,"time":"2026-04-19T12:05:44.858Z","pid":826,"hostname":"b4fd557d2fd1","module":"http","action":"request","method":"POST","url":"/auth/login","msg":"[http][request] [http][request] POST /auth/login"}
{"level":30,"time":"2026-04-19T12:05:44.987Z","pid":826,"hostname":"b4fd557d2fd1","module":"auth","action":"login","userId":"ed7282cd-9631-4eb3-95bd-fb33054c96e0","username":"chef","msg":"[auth][login] User logged in"}
{"level":30,"time":"2026-04-19T12:05:44.988Z","pid":826,"hostname":"b4fd557d2fd1","module":"http","action":"response","method":"POST","url":"/auth/login","statusCode":200,"responseTime":129.25556199997663,"msg":"[http][response] [http][response] POST /auth/login 200 129.3ms"}
{"level":30,"time":"2026-04-19T12:05:44.988Z","pid":826,"hostname":"b4fd557d2fd1","module":"http","action":"request","method":"POST","url":"/events","msg":"[http][request] [http][request] POST /events"}
{"level":30,"time":"2026-04-19T12:05:44.990Z","pid":826,"hostname":"b4fd557d2fd1","module":"events:service","action":"createEvent","userId":"4ffd87e7-d6d2-4cc3-ac32-a8d4724ed33f","msg":"[events:service][createEvent] Creating new event"}
{"level":20,"time":"2026-04-19T12:05:44.990Z","pid":826,"hostname":"b4fd557d2fd1","module":"events:repository","action":"create","data":{"title":"Mutation Test Event","description":null,"event_date":"2026-05-10","headcount":40,"budget_amount":6000,"budget_cap":25000,"state":"draft","created_by":"4ffd87e7-d6d2-4cc3-ac32-a8d4724ed33f"},"msg":"[events:repository][create] Creating event"}
{"level":30,"time":"2026-04-19T12:05:45.005Z","pid":826,"hostname":"b4fd557d2fd1","module":"audit","action":"write","eventId":"73cbd4e0-cbbe-4b8d-85f4-fcab79287da7","subjectType":"event","subjectId":"73cbd4e0-cbbe-4b8d-85f4-fcab79287da7","auditAction":"create","msg":"[audit][write] Audit recorded: create on event 73cbd4e0-cbbe-4b8d-85f4-fcab79287da7"}
{"level":30,"time":"2026-04-19T12:05:45.005Z","pid":826,"hostname":"b4fd557d2fd1","module":"events:routes","action":"create","eventId":"73cbd4e0-cbbe-4b8d-85f4-fcab79287da7","msg":"[events:routes][create] Event created"}
{"level":30,"time":"2026-04-19T12:05:45.005Z","pid":826,"hostname":"b4fd557d2fd1","module":"http","action":"response","method":"POST","url":"/events","statusCode":201,"responseTime":17.225076000206172,"msg":"[http][response] [http][response] POST /events 201 17.2ms"}
{"level":30,"time":"2026-04-19T12:05:45.012Z","pid":826,"hostname":"b4fd557d2fd1","module":"http","action":"request","method":"POST","url":"/events/73cbd4e0-cbbe-4b8d-85f4-fcab79287da7/materials","msg":"[http][request] [http][request] POST /events/73cbd4e0-cbbe-4b8d-85f4-fcab79287da7/materials"}
{"level":20,"time":"2026-04-19T12:05:45.014Z","pid":826,"hostname":"b4fd557d2fd1","module":"events:repository","action":"findById","id":"73cbd4e0-cbbe-4b8d-85f4-fcab79287da7","msg":"[events:repository][findById] Looking up event by id"}
{"level":20,"time":"2026-04-19T12:05:45.017Z","pid":826,"hostname":"b4fd557d2fd1","module":"events:repository","action":"addMaterial","data":{"event_id":"73cbd4e0-cbbe-4b8d-85f4-fcab79287da7","material_type":"rental","recipe_version_id":null,"rental_resource_id":null,"display_quantity":10,"unit":"units"},"msg":"[events:repository][addMaterial] Adding material"}
{"level":30,"time":"2026-04-19T12:05:45.024Z","pid":826,"hostname":"b4fd557d2fd1","module":"events:routes","action":"addMaterial","eventId":"73cbd4e0-cbbe-4b8d-85f4-fcab79287da7","materialId":"245bd025-062a-4725-bee1-c6949f9b2240","msg":"[events:routes][addMaterial] Material added to event"}
{"level":30,"time":"2026-04-19T12:05:45.025Z","pid":826,"hostname":"b4fd557d2fd1","module":"http","action":"response","method":"POST","url":"/events/73cbd4e0-cbbe-4b8d-85f4-fcab79287da7/materials","statusCode":201,"responseTime":13.149064000695944,"msg":"[http][response] [http][response] POST /events/73cbd4e0-cbbe-4b8d-85f4-fcab79287da7/materials 201 13.1ms"}
{"level":30,"time":"2026-04-19T12:05:45.027Z","pid":826,"hostname":"b4fd557d2fd1","module":"http","action":"request","method":"POST","url":"/events/73cbd4e0-cbbe-4b8d-85f4-fcab79287da7/materials","msg":"[http][request] [http][request] POST /events/73cbd4e0-cbbe-4b8d-85f4-fcab79287da7/materials"}
{"level":30,"time":"2026-04-19T12:05:45.029Z","pid":826,"hostname":"b4fd557d2fd1","module":"http","action":"response","method":"POST","url":"/events/73cbd4e0-cbbe-4b8d-85f4-fcab79287da7/materials","statusCode":422,"responseTime":2.4223499996587634,"msg":"[http][response] [http][response] POST /events/73cbd4e0-cbbe-4b8d-85f4-fcab79287da7/materials 422 2.4ms"}
{"level":30,"time":"2026-04-19T12:05:45.036Z","pid":826,"hostname":"b4fd557d2fd1","module":"http","action":"request","method":"DELETE","url":"/events/73cbd4e0-cbbe-4b8d-85f4-fcab79287da7/materials/e2af4a54-e1ae-492b-bf23-ef03a0a3983f","msg":"[http][request] [http][request] DELETE /events/73cbd4e0-cbbe-4b8d-85f4-fcab79287da7/materials/e2af4a54-e1ae-492b-bf23-ef03a0a3983f"}
{"level":20,"time":"2026-04-19T12:05:45.037Z","pid":826,"hostname":"b4fd557d2fd1","module":"events:repository","action":"findById","id":"73cbd4e0-cbbe-4b8d-85f4-fcab79287da7","msg":"[events:repository][findById] Looking up event by id"}
{"level":30,"time":"2026-04-19T12:05:45.039Z","pid":826,"hostname":"b4fd557d2fd1","module":"events:repository","action":"removeMaterial","id":"e2af4a54-e1ae-492b-bf23-ef03a0a3983f","eventId":"73cbd4e0-cbbe-4b8d-85f4-fcab79287da7","msg":"[events:repository][removeMaterial] Removing material"}
{"level":30,"time":"2026-04-19T12:05:45.044Z","pid":826,"hostname":"b4fd557d2fd1","module":"events:routes","action":"removeMaterial","eventId":"73cbd4e0-cbbe-4b8d-85f4-fcab79287da7","materialId":"e2af4a54-e1ae-492b-bf23-ef03a0a3983f","msg":"[events:routes][removeMaterial] Material removed from event"}
{"level":30,"time":"2026-04-19T12:05:45.044Z","pid":826,"hostname":"b4fd557d2fd1","module":"http","action":"response","method":"DELETE","url":"/events/73cbd4e0-cbbe-4b8d-85f4-fcab79287da7/materials/e2af4a54-e1ae-492b-bf23-ef03a0a3983f","statusCode":200,"responseTime":8.618188000284135,"msg":"[http][response] [http][response] DELETE /events/73cbd4e0-cbbe-4b8d-85f4-fcab79287da7/materials/e2af4a54-e1ae-492b-bf23-ef03a0a3983f 200 8.6ms"}
{"level":30,"time":"2026-04-19T12:05:45.046Z","pid":826,"hostname":"b4fd557d2fd1","module":"http","action":"request","method":"DELETE","url":"/events/73cbd4e0-cbbe-4b8d-85f4-fcab79287da7/materials/ca094a3a-49c5-49ad-8024-6d94549d6d56","msg":"[http][request] [http][request] DELETE /events/73cbd4e0-cbbe-4b8d-85f4-fcab79287da7/materials/ca094a3a-49c5-49ad-8024-6d94549d6d56"}
{"level":20,"time":"2026-04-19T12:05:45.048Z","pid":826,"hostname":"b4fd557d2fd1","module":"events:repository","action":"findById","id":"73cbd4e0-cbbe-4b8d-85f4-fcab79287da7","msg":"[events:repository][findById] Looking up event by id"}
{"level":30,"time":"2026-04-19T12:05:45.050Z","pid":826,"hostname":"b4fd557d2fd1","module":"events:repository","action":"removeMaterial","id":"ca094a3a-49c5-49ad-8024-6d94549d6d56","eventId":"73cbd4e0-cbbe-4b8d-85f4-fcab79287da7","msg":"[events:repository][removeMaterial] Removing material"}
{"level":50,"time":"2026-04-19T12:05:45.052Z","pid":826,"hostname":"b4fd557d2fd1","module":"http","action":"error","err":{"type":"NotFoundError","message":"EventMaterial with id 'ca094a3a-49c5-49ad-8024-6d94549d6d56' not found","stack":"NotFoundError: EventMaterial with id 'ca094a3a-49c5-49ad-8024-6d94549d6d56' not found\n    at Object.<anonymous> (/app/src/modules/events/routes.js:422:15)\n    at processTicksAndRejections (node:internal/process/task_queues:95:5)","name":"NotFoundError","statusCode":404,"code":"NOT_FOUND","details":{"resource":"EventMaterial","id":"ca094a3a-49c5-49ad-8024-6d94549d6d56"}},"requestId":"req-8","msg":"[http][error] [http][error] EventMaterial with id 'ca094a3a-49c5-49ad-8024-6d94549d6d56' not found"}
{"level":30,"time":"2026-04-19T12:05:45.052Z","pid":826,"hostname":"b4fd557d2fd1","module":"http","action":"response","method":"DELETE","url":"/events/73cbd4e0-cbbe-4b8d-85f4-fcab79287da7/materials/ca094a3a-49c5-49ad-8024-6d94549d6d56","statusCode":404,"responseTime":6.129682999104261,"msg":"[http][response] [http][response] DELETE /events/73cbd4e0-cbbe-4b8d-85f4-fcab79287da7/materials/ca094a3a-49c5-49ad-8024-6d94549d6d56 404 6.1ms"}
{"level":30,"time":"2026-04-19T12:05:45.053Z","pid":826,"hostname":"b4fd557d2fd1","module":"http","action":"request","method":"POST","url":"/events/73cbd4e0-cbbe-4b8d-85f4-fcab79287da7/service-windows","msg":"[http][request] [http][request] POST /events/73cbd4e0-cbbe-4b8d-85f4-fcab79287da7/service-windows"}
{"level":20,"time":"2026-04-19T12:05:45.056Z","pid":826,"hostname":"b4fd557d2fd1","module":"events:repository","action":"findById","id":"73cbd4e0-cbbe-4b8d-85f4-fcab79287da7","msg":"[events:repository][findById] Looking up event by id"}
{"level":20,"time":"2026-04-19T12:05:45.058Z","pid":826,"hostname":"b4fd557d2fd1","module":"events:repository","action":"addServiceWindow","data":{"event_id":"73cbd4e0-cbbe-4b8d-85f4-fcab79287da7","label":"Bad Window","start_at":"2026-05-10T09:00:00+00:00","end_at":"2026-05-10T09:00:00+00:00"},"msg":"[events:repository][addServiceWindow] Adding service window"}
{"level":50,"time":"2026-04-19T12:05:45.062Z","pid":826,"hostname":"b4fd557d2fd1","module":"http","action":"error","err":{"type":"DatabaseError","message":"insert into \"event_service_windows\" (\"end_at\", \"event_id\", \"label\", \"start_at\") values ($1, $2, $3, $4) returning * - new row for relation \"event_service_windows\" violates check constraint \"chk_esw_end_after_start\"","stack":"error: insert into \"event_service_windows\" (\"end_at\", \"event_id\", \"label\", \"start_at\") values ($1, $2, $3, $4) returning * - new row for relation \"event_service_windows\" violates check constraint \"chk_esw_end_after_start\"\n    at parseErrorMessage (/app/node_modules/pg-protocol/src/parser.ts:394:9)\n    at Parser.handlePacket (/app/node_modules/pg-protocol/src/parser.ts:212:19)\n    at Parser.parse (/app/node_modules/pg-protocol/src/parser.ts:105:30)\n    at Socket.<anonymous> (/app/node_modules/pg-protocol/src/index.ts:7:48)\n    at Socket.emit (node:events:524:28)\n    at addChunk (node:internal/streams/readable:561:12)\n    at readableAddChunkPushByteMode (node:internal/streams/readable:512:3)\n    at Socket.Readable.push (node:internal/streams/readable:392:5)\n    at TCP.onStreamRead (node:internal/stream_base_commons:191:23)","length":375,"name":"error","severity":"ERROR","code":"23514","detail":"Failing row contains (cf1c66e3-c075-4557-b2a3-b5720ebf7615, 73cbd4e0-cbbe-4b8d-85f4-fcab79287da7, Bad Window, 2026-05-10 09:00:00+00, 2026-05-10 09:00:00+00).","schema":"public","table":"event_service_windows","constraint":"chk_esw_end_after_start","file":"execMain.c","line":"2074","routine":"ExecConstraints"},"requestId":"req-9","msg":"[http][error] [http][error] insert into \"event_service_windows\" (\"end_at\", \"event_id\", \"label\", \"start_at\") values ($1, $2, $3, $4) returning * - new row for relation \"event_service_windows\" violates check constraint \"chk_esw_end_after_start\""}
{"level":30,"time":"2026-04-19T12:05:45.069Z","pid":826,"hostname":"b4fd557d2fd1","module":"http","action":"response","method":"POST","url":"/events/73cbd4e0-cbbe-4b8d-85f4-fcab79287da7/service-windows","statusCode":500,"responseTime":16.09140699915588,"msg":"[http][response] [http][response] POST /events/73cbd4e0-cbbe-4b8d-85f4-fcab79287da7/service-windows 500 16.1ms"}
{"level":30,"time":"2026-04-19T12:05:45.070Z","pid":826,"hostname":"b4fd557d2fd1","module":"http","action":"request","method":"POST","url":"/events/73cbd4e0-cbbe-4b8d-85f4-fcab79287da7/service-windows","msg":"[http][request] [http][request] POST /events/73cbd4e0-cbbe-4b8d-85f4-fcab79287da7/service-windows"}
{"level":20,"time":"2026-04-19T12:05:45.072Z","pid":826,"hostname":"b4fd557d2fd1","module":"events:repository","action":"findById","id":"73cbd4e0-cbbe-4b8d-85f4-fcab79287da7","msg":"[events:repository][findById] Looking up event by id"}
{"level":20,"time":"2026-04-19T12:05:45.073Z","pid":826,"hostname":"b4fd557d2fd1","module":"events:repository","action":"addServiceWindow","data":{"event_id":"73cbd4e0-cbbe-4b8d-85f4-fcab79287da7","label":"Temp Window","start_at":"2026-05-10T10:00:00+00:00","end_at":"2026-05-10T12:00:00+00:00"},"msg":"[events:repository][addServiceWindow] Adding service window"}
{"level":30,"time":"2026-04-19T12:05:45.080Z","pid":826,"hostname":"b4fd557d2fd1","module":"events:routes","action":"addServiceWindow","eventId":"73cbd4e0-cbbe-4b8d-85f4-fcab79287da7","windowId":"c9518b1f-ced8-4ef9-aa86-7c2016ab7ed5","msg":"[events:routes][addServiceWindow] Service window added to event"}
{"level":30,"time":"2026-04-19T12:05:45.080Z","pid":826,"hostname":"b4fd557d2fd1","module":"http","action":"response","method":"POST","url":"/events/73cbd4e0-cbbe-4b8d-85f4-fcab79287da7/service-windows","statusCode":201,"responseTime":9.846877999603748,"msg":"[http][response] [http][response] POST /events/73cbd4e0-cbbe-4b8d-85f4-fcab79287da7/service-windows 201 9.8ms"}
{"level":30,"time":"2026-04-19T12:05:45.080Z","pid":826,"hostname":"b4fd557d2fd1","module":"http","action":"request","method":"DELETE","url":"/events/73cbd4e0-cbbe-4b8d-85f4-fcab79287da7/service-windows/c9518b1f-ced8-4ef9-aa86-7c2016ab7ed5","msg":"[http][request] [http][request] DELETE /events/73cbd4e0-cbbe-4b8d-85f4-fcab79287da7/service-windows/c9518b1f-ced8-4ef9-aa86-7c2016ab7ed5"}
{"level":20,"time":"2026-04-19T12:05:45.082Z","pid":826,"hostname":"b4fd557d2fd1","module":"events:repository","action":"findById","id":"73cbd4e0-cbbe-4b8d-85f4-fcab79287da7","msg":"[events:repository][findById] Looking up event by id"}
{"level":30,"time":"2026-04-19T12:05:45.083Z","pid":826,"hostname":"b4fd557d2fd1","module":"events:repository","action":"removeServiceWindow","id":"c9518b1f-ced8-4ef9-aa86-7c2016ab7ed5","eventId":"73cbd4e0-cbbe-4b8d-85f4-fcab79287da7","msg":"[events:repository][removeServiceWindow] Removing service window"}
{"level":30,"time":"2026-04-19T12:05:45.090Z","pid":826,"hostname":"b4fd557d2fd1","module":"events:routes","action":"removeServiceWindow","eventId":"73cbd4e0-cbbe-4b8d-85f4-fcab79287da7","windowId":"c9518b1f-ced8-4ef9-aa86-7c2016ab7ed5","msg":"[events:routes][removeServiceWindow] Service window removed from event"}
{"level":30,"time":"2026-04-19T12:05:45.090Z","pid":826,"hostname":"b4fd557d2fd1","module":"http","action":"response","method":"DELETE","url":"/events/73cbd4e0-cbbe-4b8d-85f4-fcab79287da7/service-windows/c9518b1f-ced8-4ef9-aa86-7c2016ab7ed5","statusCode":200,"responseTime":9.956895999610424,"msg":"[http][response] [http][response] DELETE /events/73cbd4e0-cbbe-4b8d-85f4-fcab79287da7/service-windows/c9518b1f-ced8-4ef9-aa86-7c2016ab7ed5 200 10.0ms"}
{"level":30,"time":"2026-04-19T12:05:45.092Z","pid":826,"hostname":"b4fd557d2fd1","module":"http","action":"request","method":"DELETE","url":"/events/73cbd4e0-cbbe-4b8d-85f4-fcab79287da7/service-windows/d5b9f296-821d-4570-8d5b-dd08e9220c54","msg":"[http][request] [http][request] DELETE /events/73cbd4e0-cbbe-4b8d-85f4-fcab79287da7/service-windows/d5b9f296-821d-4570-8d5b-dd08e9220c54"}
{"level":20,"time":"2026-04-19T12:05:45.094Z","pid":826,"hostname":"b4fd557d2fd1","module":"events:repository","action":"findById","id":"73cbd4e0-cbbe-4b8d-85f4-fcab79287da7","msg":"[events:repository][findById] Looking up event by id"}
{"level":30,"time":"2026-04-19T12:05:45.095Z","pid":826,"hostname":"b4fd557d2fd1","module":"events:repository","action":"removeServiceWindow","id":"d5b9f296-821d-4570-8d5b-dd08e9220c54","eventId":"73cbd4e0-cbbe-4b8d-85f4-fcab79287da7","msg":"[events:repository][removeServiceWindow] Removing service window"}
{"level":50,"time":"2026-04-19T12:05:45.096Z","pid":826,"hostname":"b4fd557d2fd1","module":"http","action":"error","err":{"type":"NotFoundError","message":"EventServiceWindow with id 'd5b9f296-821d-4570-8d5b-dd08e9220c54' not found","stack":"NotFoundError: EventServiceWindow with id 'd5b9f296-821d-4570-8d5b-dd08e9220c54' not found\n    at Object.<anonymous> (/app/src/modules/events/routes.js:499:15)\n    at processTicksAndRejections (node:internal/process/task_queues:95:5)","name":"NotFoundError","statusCode":404,"code":"NOT_FOUND","details":{"resource":"EventServiceWindow","id":"d5b9f296-821d-4570-8d5b-dd08e9220c54"}},"requestId":"req-c","msg":"[http][error] [http][error] EventServiceWindow with id 'd5b9f296-821d-4570-8d5b-dd08e9220c54' not found"}
{"level":30,"time":"2026-04-19T12:05:45.097Z","pid":826,"hostname":"b4fd557d2fd1","module":"http","action":"response","method":"DELETE","url":"/events/73cbd4e0-cbbe-4b8d-85f4-fcab79287da7/service-windows/d5b9f296-821d-4570-8d5b-dd08e9220c54","statusCode":404,"responseTime":5.439167999662459,"msg":"[http][response] [http][response] DELETE /events/73cbd4e0-cbbe-4b8d-85f4-fcab79287da7/service-windows/d5b9f296-821d-4570-8d5b-dd08e9220c54 404 5.4ms"}
{"level":30,"time":"2026-04-19T12:05:45.098Z","pid":826,"hostname":"b4fd557d2fd1","module":"http","action":"request","method":"POST","url":"/events/73cbd4e0-cbbe-4b8d-85f4-fcab79287da7/resource-requests","msg":"[http][request] [http][request] POST /events/73cbd4e0-cbbe-4b8d-85f4-fcab79287da7/resource-requests"}
{"level":20,"time":"2026-04-19T12:05:45.101Z","pid":826,"hostname":"b4fd557d2fd1","module":"events:repository","action":"findById","id":"73cbd4e0-cbbe-4b8d-85f4-fcab79287da7","msg":"[events:repository][findById] Looking up event by id"}
{"level":20,"time":"2026-04-19T12:05:45.104Z","pid":826,"hostname":"b4fd557d2fd1","module":"events:repository","action":"addResourceRequest","data":{"event_id":"73cbd4e0-cbbe-4b8d-85f4-fcab79287da7","resource_id":"6bfad1b4-f7fa-4348-b57b-a1de39119aec","quantity":1,"status":"pending","policy_exception_note":null},"msg":"[events:repository][addResourceRequest] Adding resource request"}
 ✓ tests/integration/events-mutations.integration.test.js > Events mutation endpoints (real DB) > POST /events/:id/materials > adds a rental material (201) 15ms
 ✓ tests/integration/events-mutations.integration.test.js > Events mutation endpoints (real DB) > POST /events/:id/materials > returns 422 when required fields are missing 3ms
 ✓ tests/integration/events-mutations.integration.test.js > Events mutation endpoints (real DB) > DELETE /events/:id/materials/:materialId > removes an existing material (200) 16ms
 ✓ tests/integration/events-mutations.integration.test.js > Events mutation endpoints (real DB) > DELETE /events/:id/materials/:materialId > returns 404 when the material does not exist 7ms
 ✓ tests/integration/events-mutations.integration.test.js > Events mutation endpoints (real DB) > POST /events/:id/service-windows - end_at <= start_at > rejects when end_at equals start_at (DB CHECK constraint -> non-201) 17ms
 ✓ tests/integration/events-mutations.integration.test.js > Events mutation endpoints (real DB) > DELETE /events/:id/service-windows/:windowId > removes an existing service window (200) 22ms
 ✓ tests/integration/events-mutations.integration.test.js > Events mutation endpoints (real DB) > DELETE /events/:id/service-windows/:windowId > returns 404 when the service window does not exist 6ms
 ✓ tests/integration/events-mutations.integration.test.js > Events mutation endpoints (real DB) > POST /events/:id/resource-requests > adds a resource request (201) 13ms
 ✓ tests/integration/events-mutations.integration.test.js > Events mutation endpoints (real DB) > POST /events/:id/resource-requests > returns 422 for invalid payload (missing resource_id) 2ms
{"level":30,"time":"2026-04-19T12:05:45.110Z","pid":826,"hostname":"b4fd557d2fd1","module":"events:routes","action":"addResourceRequest","eventId":"73cbd4e0-cbbe-4b8d-85f4-fcab79287da7","requestId":"fca8f2b1-f0ab-4a51-8e72-b8a4c6a2e4f4","msg":"[events:routes][addResourceRequest] Resource request added to event"}
{"level":30,"time":"2026-04-19T12:05:45.111Z","pid":826,"hostname":"b4fd557d2fd1","module":"http","action":"response","method":"POST","url":"/events/73cbd4e0-cbbe-4b8d-85f4-fcab79287da7/resource-requests","statusCode":201,"responseTime":12.346785000525415,"msg":"[http][response] [http][response] POST /events/73cbd4e0-cbbe-4b8d-85f4-fcab79287da7/resource-requests 201 12.3ms"}
{"level":30,"time":"2026-04-19T12:05:45.111Z","pid":826,"hostname":"b4fd557d2fd1","module":"http","action":"request","method":"POST","url":"/events/73cbd4e0-cbbe-4b8d-85f4-fcab79287da7/resource-requests","msg":"[http][request] [http][request] POST /events/73cbd4e0-cbbe-4b8d-85f4-fcab79287da7/resource-requests"}
{"level":30,"time":"2026-04-19T12:05:45.113Z","pid":826,"hostname":"b4fd557d2fd1","module":"http","action":"response","method":"POST","url":"/events/73cbd4e0-cbbe-4b8d-85f4-fcab79287da7/resource-requests","statusCode":422,"responseTime":1.7740549994632602,"msg":"[http][response] [http][response] POST /events/73cbd4e0-cbbe-4b8d-85f4-fcab79287da7/resource-requests 422 1.8ms"}
{"level":30,"time":"2026-04-19T12:05:45.114Z","pid":826,"hostname":"b4fd557d2fd1","module":"http","action":"request","method":"GET","url":"/events/73cbd4e0-cbbe-4b8d-85f4-fcab79287da7/audit-trail","msg":"[http][request] [http][request] GET /events/73cbd4e0-cbbe-4b8d-85f4-fcab79287da7/audit-trail"}
{"level":20,"time":"2026-04-19T12:05:45.116Z","pid":826,"hostname":"b4fd557d2fd1","module":"events:service","action":"getEventAuditTrail","eventId":"73cbd4e0-cbbe-4b8d-85f4-fcab79287da7","page":1,"pageSize":20,"msg":"[events:service][getEventAuditTrail] Getting event audit trail"}
{"level":20,"time":"2026-04-19T12:05:45.116Z","pid":826,"hostname":"b4fd557d2fd1","module":"events:repository","action":"findById","id":"73cbd4e0-cbbe-4b8d-85f4-fcab79287da7","msg":"[events:repository][findById] Looking up event by id"}
{"level":30,"time":"2026-04-19T12:05:45.123Z","pid":826,"hostname":"b4fd557d2fd1","module":"events:routes","action":"getAuditTrail","eventId":"73cbd4e0-cbbe-4b8d-85f4-fcab79287da7","page":1,"total":1,"msg":"[events:routes][getAuditTrail] Retrieved event audit trail"}
{"level":30,"time":"2026-04-19T12:05:45.124Z","pid":826,"hostname":"b4fd557d2fd1","module":"http","action":"response","method":"GET","url":"/events/73cbd4e0-cbbe-4b8d-85f4-fcab79287da7/audit-trail","statusCode":200,"responseTime":9.56561699975282,"msg":"[http][response] [http][response] GET /events/73cbd4e0-cbbe-4b8d-85f4-fcab79287da7/audit-trail 200 9.6ms"}
{"level":30,"time":"2026-04-19T12:05:45.124Z","pid":826,"hostname":"b4fd557d2fd1","module":"http","action":"request","method":"GET","url":"/events/73cbd4e0-cbbe-4b8d-85f4-fcab79287da7/audit-trail","msg":"[http][request] [http][request] GET /events/73cbd4e0-cbbe-4b8d-85f4-fcab79287da7/audit-trail"}
{"level":30,"time":"2026-04-19T12:05:45.126Z","pid":826,"hostname":"b4fd557d2fd1","module":"http","action":"response","method":"GET","url":"/events/73cbd4e0-cbbe-4b8d-85f4-fcab79287da7/audit-trail","statusCode":403,"responseTime":1.7692269999533892,"msg":"[http][response] [http][response] GET /events/73cbd4e0-cbbe-4b8d-85f4-fcab79287da7/audit-trail 403 1.8ms"}
 ✓ tests/integration/events-mutations.integration.test.js > Events mutation endpoints (real DB) > GET /events/:id/audit-trail > returns paginated audit entries (200) for the approver (has audit:read) 10ms
 ✓ tests/integration/events-mutations.integration.test.js > Events mutation endpoints (real DB) > GET /events/:id/audit-trail > returns 403 for a user without audit:read (chef) 2ms
{"level":30,"time":"2026-04-19T12:05:47.951Z","pid":826,"hostname":"b4fd557d2fd1","module":"db","action":"migrate","msg":"[db][migrate] Running database migrations"}
{"level":30,"time":"2026-04-19T12:05:48.004Z","pid":826,"hostname":"b4fd557d2fd1","module":"db","action":"migrate","msg":"[db][migrate] Database is already up to date"}
{"level":30,"time":"2026-04-19T12:05:48.995Z","pid":826,"hostname":"b4fd557d2fd1","module":"http","action":"request","method":"POST","url":"/auth/login","msg":"[http][request] [http][request] POST /auth/login"}
{"level":30,"time":"2026-04-19T12:05:49.104Z","pid":826,"hostname":"b4fd557d2fd1","module":"auth","action":"login","userId":"ca59111a-97f6-4d00-8777-9e2629ec7115","username":"planner","msg":"[auth][login] User logged in"}
{"level":30,"time":"2026-04-19T12:05:49.105Z","pid":826,"hostname":"b4fd557d2fd1","module":"http","action":"response","method":"POST","url":"/auth/login","statusCode":200,"responseTime":109.64541199989617,"msg":"[http][response] [http][response] POST /auth/login 200 109.6ms"}
{"level":30,"time":"2026-04-19T12:05:49.105Z","pid":826,"hostname":"b4fd557d2fd1","module":"http","action":"request","method":"POST","url":"/auth/login","msg":"[http][request] [http][request] POST /auth/login"}
{"level":30,"time":"2026-04-19T12:05:49.219Z","pid":826,"hostname":"b4fd557d2fd1","module":"auth","action":"login","userId":"2913988c-b6e6-4314-9d62-3cc507c8c09b","username":"approver","msg":"[auth][login] User logged in"}
{"level":30,"time":"2026-04-19T12:05:49.219Z","pid":826,"hostname":"b4fd557d2fd1","module":"http","action":"response","method":"POST","url":"/auth/login","statusCode":200,"responseTime":114.30262800026685,"msg":"[http][response] [http][response] POST /auth/login 200 114.3ms"}
{"level":30,"time":"2026-04-19T12:05:49.220Z","pid":826,"hostname":"b4fd557d2fd1","module":"http","action":"request","method":"POST","url":"/auth/login","msg":"[http][request] [http][request] POST /auth/login"}
{"level":30,"time":"2026-04-19T12:05:49.328Z","pid":826,"hostname":"b4fd557d2fd1","module":"auth","action":"login","userId":"55824a6e-648a-42ef-b1e4-e5f7b3255f29","username":"chef","msg":"[auth][login] User logged in"}
{"level":30,"time":"2026-04-19T12:05:49.329Z","pid":826,"hostname":"b4fd557d2fd1","module":"http","action":"response","method":"POST","url":"/auth/login","statusCode":200,"responseTime":108.9652570001781,"msg":"[http][response] [http][response] POST /auth/login 200 109.0ms"}
{"level":30,"time":"2026-04-19T12:05:49.329Z","pid":826,"hostname":"b4fd557d2fd1","module":"http","action":"request","method":"POST","url":"/events","msg":"[http][request] [http][request] POST /events"}
{"level":30,"time":"2026-04-19T12:05:49.332Z","pid":826,"hostname":"b4fd557d2fd1","module":"events:service","action":"createEvent","userId":"ca59111a-97f6-4d00-8777-9e2629ec7115","msg":"[events:service][createEvent] Creating new event"}
{"level":20,"time":"2026-04-19T12:05:49.332Z","pid":826,"hostname":"b4fd557d2fd1","module":"events:repository","action":"create","data":{"title":"Approvals Routes Event","description":null,"event_date":"2026-04-01","headcount":20,"budget_amount":8000,"budget_cap":25000,"state":"draft","created_by":"ca59111a-97f6-4d00-8777-9e2629ec7115"},"msg":"[events:repository][create] Creating event"}
{"level":30,"time":"2026-04-19T12:05:49.346Z","pid":826,"hostname":"b4fd557d2fd1","module":"audit","action":"write","eventId":"4bfda0b5-133b-4179-8bcb-e3ecb58f9c91","subjectType":"event","subjectId":"4bfda0b5-133b-4179-8bcb-e3ecb58f9c91","auditAction":"create","msg":"[audit][write] Audit recorded: create on event 4bfda0b5-133b-4179-8bcb-e3ecb58f9c91"}
{"level":30,"time":"2026-04-19T12:05:49.346Z","pid":826,"hostname":"b4fd557d2fd1","module":"events:routes","action":"create","eventId":"4bfda0b5-133b-4179-8bcb-e3ecb58f9c91","msg":"[events:routes][create] Event created"}
{"level":30,"time":"2026-04-19T12:05:49.347Z","pid":826,"hostname":"b4fd557d2fd1","module":"http","action":"response","method":"POST","url":"/events","statusCode":201,"responseTime":17.725758999586105,"msg":"[http][response] [http][response] POST /events 201 17.7ms"}
{"level":30,"time":"2026-04-19T12:05:49.347Z","pid":826,"hostname":"b4fd557d2fd1","module":"http","action":"request","method":"POST","url":"/events/4bfda0b5-133b-4179-8bcb-e3ecb58f9c91/service-windows","msg":"[http][request] [http][request] POST /events/4bfda0b5-133b-4179-8bcb-e3ecb58f9c91/service-windows"}
{"level":20,"time":"2026-04-19T12:05:49.349Z","pid":826,"hostname":"b4fd557d2fd1","module":"events:repository","action":"findById","id":"4bfda0b5-133b-4179-8bcb-e3ecb58f9c91","msg":"[events:repository][findById] Looking up event by id"}
{"level":20,"time":"2026-04-19T12:05:49.350Z","pid":826,"hostname":"b4fd557d2fd1","module":"events:repository","action":"addServiceWindow","data":{"event_id":"4bfda0b5-133b-4179-8bcb-e3ecb58f9c91","label":"Main","start_at":"2026-04-01T10:00:00+00:00","end_at":"2026-04-01T14:00:00+00:00"},"msg":"[events:repository][addServiceWindow] Adding service window"}
{"level":30,"time":"2026-04-19T12:05:49.358Z","pid":826,"hostname":"b4fd557d2fd1","module":"events:routes","action":"addServiceWindow","eventId":"4bfda0b5-133b-4179-8bcb-e3ecb58f9c91","windowId":"cd3ac8be-55fc-4c69-9b04-6013f1821b2b","msg":"[events:routes][addServiceWindow] Service window added to event"}
{"level":30,"time":"2026-04-19T12:05:49.358Z","pid":826,"hostname":"b4fd557d2fd1","module":"http","action":"response","method":"POST","url":"/events/4bfda0b5-133b-4179-8bcb-e3ecb58f9c91/service-windows","statusCode":201,"responseTime":11.31103099975735,"msg":"[http][response] [http][response] POST /events/4bfda0b5-133b-4179-8bcb-e3ecb58f9c91/service-windows 201 11.3ms"}
{"level":30,"time":"2026-04-19T12:05:49.365Z","pid":826,"hostname":"b4fd557d2fd1","module":"http","action":"request","method":"PATCH","url":"/events/4bfda0b5-133b-4179-8bcb-e3ecb58f9c91/state","msg":"[http][request] [http][request] PATCH /events/4bfda0b5-133b-4179-8bcb-e3ecb58f9c91/state"}
{"level":20,"time":"2026-04-19T12:05:49.367Z","pid":826,"hostname":"b4fd557d2fd1","module":"events:repository","action":"findById","id":"4bfda0b5-133b-4179-8bcb-e3ecb58f9c91","msg":"[events:repository][findById] Looking up event by id"}
{"level":30,"time":"2026-04-19T12:05:49.369Z","pid":826,"hostname":"b4fd557d2fd1","module":"events:service","action":"transitionState","userId":"ca59111a-97f6-4d00-8777-9e2629ec7115","eventId":"4bfda0b5-133b-4179-8bcb-e3ecb58f9c91","newState":"submitted","msg":"[events:service][transitionState] Transitioning event state"}
{"level":20,"time":"2026-04-19T12:05:49.369Z","pid":826,"hostname":"b4fd557d2fd1","module":"events:repository","action":"findById","id":"4bfda0b5-133b-4179-8bcb-e3ecb58f9c91","msg":"[events:repository][findById] Looking up event by id"}
{"level":20,"time":"2026-04-19T12:05:49.370Z","pid":826,"hostname":"b4fd557d2fd1","module":"events:repository","action":"getServiceWindows","eventId":"4bfda0b5-133b-4179-8bcb-e3ecb58f9c91","msg":"[events:repository][getServiceWindows] Listing service windows"}
{"level":20,"time":"2026-04-19T12:05:49.373Z","pid":826,"hostname":"b4fd557d2fd1","module":"events:repository","action":"getMaterials","eventId":"4bfda0b5-133b-4179-8bcb-e3ecb58f9c91","msg":"[events:repository][getMaterials] Listing materials"}
{"level":30,"time":"2026-04-19T12:05:49.376Z","pid":826,"hostname":"b4fd557d2fd1","module":"events:repository","action":"updateState","id":"4bfda0b5-133b-4179-8bcb-e3ecb58f9c91","newState":"submitted","msg":"[events:repository][updateState] Updating event state"}
{"level":30,"time":"2026-04-19T12:05:49.390Z","pid":826,"hostname":"b4fd557d2fd1","module":"audit","action":"write","eventId":"4bfda0b5-133b-4179-8bcb-e3ecb58f9c91","subjectType":"event","subjectId":"4bfda0b5-133b-4179-8bcb-e3ecb58f9c91","auditAction":"state_transition","msg":"[audit][write] Audit recorded: state_transition on event 4bfda0b5-133b-4179-8bcb-e3ecb58f9c91"}
{"level":30,"time":"2026-04-19T12:05:49.390Z","pid":826,"hostname":"b4fd557d2fd1","module":"events:routes","action":"transitionState","eventId":"4bfda0b5-133b-4179-8bcb-e3ecb58f9c91","newState":"submitted","msg":"[events:routes][transitionState] Event state transitioned to submitted"}
{"level":30,"time":"2026-04-19T12:05:49.390Z","pid":826,"hostname":"b4fd557d2fd1","module":"http","action":"response","method":"PATCH","url":"/events/4bfda0b5-133b-4179-8bcb-e3ecb58f9c91/state","statusCode":200,"responseTime":24.917647000402212,"msg":"[http][response] [http][response] PATCH /events/4bfda0b5-133b-4179-8bcb-e3ecb58f9c91/state 200 24.9ms"}
{"level":30,"time":"2026-04-19T12:05:49.391Z","pid":826,"hostname":"b4fd557d2fd1","module":"http","action":"request","method":"PATCH","url":"/events/4bfda0b5-133b-4179-8bcb-e3ecb58f9c91","msg":"[http][request] [http][request] PATCH /events/4bfda0b5-133b-4179-8bcb-e3ecb58f9c91"}
{"level":30,"time":"2026-04-19T12:05:49.392Z","pid":826,"hostname":"b4fd557d2fd1","module":"events:service","action":"updateEvent","userId":"ca59111a-97f6-4d00-8777-9e2629ec7115","eventId":"4bfda0b5-133b-4179-8bcb-e3ecb58f9c91","msg":"[events:service][updateEvent] Updating event"}
{"level":20,"time":"2026-04-19T12:05:49.392Z","pid":826,"hostname":"b4fd557d2fd1","module":"events:repository","action":"findById","id":"4bfda0b5-133b-4179-8bcb-e3ecb58f9c91","msg":"[events:repository][findById] Looking up event by id"}
{"level":20,"time":"2026-04-19T12:05:49.394Z","pid":826,"hostname":"b4fd557d2fd1","module":"events:repository","action":"getBudgetRevisions","eventId":"4bfda0b5-133b-4179-8bcb-e3ecb58f9c91","msg":"[events:repository][getBudgetRevisions] Listing budget revisions"}
{"level":30,"time":"2026-04-19T12:05:49.396Z","pid":826,"hostname":"b4fd557d2fd1","module":"approvals:service","action":"createApproval","type":"budget_change","eventId":"4bfda0b5-133b-4179-8bcb-e3ecb58f9c91","msg":"[approvals:service][createApproval] Creating approval"}
{"level":20,"time":"2026-04-19T12:05:49.396Z","pid":826,"hostname":"b4fd557d2fd1","module":"approvals:repository","action":"create","data":{"event_id":"4bfda0b5-133b-4179-8bcb-e3ecb58f9c91","approval_type":"budget_change","status":"pending","requested_by":"ca59111a-97f6-4d00-8777-9e2629ec7115","justification":"Budget change of 25.00% exceeds 10% threshold","old_amount":8000,"new_amount":10000,"requires_second_approval":false},"msg":"[approvals:repository][create] Creating approval"}
{"level":30,"time":"2026-04-19T12:05:49.409Z","pid":826,"hostname":"b4fd557d2fd1","module":"audit","action":"write","eventId":"4bfda0b5-133b-4179-8bcb-e3ecb58f9c91","subjectType":"approval","subjectId":"cb9d18b2-d837-4d64-aa70-c757d84d42e6","auditAction":"create","msg":"[audit][write] Audit recorded: create on approval cb9d18b2-d837-4d64-aa70-c757d84d42e6"}
{"level":20,"time":"2026-04-19T12:05:49.409Z","pid":826,"hostname":"b4fd557d2fd1","module":"events:repository","action":"addBudgetRevision","data":{"event_id":"4bfda0b5-133b-4179-8bcb-e3ecb58f9c91","revision_no":1,"old_budget_amount":8000,"new_budget_amount":10000,"change_percent":"25.00","changed_by":"ca59111a-97f6-4d00-8777-9e2629ec7115","approval_id":"cb9d18b2-d837-4d64-aa70-c757d84d42e6"},"msg":"[events:repository][addBudgetRevision] Adding budget revision"}
{"level":30,"time":"2026-04-19T12:05:49.416Z","pid":826,"hostname":"b4fd557d2fd1","module":"events:repository","action":"update","id":"4bfda0b5-133b-4179-8bcb-e3ecb58f9c91","msg":"[events:repository][update] Updating event"}
{"level":30,"time":"2026-04-19T12:05:49.427Z","pid":826,"hostname":"b4fd557d2fd1","module":"audit","action":"write","eventId":"4bfda0b5-133b-4179-8bcb-e3ecb58f9c91","subjectType":"event","subjectId":"4bfda0b5-133b-4179-8bcb-e3ecb58f9c91","auditAction":"update","msg":"[audit][write] Audit recorded: update on event 4bfda0b5-133b-4179-8bcb-e3ecb58f9c91"}
{"level":30,"time":"2026-04-19T12:05:49.427Z","pid":826,"hostname":"b4fd557d2fd1","module":"events:routes","action":"update","eventId":"4bfda0b5-133b-4179-8bcb-e3ecb58f9c91","msg":"[events:routes][update] Event updated"}
{"level":30,"time":"2026-04-19T12:05:49.428Z","pid":826,"hostname":"b4fd557d2fd1","module":"http","action":"response","method":"PATCH","url":"/events/4bfda0b5-133b-4179-8bcb-e3ecb58f9c91","statusCode":200,"responseTime":37.09145100042224,"msg":"[http][response] [http][response] PATCH /events/4bfda0b5-133b-4179-8bcb-e3ecb58f9c91 200 37.1ms"}
{"level":30,"time":"2026-04-19T12:05:49.429Z","pid":826,"hostname":"b4fd557d2fd1","module":"http","action":"request","method":"GET","url":"/approvals/pending?page=1&pageSize=20","msg":"[http][request] [http][request] GET /approvals/pending?page=1&pageSize=20"}
{"level":20,"time":"2026-04-19T12:05:49.431Z","pid":826,"hostname":"b4fd557d2fd1","module":"approvals:repository","action":"findPending","page":1,"pageSize":20,"msg":"[approvals:repository][findPending] Listing pending approvals"}
{"level":30,"time":"2026-04-19T12:05:49.434Z","pid":826,"hostname":"b4fd557d2fd1","module":"approvals:routes","action":"listPending","page":1,"total":1,"msg":"[approvals:routes][listPending] Listed pending approvals"}
{"level":30,"time":"2026-04-19T12:05:49.434Z","pid":826,"hostname":"b4fd557d2fd1","module":"http","action":"response","method":"GET","url":"/approvals/pending?page=1&pageSize=20","statusCode":200,"responseTime":4.8224909994751215,"msg":"[http][response] [http][response] GET /approvals/pending?page=1&pageSize=20 200 4.8ms"}
{"level":30,"time":"2026-04-19T12:05:49.435Z","pid":826,"hostname":"b4fd557d2fd1","module":"http","action":"request","method":"GET","url":"/approvals/pending?approval_type=overtime","msg":"[http][request] [http][request] GET /approvals/pending?approval_type=overtime"}
{"level":20,"time":"2026-04-19T12:05:49.436Z","pid":826,"hostname":"b4fd557d2fd1","module":"approvals:repository","action":"findPending","page":1,"pageSize":20,"approvalType":"overtime","msg":"[approvals:repository][findPending] Listing pending approvals"}
{"level":30,"time":"2026-04-19T12:05:49.439Z","pid":826,"hostname":"b4fd557d2fd1","module":"approvals:routes","action":"listPending","page":1,"total":0,"msg":"[approvals:routes][listPending] Listed pending approvals"}
{"level":30,"time":"2026-04-19T12:05:49.439Z","pid":826,"hostname":"b4fd557d2fd1","module":"http","action":"response","method":"GET","url":"/approvals/pending?approval_type=overtime","statusCode":200,"responseTime":4.118941999971867,"msg":"[http][response] [http][response] GET /approvals/pending?approval_type=overtime 200 4.1ms"}
{"level":30,"time":"2026-04-19T12:05:49.440Z","pid":826,"hostname":"b4fd557d2fd1","module":"http","action":"request","method":"GET","url":"/approvals/pending","msg":"[http][request] [http][request] GET /approvals/pending"}
{"level":20,"time":"2026-04-19T12:05:49.441Z","pid":826,"hostname":"b4fd557d2fd1","module":"approvals:repository","action":"findPending","page":1,"pageSize":20,"msg":"[approvals:repository][findPending] Listing pending approvals"}
{"level":30,"time":"2026-04-19T12:05:49.443Z","pid":826,"hostname":"b4fd557d2fd1","module":"approvals:routes","action":"listPending","page":1,"total":0,"msg":"[approvals:routes][listPending] Listed pending approvals"}
{"level":30,"time":"2026-04-19T12:05:49.444Z","pid":826,"hostname":"b4fd557d2fd1","module":"http","action":"response","method":"GET","url":"/approvals/pending","statusCode":200,"responseTime":3.7335379999130964,"msg":"[http][response] [http][response] GET /approvals/pending 200 3.7ms"}
{"level":30,"time":"2026-04-19T12:05:49.444Z","pid":826,"hostname":"b4fd557d2fd1","module":"http","action":"request","method":"POST","url":"/approvals/cb9d18b2-d837-4d64-aa70-c757d84d42e6/approve","msg":"[http][request] [http][request] POST /approvals/cb9d18b2-d837-4d64-aa70-c757d84d42e6/approve"}
{"level":20,"time":"2026-04-19T12:05:49.446Z","pid":826,"hostname":"b4fd557d2fd1","module":"approvals:repository","action":"findById","id":"cb9d18b2-d837-4d64-aa70-c757d84d42e6","msg":"[approvals:repository][findById] Looking up approval by id"}
{"level":30,"time":"2026-04-19T12:05:49.448Z","pid":826,"hostname":"b4fd557d2fd1","module":"http","action":"response","method":"POST","url":"/approvals/cb9d18b2-d837-4d64-aa70-c757d84d42e6/approve","statusCode":403,"responseTime":3.7005629995837808,"msg":"[http][response] [http][response] POST /approvals/cb9d18b2-d837-4d64-aa70-c757d84d42e6/approve 403 3.7ms"}
{"level":30,"time":"2026-04-19T12:05:49.449Z","pid":826,"hostname":"b4fd557d2fd1","module":"http","action":"request","method":"POST","url":"/approvals/3d28a6e9-dd5b-4a30-aad1-9df6c5160f07/approve","msg":"[http][request] [http][request] POST /approvals/3d28a6e9-dd5b-4a30-aad1-9df6c5160f07/approve"}
{"level":20,"time":"2026-04-19T12:05:49.451Z","pid":826,"hostname":"b4fd557d2fd1","module":"approvals:repository","action":"findById","id":"3d28a6e9-dd5b-4a30-aad1-9df6c5160f07","msg":"[approvals:repository][findById] Looking up approval by id"}
{"level":50,"time":"2026-04-19T12:05:49.452Z","pid":826,"hostname":"b4fd557d2fd1","module":"http","action":"error","err":{"type":"NotFoundError","message":"Approval with id '3d28a6e9-dd5b-4a30-aad1-9df6c5160f07' not found","stack":"NotFoundError: Approval with id '3d28a6e9-dd5b-4a30-aad1-9df6c5160f07' not found\n    at Object.<anonymous> (/app/src/modules/approvals/routes.js:136:15)\n    at processTicksAndRejections (node:internal/process/task_queues:95:5)","name":"NotFoundError","statusCode":404,"code":"NOT_FOUND","details":{"resource":"Approval","id":"3d28a6e9-dd5b-4a30-aad1-9df6c5160f07"}},"requestId":"req-c","msg":"[http][error] [http][error] Approval with id '3d28a6e9-dd5b-4a30-aad1-9df6c5160f07' not found"}
{"level":30,"time":"2026-04-19T12:05:49.455Z","pid":826,"hostname":"b4fd557d2fd1","module":"http","action":"response","method":"POST","url":"/approvals/3d28a6e9-dd5b-4a30-aad1-9df6c5160f07/approve","statusCode":404,"responseTime":5.8829060001298785,"msg":"[http][response] [http][response] POST /approvals/3d28a6e9-dd5b-4a30-aad1-9df6c5160f07/approve 404 5.9ms"}
{"level":30,"time":"2026-04-19T12:05:49.456Z","pid":826,"hostname":"b4fd557d2fd1","module":"http","action":"request","method":"POST","url":"/approvals/cb9d18b2-d837-4d64-aa70-c757d84d42e6/approve","msg":"[http][request] [http][request] POST /approvals/cb9d18b2-d837-4d64-aa70-c757d84d42e6/approve"}
{"level":20,"time":"2026-04-19T12:05:49.458Z","pid":826,"hostname":"b4fd557d2fd1","module":"approvals:repository","action":"findById","id":"cb9d18b2-d837-4d64-aa70-c757d84d42e6","msg":"[approvals:repository][findById] Looking up approval by id"}
{"level":30,"time":"2026-04-19T12:05:49.464Z","pid":826,"hostname":"b4fd557d2fd1","module":"approvals:service","action":"approveApproval","userId":"2913988c-b6e6-4314-9d62-3cc507c8c09b","approvalId":"cb9d18b2-d837-4d64-aa70-c757d84d42e6","msg":"[approvals:service][approveApproval] Approving approval"}
{"level":20,"time":"2026-04-19T12:05:49.464Z","pid":826,"hostname":"b4fd557d2fd1","module":"approvals:repository","action":"findById","id":"cb9d18b2-d837-4d64-aa70-c757d84d42e6","msg":"[approvals:repository][findById] Looking up approval by id"}
{"level":30,"time":"2026-04-19T12:05:49.466Z","pid":826,"hostname":"b4fd557d2fd1","module":"approvals:repository","action":"update","id":"cb9d18b2-d837-4d64-aa70-c757d84d42e6","msg":"[approvals:repository][update] Updating approval"}
{"level":30,"time":"2026-04-19T12:05:49.479Z","pid":826,"hostname":"b4fd557d2fd1","module":"approvals:service","action":"sideEffect:budget_change","eventId":"4bfda0b5-133b-4179-8bcb-e3ecb58f9c91","newBudget":"10000.00","msg":"[approvals:service][sideEffect:budget_change] Updated event budget_amount after budget_change approval"}
{"level":30,"time":"2026-04-19T12:05:49.485Z","pid":826,"hostname":"b4fd557d2fd1","module":"audit","action":"write","eventId":"4bfda0b5-133b-4179-8bcb-e3ecb58f9c91","subjectType":"approval","subjectId":"cb9d18b2-d837-4d64-aa70-c757d84d42e6","auditAction":"approve","msg":"[audit][write] Audit recorded: approve on approval cb9d18b2-d837-4d64-aa70-c757d84d42e6"}
{"level":30,"time":"2026-04-19T12:05:49.485Z","pid":826,"hostname":"b4fd557d2fd1","module":"approvals:routes","action":"approve","approvalId":"cb9d18b2-d837-4d64-aa70-c757d84d42e6","type":"budget_change","msg":"[approvals:routes][approve] Approval cb9d18b2-d837-4d64-aa70-c757d84d42e6 approved"}
{"level":30,"time":"2026-04-19T12:05:49.485Z","pid":826,"hostname":"b4fd557d2fd1","module":"http","action":"response","method":"POST","url":"/approvals/cb9d18b2-d837-4d64-aa70-c757d84d42e6/approve","statusCode":200,"responseTime":29.807094999589026,"msg":"[http][response] [http][response] POST /approvals/cb9d18b2-d837-4d64-aa70-c757d84d42e6/approve 200 29.8ms"}
{"level":30,"time":"2026-04-19T12:05:49.486Z","pid":826,"hostname":"b4fd557d2fd1","module":"http","action":"request","method":"POST","url":"/events","msg":"[http][request] [http][request] POST /events"}
{"level":30,"time":"2026-04-19T12:05:49.488Z","pid":826,"hostname":"b4fd557d2fd1","module":"events:service","action":"createEvent","userId":"ca59111a-97f6-4d00-8777-9e2629ec7115","msg":"[events:service][createEvent] Creating new event"}
{"level":20,"time":"2026-04-19T12:05:49.488Z","pid":826,"hostname":"b4fd557d2fd1","module":"events:repository","action":"create","data":{"title":"Second Approvals Event","description":null,"event_date":"2026-04-15","headcount":20,"budget_amount":5000,"budget_cap":25000,"state":"draft","created_by":"ca59111a-97f6-4d00-8777-9e2629ec7115"},"msg":"[events:repository][create] Creating event"}
{"level":30,"time":"2026-04-19T12:05:49.500Z","pid":826,"hostname":"b4fd557d2fd1","module":"audit","action":"write","eventId":"95cc9b2a-c55d-4c1d-8e8b-7e8b5a56702a","subjectType":"event","subjectId":"95cc9b2a-c55d-4c1d-8e8b-7e8b5a56702a","auditAction":"create","msg":"[audit][write] Audit recorded: create on event 95cc9b2a-c55d-4c1d-8e8b-7e8b5a56702a"}
{"level":30,"time":"2026-04-19T12:05:49.500Z","pid":826,"hostname":"b4fd557d2fd1","module":"events:routes","action":"create","eventId":"95cc9b2a-c55d-4c1d-8e8b-7e8b5a56702a","msg":"[events:routes][create] Event created"}
{"level":30,"time":"2026-04-19T12:05:49.500Z","pid":826,"hostname":"b4fd557d2fd1","module":"http","action":"response","method":"POST","url":"/events","statusCode":201,"responseTime":13.533003000542521,"msg":"[http][response] [http][response] POST /events 201 13.5ms"}
{"level":30,"time":"2026-04-19T12:05:49.500Z","pid":826,"hostname":"b4fd557d2fd1","module":"http","action":"request","method":"POST","url":"/events/95cc9b2a-c55d-4c1d-8e8b-7e8b5a56702a/service-windows","msg":"[http][request] [http][request] POST /events/95cc9b2a-c55d-4c1d-8e8b-7e8b5a56702a/service-windows"}
{"level":20,"time":"2026-04-19T12:05:49.502Z","pid":826,"hostname":"b4fd557d2fd1","module":"events:repository","action":"findById","id":"95cc9b2a-c55d-4c1d-8e8b-7e8b5a56702a","msg":"[events:repository][findById] Looking up event by id"}
{"level":20,"time":"2026-04-19T12:05:49.503Z","pid":826,"hostname":"b4fd557d2fd1","module":"events:repository","action":"addServiceWindow","data":{"event_id":"95cc9b2a-c55d-4c1d-8e8b-7e8b5a56702a","label":"Main","start_at":"2026-04-15T10:00:00+00:00","end_at":"2026-04-15T14:00:00+00:00"},"msg":"[events:repository][addServiceWindow] Adding service window"}
{"level":30,"time":"2026-04-19T12:05:49.509Z","pid":826,"hostname":"b4fd557d2fd1","module":"events:routes","action":"addServiceWindow","eventId":"95cc9b2a-c55d-4c1d-8e8b-7e8b5a56702a","windowId":"b60dcbd9-24dd-42fa-9551-648af2f35050","msg":"[events:routes][addServiceWindow] Service window added to event"}
{"level":30,"time":"2026-04-19T12:05:49.509Z","pid":826,"hostname":"b4fd557d2fd1","module":"http","action":"response","method":"POST","url":"/events/95cc9b2a-c55d-4c1d-8e8b-7e8b5a56702a/service-windows","statusCode":201,"responseTime":9.01212100032717,"msg":"[http][response] [http][response] POST /events/95cc9b2a-c55d-4c1d-8e8b-7e8b5a56702a/service-windows 201 9.0ms"}
{"level":30,"time":"2026-04-19T12:05:49.515Z","pid":826,"hostname":"b4fd557d2fd1","module":"http","action":"request","method":"PATCH","url":"/events/95cc9b2a-c55d-4c1d-8e8b-7e8b5a56702a/state","msg":"[http][request] [http][request] PATCH /events/95cc9b2a-c55d-4c1d-8e8b-7e8b5a56702a/state"}
{"level":20,"time":"2026-04-19T12:05:49.516Z","pid":826,"hostname":"b4fd557d2fd1","module":"events:repository","action":"findById","id":"95cc9b2a-c55d-4c1d-8e8b-7e8b5a56702a","msg":"[events:repository][findById] Looking up event by id"}
{"level":30,"time":"2026-04-19T12:05:49.518Z","pid":826,"hostname":"b4fd557d2fd1","module":"events:service","action":"transitionState","userId":"ca59111a-97f6-4d00-8777-9e2629ec7115","eventId":"95cc9b2a-c55d-4c1d-8e8b-7e8b5a56702a","newState":"submitted","msg":"[events:service][transitionState] Transitioning event state"}
{"level":20,"time":"2026-04-19T12:05:49.518Z","pid":826,"hostname":"b4fd557d2fd1","module":"events:repository","action":"findById","id":"95cc9b2a-c55d-4c1d-8e8b-7e8b5a56702a","msg":"[events:repository][findById] Looking up event by id"}
{"level":20,"time":"2026-04-19T12:05:49.519Z","pid":826,"hostname":"b4fd557d2fd1","module":"events:repository","action":"getServiceWindows","eventId":"95cc9b2a-c55d-4c1d-8e8b-7e8b5a56702a","msg":"[events:repository][getServiceWindows] Listing service windows"}
{"level":20,"time":"2026-04-19T12:05:49.520Z","pid":826,"hostname":"b4fd557d2fd1","module":"events:repository","action":"getMaterials","eventId":"95cc9b2a-c55d-4c1d-8e8b-7e8b5a56702a","msg":"[events:repository][getMaterials] Listing materials"}
{"level":30,"time":"2026-04-19T12:05:49.523Z","pid":826,"hostname":"b4fd557d2fd1","module":"events:repository","action":"updateState","id":"95cc9b2a-c55d-4c1d-8e8b-7e8b5a56702a","newState":"submitted","msg":"[events:repository][updateState] Updating event state"}
 ✓ tests/integration/approvals-routes.integration.test.js > GET /approvals/pending (real DB) > returns a pending-approvals list for an approver role 6ms
 ✓ tests/integration/approvals-routes.integration.test.js > GET /approvals/pending (real DB) > returns an empty list when filtering by a type with no pending items 5ms
 ✓ tests/integration/approvals-routes.integration.test.js > GET /approvals/pending (real DB) > non-approver role sees an empty actionable list (permission filter applied) 4ms
 ✓ tests/integration/approvals-routes.integration.test.js > POST /approvals/:id/approve (real DB) > returns 403 for a non-approver role 4ms
 ✓ tests/integration/approvals-routes.integration.test.js > POST /approvals/:id/approve (real DB) > returns 404 for unknown approval id 7ms
 ✓ tests/integration/approvals-routes.integration.test.js > POST /approvals/:id/approve (real DB) > approver successfully approves the budget_change approval 31ms
{"level":30,"time":"2026-04-19T12:05:49.535Z","pid":826,"hostname":"b4fd557d2fd1","module":"audit","action":"write","eventId":"95cc9b2a-c55d-4c1d-8e8b-7e8b5a56702a","subjectType":"event","subjectId":"95cc9b2a-c55d-4c1d-8e8b-7e8b5a56702a","auditAction":"state_transition","msg":"[audit][write] Audit recorded: state_transition on event 95cc9b2a-c55d-4c1d-8e8b-7e8b5a56702a"}
{"level":30,"time":"2026-04-19T12:05:49.535Z","pid":826,"hostname":"b4fd557d2fd1","module":"events:routes","action":"transitionState","eventId":"95cc9b2a-c55d-4c1d-8e8b-7e8b5a56702a","newState":"submitted","msg":"[events:routes][transitionState] Event state transitioned to submitted"}
{"level":30,"time":"2026-04-19T12:05:49.535Z","pid":826,"hostname":"b4fd557d2fd1","module":"http","action":"response","method":"PATCH","url":"/events/95cc9b2a-c55d-4c1d-8e8b-7e8b5a56702a/state","statusCode":200,"responseTime":20.57222199998796,"msg":"[http][response] [http][response] PATCH /events/95cc9b2a-c55d-4c1d-8e8b-7e8b5a56702a/state 200 20.6ms"}
{"level":30,"time":"2026-04-19T12:05:49.535Z","pid":826,"hostname":"b4fd557d2fd1","module":"http","action":"request","method":"PATCH","url":"/events/95cc9b2a-c55d-4c1d-8e8b-7e8b5a56702a","msg":"[http][request] [http][request] PATCH /events/95cc9b2a-c55d-4c1d-8e8b-7e8b5a56702a"}
{"level":30,"time":"2026-04-19T12:05:49.537Z","pid":826,"hostname":"b4fd557d2fd1","module":"events:service","action":"updateEvent","userId":"ca59111a-97f6-4d00-8777-9e2629ec7115","eventId":"95cc9b2a-c55d-4c1d-8e8b-7e8b5a56702a","msg":"[events:service][updateEvent] Updating event"}
{"level":20,"time":"2026-04-19T12:05:49.537Z","pid":826,"hostname":"b4fd557d2fd1","module":"events:repository","action":"findById","id":"95cc9b2a-c55d-4c1d-8e8b-7e8b5a56702a","msg":"[events:repository][findById] Looking up event by id"}
{"level":20,"time":"2026-04-19T12:05:49.538Z","pid":826,"hostname":"b4fd557d2fd1","module":"events:repository","action":"getBudgetRevisions","eventId":"95cc9b2a-c55d-4c1d-8e8b-7e8b5a56702a","msg":"[events:repository][getBudgetRevisions] Listing budget revisions"}
{"level":30,"time":"2026-04-19T12:05:49.539Z","pid":826,"hostname":"b4fd557d2fd1","module":"approvals:service","action":"createApproval","type":"budget_change","eventId":"95cc9b2a-c55d-4c1d-8e8b-7e8b5a56702a","msg":"[approvals:service][createApproval] Creating approval"}
{"level":20,"time":"2026-04-19T12:05:49.539Z","pid":826,"hostname":"b4fd557d2fd1","module":"approvals:repository","action":"create","data":{"event_id":"95cc9b2a-c55d-4c1d-8e8b-7e8b5a56702a","approval_type":"budget_change","status":"pending","requested_by":"ca59111a-97f6-4d00-8777-9e2629ec7115","justification":"Budget change of 40.00% exceeds 10% threshold","old_amount":5000,"new_amount":7000,"requires_second_approval":false},"msg":"[approvals:repository][create] Creating approval"}
{"level":30,"time":"2026-04-19T12:05:49.550Z","pid":826,"hostname":"b4fd557d2fd1","module":"audit","action":"write","eventId":"95cc9b2a-c55d-4c1d-8e8b-7e8b5a56702a","subjectType":"approval","subjectId":"f685c718-0f8d-45c4-854a-32526a6ed836","auditAction":"create","msg":"[audit][write] Audit recorded: create on approval f685c718-0f8d-45c4-854a-32526a6ed836"}
{"level":20,"time":"2026-04-19T12:05:49.550Z","pid":826,"hostname":"b4fd557d2fd1","module":"events:repository","action":"addBudgetRevision","data":{"event_id":"95cc9b2a-c55d-4c1d-8e8b-7e8b5a56702a","revision_no":1,"old_budget_amount":5000,"new_budget_amount":7000,"change_percent":"40.00","changed_by":"ca59111a-97f6-4d00-8777-9e2629ec7115","approval_id":"f685c718-0f8d-45c4-854a-32526a6ed836"},"msg":"[events:repository][addBudgetRevision] Adding budget revision"}
{"level":30,"time":"2026-04-19T12:05:49.555Z","pid":826,"hostname":"b4fd557d2fd1","module":"events:repository","action":"update","id":"95cc9b2a-c55d-4c1d-8e8b-7e8b5a56702a","msg":"[events:repository][update] Updating event"}
{"level":30,"time":"2026-04-19T12:05:49.567Z","pid":826,"hostname":"b4fd557d2fd1","module":"audit","action":"write","eventId":"95cc9b2a-c55d-4c1d-8e8b-7e8b5a56702a","subjectType":"event","subjectId":"95cc9b2a-c55d-4c1d-8e8b-7e8b5a56702a","auditAction":"update","msg":"[audit][write] Audit recorded: update on event 95cc9b2a-c55d-4c1d-8e8b-7e8b5a56702a"}
{"level":30,"time":"2026-04-19T12:05:49.567Z","pid":826,"hostname":"b4fd557d2fd1","module":"events:routes","action":"update","eventId":"95cc9b2a-c55d-4c1d-8e8b-7e8b5a56702a","msg":"[events:routes][update] Event updated"}
{"level":30,"time":"2026-04-19T12:05:49.567Z","pid":826,"hostname":"b4fd557d2fd1","module":"http","action":"response","method":"PATCH","url":"/events/95cc9b2a-c55d-4c1d-8e8b-7e8b5a56702a","statusCode":200,"responseTime":31.517613999545574,"msg":"[http][response] [http][response] PATCH /events/95cc9b2a-c55d-4c1d-8e8b-7e8b5a56702a 200 31.5ms"}
{"level":30,"time":"2026-04-19T12:05:49.568Z","pid":826,"hostname":"b4fd557d2fd1","module":"http","action":"request","method":"POST","url":"/approvals/f685c718-0f8d-45c4-854a-32526a6ed836/reject","msg":"[http][request] [http][request] POST /approvals/f685c718-0f8d-45c4-854a-32526a6ed836/reject"}
{"level":20,"time":"2026-04-19T12:05:49.570Z","pid":826,"hostname":"b4fd557d2fd1","module":"approvals:repository","action":"findById","id":"f685c718-0f8d-45c4-854a-32526a6ed836","msg":"[approvals:repository][findById] Looking up approval by id"}
{"level":30,"time":"2026-04-19T12:05:49.572Z","pid":826,"hostname":"b4fd557d2fd1","module":"approvals:service","action":"rejectApproval","userId":"2913988c-b6e6-4314-9d62-3cc507c8c09b","approvalId":"f685c718-0f8d-45c4-854a-32526a6ed836","msg":"[approvals:service][rejectApproval] Rejecting approval"}
{"level":20,"time":"2026-04-19T12:05:49.572Z","pid":826,"hostname":"b4fd557d2fd1","module":"approvals:repository","action":"findById","id":"f685c718-0f8d-45c4-854a-32526a6ed836","msg":"[approvals:repository][findById] Looking up approval by id"}
{"level":30,"time":"2026-04-19T12:05:49.574Z","pid":826,"hostname":"b4fd557d2fd1","module":"approvals:repository","action":"update","id":"f685c718-0f8d-45c4-854a-32526a6ed836","msg":"[approvals:repository][update] Updating approval"}
{"level":30,"time":"2026-04-19T12:05:49.585Z","pid":826,"hostname":"b4fd557d2fd1","module":"audit","action":"write","eventId":"95cc9b2a-c55d-4c1d-8e8b-7e8b5a56702a","subjectType":"approval","subjectId":"f685c718-0f8d-45c4-854a-32526a6ed836","auditAction":"reject","msg":"[audit][write] Audit recorded: reject on approval f685c718-0f8d-45c4-854a-32526a6ed836"}
{"level":30,"time":"2026-04-19T12:05:49.585Z","pid":826,"hostname":"b4fd557d2fd1","module":"approvals:routes","action":"reject","approvalId":"f685c718-0f8d-45c4-854a-32526a6ed836","type":"budget_change","msg":"[approvals:routes][reject] Approval f685c718-0f8d-45c4-854a-32526a6ed836 rejected"}
{"level":30,"time":"2026-04-19T12:05:49.586Z","pid":826,"hostname":"b4fd557d2fd1","module":"http","action":"response","method":"POST","url":"/approvals/f685c718-0f8d-45c4-854a-32526a6ed836/reject","statusCode":200,"responseTime":17.285498999990523,"msg":"[http][response] [http][response] POST /approvals/f685c718-0f8d-45c4-854a-32526a6ed836/reject 200 17.3ms"}
{"level":30,"time":"2026-04-19T12:05:49.586Z","pid":826,"hostname":"b4fd557d2fd1","module":"http","action":"request","method":"POST","url":"/approvals/f685c718-0f8d-45c4-854a-32526a6ed836/reject","msg":"[http][request] [http][request] POST /approvals/f685c718-0f8d-45c4-854a-32526a6ed836/reject"}
{"level":20,"time":"2026-04-19T12:05:49.588Z","pid":826,"hostname":"b4fd557d2fd1","module":"approvals:repository","action":"findById","id":"f685c718-0f8d-45c4-854a-32526a6ed836","msg":"[approvals:repository][findById] Looking up approval by id"}
{"level":30,"time":"2026-04-19T12:05:49.590Z","pid":826,"hostname":"b4fd557d2fd1","module":"http","action":"response","method":"POST","url":"/approvals/f685c718-0f8d-45c4-854a-32526a6ed836/reject","statusCode":403,"responseTime":3.6161620002239943,"msg":"[http][response] [http][response] POST /approvals/f685c718-0f8d-45c4-854a-32526a6ed836/reject 403 3.6ms"}
 ✓ tests/integration/approvals-routes.integration.test.js > POST /approvals/:id/reject (real DB) > approver rejects with a justification 18ms
 ✓ tests/integration/approvals-routes.integration.test.js > POST /approvals/:id/reject (real DB) > returns 403 for a non-approver role 4ms
{"level":30,"time":"2026-04-19T12:05:52.275Z","pid":826,"hostname":"b4fd557d2fd1","module":"db","action":"migrate","msg":"[db][migrate] Running database migrations"}
{"level":30,"time":"2026-04-19T12:05:52.330Z","pid":826,"hostname":"b4fd557d2fd1","module":"db","action":"migrate","msg":"[db][migrate] Database is already up to date"}
 ✓ tests/integration/inventory.integration.test.js > GET /inventory/items (real DB) > returns a paginated list of items 7ms
 ✓ tests/integration/inventory.integration.test.js > GET /inventory/items (real DB) > filters by kind=ingredient 4ms
 ✓ tests/integration/inventory.integration.test.js > GET /inventory/items (real DB) > filters by search term 5ms
 ✓ tests/integration/inventory.integration.test.js > GET /inventory/snapshots (real DB) > returns a snapshot list within the date range 6ms
 ✓ tests/integration/inventory.integration.test.js > GET /inventory/snapshots (real DB) > narrows results via date-range filtering 5ms
 ✓ tests/integration/inventory.integration.test.js > GET /inventory/anomalies (real DB) > returns an anomaly list for a valid date window 10ms
 ✓ tests/integration/inventory.integration.test.js > GET /inventory/anomalies (real DB) > returns an empty list for a window with no anomalies 5ms
 ✓ tests/integration/inventory.integration.test.js > GET /inventory/items/:id (real DB) > returns the item 4ms
 ✓ tests/integration/inventory.integration.test.js > GET /inventory/items/:id (real DB) > returns 404 for an unknown item 5ms
 ✓ tests/integration/inventory.integration.test.js > GET /inventory/gaps (real DB) > returns an array scoped to the date range 112ms
 ✓ tests/integration/inventory.integration.test.js > GET /inventory/gaps (real DB) > returns 422 when the required date-range params are missing 2ms
 ✓ tests/integration/inventory.integration.test.js > POST /inventory/gaps/:item_id/resolve (real DB) > resolves a gap for a valid item 20ms
 ✓ tests/integration/inventory.integration.test.js > POST /inventory/gaps/:item_id/resolve (real DB) > returns 404 for an unknown item id in the path 4ms
 ✓ tests/integration/inventory.integration.test.js > POST /inventory/gaps/:item_id/resolve (real DB) > returns 403 for a role without inventory:resolve_gap 2ms
{"level":30,"time":"2026-04-19T12:05:53.565Z","pid":826,"hostname":"b4fd557d2fd1","module":"http","action":"request","method":"POST","url":"/auth/login","msg":"[http][request] [http][request] POST /auth/login"}
{"level":30,"time":"2026-04-19T12:05:53.713Z","pid":826,"hostname":"b4fd557d2fd1","module":"auth","action":"login","userId":"d645292e-2527-4ec2-a8c2-b3c2648b52bc","username":"analyst","msg":"[auth][login] User logged in"}
{"level":30,"time":"2026-04-19T12:05:53.714Z","pid":826,"hostname":"b4fd557d2fd1","module":"http","action":"response","method":"POST","url":"/auth/login","statusCode":200,"responseTime":149.41946299932897,"msg":"[http][response] [http][response] POST /auth/login 200 149.4ms"}
{"level":30,"time":"2026-04-19T12:05:53.714Z","pid":826,"hostname":"b4fd557d2fd1","module":"http","action":"request","method":"POST","url":"/auth/login","msg":"[http][request] [http][request] POST /auth/login"}
{"level":30,"time":"2026-04-19T12:05:53.846Z","pid":826,"hostname":"b4fd557d2fd1","module":"auth","action":"login","userId":"a1f7946f-6fc5-4d29-b6f6-0685dfa6d17e","username":"planner","msg":"[auth][login] User logged in"}
{"level":30,"time":"2026-04-19T12:05:53.846Z","pid":826,"hostname":"b4fd557d2fd1","module":"http","action":"response","method":"POST","url":"/auth/login","statusCode":200,"responseTime":131.93057400081307,"msg":"[http][response] [http][response] POST /auth/login 200 131.9ms"}
{"level":30,"time":"2026-04-19T12:05:53.853Z","pid":826,"hostname":"b4fd557d2fd1","module":"http","action":"request","method":"GET","url":"/inventory/items?page=1&pageSize=10","msg":"[http][request] [http][request] GET /inventory/items?page=1&pageSize=10"}
{"level":20,"time":"2026-04-19T12:05:53.855Z","pid":826,"hostname":"b4fd557d2fd1","module":"inventory:repository","action":"findAllItems","filters":{"page":1,"pageSize":10,"sortDir":"asc"},"msg":"[inventory:repository][findAllItems] Listing inventory items"}
{"level":30,"time":"2026-04-19T12:05:53.857Z","pid":826,"hostname":"b4fd557d2fd1","module":"inventory:routes","action":"listItems","page":1,"total":6,"msg":"[inventory:routes][listItems] Listed inventory items"}
{"level":30,"time":"2026-04-19T12:05:53.858Z","pid":826,"hostname":"b4fd557d2fd1","module":"http","action":"response","method":"GET","url":"/inventory/items?page=1&pageSize=10","statusCode":200,"responseTime":5.286447999998927,"msg":"[http][response] [http][response] GET /inventory/items?page=1&pageSize=10 200 5.3ms"}
{"level":30,"time":"2026-04-19T12:05:53.859Z","pid":826,"hostname":"b4fd557d2fd1","module":"http","action":"request","method":"GET","url":"/inventory/items?kind=ingredient","msg":"[http][request] [http][request] GET /inventory/items?kind=ingredient"}
{"level":20,"time":"2026-04-19T12:05:53.860Z","pid":826,"hostname":"b4fd557d2fd1","module":"inventory:repository","action":"findAllItems","filters":{"page":1,"pageSize":20,"sortDir":"asc","kind":"ingredient"},"msg":"[inventory:repository][findAllItems] Listing inventory items"}
{"level":30,"time":"2026-04-19T12:05:53.862Z","pid":826,"hostname":"b4fd557d2fd1","module":"inventory:routes","action":"listItems","page":1,"total":4,"msg":"[inventory:routes][listItems] Listed inventory items"}
{"level":30,"time":"2026-04-19T12:05:53.863Z","pid":826,"hostname":"b4fd557d2fd1","module":"http","action":"response","method":"GET","url":"/inventory/items?kind=ingredient","statusCode":200,"responseTime":3.8366950005292892,"msg":"[http][response] [http][response] GET /inventory/items?kind=ingredient 200 3.8ms"}
{"level":30,"time":"2026-04-19T12:05:53.864Z","pid":826,"hostname":"b4fd557d2fd1","module":"http","action":"request","method":"GET","url":"/inventory/items?search=Test%20Flour","msg":"[http][request] [http][request] GET /inventory/items?search=Test%20Flour"}
{"level":20,"time":"2026-04-19T12:05:53.865Z","pid":826,"hostname":"b4fd557d2fd1","module":"inventory:repository","action":"findAllItems","filters":{"page":1,"pageSize":20,"sortDir":"asc","search":"Test Flour"},"msg":"[inventory:repository][findAllItems] Listing inventory items"}
{"level":30,"time":"2026-04-19T12:05:53.867Z","pid":826,"hostname":"b4fd557d2fd1","module":"inventory:routes","action":"listItems","page":1,"total":1,"msg":"[inventory:routes][listItems] Listed inventory items"}
{"level":30,"time":"2026-04-19T12:05:53.867Z","pid":826,"hostname":"b4fd557d2fd1","module":"http","action":"response","method":"GET","url":"/inventory/items?search=Test%20Flour","statusCode":200,"responseTime":3.915350000374019,"msg":"[http][response] [http][response] GET /inventory/items?search=Test%20Flour 200 3.9ms"}
{"level":30,"time":"2026-04-19T12:05:53.874Z","pid":826,"hostname":"b4fd557d2fd1","module":"http","action":"request","method":"GET","url":"/inventory/snapshots?from_date=2025-06-01&to_date=2025-06-30","msg":"[http][request] [http][request] GET /inventory/snapshots?from_date=2025-06-01&to_date=2025-06-30"}
{"level":20,"time":"2026-04-19T12:05:53.876Z","pid":826,"hostname":"b4fd557d2fd1","module":"inventory:repository","action":"getAllSnapshots","filters":{"page":1,"pageSize":20,"sortDir":"asc","from_date":"2025-06-01","to_date":"2025-06-30"},"msg":"[inventory:repository][getAllSnapshots] Listing all snapshots"}
{"level":30,"time":"2026-04-19T12:05:53.879Z","pid":826,"hostname":"b4fd557d2fd1","module":"inventory:routes","action":"listSnapshots","page":1,"total":2,"msg":"[inventory:routes][listSnapshots] Listed inventory snapshots"}
{"level":30,"time":"2026-04-19T12:05:53.879Z","pid":826,"hostname":"b4fd557d2fd1","module":"http","action":"response","method":"GET","url":"/inventory/snapshots?from_date=2025-06-01&to_date=2025-06-30","statusCode":200,"responseTime":5.518779000267386,"msg":"[http][response] [http][response] GET /inventory/snapshots?from_date=2025-06-01&to_date=2025-06-30 200 5.5ms"}
{"level":30,"time":"2026-04-19T12:05:53.880Z","pid":826,"hostname":"b4fd557d2fd1","module":"http","action":"request","method":"GET","url":"/inventory/snapshots?from_date=2025-06-01&to_date=2025-06-01","msg":"[http][request] [http][request] GET /inventory/snapshots?from_date=2025-06-01&to_date=2025-06-01"}
{"level":20,"time":"2026-04-19T12:05:53.881Z","pid":826,"hostname":"b4fd557d2fd1","module":"inventory:repository","action":"getAllSnapshots","filters":{"page":1,"pageSize":20,"sortDir":"asc","from_date":"2025-06-01","to_date":"2025-06-01"},"msg":"[inventory:repository][getAllSnapshots] Listing all snapshots"}
{"level":30,"time":"2026-04-19T12:05:53.883Z","pid":826,"hostname":"b4fd557d2fd1","module":"inventory:routes","action":"listSnapshots","page":1,"total":1,"msg":"[inventory:routes][listSnapshots] Listed inventory snapshots"}
{"level":30,"time":"2026-04-19T12:05:53.884Z","pid":826,"hostname":"b4fd557d2fd1","module":"http","action":"response","method":"GET","url":"/inventory/snapshots?from_date=2025-06-01&to_date=2025-06-01","statusCode":200,"responseTime":3.8412330001592636,"msg":"[http][response] [http][response] GET /inventory/snapshots?from_date=2025-06-01&to_date=2025-06-01 200 3.8ms"}
{"level":30,"time":"2026-04-19T12:05:53.884Z","pid":826,"hostname":"b4fd557d2fd1","module":"http","action":"request","method":"GET","url":"/inventory/anomalies?from_date=2025-06-01&to_date=2025-06-30","msg":"[http][request] [http][request] GET /inventory/anomalies?from_date=2025-06-01&to_date=2025-06-30"}
{"level":30,"time":"2026-04-19T12:05:53.886Z","pid":826,"hostname":"b4fd557d2fd1","module":"inventory:service","action":"detectAnomalies","dateRange":{"from":"2025-06-01","to":"2025-06-30"},"msg":"[inventory:service][detectAnomalies] Running anomaly detection"}
{"level":20,"time":"2026-04-19T12:05:53.886Z","pid":826,"hostname":"b4fd557d2fd1","module":"inventory:repository","action":"getAnomalies","dateRange":{"from":"2025-06-01","to":"2025-06-30"},"msg":"[inventory:repository][getAnomalies] Detecting anomalies"}
{"level":30,"time":"2026-04-19T12:05:53.893Z","pid":826,"hostname":"b4fd557d2fd1","module":"inventory:service","action":"detectAnomalies","count":0,"msg":"[inventory:service][detectAnomalies] Found 0 anomaly/anomalies in date range"}
{"level":30,"time":"2026-04-19T12:05:53.893Z","pid":826,"hostname":"b4fd557d2fd1","module":"inventory:routes","action":"anomalies","count":0,"msg":"[inventory:routes][anomalies] Retrieved inventory anomalies"}
{"level":30,"time":"2026-04-19T12:05:53.894Z","pid":826,"hostname":"b4fd557d2fd1","module":"http","action":"response","method":"GET","url":"/inventory/anomalies?from_date=2025-06-01&to_date=2025-06-30","statusCode":200,"responseTime":9.202401999384165,"msg":"[http][response] [http][response] GET /inventory/anomalies?from_date=2025-06-01&to_date=2025-06-30 200 9.2ms"}
{"level":30,"time":"2026-04-19T12:05:53.894Z","pid":826,"hostname":"b4fd557d2fd1","module":"http","action":"request","method":"GET","url":"/inventory/anomalies?from_date=2099-01-01&to_date=2099-01-31","msg":"[http][request] [http][request] GET /inventory/anomalies?from_date=2099-01-01&to_date=2099-01-31"}
{"level":30,"time":"2026-04-19T12:05:53.896Z","pid":826,"hostname":"b4fd557d2fd1","module":"inventory:service","action":"detectAnomalies","dateRange":{"from":"2099-01-01","to":"2099-01-31"},"msg":"[inventory:service][detectAnomalies] Running anomaly detection"}
{"level":20,"time":"2026-04-19T12:05:53.896Z","pid":826,"hostname":"b4fd557d2fd1","module":"inventory:repository","action":"getAnomalies","dateRange":{"from":"2099-01-01","to":"2099-01-31"},"msg":"[inventory:repository][getAnomalies] Detecting anomalies"}
{"level":30,"time":"2026-04-19T12:05:53.898Z","pid":826,"hostname":"b4fd557d2fd1","module":"inventory:service","action":"detectAnomalies","count":0,"msg":"[inventory:service][detectAnomalies] Found 0 anomaly/anomalies in date range"}
{"level":30,"time":"2026-04-19T12:05:53.898Z","pid":826,"hostname":"b4fd557d2fd1","module":"inventory:routes","action":"anomalies","count":0,"msg":"[inventory:routes][anomalies] Retrieved inventory anomalies"}
{"level":30,"time":"2026-04-19T12:05:53.898Z","pid":826,"hostname":"b4fd557d2fd1","module":"http","action":"response","method":"GET","url":"/inventory/anomalies?from_date=2099-01-01&to_date=2099-01-31","statusCode":200,"responseTime":4.048053000122309,"msg":"[http][response] [http][response] GET /inventory/anomalies?from_date=2099-01-01&to_date=2099-01-31 200 4.0ms"}
{"level":30,"time":"2026-04-19T12:05:53.899Z","pid":826,"hostname":"b4fd557d2fd1","module":"http","action":"request","method":"GET","url":"/inventory/items/5a9a2999-f029-4af0-9435-2795966da383","msg":"[http][request] [http][request] GET /inventory/items/5a9a2999-f029-4af0-9435-2795966da383"}
{"level":20,"time":"2026-04-19T12:05:53.901Z","pid":826,"hostname":"b4fd557d2fd1","module":"inventory:repository","action":"findItemById","id":"5a9a2999-f029-4af0-9435-2795966da383","msg":"[inventory:repository][findItemById] Looking up inventory item"}
{"level":30,"time":"2026-04-19T12:05:53.902Z","pid":826,"hostname":"b4fd557d2fd1","module":"inventory:routes","action":"getItem","itemId":"5a9a2999-f029-4af0-9435-2795966da383","msg":"[inventory:routes][getItem] Retrieved inventory item"}
{"level":30,"time":"2026-04-19T12:05:53.902Z","pid":826,"hostname":"b4fd557d2fd1","module":"http","action":"response","method":"GET","url":"/inventory/items/5a9a2999-f029-4af0-9435-2795966da383","statusCode":200,"responseTime":3.0701219998300076,"msg":"[http][response] [http][response] GET /inventory/items/5a9a2999-f029-4af0-9435-2795966da383 200 3.1ms"}
{"level":30,"time":"2026-04-19T12:05:53.903Z","pid":826,"hostname":"b4fd557d2fd1","module":"http","action":"request","method":"GET","url":"/inventory/items/00000000-0000-0000-0000-000000000000","msg":"[http][request] [http][request] GET /inventory/items/00000000-0000-0000-0000-000000000000"}
{"level":20,"time":"2026-04-19T12:05:53.904Z","pid":826,"hostname":"b4fd557d2fd1","module":"inventory:repository","action":"findItemById","id":"00000000-0000-0000-0000-000000000000","msg":"[inventory:repository][findItemById] Looking up inventory item"}
{"level":50,"time":"2026-04-19T12:05:53.906Z","pid":826,"hostname":"b4fd557d2fd1","module":"http","action":"error","err":{"type":"NotFoundError","message":"InventoryItem with id '00000000-0000-0000-0000-000000000000' not found","stack":"NotFoundError: InventoryItem with id '00000000-0000-0000-0000-000000000000' not found\n    at Object.<anonymous> (/app/src/modules/inventory/routes.js:125:15)\n    at processTicksAndRejections (node:internal/process/task_queues:95:5)","name":"NotFoundError","statusCode":404,"code":"NOT_FOUND","details":{"resource":"InventoryItem","id":"00000000-0000-0000-0000-000000000000"}},"requestId":"req-b","msg":"[http][error] [http][error] InventoryItem with id '00000000-0000-0000-0000-000000000000' not found"}
{"level":30,"time":"2026-04-19T12:05:53.907Z","pid":826,"hostname":"b4fd557d2fd1","module":"http","action":"response","method":"GET","url":"/inventory/items/00000000-0000-0000-0000-000000000000","statusCode":404,"responseTime":4.587840000167489,"msg":"[http][response] [http][response] GET /inventory/items/00000000-0000-0000-0000-000000000000 404 4.6ms"}
{"level":30,"time":"2026-04-19T12:05:53.908Z","pid":826,"hostname":"b4fd557d2fd1","module":"http","action":"request","method":"GET","url":"/inventory/gaps?from_date=2025-01-01&to_date=2025-12-31","msg":"[http][request] [http][request] GET /inventory/gaps?from_date=2025-01-01&to_date=2025-12-31"}
{"level":20,"time":"2026-04-19T12:05:53.910Z","pid":826,"hostname":"b4fd557d2fd1","module":"inventory:repository","action":"getUnresolvedGaps","dateRange":{"from":"2025-01-01","to":"2025-12-31"},"msg":"[inventory:repository][getUnresolvedGaps] Finding unresolved gaps"}
{"level":30,"time":"2026-04-19T12:05:54.008Z","pid":826,"hostname":"b4fd557d2fd1","module":"inventory:routes","action":"gaps","count":2188,"msg":"[inventory:routes][gaps] Retrieved inventory gaps"}
{"level":30,"time":"2026-04-19T12:05:54.018Z","pid":826,"hostname":"b4fd557d2fd1","module":"http","action":"response","method":"GET","url":"/inventory/gaps?from_date=2025-01-01&to_date=2025-12-31","statusCode":200,"responseTime":109.66033499967307,"msg":"[http][response] [http][response] GET /inventory/gaps?from_date=2025-01-01&to_date=2025-12-31 200 109.7ms"}
{"level":30,"time":"2026-04-19T12:05:54.020Z","pid":826,"hostname":"b4fd557d2fd1","module":"http","action":"request","method":"GET","url":"/inventory/gaps","msg":"[http][request] [http][request] GET /inventory/gaps"}
{"level":30,"time":"2026-04-19T12:05:54.022Z","pid":826,"hostname":"b4fd557d2fd1","module":"http","action":"response","method":"GET","url":"/inventory/gaps","statusCode":422,"responseTime":1.8909189999103546,"msg":"[http][response] [http][response] GET /inventory/gaps 422 1.9ms"}
{"level":30,"time":"2026-04-19T12:05:54.023Z","pid":826,"hostname":"b4fd557d2fd1","module":"http","action":"request","method":"POST","url":"/inventory/gaps/5a9a2999-f029-4af0-9435-2795966da383/resolve","msg":"[http][request] [http][request] POST /inventory/gaps/5a9a2999-f029-4af0-9435-2795966da383/resolve"}
{"level":30,"time":"2026-04-19T12:05:54.024Z","pid":826,"hostname":"b4fd557d2fd1","module":"inventory:service","action":"resolveGap","userId":"d645292e-2527-4ec2-a8c2-b3c2648b52bc","gapData":{"item_id":"5a9a2999-f029-4af0-9435-2795966da383","missing_date":"2025-06-15"},"msg":"[inventory:service][resolveGap] Resolving inventory gap"}
{"level":20,"time":"2026-04-19T12:05:54.025Z","pid":826,"hostname":"b4fd557d2fd1","module":"inventory:repository","action":"findItemById","id":"5a9a2999-f029-4af0-9435-2795966da383","msg":"[inventory:repository][findItemById] Looking up inventory item"}
{"level":30,"time":"2026-04-19T12:05:54.026Z","pid":826,"hostname":"b4fd557d2fd1","module":"inventory:repository","action":"resolveGap","itemId":"5a9a2999-f029-4af0-9435-2795966da383","missingDate":"2025-06-15","msg":"[inventory:repository][resolveGap] Resolving inventory gap"}
{"level":30,"time":"2026-04-19T12:05:54.041Z","pid":826,"hostname":"b4fd557d2fd1","module":"audit","action":"write","eventId":null,"subjectType":"inventory_gap_resolution","subjectId":"0d01a40d-dc8d-4d90-a848-0c8e15ec093b","auditAction":"resolve_gap","msg":"[audit][write] Audit recorded: resolve_gap on inventory_gap_resolution 0d01a40d-dc8d-4d90-a848-0c8e15ec093b"}
{"level":30,"time":"2026-04-19T12:05:54.041Z","pid":826,"hostname":"b4fd557d2fd1","module":"inventory:routes","action":"resolveGap","resolutionId":"0d01a40d-dc8d-4d90-a848-0c8e15ec093b","msg":"[inventory:routes][resolveGap] Inventory gap resolved"}
{"level":30,"time":"2026-04-19T12:05:54.042Z","pid":826,"hostname":"b4fd557d2fd1","module":"http","action":"response","method":"POST","url":"/inventory/gaps/5a9a2999-f029-4af0-9435-2795966da383/resolve","statusCode":201,"responseTime":19.009127999655902,"msg":"[http][response] [http][response] POST /inventory/gaps/5a9a2999-f029-4af0-9435-2795966da383/resolve 201 19.0ms"}
{"level":30,"time":"2026-04-19T12:05:54.043Z","pid":826,"hostname":"b4fd557d2fd1","module":"http","action":"request","method":"POST","url":"/inventory/gaps/00000000-0000-0000-0000-000000000000/resolve","msg":"[http][request] [http][request] POST /inventory/gaps/00000000-0000-0000-0000-000000000000/resolve"}
{"level":30,"time":"2026-04-19T12:05:54.044Z","pid":826,"hostname":"b4fd557d2fd1","module":"inventory:service","action":"resolveGap","userId":"d645292e-2527-4ec2-a8c2-b3c2648b52bc","gapData":{"item_id":"00000000-0000-0000-0000-000000000000","missing_date":"2025-06-15"},"msg":"[inventory:service][resolveGap] Resolving inventory gap"}
{"level":20,"time":"2026-04-19T12:05:54.044Z","pid":826,"hostname":"b4fd557d2fd1","module":"inventory:repository","action":"findItemById","id":"00000000-0000-0000-0000-000000000000","msg":"[inventory:repository][findItemById] Looking up inventory item"}
{"level":50,"time":"2026-04-19T12:05:54.045Z","pid":826,"hostname":"b4fd557d2fd1","module":"http","action":"error","err":{"type":"NotFoundError","message":"InventoryItem with id '00000000-0000-0000-0000-000000000000' not found","stack":"NotFoundError: InventoryItem with id '00000000-0000-0000-0000-000000000000' not found\n    at Module.resolveGap (/app/src/modules/inventory/service.js:119:11)\n    at processTicksAndRejections (node:internal/process/task_queues:95:5)\n    at Object.<anonymous> (/app/src/modules/inventory/routes.js:246:26)","name":"NotFoundError","statusCode":404,"code":"NOT_FOUND","details":{"resource":"InventoryItem","id":"00000000-0000-0000-0000-000000000000"}},"requestId":"req-f","msg":"[http][error] [http][error] InventoryItem with id '00000000-0000-0000-0000-000000000000' not found"}
{"level":30,"time":"2026-04-19T12:05:54.046Z","pid":826,"hostname":"b4fd557d2fd1","module":"http","action":"response","method":"POST","url":"/inventory/gaps/00000000-0000-0000-0000-000000000000/resolve","statusCode":404,"responseTime":3.698648000136018,"msg":"[http][response] [http][response] POST /inventory/gaps/00000000-0000-0000-0000-000000000000/resolve 404 3.7ms"}
{"level":30,"time":"2026-04-19T12:05:54.047Z","pid":826,"hostname":"b4fd557d2fd1","module":"http","action":"request","method":"POST","url":"/inventory/gaps/5a9a2999-f029-4af0-9435-2795966da383/resolve","msg":"[http][request] [http][request] POST /inventory/gaps/5a9a2999-f029-4af0-9435-2795966da383/resolve"}
{"level":30,"time":"2026-04-19T12:05:54.049Z","pid":826,"hostname":"b4fd557d2fd1","module":"http","action":"response","method":"POST","url":"/inventory/gaps/5a9a2999-f029-4af0-9435-2795966da383/resolve","statusCode":403,"responseTime":1.8287030002102256,"msg":"[http][response] [http][response] POST /inventory/gaps/5a9a2999-f029-4af0-9435-2795966da383/resolve 403 1.8ms"}
{"level":30,"time":"2026-04-19T12:05:55.425Z","pid":826,"hostname":"b4fd557d2fd1","module":"db","action":"migrate","msg":"[db][migrate] Running database migrations"}
{"level":30,"time":"2026-04-19T12:05:55.486Z","pid":826,"hostname":"b4fd557d2fd1","module":"db","action":"migrate","msg":"[db][migrate] Database is already up to date"}
 ✓ tests/integration/recipes.integration.test.js > GET /recipes (real DB) > returns a paginated recipe list 8ms
 ✓ tests/integration/recipes.integration.test.js > GET /recipes (real DB) > filters by status=draft 6ms
 ✓ tests/integration/recipes.integration.test.js > GET /recipes (real DB) > returns 401 for an unauthenticated request 2ms
 ✓ tests/integration/recipes.integration.test.js > GET /recipes/:id (real DB) > returns recipe with versions 6ms
 ✓ tests/integration/recipes.integration.test.js > GET /recipes/:id (real DB) > returns 404 for unknown recipe 6ms
 ✓ tests/integration/recipes.integration.test.js > POST /recipes/:id/revisions (real DB) > creates a new revision 17ms
 ✓ tests/integration/recipes.integration.test.js > POST /recipes/:id/submit-review (real DB) > submits latest version for review 17ms
 ✓ tests/integration/recipes.integration.test.js > POST /recipes/:id/submit-review (real DB) > returns 422 when resubmitting an already-submitted version 6ms
 ✓ tests/integration/recipes.integration.test.js > POST /recipes/:id/approve (real DB) > approver approves a submitted version 23ms
 ✓ tests/integration/recipes.integration.test.js > POST /recipes/:id/approve (real DB) > returns 403 for a non-approver (chef) trying to approve 2ms
 ✓ tests/integration/recipes.integration.test.js > POST /recipes/:id/reject (real DB) > approver rejects with notes 16ms
{"level":30,"time":"2026-04-19T12:05:56.599Z","pid":826,"hostname":"b4fd557d2fd1","module":"http","action":"request","method":"POST","url":"/auth/login","msg":"[http][request] [http][request] POST /auth/login"}
{"level":30,"time":"2026-04-19T12:05:56.726Z","pid":826,"hostname":"b4fd557d2fd1","module":"auth","action":"login","userId":"9d2ff135-f8dd-4ff2-b653-27721c2bece4","username":"chef","msg":"[auth][login] User logged in"}
{"level":30,"time":"2026-04-19T12:05:56.727Z","pid":826,"hostname":"b4fd557d2fd1","module":"http","action":"response","method":"POST","url":"/auth/login","statusCode":200,"responseTime":128.37288799975067,"msg":"[http][response] [http][response] POST /auth/login 200 128.4ms"}
{"level":30,"time":"2026-04-19T12:05:56.727Z","pid":826,"hostname":"b4fd557d2fd1","module":"http","action":"request","method":"POST","url":"/auth/login","msg":"[http][request] [http][request] POST /auth/login"}
{"level":30,"time":"2026-04-19T12:05:56.847Z","pid":826,"hostname":"b4fd557d2fd1","module":"auth","action":"login","userId":"96da5e82-1ce1-4dcc-a206-b22c690911ea","username":"approver","msg":"[auth][login] User logged in"}
{"level":30,"time":"2026-04-19T12:05:56.848Z","pid":826,"hostname":"b4fd557d2fd1","module":"http","action":"response","method":"POST","url":"/auth/login","statusCode":200,"responseTime":120.2152670007199,"msg":"[http][response] [http][response] POST /auth/login 200 120.2ms"}
{"level":30,"time":"2026-04-19T12:05:56.848Z","pid":826,"hostname":"b4fd557d2fd1","module":"http","action":"request","method":"POST","url":"/recipes","msg":"[http][request] [http][request] POST /recipes"}
{"level":30,"time":"2026-04-19T12:05:56.851Z","pid":826,"hostname":"b4fd557d2fd1","module":"recipes:service","action":"createRecipe","userId":"9d2ff135-f8dd-4ff2-b653-27721c2bece4","title":"Integration Test Pasta","msg":"[recipes:service][createRecipe] Creating new recipe"}
{"level":20,"time":"2026-04-19T12:05:56.851Z","pid":826,"hostname":"b4fd557d2fd1","module":"recipes:repository","action":"create","slug":"integration-test-pasta","msg":"[recipes:repository][create] Creating recipe"}
{"level":20,"time":"2026-04-19T12:05:56.858Z","pid":826,"hostname":"b4fd557d2fd1","module":"recipes:repository","action":"createVersion","recipeId":"b3de1b44-c9fa-4a7f-aad2-ca5a90c21adc","msg":"[recipes:repository][createVersion] Creating recipe version"}
{"level":30,"time":"2026-04-19T12:05:56.876Z","pid":826,"hostname":"b4fd557d2fd1","module":"audit","action":"write","eventId":null,"subjectType":"recipe","subjectId":"b3de1b44-c9fa-4a7f-aad2-ca5a90c21adc","auditAction":"create","msg":"[audit][write] Audit recorded: create on recipe b3de1b44-c9fa-4a7f-aad2-ca5a90c21adc"}
{"level":30,"time":"2026-04-19T12:05:56.876Z","pid":826,"hostname":"b4fd557d2fd1","module":"recipes:routes","action":"create","recipeId":"b3de1b44-c9fa-4a7f-aad2-ca5a90c21adc","versionId":"92381ddd-9b2a-4acc-a44b-e8a239f342cc","msg":"[recipes:routes][create] Recipe created"}
{"level":30,"time":"2026-04-19T12:05:56.876Z","pid":826,"hostname":"b4fd557d2fd1","module":"http","action":"response","method":"POST","url":"/recipes","statusCode":201,"responseTime":28.159598000347614,"msg":"[http][response] [http][response] POST /recipes 201 28.2ms"}
{"level":30,"time":"2026-04-19T12:05:56.877Z","pid":826,"hostname":"b4fd557d2fd1","module":"http","action":"request","method":"GET","url":"/recipes?page=1&pageSize=10","msg":"[http][request] [http][request] GET /recipes?page=1&pageSize=10"}
{"level":20,"time":"2026-04-19T12:05:56.879Z","pid":826,"hostname":"b4fd557d2fd1","module":"recipes:repository","action":"findAll","page":1,"pageSize":10,"msg":"[recipes:repository][findAll] Listing recipes"}
{"level":30,"time":"2026-04-19T12:05:56.883Z","pid":826,"hostname":"b4fd557d2fd1","module":"recipes:routes","action":"list","page":1,"total":1,"msg":"[recipes:routes][list] Listed recipes"}
{"level":30,"time":"2026-04-19T12:05:56.884Z","pid":826,"hostname":"b4fd557d2fd1","module":"http","action":"response","method":"GET","url":"/recipes?page=1&pageSize=10","statusCode":200,"responseTime":6.651831000111997,"msg":"[http][response] [http][response] GET /recipes?page=1&pageSize=10 200 6.7ms"}
{"level":30,"time":"2026-04-19T12:05:56.884Z","pid":826,"hostname":"b4fd557d2fd1","module":"http","action":"request","method":"GET","url":"/recipes?status=draft","msg":"[http][request] [http][request] GET /recipes?status=draft"}
{"level":20,"time":"2026-04-19T12:05:56.886Z","pid":826,"hostname":"b4fd557d2fd1","module":"recipes:repository","action":"findAll","page":1,"pageSize":20,"status":"draft","msg":"[recipes:repository][findAll] Listing recipes"}
{"level":30,"time":"2026-04-19T12:05:56.889Z","pid":826,"hostname":"b4fd557d2fd1","module":"recipes:routes","action":"list","page":1,"total":0,"status":"draft","msg":"[recipes:routes][list] Listed recipes"}
{"level":30,"time":"2026-04-19T12:05:56.890Z","pid":826,"hostname":"b4fd557d2fd1","module":"http","action":"response","method":"GET","url":"/recipes?status=draft","statusCode":200,"responseTime":5.36338400002569,"msg":"[http][response] [http][response] GET /recipes?status=draft 200 5.4ms"}
{"level":30,"time":"2026-04-19T12:05:56.892Z","pid":826,"hostname":"b4fd557d2fd1","module":"http","action":"request","method":"GET","url":"/recipes","msg":"[http][request] [http][request] GET /recipes"}
{"level":40,"time":"2026-04-19T12:05:56.892Z","pid":826,"hostname":"b4fd557d2fd1","module":"auth","action":"authenticate","msg":"[auth][authenticate] Missing or malformed Authorization header"}
{"level":30,"time":"2026-04-19T12:05:56.892Z","pid":826,"hostname":"b4fd557d2fd1","module":"http","action":"response","method":"GET","url":"/recipes","statusCode":401,"responseTime":0.4695970006287098,"msg":"[http][response] [http][response] GET /recipes 401 0.5ms"}
{"level":30,"time":"2026-04-19T12:05:56.893Z","pid":826,"hostname":"b4fd557d2fd1","module":"http","action":"request","method":"GET","url":"/recipes/b3de1b44-c9fa-4a7f-aad2-ca5a90c21adc","msg":"[http][request] [http][request] GET /recipes/b3de1b44-c9fa-4a7f-aad2-ca5a90c21adc"}
{"level":20,"time":"2026-04-19T12:05:56.895Z","pid":826,"hostname":"b4fd557d2fd1","module":"recipes:repository","action":"findById","id":"b3de1b44-c9fa-4a7f-aad2-ca5a90c21adc","msg":"[recipes:repository][findById] Looking up recipe by id"}
{"level":20,"time":"2026-04-19T12:05:56.896Z","pid":826,"hostname":"b4fd557d2fd1","module":"recipes:repository","action":"findVersionsByRecipeId","recipeId":"b3de1b44-c9fa-4a7f-aad2-ca5a90c21adc","msg":"[recipes:repository][findVersionsByRecipeId] Listing recipe versions"}
{"level":30,"time":"2026-04-19T12:05:56.897Z","pid":826,"hostname":"b4fd557d2fd1","module":"recipes:routes","action":"getById","recipeId":"b3de1b44-c9fa-4a7f-aad2-ca5a90c21adc","msg":"[recipes:routes][getById] Retrieved recipe by id"}
{"level":30,"time":"2026-04-19T12:05:56.897Z","pid":826,"hostname":"b4fd557d2fd1","module":"http","action":"response","method":"GET","url":"/recipes/b3de1b44-c9fa-4a7f-aad2-ca5a90c21adc","statusCode":200,"responseTime":4.738424999639392,"msg":"[http][response] [http][response] GET /recipes/b3de1b44-c9fa-4a7f-aad2-ca5a90c21adc 200 4.7ms"}
{"level":30,"time":"2026-04-19T12:05:56.898Z","pid":826,"hostname":"b4fd557d2fd1","module":"http","action":"request","method":"GET","url":"/recipes/0ca0d543-b0e9-42b8-aaf8-2ae7ee019826","msg":"[http][request] [http][request] GET /recipes/0ca0d543-b0e9-42b8-aaf8-2ae7ee019826"}
{"level":20,"time":"2026-04-19T12:05:56.900Z","pid":826,"hostname":"b4fd557d2fd1","module":"recipes:repository","action":"findById","id":"0ca0d543-b0e9-42b8-aaf8-2ae7ee019826","msg":"[recipes:repository][findById] Looking up recipe by id"}
{"level":50,"time":"2026-04-19T12:05:56.902Z","pid":826,"hostname":"b4fd557d2fd1","module":"http","action":"error","err":{"type":"NotFoundError","message":"Recipe with id '0ca0d543-b0e9-42b8-aaf8-2ae7ee019826' not found","stack":"NotFoundError: Recipe with id '0ca0d543-b0e9-42b8-aaf8-2ae7ee019826' not found\n    at Object.<anonymous> (/app/src/modules/recipes/routes.js:147:15)\n    at processTicksAndRejections (node:internal/process/task_queues:95:5)","name":"NotFoundError","statusCode":404,"code":"NOT_FOUND","details":{"resource":"Recipe","id":"0ca0d543-b0e9-42b8-aaf8-2ae7ee019826"}},"requestId":"req-8","msg":"[http][error] [http][error] Recipe with id '0ca0d543-b0e9-42b8-aaf8-2ae7ee019826' not found"}
{"level":30,"time":"2026-04-19T12:05:56.904Z","pid":826,"hostname":"b4fd557d2fd1","module":"http","action":"response","method":"GET","url":"/recipes/0ca0d543-b0e9-42b8-aaf8-2ae7ee019826","statusCode":404,"responseTime":5.689395000226796,"msg":"[http][response] [http][response] GET /recipes/0ca0d543-b0e9-42b8-aaf8-2ae7ee019826 404 5.7ms"}
{"level":30,"time":"2026-04-19T12:05:56.905Z","pid":826,"hostname":"b4fd557d2fd1","module":"http","action":"request","method":"POST","url":"/recipes/b3de1b44-c9fa-4a7f-aad2-ca5a90c21adc/revisions","msg":"[http][request] [http][request] POST /recipes/b3de1b44-c9fa-4a7f-aad2-ca5a90c21adc/revisions"}
{"level":30,"time":"2026-04-19T12:05:56.907Z","pid":826,"hostname":"b4fd557d2fd1","module":"recipes:service","action":"createRevision","userId":"9d2ff135-f8dd-4ff2-b653-27721c2bece4","recipeId":"b3de1b44-c9fa-4a7f-aad2-ca5a90c21adc","msg":"[recipes:service][createRevision] Creating recipe revision"}
{"level":20,"time":"2026-04-19T12:05:56.907Z","pid":826,"hostname":"b4fd557d2fd1","module":"recipes:repository","action":"findById","id":"b3de1b44-c9fa-4a7f-aad2-ca5a90c21adc","msg":"[recipes:repository][findById] Looking up recipe by id"}
{"level":20,"time":"2026-04-19T12:05:56.908Z","pid":826,"hostname":"b4fd557d2fd1","module":"recipes:repository","action":"createVersion","recipeId":"b3de1b44-c9fa-4a7f-aad2-ca5a90c21adc","msg":"[recipes:repository][createVersion] Creating recipe version"}
{"level":30,"time":"2026-04-19T12:05:56.921Z","pid":826,"hostname":"b4fd557d2fd1","module":"audit","action":"write","eventId":null,"subjectType":"recipe_version","subjectId":"aad3ccc7-1af0-4cee-87a0-50259cdc1208","auditAction":"create_revision","msg":"[audit][write] Audit recorded: create_revision on recipe_version aad3ccc7-1af0-4cee-87a0-50259cdc1208"}
{"level":30,"time":"2026-04-19T12:05:56.921Z","pid":826,"hostname":"b4fd557d2fd1","module":"recipes:routes","action":"createRevision","recipeId":"b3de1b44-c9fa-4a7f-aad2-ca5a90c21adc","versionId":"aad3ccc7-1af0-4cee-87a0-50259cdc1208","msg":"[recipes:routes][createRevision] Recipe revision created"}
{"level":30,"time":"2026-04-19T12:05:56.921Z","pid":826,"hostname":"b4fd557d2fd1","module":"http","action":"response","method":"POST","url":"/recipes/b3de1b44-c9fa-4a7f-aad2-ca5a90c21adc/revisions","statusCode":201,"responseTime":16.192005000077188,"msg":"[http][response] [http][response] POST /recipes/b3de1b44-c9fa-4a7f-aad2-ca5a90c21adc/revisions 201 16.2ms"}
{"level":30,"time":"2026-04-19T12:05:56.922Z","pid":826,"hostname":"b4fd557d2fd1","module":"http","action":"request","method":"POST","url":"/recipes/b3de1b44-c9fa-4a7f-aad2-ca5a90c21adc/submit-review","msg":"[http][request] [http][request] POST /recipes/b3de1b44-c9fa-4a7f-aad2-ca5a90c21adc/submit-review"}
{"level":30,"time":"2026-04-19T12:05:56.924Z","pid":826,"hostname":"b4fd557d2fd1","module":"recipes:service","action":"submitForReview","userId":"9d2ff135-f8dd-4ff2-b653-27721c2bece4","recipeId":"b3de1b44-c9fa-4a7f-aad2-ca5a90c21adc","msg":"[recipes:service][submitForReview] Submitting recipe for review"}
{"level":20,"time":"2026-04-19T12:05:56.924Z","pid":826,"hostname":"b4fd557d2fd1","module":"recipes:repository","action":"findById","id":"b3de1b44-c9fa-4a7f-aad2-ca5a90c21adc","msg":"[recipes:repository][findById] Looking up recipe by id"}
{"level":20,"time":"2026-04-19T12:05:56.925Z","pid":826,"hostname":"b4fd557d2fd1","module":"recipes:repository","action":"findVersionsByRecipeId","recipeId":"b3de1b44-c9fa-4a7f-aad2-ca5a90c21adc","msg":"[recipes:repository][findVersionsByRecipeId] Listing recipe versions"}
{"level":30,"time":"2026-04-19T12:05:56.926Z","pid":826,"hostname":"b4fd557d2fd1","module":"recipes:repository","action":"updateVersionStatus","id":"aad3ccc7-1af0-4cee-87a0-50259cdc1208","status":"submitted_for_review","msg":"[recipes:repository][updateVersionStatus] Updating recipe version status"}
{"level":30,"time":"2026-04-19T12:05:56.938Z","pid":826,"hostname":"b4fd557d2fd1","module":"audit","action":"write","eventId":null,"subjectType":"recipe_version","subjectId":"aad3ccc7-1af0-4cee-87a0-50259cdc1208","auditAction":"submit_for_review","msg":"[audit][write] Audit recorded: submit_for_review on recipe_version aad3ccc7-1af0-4cee-87a0-50259cdc1208"}
{"level":30,"time":"2026-04-19T12:05:56.938Z","pid":826,"hostname":"b4fd557d2fd1","module":"recipes:routes","action":"submitForReview","recipeId":"b3de1b44-c9fa-4a7f-aad2-ca5a90c21adc","versionId":"aad3ccc7-1af0-4cee-87a0-50259cdc1208","msg":"[recipes:routes][submitForReview] Recipe submitted for review"}
{"level":30,"time":"2026-04-19T12:05:56.938Z","pid":826,"hostname":"b4fd557d2fd1","module":"http","action":"response","method":"POST","url":"/recipes/b3de1b44-c9fa-4a7f-aad2-ca5a90c21adc/submit-review","statusCode":200,"responseTime":16.253880000673234,"msg":"[http][response] [http][response] POST /recipes/b3de1b44-c9fa-4a7f-aad2-ca5a90c21adc/submit-review 200 16.3ms"}
{"level":30,"time":"2026-04-19T12:05:56.939Z","pid":826,"hostname":"b4fd557d2fd1","module":"http","action":"request","method":"POST","url":"/recipes/b3de1b44-c9fa-4a7f-aad2-ca5a90c21adc/submit-review","msg":"[http][request] [http][request] POST /recipes/b3de1b44-c9fa-4a7f-aad2-ca5a90c21adc/submit-review"}
{"level":30,"time":"2026-04-19T12:05:56.941Z","pid":826,"hostname":"b4fd557d2fd1","module":"recipes:service","action":"submitForReview","userId":"9d2ff135-f8dd-4ff2-b653-27721c2bece4","recipeId":"b3de1b44-c9fa-4a7f-aad2-ca5a90c21adc","msg":"[recipes:service][submitForReview] Submitting recipe for review"}
{"level":20,"time":"2026-04-19T12:05:56.941Z","pid":826,"hostname":"b4fd557d2fd1","module":"recipes:repository","action":"findById","id":"b3de1b44-c9fa-4a7f-aad2-ca5a90c21adc","msg":"[recipes:repository][findById] Looking up recipe by id"}
{"level":20,"time":"2026-04-19T12:05:56.942Z","pid":826,"hostname":"b4fd557d2fd1","module":"recipes:repository","action":"findVersionsByRecipeId","recipeId":"b3de1b44-c9fa-4a7f-aad2-ca5a90c21adc","msg":"[recipes:repository][findVersionsByRecipeId] Listing recipe versions"}
{"level":50,"time":"2026-04-19T12:05:56.943Z","pid":826,"hostname":"b4fd557d2fd1","module":"http","action":"error","err":{"type":"AppError","message":"Cannot submit version with status 'submitted_for_review'; must be 'draft'","stack":"AppError: Cannot submit version with status 'submitted_for_review'; must be 'draft'\n    at Module.submitForReview (/app/src/modules/recipes/service.js:152:11)\n    at processTicksAndRejections (node:internal/process/task_queues:95:5)\n    at Object.<anonymous> (/app/src/modules/recipes/routes.js:206:23)","name":"AppError","statusCode":422,"code":"INVALID_STATUS"},"requestId":"req-b","msg":"[http][error] [http][error] Cannot submit version with status 'submitted_for_review'; must be 'draft'"}
{"level":30,"time":"2026-04-19T12:05:56.944Z","pid":826,"hostname":"b4fd557d2fd1","module":"http","action":"response","method":"POST","url":"/recipes/b3de1b44-c9fa-4a7f-aad2-ca5a90c21adc/submit-review","statusCode":422,"responseTime":5.256366000510752,"msg":"[http][response] [http][response] POST /recipes/b3de1b44-c9fa-4a7f-aad2-ca5a90c21adc/submit-review 422 5.3ms"}
{"level":30,"time":"2026-04-19T12:05:56.945Z","pid":826,"hostname":"b4fd557d2fd1","module":"http","action":"request","method":"POST","url":"/recipes/b3de1b44-c9fa-4a7f-aad2-ca5a90c21adc/approve","msg":"[http][request] [http][request] POST /recipes/b3de1b44-c9fa-4a7f-aad2-ca5a90c21adc/approve"}
{"level":30,"time":"2026-04-19T12:05:56.947Z","pid":826,"hostname":"b4fd557d2fd1","module":"recipes:service","action":"approveRecipe","userId":"96da5e82-1ce1-4dcc-a206-b22c690911ea","recipeId":"b3de1b44-c9fa-4a7f-aad2-ca5a90c21adc","msg":"[recipes:service][approveRecipe] Approving recipe"}
{"level":20,"time":"2026-04-19T12:05:56.947Z","pid":826,"hostname":"b4fd557d2fd1","module":"recipes:repository","action":"findById","id":"b3de1b44-c9fa-4a7f-aad2-ca5a90c21adc","msg":"[recipes:repository][findById] Looking up recipe by id"}
{"level":20,"time":"2026-04-19T12:05:56.948Z","pid":826,"hostname":"b4fd557d2fd1","module":"recipes:repository","action":"findVersionsByRecipeId","recipeId":"b3de1b44-c9fa-4a7f-aad2-ca5a90c21adc","msg":"[recipes:repository][findVersionsByRecipeId] Listing recipe versions"}
{"level":30,"time":"2026-04-19T12:05:56.949Z","pid":826,"hostname":"b4fd557d2fd1","module":"recipes:repository","action":"updateVersionStatus","id":"aad3ccc7-1af0-4cee-87a0-50259cdc1208","status":"approved","msg":"[recipes:repository][updateVersionStatus] Updating recipe version status"}
{"level":30,"time":"2026-04-19T12:05:56.955Z","pid":826,"hostname":"b4fd557d2fd1","module":"recipes:repository","action":"setCurrentVersion","recipeId":"b3de1b44-c9fa-4a7f-aad2-ca5a90c21adc","versionId":"aad3ccc7-1af0-4cee-87a0-50259cdc1208","msg":"[recipes:repository][setCurrentVersion] Setting current recipe version"}
{"level":30,"time":"2026-04-19T12:05:56.967Z","pid":826,"hostname":"b4fd557d2fd1","module":"audit","action":"write","eventId":null,"subjectType":"recipe_version","subjectId":"aad3ccc7-1af0-4cee-87a0-50259cdc1208","auditAction":"approve","msg":"[audit][write] Audit recorded: approve on recipe_version aad3ccc7-1af0-4cee-87a0-50259cdc1208"}
{"level":30,"time":"2026-04-19T12:05:56.967Z","pid":826,"hostname":"b4fd557d2fd1","module":"recipes:routes","action":"approve","recipeId":"b3de1b44-c9fa-4a7f-aad2-ca5a90c21adc","versionId":"aad3ccc7-1af0-4cee-87a0-50259cdc1208","msg":"[recipes:routes][approve] Recipe approved"}
{"level":30,"time":"2026-04-19T12:05:56.967Z","pid":826,"hostname":"b4fd557d2fd1","module":"http","action":"response","method":"POST","url":"/recipes/b3de1b44-c9fa-4a7f-aad2-ca5a90c21adc/approve","statusCode":200,"responseTime":22.0924399998039,"msg":"[http][response] [http][response] POST /recipes/b3de1b44-c9fa-4a7f-aad2-ca5a90c21adc/approve 200 22.1ms"}
{"level":30,"time":"2026-04-19T12:05:56.968Z","pid":826,"hostname":"b4fd557d2fd1","module":"http","action":"request","method":"POST","url":"/recipes/b3de1b44-c9fa-4a7f-aad2-ca5a90c21adc/approve","msg":"[http][request] [http][request] POST /recipes/b3de1b44-c9fa-4a7f-aad2-ca5a90c21adc/approve"}
{"level":30,"time":"2026-04-19T12:05:56.969Z","pid":826,"hostname":"b4fd557d2fd1","module":"http","action":"response","method":"POST","url":"/recipes/b3de1b44-c9fa-4a7f-aad2-ca5a90c21adc/approve","statusCode":403,"responseTime":1.4999009994789958,"msg":"[http][response] [http][response] POST /recipes/b3de1b44-c9fa-4a7f-aad2-ca5a90c21adc/approve 403 1.5ms"}
{"level":30,"time":"2026-04-19T12:05:56.970Z","pid":826,"hostname":"b4fd557d2fd1","module":"http","action":"request","method":"POST","url":"/recipes","msg":"[http][request] [http][request] POST /recipes"}
{"level":30,"time":"2026-04-19T12:05:56.971Z","pid":826,"hostname":"b4fd557d2fd1","module":"recipes:service","action":"createRecipe","userId":"9d2ff135-f8dd-4ff2-b653-27721c2bece4","title":"Rejectable Recipe","msg":"[recipes:service][createRecipe] Creating new recipe"}
{"level":20,"time":"2026-04-19T12:05:56.972Z","pid":826,"hostname":"b4fd557d2fd1","module":"recipes:repository","action":"create","slug":"rejectable-recipe","msg":"[recipes:repository][create] Creating recipe"}
{"level":20,"time":"2026-04-19T12:05:56.977Z","pid":826,"hostname":"b4fd557d2fd1","module":"recipes:repository","action":"createVersion","recipeId":"5fa2d63d-9709-4244-8dc3-ae45545f61dd","msg":"[recipes:repository][createVersion] Creating recipe version"}
{"level":30,"time":"2026-04-19T12:05:56.989Z","pid":826,"hostname":"b4fd557d2fd1","module":"audit","action":"write","eventId":null,"subjectType":"recipe","subjectId":"5fa2d63d-9709-4244-8dc3-ae45545f61dd","auditAction":"create","msg":"[audit][write] Audit recorded: create on recipe 5fa2d63d-9709-4244-8dc3-ae45545f61dd"}
{"level":30,"time":"2026-04-19T12:05:56.989Z","pid":826,"hostname":"b4fd557d2fd1","module":"recipes:routes","action":"create","recipeId":"5fa2d63d-9709-4244-8dc3-ae45545f61dd","versionId":"8f309a49-4f34-4f0c-b717-60ec4f08d938","msg":"[recipes:routes][create] Recipe created"}
{"level":30,"time":"2026-04-19T12:05:56.990Z","pid":826,"hostname":"b4fd557d2fd1","module":"http","action":"response","method":"POST","url":"/recipes","statusCode":201,"responseTime":20.045983999967575,"msg":"[http][response] [http][response] POST /recipes 201 20.0ms"}
{"level":30,"time":"2026-04-19T12:05:56.990Z","pid":826,"hostname":"b4fd557d2fd1","module":"http","action":"request","method":"POST","url":"/recipes/5fa2d63d-9709-4244-8dc3-ae45545f61dd/submit-review","msg":"[http][request] [http][request] POST /recipes/5fa2d63d-9709-4244-8dc3-ae45545f61dd/submit-review"}
{"level":30,"time":"2026-04-19T12:05:56.991Z","pid":826,"hostname":"b4fd557d2fd1","module":"recipes:service","action":"submitForReview","userId":"9d2ff135-f8dd-4ff2-b653-27721c2bece4","recipeId":"5fa2d63d-9709-4244-8dc3-ae45545f61dd","msg":"[recipes:service][submitForReview] Submitting recipe for review"}
{"level":20,"time":"2026-04-19T12:05:56.991Z","pid":826,"hostname":"b4fd557d2fd1","module":"recipes:repository","action":"findById","id":"5fa2d63d-9709-4244-8dc3-ae45545f61dd","msg":"[recipes:repository][findById] Looking up recipe by id"}
{"level":20,"time":"2026-04-19T12:05:56.992Z","pid":826,"hostname":"b4fd557d2fd1","module":"recipes:repository","action":"findVersionsByRecipeId","recipeId":"5fa2d63d-9709-4244-8dc3-ae45545f61dd","msg":"[recipes:repository][findVersionsByRecipeId] Listing recipe versions"}
{"level":30,"time":"2026-04-19T12:05:56.993Z","pid":826,"hostname":"b4fd557d2fd1","module":"recipes:repository","action":"updateVersionStatus","id":"8f309a49-4f34-4f0c-b717-60ec4f08d938","status":"submitted_for_review","msg":"[recipes:repository][updateVersionStatus] Updating recipe version status"}
{"level":30,"time":"2026-04-19T12:05:57.004Z","pid":826,"hostname":"b4fd557d2fd1","module":"audit","action":"write","eventId":null,"subjectType":"recipe_version","subjectId":"8f309a49-4f34-4f0c-b717-60ec4f08d938","auditAction":"submit_for_review","msg":"[audit][write] Audit recorded: submit_for_review on recipe_version 8f309a49-4f34-4f0c-b717-60ec4f08d938"}
{"level":30,"time":"2026-04-19T12:05:57.004Z","pid":826,"hostname":"b4fd557d2fd1","module":"recipes:routes","action":"submitForReview","recipeId":"5fa2d63d-9709-4244-8dc3-ae45545f61dd","versionId":"8f309a49-4f34-4f0c-b717-60ec4f08d938","msg":"[recipes:routes][submitForReview] Recipe submitted for review"}
{"level":30,"time":"2026-04-19T12:05:57.005Z","pid":826,"hostname":"b4fd557d2fd1","module":"http","action":"response","method":"POST","url":"/recipes/5fa2d63d-9709-4244-8dc3-ae45545f61dd/submit-review","statusCode":200,"responseTime":14.559778000228107,"msg":"[http][response] [http][response] POST /recipes/5fa2d63d-9709-4244-8dc3-ae45545f61dd/submit-review 200 14.6ms"}
{"level":30,"time":"2026-04-19T12:05:57.006Z","pid":826,"hostname":"b4fd557d2fd1","module":"http","action":"request","method":"POST","url":"/recipes/5fa2d63d-9709-4244-8dc3-ae45545f61dd/reject","msg":"[http][request] [http][request] POST /recipes/5fa2d63d-9709-4244-8dc3-ae45545f61dd/reject"}
{"level":30,"time":"2026-04-19T12:05:57.008Z","pid":826,"hostname":"b4fd557d2fd1","module":"recipes:service","action":"rejectRecipe","userId":"96da5e82-1ce1-4dcc-a206-b22c690911ea","recipeId":"5fa2d63d-9709-4244-8dc3-ae45545f61dd","msg":"[recipes:service][rejectRecipe] Rejecting recipe"}
{"level":20,"time":"2026-04-19T12:05:57.008Z","pid":826,"hostname":"b4fd557d2fd1","module":"recipes:repository","action":"findById","id":"5fa2d63d-9709-4244-8dc3-ae45545f61dd","msg":"[recipes:repository][findById] Looking up recipe by id"}
{"level":20,"time":"2026-04-19T12:05:57.009Z","pid":826,"hostname":"b4fd557d2fd1","module":"recipes:repository","action":"findVersionsByRecipeId","recipeId":"5fa2d63d-9709-4244-8dc3-ae45545f61dd","msg":"[recipes:repository][findVersionsByRecipeId] Listing recipe versions"}
{"level":30,"time":"2026-04-19T12:05:57.010Z","pid":826,"hostname":"b4fd557d2fd1","module":"recipes:repository","action":"updateVersionStatus","id":"8f309a49-4f34-4f0c-b717-60ec4f08d938","status":"rejected","msg":"[recipes:repository][updateVersionStatus] Updating recipe version status"}
{"level":30,"time":"2026-04-19T12:05:57.021Z","pid":826,"hostname":"b4fd557d2fd1","module":"audit","action":"write","eventId":null,"subjectType":"recipe_version","subjectId":"8f309a49-4f34-4f0c-b717-60ec4f08d938","auditAction":"reject","msg":"[audit][write] Audit recorded: reject on recipe_version 8f309a49-4f34-4f0c-b717-60ec4f08d938"}
{"level":30,"time":"2026-04-19T12:05:57.021Z","pid":826,"hostname":"b4fd557d2fd1","module":"recipes:routes","action":"reject","recipeId":"5fa2d63d-9709-4244-8dc3-ae45545f61dd","versionId":"8f309a49-4f34-4f0c-b717-60ec4f08d938","msg":"[recipes:routes][reject] Recipe rejected"}
{"level":30,"time":"2026-04-19T12:05:57.021Z","pid":826,"hostname":"b4fd557d2fd1","module":"http","action":"response","method":"POST","url":"/recipes/5fa2d63d-9709-4244-8dc3-ae45545f61dd/reject","statusCode":200,"responseTime":15.392884000204504,"msg":"[http][response] [http][response] POST /recipes/5fa2d63d-9709-4244-8dc3-ae45545f61dd/reject 200 15.4ms"}
{"level":30,"time":"2026-04-19T12:05:59.785Z","pid":826,"hostname":"b4fd557d2fd1","module":"db","action":"migrate","msg":"[db][migrate] Running database migrations"}
{"level":30,"time":"2026-04-19T12:05:59.857Z","pid":826,"hostname":"b4fd557d2fd1","module":"db","action":"migrate","msg":"[db][migrate] Database is already up to date"}
 ✓ tests/integration/checkin.integration.test.js > Check-in lifecycle (real DB) > POST /events/:id/check-in > first check-in succeeds (201) and reports warning for outside-window 30ms
 ✓ tests/integration/checkin.integration.test.js > Check-in lifecycle (real DB) > POST /events/:id/check-in > returns 422 at capacity when no over_cap_reason is provided 9ms
 ✓ tests/integration/checkin.integration.test.js > Check-in lifecycle (real DB) > POST /events/:id/check-in > over-capacity check-in succeeds (201) with over_cap_reason 25ms
 ✓ tests/integration/checkin.integration.test.js > Check-in lifecycle (real DB) > GET /events/:id/check-in > returns check-ins + occupancy for scoped manager (200) 8ms
 ✓ tests/integration/checkin.integration.test.js > Check-in lifecycle (real DB) > GET /events/:id/check-in > returns 403 for a non-scoped non-admin user (planner) 5ms
{"level":30,"time":"2026-04-19T12:06:00.902Z","pid":826,"hostname":"b4fd557d2fd1","module":"http","action":"request","method":"POST","url":"/auth/login","msg":"[http][request] [http][request] POST /auth/login"}
{"level":30,"time":"2026-04-19T12:06:01.044Z","pid":826,"hostname":"b4fd557d2fd1","module":"auth","action":"login","userId":"9d4fcb51-9b4f-4306-be83-5ec76fd1bab2","username":"admin","msg":"[auth][login] User logged in"}
{"level":30,"time":"2026-04-19T12:06:01.045Z","pid":826,"hostname":"b4fd557d2fd1","module":"http","action":"response","method":"POST","url":"/auth/login","statusCode":200,"responseTime":143.4644480003044,"msg":"[http][response] [http][response] POST /auth/login 200 143.5ms"}
{"level":30,"time":"2026-04-19T12:06:01.046Z","pid":826,"hostname":"b4fd557d2fd1","module":"http","action":"request","method":"POST","url":"/auth/login","msg":"[http][request] [http][request] POST /auth/login"}
{"level":30,"time":"2026-04-19T12:06:01.179Z","pid":826,"hostname":"b4fd557d2fd1","module":"auth","action":"login","userId":"1fb4566e-b3a6-45bb-b9a6-db5870c6f2a9","username":"manager","msg":"[auth][login] User logged in"}
{"level":30,"time":"2026-04-19T12:06:01.180Z","pid":826,"hostname":"b4fd557d2fd1","module":"http","action":"response","method":"POST","url":"/auth/login","statusCode":200,"responseTime":133.82779500074685,"msg":"[http][response] [http][response] POST /auth/login 200 133.8ms"}
{"level":30,"time":"2026-04-19T12:06:01.180Z","pid":826,"hostname":"b4fd557d2fd1","module":"http","action":"request","method":"POST","url":"/auth/login","msg":"[http][request] [http][request] POST /auth/login"}
{"level":30,"time":"2026-04-19T12:06:01.326Z","pid":826,"hostname":"b4fd557d2fd1","module":"auth","action":"login","userId":"956fba8e-28b0-4d8b-b73a-3bda786db651","username":"planner","msg":"[auth][login] User logged in"}
{"level":30,"time":"2026-04-19T12:06:01.327Z","pid":826,"hostname":"b4fd557d2fd1","module":"http","action":"response","method":"POST","url":"/auth/login","statusCode":200,"responseTime":146.5803580004722,"msg":"[http][response] [http][response] POST /auth/login 200 146.6ms"}
{"level":30,"time":"2026-04-19T12:06:01.327Z","pid":826,"hostname":"b4fd557d2fd1","module":"http","action":"request","method":"POST","url":"/auth/login","msg":"[http][request] [http][request] POST /auth/login"}
{"level":30,"time":"2026-04-19T12:06:01.551Z","pid":826,"hostname":"b4fd557d2fd1","module":"auth","action":"login","userId":"ac69da4e-35af-43ac-be5d-7c9bbccc0303","username":"approver","msg":"[auth][login] User logged in"}
{"level":30,"time":"2026-04-19T12:06:01.551Z","pid":826,"hostname":"b4fd557d2fd1","module":"http","action":"response","method":"POST","url":"/auth/login","statusCode":200,"responseTime":224.13254699949175,"msg":"[http][response] [http][response] POST /auth/login 200 224.1ms"}
{"level":30,"time":"2026-04-19T12:06:01.555Z","pid":826,"hostname":"b4fd557d2fd1","module":"http","action":"request","method":"POST","url":"/events","msg":"[http][request] [http][request] POST /events"}
{"level":30,"time":"2026-04-19T12:06:01.561Z","pid":826,"hostname":"b4fd557d2fd1","module":"events:service","action":"createEvent","userId":"9d4fcb51-9b4f-4306-be83-5ec76fd1bab2","msg":"[events:service][createEvent] Creating new event"}
{"level":20,"time":"2026-04-19T12:06:01.561Z","pid":826,"hostname":"b4fd557d2fd1","module":"events:repository","action":"create","data":{"title":"CheckIn Lifecycle Event","description":null,"event_date":"2026-02-01","headcount":1,"budget_amount":500,"budget_cap":25000,"state":"draft","created_by":"9d4fcb51-9b4f-4306-be83-5ec76fd1bab2"},"msg":"[events:repository][create] Creating event"}
{"level":30,"time":"2026-04-19T12:06:01.582Z","pid":826,"hostname":"b4fd557d2fd1","module":"audit","action":"write","eventId":"d076aa33-e8ed-474e-8a52-650eb2556611","subjectType":"event","subjectId":"d076aa33-e8ed-474e-8a52-650eb2556611","auditAction":"create","msg":"[audit][write] Audit recorded: create on event d076aa33-e8ed-474e-8a52-650eb2556611"}
{"level":30,"time":"2026-04-19T12:06:01.582Z","pid":826,"hostname":"b4fd557d2fd1","module":"events:routes","action":"create","eventId":"d076aa33-e8ed-474e-8a52-650eb2556611","msg":"[events:routes][create] Event created"}
{"level":30,"time":"2026-04-19T12:06:01.583Z","pid":826,"hostname":"b4fd557d2fd1","module":"http","action":"response","method":"POST","url":"/events","statusCode":201,"responseTime":27.259038999676704,"msg":"[http][response] [http][response] POST /events 201 27.3ms"}
{"level":30,"time":"2026-04-19T12:06:01.590Z","pid":826,"hostname":"b4fd557d2fd1","module":"http","action":"request","method":"POST","url":"/events/d076aa33-e8ed-474e-8a52-650eb2556611/service-windows","msg":"[http][request] [http][request] POST /events/d076aa33-e8ed-474e-8a52-650eb2556611/service-windows"}
{"level":20,"time":"2026-04-19T12:06:01.593Z","pid":826,"hostname":"b4fd557d2fd1","module":"events:repository","action":"findById","id":"d076aa33-e8ed-474e-8a52-650eb2556611","msg":"[events:repository][findById] Looking up event by id"}
{"level":20,"time":"2026-04-19T12:06:01.596Z","pid":826,"hostname":"b4fd557d2fd1","module":"events:repository","action":"addServiceWindow","data":{"event_id":"d076aa33-e8ed-474e-8a52-650eb2556611","label":"Past Service","start_at":"2020-01-01T10:00:00+00:00","end_at":"2020-01-01T14:00:00+00:00"},"msg":"[events:repository][addServiceWindow] Adding service window"}
{"level":30,"time":"2026-04-19T12:06:01.604Z","pid":826,"hostname":"b4fd557d2fd1","module":"events:routes","action":"addServiceWindow","eventId":"d076aa33-e8ed-474e-8a52-650eb2556611","windowId":"c58c7fe3-15f7-4c09-9121-259eba283ecf","msg":"[events:routes][addServiceWindow] Service window added to event"}
{"level":30,"time":"2026-04-19T12:06:01.604Z","pid":826,"hostname":"b4fd557d2fd1","module":"http","action":"response","method":"POST","url":"/events/d076aa33-e8ed-474e-8a52-650eb2556611/service-windows","statusCode":201,"responseTime":14.167345000430942,"msg":"[http][response] [http][response] POST /events/d076aa33-e8ed-474e-8a52-650eb2556611/service-windows 201 14.2ms"}
{"level":30,"time":"2026-04-19T12:06:01.613Z","pid":826,"hostname":"b4fd557d2fd1","module":"http","action":"request","method":"PATCH","url":"/events/d076aa33-e8ed-474e-8a52-650eb2556611/state","msg":"[http][request] [http][request] PATCH /events/d076aa33-e8ed-474e-8a52-650eb2556611/state"}
{"level":20,"time":"2026-04-19T12:06:01.615Z","pid":826,"hostname":"b4fd557d2fd1","module":"events:repository","action":"findById","id":"d076aa33-e8ed-474e-8a52-650eb2556611","msg":"[events:repository][findById] Looking up event by id"}
{"level":30,"time":"2026-04-19T12:06:01.618Z","pid":826,"hostname":"b4fd557d2fd1","module":"events:service","action":"transitionState","userId":"9d4fcb51-9b4f-4306-be83-5ec76fd1bab2","eventId":"d076aa33-e8ed-474e-8a52-650eb2556611","newState":"submitted","msg":"[events:service][transitionState] Transitioning event state"}
{"level":20,"time":"2026-04-19T12:06:01.618Z","pid":826,"hostname":"b4fd557d2fd1","module":"events:repository","action":"findById","id":"d076aa33-e8ed-474e-8a52-650eb2556611","msg":"[events:repository][findById] Looking up event by id"}
{"level":20,"time":"2026-04-19T12:06:01.620Z","pid":826,"hostname":"b4fd557d2fd1","module":"events:repository","action":"getServiceWindows","eventId":"d076aa33-e8ed-474e-8a52-650eb2556611","msg":"[events:repository][getServiceWindows] Listing service windows"}
{"level":20,"time":"2026-04-19T12:06:01.624Z","pid":826,"hostname":"b4fd557d2fd1","module":"events:repository","action":"getMaterials","eventId":"d076aa33-e8ed-474e-8a52-650eb2556611","msg":"[events:repository][getMaterials] Listing materials"}
{"level":30,"time":"2026-04-19T12:06:01.629Z","pid":826,"hostname":"b4fd557d2fd1","module":"events:repository","action":"updateState","id":"d076aa33-e8ed-474e-8a52-650eb2556611","newState":"submitted","msg":"[events:repository][updateState] Updating event state"}
{"level":30,"time":"2026-04-19T12:06:01.644Z","pid":826,"hostname":"b4fd557d2fd1","module":"audit","action":"write","eventId":"d076aa33-e8ed-474e-8a52-650eb2556611","subjectType":"event","subjectId":"d076aa33-e8ed-474e-8a52-650eb2556611","auditAction":"state_transition","msg":"[audit][write] Audit recorded: state_transition on event d076aa33-e8ed-474e-8a52-650eb2556611"}
{"level":30,"time":"2026-04-19T12:06:01.644Z","pid":826,"hostname":"b4fd557d2fd1","module":"events:routes","action":"transitionState","eventId":"d076aa33-e8ed-474e-8a52-650eb2556611","newState":"submitted","msg":"[events:routes][transitionState] Event state transitioned to submitted"}
{"level":30,"time":"2026-04-19T12:06:01.644Z","pid":826,"hostname":"b4fd557d2fd1","module":"http","action":"response","method":"PATCH","url":"/events/d076aa33-e8ed-474e-8a52-650eb2556611/state","statusCode":200,"responseTime":31.43737700022757,"msg":"[http][response] [http][response] PATCH /events/d076aa33-e8ed-474e-8a52-650eb2556611/state 200 31.4ms"}
{"level":30,"time":"2026-04-19T12:06:01.645Z","pid":826,"hostname":"b4fd557d2fd1","module":"http","action":"request","method":"PATCH","url":"/events/d076aa33-e8ed-474e-8a52-650eb2556611/state","msg":"[http][request] [http][request] PATCH /events/d076aa33-e8ed-474e-8a52-650eb2556611/state"}
{"level":30,"time":"2026-04-19T12:06:01.647Z","pid":826,"hostname":"b4fd557d2fd1","module":"events:service","action":"transitionState","userId":"ac69da4e-35af-43ac-be5d-7c9bbccc0303","eventId":"d076aa33-e8ed-474e-8a52-650eb2556611","newState":"approved","msg":"[events:service][transitionState] Transitioning event state"}
{"level":20,"time":"2026-04-19T12:06:01.647Z","pid":826,"hostname":"b4fd557d2fd1","module":"events:repository","action":"findById","id":"d076aa33-e8ed-474e-8a52-650eb2556611","msg":"[events:repository][findById] Looking up event by id"}
{"level":20,"time":"2026-04-19T12:06:01.649Z","pid":826,"hostname":"b4fd557d2fd1","module":"approvals:repository","action":"hasPendingForEvent","eventId":"d076aa33-e8ed-474e-8a52-650eb2556611","msg":"[approvals:repository][hasPendingForEvent] Checking pending approvals for event"}
{"level":30,"time":"2026-04-19T12:06:01.652Z","pid":826,"hostname":"b4fd557d2fd1","module":"events:repository","action":"updateState","id":"d076aa33-e8ed-474e-8a52-650eb2556611","newState":"approved","msg":"[events:repository][updateState] Updating event state"}
{"level":30,"time":"2026-04-19T12:06:01.664Z","pid":826,"hostname":"b4fd557d2fd1","module":"audit","action":"write","eventId":"d076aa33-e8ed-474e-8a52-650eb2556611","subjectType":"event","subjectId":"d076aa33-e8ed-474e-8a52-650eb2556611","auditAction":"state_transition","msg":"[audit][write] Audit recorded: state_transition on event d076aa33-e8ed-474e-8a52-650eb2556611"}
{"level":30,"time":"2026-04-19T12:06:01.664Z","pid":826,"hostname":"b4fd557d2fd1","module":"events:service","action":"triggerEntitlementAutoIssuance","eventId":"d076aa33-e8ed-474e-8a52-650eb2556611","msg":"[events:service][triggerEntitlementAutoIssuance] Triggering auto-issuance of entitlements"}
{"level":20,"time":"2026-04-19T12:06:01.664Z","pid":826,"hostname":"b4fd557d2fd1","module":"events:repository","action":"findById","id":"d076aa33-e8ed-474e-8a52-650eb2556611","msg":"[events:repository][findById] Looking up event by id"}
{"level":40,"time":"2026-04-19T12:06:01.668Z","pid":826,"hostname":"b4fd557d2fd1","module":"events:service","action":"triggerEntitlementAutoIssuance","ruleId":"554dc901-8b60-4172-adfc-5d32903d798e","formula":"10_per_role","msg":"[events:service][triggerEntitlementAutoIssuance] Failed to evaluate quantity formula, skipping rule"}
{"level":30,"time":"2026-04-19T12:06:01.668Z","pid":826,"hostname":"b4fd557d2fd1","module":"events:routes","action":"transitionState","eventId":"d076aa33-e8ed-474e-8a52-650eb2556611","newState":"approved","msg":"[events:routes][transitionState] Event state transitioned to approved"}
{"level":30,"time":"2026-04-19T12:06:01.668Z","pid":826,"hostname":"b4fd557d2fd1","module":"http","action":"response","method":"PATCH","url":"/events/d076aa33-e8ed-474e-8a52-650eb2556611/state","statusCode":200,"responseTime":23.49059099983424,"msg":"[http][response] [http][response] PATCH /events/d076aa33-e8ed-474e-8a52-650eb2556611/state 200 23.5ms"}
{"level":30,"time":"2026-04-19T12:06:01.669Z","pid":826,"hostname":"b4fd557d2fd1","module":"http","action":"request","method":"PATCH","url":"/events/d076aa33-e8ed-474e-8a52-650eb2556611/state","msg":"[http][request] [http][request] PATCH /events/d076aa33-e8ed-474e-8a52-650eb2556611/state"}
{"level":30,"time":"2026-04-19T12:06:01.671Z","pid":826,"hostname":"b4fd557d2fd1","module":"events:service","action":"transitionState","userId":"1fb4566e-b3a6-45bb-b9a6-db5870c6f2a9","eventId":"d076aa33-e8ed-474e-8a52-650eb2556611","newState":"in_service","msg":"[events:service][transitionState] Transitioning event state"}
{"level":20,"time":"2026-04-19T12:06:01.671Z","pid":826,"hostname":"b4fd557d2fd1","module":"events:repository","action":"findById","id":"d076aa33-e8ed-474e-8a52-650eb2556611","msg":"[events:repository][findById] Looking up event by id"}
{"level":30,"time":"2026-04-19T12:06:01.672Z","pid":826,"hostname":"b4fd557d2fd1","module":"events:repository","action":"updateState","id":"d076aa33-e8ed-474e-8a52-650eb2556611","newState":"in_service","msg":"[events:repository][updateState] Updating event state"}
{"level":30,"time":"2026-04-19T12:06:01.684Z","pid":826,"hostname":"b4fd557d2fd1","module":"audit","action":"write","eventId":"d076aa33-e8ed-474e-8a52-650eb2556611","subjectType":"event","subjectId":"d076aa33-e8ed-474e-8a52-650eb2556611","auditAction":"state_transition","msg":"[audit][write] Audit recorded: state_transition on event d076aa33-e8ed-474e-8a52-650eb2556611"}
{"level":30,"time":"2026-04-19T12:06:01.684Z","pid":826,"hostname":"b4fd557d2fd1","module":"events:routes","action":"transitionState","eventId":"d076aa33-e8ed-474e-8a52-650eb2556611","newState":"in_service","msg":"[events:routes][transitionState] Event state transitioned to in_service"}
{"level":30,"time":"2026-04-19T12:06:01.684Z","pid":826,"hostname":"b4fd557d2fd1","module":"http","action":"response","method":"PATCH","url":"/events/d076aa33-e8ed-474e-8a52-650eb2556611/state","statusCode":200,"responseTime":15.781494999304414,"msg":"[http][response] [http][response] PATCH /events/d076aa33-e8ed-474e-8a52-650eb2556611/state 200 15.8ms"}
{"level":30,"time":"2026-04-19T12:06:01.686Z","pid":826,"hostname":"b4fd557d2fd1","module":"http","action":"request","method":"POST","url":"/events/d076aa33-e8ed-474e-8a52-650eb2556611/check-in","msg":"[http][request] [http][request] POST /events/d076aa33-e8ed-474e-8a52-650eb2556611/check-in"}
{"level":30,"time":"2026-04-19T12:06:01.689Z","pid":826,"hostname":"b4fd557d2fd1","module":"checkin:service","action":"checkIn","userId":"1fb4566e-b3a6-45bb-b9a6-db5870c6f2a9","eventId":"d076aa33-e8ed-474e-8a52-650eb2556611","attendee":"Guest A","msg":"[checkin:service][checkIn] Processing event check-in"}
{"level":20,"time":"2026-04-19T12:06:01.695Z","pid":826,"hostname":"b4fd557d2fd1","module":"checkin:repository","action":"getOccupancyCount","eventId":"d076aa33-e8ed-474e-8a52-650eb2556611","msg":"[checkin:repository][getOccupancyCount] Counting check-ins for event"}
{"level":30,"time":"2026-04-19T12:06:01.699Z","pid":826,"hostname":"b4fd557d2fd1","module":"checkin:repository","action":"create","eventId":"d076aa33-e8ed-474e-8a52-650eb2556611","attendee":"Guest A","msg":"[checkin:repository][create] Inserting check-in record"}
{"level":30,"time":"2026-04-19T12:06:01.714Z","pid":826,"hostname":"b4fd557d2fd1","module":"audit","action":"write","eventId":"d076aa33-e8ed-474e-8a52-650eb2556611","subjectType":"event_checkin","subjectId":"9c68898c-6312-4e2e-86a4-25eef3859fee","auditAction":"check_in","msg":"[audit][write] Audit recorded: check_in on event_checkin 9c68898c-6312-4e2e-86a4-25eef3859fee"}
{"level":30,"time":"2026-04-19T12:06:01.714Z","pid":826,"hostname":"b4fd557d2fd1","module":"checkin:service","action":"checkIn","checkInId":"9c68898c-6312-4e2e-86a4-25eef3859fee","occupancy":1,"msg":"[checkin:service][checkIn] Check-in completed, occupancy now 1/1"}
{"level":30,"time":"2026-04-19T12:06:01.714Z","pid":826,"hostname":"b4fd557d2fd1","module":"checkin:routes","action":"checkIn","eventId":"d076aa33-e8ed-474e-8a52-650eb2556611","occupancy":1,"msg":"[checkin:routes][checkIn] Attendee checked in"}
{"level":30,"time":"2026-04-19T12:06:01.714Z","pid":826,"hostname":"b4fd557d2fd1","module":"http","action":"response","method":"POST","url":"/events/d076aa33-e8ed-474e-8a52-650eb2556611/check-in","statusCode":201,"responseTime":28.44986900035292,"msg":"[http][response] [http][response] POST /events/d076aa33-e8ed-474e-8a52-650eb2556611/check-in 201 28.4ms"}
{"level":30,"time":"2026-04-19T12:06:01.715Z","pid":826,"hostname":"b4fd557d2fd1","module":"http","action":"request","method":"POST","url":"/events/d076aa33-e8ed-474e-8a52-650eb2556611/check-in","msg":"[http][request] [http][request] POST /events/d076aa33-e8ed-474e-8a52-650eb2556611/check-in"}
{"level":30,"time":"2026-04-19T12:06:01.717Z","pid":826,"hostname":"b4fd557d2fd1","module":"checkin:service","action":"checkIn","userId":"1fb4566e-b3a6-45bb-b9a6-db5870c6f2a9","eventId":"d076aa33-e8ed-474e-8a52-650eb2556611","attendee":"Over Capacity Guest","msg":"[checkin:service][checkIn] Processing event check-in"}
{"level":20,"time":"2026-04-19T12:06:01.720Z","pid":826,"hostname":"b4fd557d2fd1","module":"checkin:repository","action":"getOccupancyCount","eventId":"d076aa33-e8ed-474e-8a52-650eb2556611","msg":"[checkin:repository][getOccupancyCount] Counting check-ins for event"}
{"level":50,"time":"2026-04-19T12:06:01.721Z","pid":826,"hostname":"b4fd557d2fd1","module":"http","action":"error","err":{"type":"AppError","message":"Event is at capacity (1/1). Provide over_cap_reason to proceed.","stack":"AppError: Event is at capacity (1/1). Provide over_cap_reason to proceed.\n    at Module.checkIn (/app/src/modules/checkin/service.js:95:13)\n    at processTicksAndRejections (node:internal/process/task_queues:95:5)\n    at Object.<anonymous> (/app/src/modules/checkin/routes.js:60:22)","name":"AppError","statusCode":422,"code":"OVER_CAPACITY","details":{"currentOccupancy":1,"headcount":1}},"requestId":"req-b","msg":"[http][error] [http][error] Event is at capacity (1/1). Provide over_cap_reason to proceed."}
{"level":30,"time":"2026-04-19T12:06:01.723Z","pid":826,"hostname":"b4fd557d2fd1","module":"http","action":"response","method":"POST","url":"/events/d076aa33-e8ed-474e-8a52-650eb2556611/check-in","statusCode":422,"responseTime":7.812187999486923,"msg":"[http][response] [http][response] POST /events/d076aa33-e8ed-474e-8a52-650eb2556611/check-in 422 7.8ms"}
{"level":30,"time":"2026-04-19T12:06:01.724Z","pid":826,"hostname":"b4fd557d2fd1","module":"http","action":"request","method":"POST","url":"/events/d076aa33-e8ed-474e-8a52-650eb2556611/check-in","msg":"[http][request] [http][request] POST /events/d076aa33-e8ed-474e-8a52-650eb2556611/check-in"}
{"level":30,"time":"2026-04-19T12:06:01.726Z","pid":826,"hostname":"b4fd557d2fd1","module":"checkin:service","action":"checkIn","userId":"1fb4566e-b3a6-45bb-b9a6-db5870c6f2a9","eventId":"d076aa33-e8ed-474e-8a52-650eb2556611","attendee":"VIP Guest","msg":"[checkin:service][checkIn] Processing event check-in"}
{"level":20,"time":"2026-04-19T12:06:01.729Z","pid":826,"hostname":"b4fd557d2fd1","module":"checkin:repository","action":"getOccupancyCount","eventId":"d076aa33-e8ed-474e-8a52-650eb2556611","msg":"[checkin:repository][getOccupancyCount] Counting check-ins for event"}
{"level":30,"time":"2026-04-19T12:06:01.736Z","pid":826,"hostname":"b4fd557d2fd1","module":"audit","action":"write","eventId":"d076aa33-e8ed-474e-8a52-650eb2556611","subjectType":"event_checkin","subjectId":"d076aa33-e8ed-474e-8a52-650eb2556611","auditAction":"over_capacity_flag","msg":"[audit][write] Audit recorded: over_capacity_flag on event_checkin d076aa33-e8ed-474e-8a52-650eb2556611"}
{"level":30,"time":"2026-04-19T12:06:01.736Z","pid":826,"hostname":"b4fd557d2fd1","module":"checkin:repository","action":"create","eventId":"d076aa33-e8ed-474e-8a52-650eb2556611","attendee":"VIP Guest","msg":"[checkin:repository][create] Inserting check-in record"}
{"level":30,"time":"2026-04-19T12:06:01.747Z","pid":826,"hostname":"b4fd557d2fd1","module":"audit","action":"write","eventId":"d076aa33-e8ed-474e-8a52-650eb2556611","subjectType":"event_checkin","subjectId":"d70b34f7-f9e7-49cf-865b-0bd69b690b12","auditAction":"check_in","msg":"[audit][write] Audit recorded: check_in on event_checkin d70b34f7-f9e7-49cf-865b-0bd69b690b12"}
{"level":30,"time":"2026-04-19T12:06:01.747Z","pid":826,"hostname":"b4fd557d2fd1","module":"checkin:service","action":"checkIn","checkInId":"d70b34f7-f9e7-49cf-865b-0bd69b690b12","occupancy":2,"msg":"[checkin:service][checkIn] Check-in completed, occupancy now 2/1"}
{"level":30,"time":"2026-04-19T12:06:01.747Z","pid":826,"hostname":"b4fd557d2fd1","module":"checkin:routes","action":"checkIn","eventId":"d076aa33-e8ed-474e-8a52-650eb2556611","occupancy":2,"msg":"[checkin:routes][checkIn] Attendee checked in"}
{"level":30,"time":"2026-04-19T12:06:01.748Z","pid":826,"hostname":"b4fd557d2fd1","module":"http","action":"response","method":"POST","url":"/events/d076aa33-e8ed-474e-8a52-650eb2556611/check-in","statusCode":201,"responseTime":24.075572000816464,"msg":"[http][response] [http][response] POST /events/d076aa33-e8ed-474e-8a52-650eb2556611/check-in 201 24.1ms"}
{"level":30,"time":"2026-04-19T12:06:01.749Z","pid":826,"hostname":"b4fd557d2fd1","module":"http","action":"request","method":"GET","url":"/events/d076aa33-e8ed-474e-8a52-650eb2556611/check-in","msg":"[http][request] [http][request] GET /events/d076aa33-e8ed-474e-8a52-650eb2556611/check-in"}
{"level":20,"time":"2026-04-19T12:06:01.754Z","pid":826,"hostname":"b4fd557d2fd1","module":"checkin:repository","action":"findByEvent","eventId":"d076aa33-e8ed-474e-8a52-650eb2556611","msg":"[checkin:repository][findByEvent] Listing check-ins for event"}
{"level":20,"time":"2026-04-19T12:06:01.755Z","pid":826,"hostname":"b4fd557d2fd1","module":"checkin:repository","action":"getOccupancyCount","eventId":"d076aa33-e8ed-474e-8a52-650eb2556611","msg":"[checkin:repository][getOccupancyCount] Counting check-ins for event"}
{"level":30,"time":"2026-04-19T12:06:01.756Z","pid":826,"hostname":"b4fd557d2fd1","module":"checkin:routes","action":"listCheckIns","eventId":"d076aa33-e8ed-474e-8a52-650eb2556611","count":2,"msg":"[checkin:routes][listCheckIns] Listed check-ins for event"}
{"level":30,"time":"2026-04-19T12:06:01.756Z","pid":826,"hostname":"b4fd557d2fd1","module":"http","action":"response","method":"GET","url":"/events/d076aa33-e8ed-474e-8a52-650eb2556611/check-in","statusCode":200,"responseTime":6.835807000286877,"msg":"[http][response] [http][response] GET /events/d076aa33-e8ed-474e-8a52-650eb2556611/check-in 200 6.8ms"}
{"level":30,"time":"2026-04-19T12:06:01.757Z","pid":826,"hostname":"b4fd557d2fd1","module":"http","action":"request","method":"GET","url":"/events/d076aa33-e8ed-474e-8a52-650eb2556611/check-in","msg":"[http][request] [http][request] GET /events/d076aa33-e8ed-474e-8a52-650eb2556611/check-in"}
{"level":50,"time":"2026-04-19T12:06:01.761Z","pid":826,"hostname":"b4fd557d2fd1","module":"http","action":"error","err":{"type":"ForbiddenError","message":"You do not have access to this event","stack":"ForbiddenError: You do not have access to this event\n    at Module.assertEventAccess (/app/src/modules/checkin/service.js:34:9)\n    at processTicksAndRejections (node:internal/process/task_queues:95:5)\n    at Object.<anonymous> (/app/src/modules/checkin/routes.js:96:7)","name":"ForbiddenError","statusCode":403,"code":"FORBIDDEN"},"requestId":"req-e","msg":"[http][error] [http][error] You do not have access to this event"}
{"level":30,"time":"2026-04-19T12:06:01.761Z","pid":826,"hostname":"b4fd557d2fd1","module":"http","action":"response","method":"GET","url":"/events/d076aa33-e8ed-474e-8a52-650eb2556611/check-in","statusCode":403,"responseTime":4.12927099969238,"msg":"[http][response] [http][response] GET /events/d076aa33-e8ed-474e-8a52-650eb2556611/check-in 403 4.1ms"}
{"level":30,"time":"2026-04-19T12:06:04.698Z","pid":826,"hostname":"b4fd557d2fd1","module":"db","action":"migrate","msg":"[db][migrate] Running database migrations"}
{"level":30,"time":"2026-04-19T12:06:04.775Z","pid":826,"hostname":"b4fd557d2fd1","module":"db","action":"migrate","msg":"[db][migrate] Database is already up to date"}
 ✓ tests/integration/token-contract.integration.test.js > Auth token contract (real DB) > POST /auth/login returns accessToken and refreshToken fields 161ms
 ✓ tests/integration/token-contract.integration.test.js > Auth token contract (real DB) > POST /auth/refresh returns accessToken and refreshToken fields 160ms
 ✓ tests/integration/token-contract.integration.test.js > Auth token contract (real DB) > accessToken is accepted as Bearer token on protected routes 170ms
{"level":30,"time":"2026-04-19T12:06:06.106Z","pid":826,"hostname":"b4fd557d2fd1","module":"http","action":"request","method":"POST","url":"/auth/login","msg":"[http][request] [http][request] POST /auth/login"}
{"level":30,"time":"2026-04-19T12:06:06.261Z","pid":826,"hostname":"b4fd557d2fd1","module":"auth","action":"login","userId":"cb2e86f1-e415-407a-97ab-4de573867815","username":"admin","msg":"[auth][login] User logged in"}
{"level":30,"time":"2026-04-19T12:06:06.261Z","pid":826,"hostname":"b4fd557d2fd1","module":"http","action":"response","method":"POST","url":"/auth/login","statusCode":200,"responseTime":156.10512299928814,"msg":"[http][response] [http][response] POST /auth/login 200 156.1ms"}
{"level":30,"time":"2026-04-19T12:06:06.263Z","pid":826,"hostname":"b4fd557d2fd1","module":"http","action":"request","method":"POST","url":"/auth/login","msg":"[http][request] [http][request] POST /auth/login"}
{"level":30,"time":"2026-04-19T12:06:06.401Z","pid":826,"hostname":"b4fd557d2fd1","module":"auth","action":"login","userId":"cb2e86f1-e415-407a-97ab-4de573867815","username":"admin","msg":"[auth][login] User logged in"}
{"level":30,"time":"2026-04-19T12:06:06.402Z","pid":826,"hostname":"b4fd557d2fd1","module":"http","action":"response","method":"POST","url":"/auth/login","statusCode":200,"responseTime":138.94945799931884,"msg":"[http][response] [http][response] POST /auth/login 200 138.9ms"}
{"level":30,"time":"2026-04-19T12:06:06.402Z","pid":826,"hostname":"b4fd557d2fd1","module":"http","action":"request","method":"POST","url":"/auth/refresh","msg":"[http][request] [http][request] POST /auth/refresh"}
{"level":30,"time":"2026-04-19T12:06:06.422Z","pid":826,"hostname":"b4fd557d2fd1","module":"auth","action":"refresh","userId":"cb2e86f1-e415-407a-97ab-4de573867815","msg":"[auth][refresh] Token refreshed"}
{"level":30,"time":"2026-04-19T12:06:06.422Z","pid":826,"hostname":"b4fd557d2fd1","module":"http","action":"response","method":"POST","url":"/auth/refresh","statusCode":200,"responseTime":19.749172000214458,"msg":"[http][response] [http][response] POST /auth/refresh 200 19.7ms"}
{"level":30,"time":"2026-04-19T12:06:06.423Z","pid":826,"hostname":"b4fd557d2fd1","module":"http","action":"request","method":"POST","url":"/auth/login","msg":"[http][request] [http][request] POST /auth/login"}
{"level":30,"time":"2026-04-19T12:06:06.584Z","pid":826,"hostname":"b4fd557d2fd1","module":"auth","action":"login","userId":"cb2e86f1-e415-407a-97ab-4de573867815","username":"admin","msg":"[auth][login] User logged in"}
{"level":30,"time":"2026-04-19T12:06:06.585Z","pid":826,"hostname":"b4fd557d2fd1","module":"http","action":"response","method":"POST","url":"/auth/login","statusCode":200,"responseTime":162.1792320003733,"msg":"[http][response] [http][response] POST /auth/login 200 162.2ms"}
{"level":30,"time":"2026-04-19T12:06:06.586Z","pid":826,"hostname":"b4fd557d2fd1","module":"http","action":"request","method":"GET","url":"/auth/me","msg":"[http][request] [http][request] GET /auth/me"}
{"level":30,"time":"2026-04-19T12:06:06.592Z","pid":826,"hostname":"b4fd557d2fd1","module":"http","action":"response","method":"GET","url":"/auth/me","statusCode":200,"responseTime":6.421052999794483,"msg":"[http][response] [http][response] GET /auth/me 200 6.4ms"}
{"level":30,"time":"2026-04-19T12:06:06.594Z","pid":826,"hostname":"b4fd557d2fd1","module":"http","action":"request","method":"POST","url":"/auth/login","msg":"[http][request] [http][request] POST /auth/login"}
{"level":30,"time":"2026-04-19T12:06:06.756Z","pid":826,"hostname":"b4fd557d2fd1","module":"auth","action":"login","userId":"ff2cc5f1-8f52-4423-b8e2-f272002b3551","username":"planner","msg":"[auth][login] User logged in"}
{"level":30,"time":"2026-04-19T12:06:06.757Z","pid":826,"hostname":"b4fd557d2fd1","module":"http","action":"response","method":"POST","url":"/auth/login","statusCode":200,"responseTime":163.30406300071627,"msg":"[http][response] [http][response] POST /auth/login 200 163.3ms"}
{"level":30,"time":"2026-04-19T12:06:06.758Z","pid":826,"hostname":"b4fd557d2fd1","module":"http","action":"request","method":"POST","url":"/auth/login","msg":"[http][request] [http][request] POST /auth/login"}
 ✓ tests/integration/token-contract.integration.test.js > Auth token contract (real DB) > login response user.roles is an array of strings 164ms
{"level":30,"time":"2026-04-19T12:06:06.933Z","pid":826,"hostname":"b4fd557d2fd1","module":"auth","action":"login","userId":"ff2cc5f1-8f52-4423-b8e2-f272002b3551","username":"planner","msg":"[auth][login] User logged in"}
{"level":30,"time":"2026-04-19T12:06:06.934Z","pid":826,"hostname":"b4fd557d2fd1","module":"http","action":"response","method":"POST","url":"/auth/login","statusCode":200,"responseTime":176.1726200003177,"msg":"[http][response] [http][response] POST /auth/login 200 176.2ms"}
{"level":30,"time":"2026-04-19T12:06:06.935Z","pid":826,"hostname":"b4fd557d2fd1","module":"http","action":"request","method":"POST","url":"/auth/login","msg":"[http][request] [http][request] POST /auth/login"}
 ✓ tests/integration/token-contract.integration.test.js > Auth token contract (real DB) > login response user.permissions is an array of strings 177ms
 ✓ tests/integration/token-contract.integration.test.js > Auth token contract (real DB) > expiresIn is a positive number (seconds) 185ms
{"level":30,"time":"2026-04-19T12:06:07.119Z","pid":826,"hostname":"b4fd557d2fd1","module":"auth","action":"login","userId":"cb2e86f1-e415-407a-97ab-4de573867815","username":"admin","msg":"[auth][login] User logged in"}
{"level":30,"time":"2026-04-19T12:06:07.119Z","pid":826,"hostname":"b4fd557d2fd1","module":"http","action":"response","method":"POST","url":"/auth/login","statusCode":200,"responseTime":184.08724900055677,"msg":"[http][response] [http][response] POST /auth/login 200 184.1ms"}
{"level":30,"time":"2026-04-19T12:06:07.121Z","pid":826,"hostname":"b4fd557d2fd1","module":"http","action":"request","method":"POST","url":"/auth/login","msg":"[http][request] [http][request] POST /auth/login"}
{"level":30,"time":"2026-04-19T12:06:07.284Z","pid":826,"hostname":"b4fd557d2fd1","module":"auth","action":"login","userId":"cb2e86f1-e415-407a-97ab-4de573867815","username":"admin","msg":"[auth][login] User logged in"}
{"level":30,"time":"2026-04-19T12:06:07.285Z","pid":826,"hostname":"b4fd557d2fd1","module":"http","action":"response","method":"POST","url":"/auth/login","statusCode":200,"responseTime":164.14156499970704,"msg":"[http][response] [http][response] POST /auth/login 200 164.1ms"}
{"level":30,"time":"2026-04-19T12:06:07.285Z","pid":826,"hostname":"b4fd557d2fd1","module":"http","action":"request","method":"POST","url":"/auth/refresh","msg":"[http][request] [http][request] POST /auth/refresh"}
{"level":30,"time":"2026-04-19T12:06:07.308Z","pid":826,"hostname":"b4fd557d2fd1","module":"auth","action":"refresh","userId":"cb2e86f1-e415-407a-97ab-4de573867815","msg":"[auth][refresh] Token refreshed"}
{"level":30,"time":"2026-04-19T12:06:07.309Z","pid":826,"hostname":"b4fd557d2fd1","module":"http","action":"response","method":"POST","url":"/auth/refresh","statusCode":200,"responseTime":23.892667000181973,"msg":"[http][response] [http][response] POST /auth/refresh 200 23.9ms"}
{"level":30,"time":"2026-04-19T12:06:07.314Z","pid":826,"hostname":"b4fd557d2fd1","module":"http","action":"request","method":"POST","url":"/auth/refresh","msg":"[http][request] [http][request] POST /auth/refresh"}
{"level":30,"time":"2026-04-19T12:06:07.317Z","pid":826,"hostname":"b4fd557d2fd1","module":"http","action":"response","method":"POST","url":"/auth/refresh","statusCode":401,"responseTime":3.4460939997807145,"msg":"[http][response] [http][response] POST /auth/refresh 401 3.4ms"}
 ✓ tests/integration/token-contract.integration.test.js > Auth token contract (real DB) > refresh response does NOT include a user object (only tokens) 193ms
 ✓ tests/integration/token-contract.integration.test.js > Auth token contract (real DB) > invalid refresh token returns 401 with UNAUTHORIZED code 5ms
{"level":30,"time":"2026-04-19T12:06:10.214Z","pid":826,"hostname":"b4fd557d2fd1","module":"db","action":"migrate","msg":"[db][migrate] Running database migrations"}
{"level":30,"time":"2026-04-19T12:06:10.269Z","pid":826,"hostname":"b4fd557d2fd1","module":"db","action":"migrate","msg":"[db][migrate] Database is already up to date"}
 ✓ tests/integration/reports.integration.test.js > GET /reports/inventory/export (real DB) > returns 200 with Content-Type: text/csv and non-empty body 87ms
 ✓ tests/integration/reports.integration.test.js > GET /reports/inventory/export (real DB) > returns 403 for a role without inventory:export 2ms
 ✓ tests/integration/reports.integration.test.js > GET /reports/inventory/export (real DB) > returns 409 UNRESOLVED_GAPS when snapshots are missing for days in the range 37ms
 ✓ tests/integration/reports.integration.test.js > GET /reports/events/export (real DB) > returns 200 with CSV content type for admin 20ms
 ✓ tests/integration/reports.integration.test.js > GET /reports/events/export (real DB) > honors the date-range query params without error 17ms
 ✓ tests/integration/reports.integration.test.js > GET /reports/approvals/export (real DB) > returns 200 with CSV content type for admin 19ms
 ✓ tests/integration/reports.integration.test.js > GET /reports/approvals/export (real DB) > returns 403 for a role without reports:export 2ms
{"level":30,"time":"2026-04-19T12:06:11.478Z","pid":826,"hostname":"b4fd557d2fd1","module":"http","action":"request","method":"POST","url":"/auth/login","msg":"[http][request] [http][request] POST /auth/login"}
{"level":30,"time":"2026-04-19T12:06:11.660Z","pid":826,"hostname":"b4fd557d2fd1","module":"auth","action":"login","userId":"e9377bd9-5158-4c7a-b091-1b8c0f427a29","username":"admin","msg":"[auth][login] User logged in"}
{"level":30,"time":"2026-04-19T12:06:11.661Z","pid":826,"hostname":"b4fd557d2fd1","module":"http","action":"response","method":"POST","url":"/auth/login","statusCode":200,"responseTime":183.40100600011647,"msg":"[http][response] [http][response] POST /auth/login 200 183.4ms"}
{"level":30,"time":"2026-04-19T12:06:11.662Z","pid":826,"hostname":"b4fd557d2fd1","module":"http","action":"request","method":"POST","url":"/auth/login","msg":"[http][request] [http][request] POST /auth/login"}
{"level":30,"time":"2026-04-19T12:06:11.861Z","pid":826,"hostname":"b4fd557d2fd1","module":"auth","action":"login","userId":"f0b8beb7-56b4-4c73-be85-9a54cd80dd9d","username":"analyst","msg":"[auth][login] User logged in"}
{"level":30,"time":"2026-04-19T12:06:11.862Z","pid":826,"hostname":"b4fd557d2fd1","module":"http","action":"response","method":"POST","url":"/auth/login","statusCode":200,"responseTime":200.03026199992746,"msg":"[http][response] [http][response] POST /auth/login 200 200.0ms"}
{"level":30,"time":"2026-04-19T12:06:11.862Z","pid":826,"hostname":"b4fd557d2fd1","module":"http","action":"request","method":"POST","url":"/auth/login","msg":"[http][request] [http][request] POST /auth/login"}
{"level":30,"time":"2026-04-19T12:06:12.044Z","pid":826,"hostname":"b4fd557d2fd1","module":"auth","action":"login","userId":"a4bbd4d4-88b9-4821-8361-89f4eeb5548b","username":"chef","msg":"[auth][login] User logged in"}
{"level":30,"time":"2026-04-19T12:06:12.044Z","pid":826,"hostname":"b4fd557d2fd1","module":"http","action":"response","method":"POST","url":"/auth/login","statusCode":200,"responseTime":182.32297800015658,"msg":"[http][response] [http][response] POST /auth/login 200 182.3ms"}
{"level":30,"time":"2026-04-19T12:06:12.059Z","pid":826,"hostname":"b4fd557d2fd1","module":"http","action":"request","method":"GET","url":"/reports/inventory/export?from_date=2025-06-10&to_date=2025-06-10","msg":"[http][request] [http][request] GET /reports/inventory/export?from_date=2025-06-10&to_date=2025-06-10"}
{"level":30,"time":"2026-04-19T12:06:12.063Z","pid":826,"hostname":"b4fd557d2fd1","module":"reports:service","action":"exportInventoryReport","userId":"f0b8beb7-56b4-4c73-be85-9a54cd80dd9d","dateRange":{"from":"2025-06-10","to":"2025-06-10"},"format":"csv","msg":"[reports:service][exportInventoryReport] Generating inventory report"}
{"level":20,"time":"2026-04-19T12:06:12.063Z","pid":826,"hostname":"b4fd557d2fd1","module":"inventory:service","action":"checkReportingBlocked","dateRange":{"from":"2025-06-10","to":"2025-06-10"},"msg":"[inventory:service][checkReportingBlocked] Checking for unresolved gaps"}
{"level":20,"time":"2026-04-19T12:06:12.063Z","pid":826,"hostname":"b4fd557d2fd1","module":"inventory:repository","action":"getUnresolvedGaps","dateRange":{"from":"2025-06-10","to":"2025-06-10"},"msg":"[inventory:repository][getUnresolvedGaps] Finding unresolved gaps"}
{"level":30,"time":"2026-04-19T12:06:12.144Z","pid":826,"hostname":"b4fd557d2fd1","module":"audit","action":"write","eventId":null,"subjectType":"report_export","subjectId":"85a46f04-7437-46aa-a838-f97bae1a0134","auditAction":"export_inventory","msg":"[audit][write] Audit recorded: export_inventory on report_export 85a46f04-7437-46aa-a838-f97bae1a0134"}
{"level":30,"time":"2026-04-19T12:06:12.145Z","pid":826,"hostname":"b4fd557d2fd1","module":"reports:service","action":"exportInventoryReport","recordId":"85a46f04-7437-46aa-a838-f97bae1a0134","rows":6,"msg":"[reports:service][exportInventoryReport] Inventory report exported"}
{"level":30,"time":"2026-04-19T12:06:12.145Z","pid":826,"hostname":"b4fd557d2fd1","module":"reports:routes","action":"exportInventory","recordId":"85a46f04-7437-46aa-a838-f97bae1a0134","msg":"[reports:routes][exportInventory] Inventory report exported"}
{"level":30,"time":"2026-04-19T12:06:12.145Z","pid":826,"hostname":"b4fd557d2fd1","module":"http","action":"response","method":"GET","url":"/reports/inventory/export?from_date=2025-06-10&to_date=2025-06-10","statusCode":200,"responseTime":85.90147999953479,"msg":"[http][response] [http][response] GET /reports/inventory/export?from_date=2025-06-10&to_date=2025-06-10 200 85.9ms"}
{"level":30,"time":"2026-04-19T12:06:12.146Z","pid":826,"hostname":"b4fd557d2fd1","module":"http","action":"request","method":"GET","url":"/reports/inventory/export?from_date=2025-06-10&to_date=2025-06-10","msg":"[http][request] [http][request] GET /reports/inventory/export?from_date=2025-06-10&to_date=2025-06-10"}
{"level":30,"time":"2026-04-19T12:06:12.147Z","pid":826,"hostname":"b4fd557d2fd1","module":"http","action":"response","method":"GET","url":"/reports/inventory/export?from_date=2025-06-10&to_date=2025-06-10","statusCode":403,"responseTime":1.7516670003533363,"msg":"[http][response] [http][response] GET /reports/inventory/export?from_date=2025-06-10&to_date=2025-06-10 403 1.8ms"}
{"level":30,"time":"2026-04-19T12:06:12.154Z","pid":826,"hostname":"b4fd557d2fd1","module":"http","action":"request","method":"GET","url":"/reports/inventory/export?from_date=2026-02-10&to_date=2026-02-11&format=csv","msg":"[http][request] [http][request] GET /reports/inventory/export?from_date=2026-02-10&to_date=2026-02-11&format=csv"}
{"level":30,"time":"2026-04-19T12:06:12.155Z","pid":826,"hostname":"b4fd557d2fd1","module":"reports:service","action":"exportInventoryReport","userId":"f0b8beb7-56b4-4c73-be85-9a54cd80dd9d","dateRange":{"from":"2026-02-10","to":"2026-02-11"},"format":"csv","msg":"[reports:service][exportInventoryReport] Generating inventory report"}
{"level":20,"time":"2026-04-19T12:06:12.155Z","pid":826,"hostname":"b4fd557d2fd1","module":"inventory:service","action":"checkReportingBlocked","dateRange":{"from":"2026-02-10","to":"2026-02-11"},"msg":"[inventory:service][checkReportingBlocked] Checking for unresolved gaps"}
{"level":20,"time":"2026-04-19T12:06:12.155Z","pid":826,"hostname":"b4fd557d2fd1","module":"inventory:repository","action":"getUnresolvedGaps","dateRange":{"from":"2026-02-10","to":"2026-02-11"},"msg":"[inventory:repository][getUnresolvedGaps] Finding unresolved gaps"}
{"level":50,"time":"2026-04-19T12:06:12.174Z","pid":826,"hostname":"b4fd557d2fd1","module":"http","action":"error","err":{"type":"AppError","message":"Cannot export inventory report: unresolved gaps exist in the requested date range","stack":"AppError: Cannot export inventory report: unresolved gaps exist in the requested date range\n    at Module.exportInventoryReport (/app/src/modules/reports/service.js:107:11)\n    at processTicksAndRejections (node:internal/process/task_queues:95:5)\n    at Object.<anonymous> (/app/src/modules/reports/routes.js:71:22)","name":"AppError","statusCode":409,"code":"UNRESOLVED_GAPS","details":{"gaps":[{"item_id":"aace2eda-555b-4076-b578-1af074c56199","item_name":"Chairs","missing_date":"2026-02-10T00:00:00.000Z"},{"item_id":"f01b6454-3c10-44b3-b6bb-207d3a040c65","item_name":"Chicken","missing_date":"2026-02-10T00:00:00.000Z"},{"item_id":"596429ca-0232-4d08-a5d1-79e9a307f74d","item_name":"Flour","missing_date":"2026-02-10T00:00:00.000Z"},{"item_id":"33c80d21-314d-425c-954b-4f3130a95e46","item_name":"Gap Block Item","missing_date":"2026-02-10T00:00:00.000Z"},{"item_id":"fa94dd93-2c42-487c-9544-3b70d688e2eb","item_name":"Olive Oil","missing_date":"2026-02-10T00:00:00.000Z"},{"item_id":"039e18f3-c23f-41a7-ba85-a70a651fe8cf","item_name":"Report Test Flour","missing_date":"2026-02-10T00:00:00.000Z"},{"item_id":"a3845471-acb2-44bd-be16-2932e063029c","item_name":"Tables","missing_date":"2026-02-10T00:00:00.000Z"},{"item_id":"aace2eda-555b-4076-b578-1af074c56199","item_name":"Chairs","missing_date":"2026-02-11T00:00:00.000Z"},{"item_id":"f01b6454-3c10-44b3-b6bb-207d3a040c65","item_name":"Chicken","missing_date":"2026-02-11T00:00:00.000Z"},{"item_id":"596429ca-0232-4d08-a5d1-79e9a307f74d","item_name":"Flour","missing_date":"2026-02-11T00:00:00.000Z"},{"item_id":"33c80d21-314d-425c-954b-4f3130a95e46","item_name":"Gap Block Item","missing_date":"2026-02-11T00:00:00.000Z"},{"item_id":"fa94dd93-2c42-487c-9544-3b70d688e2eb","item_name":"Olive Oil","missing_date":"2026-02-11T00:00:00.000Z"},{"item_id":"039e18f3-c23f-41a7-ba85-a70a651fe8cf","item_name":"Report Test Flour","missing_date":"2026-02-11T00:00:00.000Z"},{"item_id":"a3845471-acb2-44bd-be16-2932e063029c","item_name":"Tables","missing_date":"2026-02-11T00:00:00.000Z"}]}},"requestId":"req-6","msg":"[http][error] [http][error] Cannot export inventory report: unresolved gaps exist in the requested date range"}
{"level":30,"time":"2026-04-19T12:06:12.178Z","pid":826,"hostname":"b4fd557d2fd1","module":"http","action":"response","method":"GET","url":"/reports/inventory/export?from_date=2026-02-10&to_date=2026-02-11&format=csv","statusCode":409,"responseTime":23.958618000149727,"msg":"[http][response] [http][response] GET /reports/inventory/export?from_date=2026-02-10&to_date=2026-02-11&format=csv 409 24.0ms"}
{"level":30,"time":"2026-04-19T12:06:12.185Z","pid":826,"hostname":"b4fd557d2fd1","module":"http","action":"request","method":"GET","url":"/reports/events/export","msg":"[http][request] [http][request] GET /reports/events/export"}
{"level":30,"time":"2026-04-19T12:06:12.187Z","pid":826,"hostname":"b4fd557d2fd1","module":"reports:service","action":"exportEventsReport","userId":"e9377bd9-5158-4c7a-b091-1b8c0f427a29","filters":{},"msg":"[reports:service][exportEventsReport] Generating events report"}
{"level":30,"time":"2026-04-19T12:06:12.204Z","pid":826,"hostname":"b4fd557d2fd1","module":"audit","action":"write","eventId":null,"subjectType":"report_export","subjectId":"9a6f21c4-7223-45a4-ac46-eccb5030ce5b","auditAction":"export_events","msg":"[audit][write] Audit recorded: export_events on report_export 9a6f21c4-7223-45a4-ac46-eccb5030ce5b"}
{"level":30,"time":"2026-04-19T12:06:12.204Z","pid":826,"hostname":"b4fd557d2fd1","module":"reports:service","action":"exportEventsReport","recordId":"9a6f21c4-7223-45a4-ac46-eccb5030ce5b","rows":0,"msg":"[reports:service][exportEventsReport] Events report exported"}
{"level":30,"time":"2026-04-19T12:06:12.204Z","pid":826,"hostname":"b4fd557d2fd1","module":"reports:routes","action":"exportEvents","recordId":"9a6f21c4-7223-45a4-ac46-eccb5030ce5b","msg":"[reports:routes][exportEvents] Events report exported"}
{"level":30,"time":"2026-04-19T12:06:12.204Z","pid":826,"hostname":"b4fd557d2fd1","module":"http","action":"response","method":"GET","url":"/reports/events/export","statusCode":200,"responseTime":19.083054999820888,"msg":"[http][response] [http][response] GET /reports/events/export 200 19.1ms"}
{"level":30,"time":"2026-04-19T12:06:12.205Z","pid":826,"hostname":"b4fd557d2fd1","module":"http","action":"request","method":"GET","url":"/reports/events/export?from_date=2025-01-01&to_date=2025-12-31","msg":"[http][request] [http][request] GET /reports/events/export?from_date=2025-01-01&to_date=2025-12-31"}
{"level":30,"time":"2026-04-19T12:06:12.207Z","pid":826,"hostname":"b4fd557d2fd1","module":"reports:service","action":"exportEventsReport","userId":"e9377bd9-5158-4c7a-b091-1b8c0f427a29","filters":{"from_date":"2025-01-01","to_date":"2025-12-31"},"msg":"[reports:service][exportEventsReport] Generating events report"}
{"level":30,"time":"2026-04-19T12:06:12.221Z","pid":826,"hostname":"b4fd557d2fd1","module":"audit","action":"write","eventId":null,"subjectType":"report_export","subjectId":"8cfc77c0-df18-46f1-8f27-bc9c1f0844fe","auditAction":"export_events","msg":"[audit][write] Audit recorded: export_events on report_export 8cfc77c0-df18-46f1-8f27-bc9c1f0844fe"}
{"level":30,"time":"2026-04-19T12:06:12.221Z","pid":826,"hostname":"b4fd557d2fd1","module":"reports:service","action":"exportEventsReport","recordId":"8cfc77c0-df18-46f1-8f27-bc9c1f0844fe","rows":0,"msg":"[reports:service][exportEventsReport] Events report exported"}
{"level":30,"time":"2026-04-19T12:06:12.221Z","pid":826,"hostname":"b4fd557d2fd1","module":"reports:routes","action":"exportEvents","recordId":"8cfc77c0-df18-46f1-8f27-bc9c1f0844fe","msg":"[reports:routes][exportEvents] Events report exported"}
{"level":30,"time":"2026-04-19T12:06:12.222Z","pid":826,"hostname":"b4fd557d2fd1","module":"http","action":"response","method":"GET","url":"/reports/events/export?from_date=2025-01-01&to_date=2025-12-31","statusCode":200,"responseTime":16.49869400076568,"msg":"[http][response] [http][response] GET /reports/events/export?from_date=2025-01-01&to_date=2025-12-31 200 16.5ms"}
{"level":30,"time":"2026-04-19T12:06:12.222Z","pid":826,"hostname":"b4fd557d2fd1","module":"http","action":"request","method":"GET","url":"/reports/approvals/export","msg":"[http][request] [http][request] GET /reports/approvals/export"}
{"level":30,"time":"2026-04-19T12:06:12.224Z","pid":826,"hostname":"b4fd557d2fd1","module":"reports:service","action":"exportApprovalsReport","userId":"e9377bd9-5158-4c7a-b091-1b8c0f427a29","filters":{},"msg":"[reports:service][exportApprovalsReport] Generating approvals report"}
{"level":30,"time":"2026-04-19T12:06:12.240Z","pid":826,"hostname":"b4fd557d2fd1","module":"audit","action":"write","eventId":null,"subjectType":"report_export","subjectId":"1b844687-bcdd-4286-8be3-6a752e122c23","auditAction":"export_approvals","msg":"[audit][write] Audit recorded: export_approvals on report_export 1b844687-bcdd-4286-8be3-6a752e122c23"}
{"level":30,"time":"2026-04-19T12:06:12.240Z","pid":826,"hostname":"b4fd557d2fd1","module":"reports:service","action":"exportApprovalsReport","recordId":"1b844687-bcdd-4286-8be3-6a752e122c23","rows":0,"msg":"[reports:service][exportApprovalsReport] Approvals report exported"}
{"level":30,"time":"2026-04-19T12:06:12.240Z","pid":826,"hostname":"b4fd557d2fd1","module":"reports:routes","action":"exportApprovals","recordId":"1b844687-bcdd-4286-8be3-6a752e122c23","msg":"[reports:routes][exportApprovals] Approvals report exported"}
{"level":30,"time":"2026-04-19T12:06:12.240Z","pid":826,"hostname":"b4fd557d2fd1","module":"http","action":"response","method":"GET","url":"/reports/approvals/export","statusCode":200,"responseTime":18.07006200030446,"msg":"[http][response] [http][response] GET /reports/approvals/export 200 18.1ms"}
{"level":30,"time":"2026-04-19T12:06:12.241Z","pid":826,"hostname":"b4fd557d2fd1","module":"http","action":"request","method":"GET","url":"/reports/approvals/export","msg":"[http][request] [http][request] GET /reports/approvals/export"}
{"level":30,"time":"2026-04-19T12:06:12.243Z","pid":826,"hostname":"b4fd557d2fd1","module":"http","action":"response","method":"GET","url":"/reports/approvals/export","statusCode":403,"responseTime":1.3996080001816154,"msg":"[http][response] [http][response] GET /reports/approvals/export 403 1.4ms"}
{"level":30,"time":"2026-04-19T12:06:15.043Z","pid":826,"hostname":"b4fd557d2fd1","module":"db","action":"migrate","msg":"[db][migrate] Running database migrations"}
{"level":30,"time":"2026-04-19T12:06:15.106Z","pid":826,"hostname":"b4fd557d2fd1","module":"db","action":"migrate","msg":"[db][migrate] Database is already up to date"}
{"level":30,"time":"2026-04-19T12:06:16.399Z","pid":826,"hostname":"b4fd557d2fd1","module":"http","action":"request","method":"POST","url":"/auth/login","msg":"[http][request] [http][request] POST /auth/login"}
{"level":30,"time":"2026-04-19T12:06:16.539Z","pid":826,"hostname":"b4fd557d2fd1","module":"auth","action":"login","userId":"5f2586e2-f67c-47fd-bb29-705c52e2af8c","username":"admin","msg":"[auth][login] User logged in"}
{"level":30,"time":"2026-04-19T12:06:16.540Z","pid":826,"hostname":"b4fd557d2fd1","module":"http","action":"response","method":"POST","url":"/auth/login","statusCode":200,"responseTime":141.3130720006302,"msg":"[http][response] [http][response] POST /auth/login 200 141.3ms"}
{"level":30,"time":"2026-04-19T12:06:16.541Z","pid":826,"hostname":"b4fd557d2fd1","module":"http","action":"request","method":"POST","url":"/auth/login","msg":"[http][request] [http][request] POST /auth/login"}
{"level":30,"time":"2026-04-19T12:06:16.665Z","pid":826,"hostname":"b4fd557d2fd1","module":"auth","action":"login","userId":"f4835afa-9a52-41fd-b7aa-c5d8726d4de0","username":"planner","msg":"[auth][login] User logged in"}
{"level":30,"time":"2026-04-19T12:06:16.665Z","pid":826,"hostname":"b4fd557d2fd1","module":"http","action":"response","method":"POST","url":"/auth/login","statusCode":200,"responseTime":124.63393700029701,"msg":"[http][response] [http][response] POST /auth/login 200 124.6ms"}
{"level":30,"time":"2026-04-19T12:06:16.666Z","pid":826,"hostname":"b4fd557d2fd1","module":"http","action":"request","method":"POST","url":"/auth/login","msg":"[http][request] [http][request] POST /auth/login"}
{"level":30,"time":"2026-04-19T12:06:16.790Z","pid":826,"hostname":"b4fd557d2fd1","module":"auth","action":"login","userId":"3926b6b9-3b47-4e47-8bad-0fc2d72ccdab","username":"manager","msg":"[auth][login] User logged in"}
{"level":30,"time":"2026-04-19T12:06:16.790Z","pid":826,"hostname":"b4fd557d2fd1","module":"http","action":"response","method":"POST","url":"/auth/login","statusCode":200,"responseTime":124.61481699999422,"msg":"[http][response] [http][response] POST /auth/login 200 124.6ms"}
{"level":30,"time":"2026-04-19T12:06:16.790Z","pid":826,"hostname":"b4fd557d2fd1","module":"http","action":"request","method":"POST","url":"/auth/login","msg":"[http][request] [http][request] POST /auth/login"}
{"level":30,"time":"2026-04-19T12:06:16.914Z","pid":826,"hostname":"b4fd557d2fd1","module":"auth","action":"login","userId":"fd446653-a008-481a-92a5-6d499cff2396","username":"chef","msg":"[auth][login] User logged in"}
{"level":30,"time":"2026-04-19T12:06:16.914Z","pid":826,"hostname":"b4fd557d2fd1","module":"http","action":"response","method":"POST","url":"/auth/login","statusCode":200,"responseTime":123.58487599994987,"msg":"[http][response] [http][response] POST /auth/login 200 123.6ms"}
{"level":30,"time":"2026-04-19T12:06:16.915Z","pid":826,"hostname":"b4fd557d2fd1","module":"http","action":"request","method":"POST","url":"/events","msg":"[http][request] [http][request] POST /events"}
{"level":30,"time":"2026-04-19T12:06:16.917Z","pid":826,"hostname":"b4fd557d2fd1","module":"events:service","action":"createEvent","userId":"5f2586e2-f67c-47fd-bb29-705c52e2af8c","msg":"[events:service][createEvent] Creating new event"}
{"level":20,"time":"2026-04-19T12:06:16.917Z","pid":826,"hostname":"b4fd557d2fd1","module":"events:repository","action":"create","data":{"title":"Reservations AuthZ Event","description":null,"event_date":"2025-12-20","headcount":30,"budget_amount":4000,"budget_cap":25000,"state":"draft","created_by":"5f2586e2-f67c-47fd-bb29-705c52e2af8c"},"msg":"[events:repository][create] Creating event"}
{"level":30,"time":"2026-04-19T12:06:16.932Z","pid":826,"hostname":"b4fd557d2fd1","module":"audit","action":"write","eventId":"d68beb81-2218-4e45-96cc-ebbc3955bd52","subjectType":"event","subjectId":"d68beb81-2218-4e45-96cc-ebbc3955bd52","auditAction":"create","msg":"[audit][write] Audit recorded: create on event d68beb81-2218-4e45-96cc-ebbc3955bd52"}
{"level":30,"time":"2026-04-19T12:06:16.932Z","pid":826,"hostname":"b4fd557d2fd1","module":"events:routes","action":"create","eventId":"d68beb81-2218-4e45-96cc-ebbc3955bd52","msg":"[events:routes][create] Event created"}
{"level":30,"time":"2026-04-19T12:06:16.932Z","pid":826,"hostname":"b4fd557d2fd1","module":"http","action":"response","method":"POST","url":"/events","statusCode":201,"responseTime":17.69884500000626,"msg":"[http][response] [http][response] POST /events 201 17.7ms"}
{"level":30,"time":"2026-04-19T12:06:16.947Z","pid":826,"hostname":"b4fd557d2fd1","module":"http","action":"request","method":"POST","url":"/reservations","msg":"[http][request] [http][request] POST /reservations"}
{"level":30,"time":"2026-04-19T12:06:16.950Z","pid":826,"hostname":"b4fd557d2fd1","module":"reservations:service","action":"createReservation","userId":"3926b6b9-3b47-4e47-8bad-0fc2d72ccdab","eventId":"d68beb81-2218-4e45-96cc-ebbc3955bd52","msg":"[reservations:service][createReservation] Creating reservation"}
{"level":30,"time":"2026-04-19T12:06:16.951Z","pid":826,"hostname":"b4fd557d2fd1","module":"reservations:repository","action":"create","eventId":"d68beb81-2218-4e45-96cc-ebbc3955bd52","resourceId":"e7e7e940-17f3-4099-88e4-0e1114d4a10e","msg":"[reservations:repository][create] Creating reservation"}
{"level":20,"time":"2026-04-19T12:06:16.959Z","pid":826,"hostname":"b4fd557d2fd1","module":"reservations:repository","action":"findById","id":"6eb6ac26-22a0-4826-8a25-9115defbd3ff","msg":"[reservations:repository][findById] Looking up reservation by id"}
{"level":30,"time":"2026-04-19T12:06:16.969Z","pid":826,"hostname":"b4fd557d2fd1","module":"audit","action":"write","eventId":"d68beb81-2218-4e45-96cc-ebbc3955bd52","subjectType":"reservation","subjectId":"6eb6ac26-22a0-4826-8a25-9115defbd3ff","auditAction":"create","msg":"[audit][write] Audit recorded: create on reservation 6eb6ac26-22a0-4826-8a25-9115defbd3ff"}
{"level":30,"time":"2026-04-19T12:06:16.969Z","pid":826,"hostname":"b4fd557d2fd1","module":"reservations:routes","action":"create","reservationId":"6eb6ac26-22a0-4826-8a25-9115defbd3ff","msg":"[reservations:routes][create] Reservation created"}
{"level":30,"time":"2026-04-19T12:06:16.969Z","pid":826,"hostname":"b4fd557d2fd1","module":"http","action":"response","method":"POST","url":"/reservations","statusCode":201,"responseTime":21.675993000157177,"msg":"[http][response] [http][response] POST /reservations 201 21.7ms"}
{"level":30,"time":"2026-04-19T12:06:16.970Z","pid":826,"hostname":"b4fd557d2fd1","module":"http","action":"request","method":"GET","url":"/reservations","msg":"[http][request] [http][request] GET /reservations"}
{"level":30,"time":"2026-04-19T12:06:16.972Z","pid":826,"hostname":"b4fd557d2fd1","module":"http","action":"response","method":"GET","url":"/reservations","statusCode":403,"responseTime":1.552352000027895,"msg":"[http][response] [http][response] GET /reservations 403 1.6ms"}
{"level":30,"time":"2026-04-19T12:06:16.972Z","pid":826,"hostname":"b4fd557d2fd1","module":"http","action":"request","method":"GET","url":"/reservations/6eb6ac26-22a0-4826-8a25-9115defbd3ff","msg":"[http][request] [http][request] GET /reservations/6eb6ac26-22a0-4826-8a25-9115defbd3ff"}
{"level":30,"time":"2026-04-19T12:06:16.973Z","pid":826,"hostname":"b4fd557d2fd1","module":"http","action":"response","method":"GET","url":"/reservations/6eb6ac26-22a0-4826-8a25-9115defbd3ff","statusCode":403,"responseTime":1.308457000181079,"msg":"[http][response] [http][response] GET /reservations/6eb6ac26-22a0-4826-8a25-9115defbd3ff 403 1.3ms"}
{"level":30,"time":"2026-04-19T12:06:16.974Z","pid":826,"hostname":"b4fd557d2fd1","module":"http","action":"request","method":"GET","url":"/reservations/6eb6ac26-22a0-4826-8a25-9115defbd3ff","msg":"[http][request] [http][request] GET /reservations/6eb6ac26-22a0-4826-8a25-9115defbd3ff"}
{"level":20,"time":"2026-04-19T12:06:16.975Z","pid":826,"hostname":"b4fd557d2fd1","module":"reservations:repository","action":"findById","id":"6eb6ac26-22a0-4826-8a25-9115defbd3ff","msg":"[reservations:repository][findById] Looking up reservation by id"}
{"level":50,"time":"2026-04-19T12:06:16.978Z","pid":826,"hostname":"b4fd557d2fd1","module":"http","action":"error","err":{"type":"ForbiddenError","message":"You do not have access to this reservation","stack":"ForbiddenError: You do not have access to this reservation\n    at Object.<anonymous> (/app/src/modules/reservations/routes.js:191:19)\n    at processTicksAndRejections (node:internal/process/task_queues:95:5)","name":"ForbiddenError","statusCode":403,"code":"FORBIDDEN"},"requestId":"req-9","msg":"[http][error] [http][error] You do not have access to this reservation"}
{"level":30,"time":"2026-04-19T12:06:16.978Z","pid":826,"hostname":"b4fd557d2fd1","module":"http","action":"response","method":"GET","url":"/reservations/6eb6ac26-22a0-4826-8a25-9115defbd3ff","statusCode":403,"responseTime":4.6536469999700785,"msg":"[http][response] [http][response] GET /reservations/6eb6ac26-22a0-4826-8a25-9115defbd3ff 403 4.7ms"}
{"level":30,"time":"2026-04-19T12:06:16.979Z","pid":826,"hostname":"b4fd557d2fd1","module":"http","action":"request","method":"GET","url":"/reservations","msg":"[http][request] [http][request] GET /reservations"}
{"level":20,"time":"2026-04-19T12:06:16.984Z","pid":826,"hostname":"b4fd557d2fd1","module":"reservations:repository","action":"findAll","page":1,"pageSize":20,"scoped":true,"msg":"[reservations:repository][findAll] Listing reservations"}
{"level":30,"time":"2026-04-19T12:06:16.989Z","pid":826,"hostname":"b4fd557d2fd1","module":"reservations:routes","action":"list","page":1,"total":0,"msg":"[reservations:routes][list] Listed reservations"}
{"level":30,"time":"2026-04-19T12:06:16.989Z","pid":826,"hostname":"b4fd557d2fd1","module":"http","action":"response","method":"GET","url":"/reservations","statusCode":200,"responseTime":9.96291899960488,"msg":"[http][response] [http][response] GET /reservations 200 10.0ms"}
{"level":30,"time":"2026-04-19T12:06:16.991Z","pid":826,"hostname":"b4fd557d2fd1","module":"http","action":"request","method":"GET","url":"/reservations/6eb6ac26-22a0-4826-8a25-9115defbd3ff","msg":"[http][request] [http][request] GET /reservations/6eb6ac26-22a0-4826-8a25-9115defbd3ff"}
{"level":20,"time":"2026-04-19T12:06:16.992Z","pid":826,"hostname":"b4fd557d2fd1","module":"reservations:repository","action":"findById","id":"6eb6ac26-22a0-4826-8a25-9115defbd3ff","msg":"[reservations:repository][findById] Looking up reservation by id"}
{"level":30,"time":"2026-04-19T12:06:16.994Z","pid":826,"hostname":"b4fd557d2fd1","module":"reservations:routes","action":"getById","reservationId":"6eb6ac26-22a0-4826-8a25-9115defbd3ff","msg":"[reservations:routes][getById] Retrieved reservation by id"}
{"level":30,"time":"2026-04-19T12:06:16.994Z","pid":826,"hostname":"b4fd557d2fd1","module":"http","action":"response","method":"GET","url":"/reservations/6eb6ac26-22a0-4826-8a25-9115defbd3ff","statusCode":200,"responseTime":3.5056859999895096,"msg":"[http][response] [http][response] GET /reservations/6eb6ac26-22a0-4826-8a25-9115defbd3ff 200 3.5ms"}
 ✓ tests/integration/reservations-authorization.integration.test.js > Reservations authorization (real DB) > returns 403 on GET /reservations for a user without reservation:read 2ms
 ✓ tests/integration/reservations-authorization.integration.test.js > Reservations authorization (real DB) > returns 403 on GET /reservations/:id for a user without reservation:read 2ms
 ✓ tests/integration/reservations-authorization.integration.test.js > Reservations authorization (real DB) > returns 403 on GET /reservations/:id for an in-scope role but no scope on the event 5ms
 ✓ tests/integration/reservations-authorization.integration.test.js > Reservations authorization (real DB) > returns 200 on GET /reservations for an in-scope user with an empty scope set 12ms
 ✓ tests/integration/reservations-authorization.integration.test.js > Reservations authorization (real DB) > allows the scoped manager to GET their own reservation 4ms
{"level":30,"time":"2026-04-19T12:06:19.845Z","pid":826,"hostname":"b4fd557d2fd1","module":"db","action":"migrate","msg":"[db][migrate] Running database migrations"}
{"level":30,"time":"2026-04-19T12:06:19.925Z","pid":826,"hostname":"b4fd557d2fd1","module":"db","action":"migrate","msg":"[db][migrate] Database is already up to date"}
 ✓ tests/integration/budget-cap-creation.integration.test.js > Budget cap enforcement on event creation (real DB) > rejects event creation when budget exceeds the default cap of 25000 6ms
 ✓ tests/integration/budget-cap-creation.integration.test.js > Budget cap enforcement on event creation (real DB) > allows event creation when budget is within the default cap 19ms
 ✓ tests/integration/budget-cap-creation.integration.test.js > Budget cap enforcement on event creation (real DB) > allows event creation when budget equals the cap exactly 16ms
 ✓ tests/integration/budget-cap-creation.integration.test.js > Budget cap enforcement on event creation (real DB) > rejects a custom budget_cap that exceeds the system cap of 25000 3ms
 ✓ tests/integration/budget-cap-creation.integration.test.js > Budget cap enforcement on event creation (real DB) > rejects creation when budget exceeds even a custom cap 5ms
 ✓ tests/integration/budget-cap-creation.integration.test.js > Budget cap enforcement on event creation (real DB) > persists budget_cap correctly in the database after creation 18ms
 ✓ tests/integration/budget-cap-creation.integration.test.js > Budget cap enforcement on event creation (real DB) > defaults budget_cap to 25000 when not explicitly provided 18ms
{"level":30,"time":"2026-04-19T12:06:21.292Z","pid":826,"hostname":"b4fd557d2fd1","module":"http","action":"request","method":"POST","url":"/auth/login","msg":"[http][request] [http][request] POST /auth/login"}
{"level":30,"time":"2026-04-19T12:06:21.438Z","pid":826,"hostname":"b4fd557d2fd1","module":"auth","action":"login","userId":"ea6c06b8-b7ac-4fe4-b352-bfd732b927b6","username":"planner","msg":"[auth][login] User logged in"}
{"level":30,"time":"2026-04-19T12:06:21.439Z","pid":826,"hostname":"b4fd557d2fd1","module":"http","action":"response","method":"POST","url":"/auth/login","statusCode":200,"responseTime":146.64387199934572,"msg":"[http][response] [http][response] POST /auth/login 200 146.6ms"}
{"level":30,"time":"2026-04-19T12:06:21.440Z","pid":826,"hostname":"b4fd557d2fd1","module":"http","action":"request","method":"POST","url":"/auth/login","msg":"[http][request] [http][request] POST /auth/login"}
{"level":30,"time":"2026-04-19T12:06:21.595Z","pid":826,"hostname":"b4fd557d2fd1","module":"auth","action":"login","userId":"c8a13840-8f35-4279-8da8-f6a9ca2ae0dd","username":"admin","msg":"[auth][login] User logged in"}
{"level":30,"time":"2026-04-19T12:06:21.595Z","pid":826,"hostname":"b4fd557d2fd1","module":"http","action":"response","method":"POST","url":"/auth/login","statusCode":200,"responseTime":155.69890800025314,"msg":"[http][response] [http][response] POST /auth/login 200 155.7ms"}
{"level":30,"time":"2026-04-19T12:06:21.596Z","pid":826,"hostname":"b4fd557d2fd1","module":"http","action":"request","method":"POST","url":"/events","msg":"[http][request] [http][request] POST /events"}
{"level":30,"time":"2026-04-19T12:06:21.600Z","pid":826,"hostname":"b4fd557d2fd1","module":"events:service","action":"createEvent","userId":"ea6c06b8-b7ac-4fe4-b352-bfd732b927b6","msg":"[events:service][createEvent] Creating new event"}
{"level":50,"time":"2026-04-19T12:06:21.601Z","pid":826,"hostname":"b4fd557d2fd1","module":"http","action":"error","err":{"type":"ValidationError","message":"Validation failed","stack":"ValidationError: Validation failed\n    at Module.createEvent (/app/src/modules/events/service.js:65:11)\n    at Object.<anonymous> (/app/src/modules/events/routes.js:121:41)\n    at preHandlerCallbackInner (/app/node_modules/fastify/lib/handle-request.js:168:24)\n    at preHandlerCallback (/app/node_modules/fastify/lib/handle-request.js:134:5)\n    at next (/app/node_modules/fastify/lib/hooks.js:236:9)\n    at handleResolve (/app/node_modules/fastify/lib/hooks.js:253:7)\n    at processTicksAndRejections (node:internal/process/task_queues:95:5)","name":"ValidationError","statusCode":422,"code":"VALIDATION_ERROR","details":{"errors":[{"path":"budget_amount","message":"Budget amount ($30000) exceeds the system cap of $25000. An approved budget_override is required to raise the cap after creation."}]}},"requestId":"req-3","msg":"[http][error] [http][error] Validation failed"}
{"level":30,"time":"2026-04-19T12:06:21.602Z","pid":826,"hostname":"b4fd557d2fd1","module":"http","action":"response","method":"POST","url":"/events","statusCode":422,"responseTime":5.437320000492036,"msg":"[http][response] [http][response] POST /events 422 5.4ms"}
{"level":30,"time":"2026-04-19T12:06:21.602Z","pid":826,"hostname":"b4fd557d2fd1","module":"http","action":"request","method":"POST","url":"/events","msg":"[http][request] [http][request] POST /events"}
{"level":30,"time":"2026-04-19T12:06:21.605Z","pid":826,"hostname":"b4fd557d2fd1","module":"events:service","action":"createEvent","userId":"ea6c06b8-b7ac-4fe4-b352-bfd732b927b6","msg":"[events:service][createEvent] Creating new event"}
{"level":20,"time":"2026-04-19T12:06:21.605Z","pid":826,"hostname":"b4fd557d2fd1","module":"events:repository","action":"create","data":{"title":"Within Budget Event","description":null,"event_date":"2025-12-15","headcount":50,"budget_amount":20000,"budget_cap":25000,"state":"draft","created_by":"ea6c06b8-b7ac-4fe4-b352-bfd732b927b6"},"msg":"[events:repository][create] Creating event"}
{"level":30,"time":"2026-04-19T12:06:21.620Z","pid":826,"hostname":"b4fd557d2fd1","module":"audit","action":"write","eventId":"5a7fd51d-c3e7-42ee-9fd7-e00367af96e4","subjectType":"event","subjectId":"5a7fd51d-c3e7-42ee-9fd7-e00367af96e4","auditAction":"create","msg":"[audit][write] Audit recorded: create on event 5a7fd51d-c3e7-42ee-9fd7-e00367af96e4"}
{"level":30,"time":"2026-04-19T12:06:21.620Z","pid":826,"hostname":"b4fd557d2fd1","module":"events:routes","action":"create","eventId":"5a7fd51d-c3e7-42ee-9fd7-e00367af96e4","msg":"[events:routes][create] Event created"}
{"level":30,"time":"2026-04-19T12:06:21.620Z","pid":826,"hostname":"b4fd557d2fd1","module":"http","action":"response","method":"POST","url":"/events","statusCode":201,"responseTime":18.034964999184012,"msg":"[http][response] [http][response] POST /events 201 18.0ms"}
{"level":30,"time":"2026-04-19T12:06:21.621Z","pid":826,"hostname":"b4fd557d2fd1","module":"http","action":"request","method":"POST","url":"/events","msg":"[http][request] [http][request] POST /events"}
{"level":30,"time":"2026-04-19T12:06:21.624Z","pid":826,"hostname":"b4fd557d2fd1","module":"events:service","action":"createEvent","userId":"ea6c06b8-b7ac-4fe4-b352-bfd732b927b6","msg":"[events:service][createEvent] Creating new event"}
{"level":20,"time":"2026-04-19T12:06:21.624Z","pid":826,"hostname":"b4fd557d2fd1","module":"events:repository","action":"create","data":{"title":"Exact Cap Event","description":null,"event_date":"2025-12-15","headcount":50,"budget_amount":25000,"budget_cap":25000,"state":"draft","created_by":"ea6c06b8-b7ac-4fe4-b352-bfd732b927b6"},"msg":"[events:repository][create] Creating event"}
{"level":30,"time":"2026-04-19T12:06:21.636Z","pid":826,"hostname":"b4fd557d2fd1","module":"audit","action":"write","eventId":"25c78379-d500-412c-8a9e-2d5295576826","subjectType":"event","subjectId":"25c78379-d500-412c-8a9e-2d5295576826","auditAction":"create","msg":"[audit][write] Audit recorded: create on event 25c78379-d500-412c-8a9e-2d5295576826"}
{"level":30,"time":"2026-04-19T12:06:21.636Z","pid":826,"hostname":"b4fd557d2fd1","module":"events:routes","action":"create","eventId":"25c78379-d500-412c-8a9e-2d5295576826","msg":"[events:routes][create] Event created"}
{"level":30,"time":"2026-04-19T12:06:21.636Z","pid":826,"hostname":"b4fd557d2fd1","module":"http","action":"response","method":"POST","url":"/events","statusCode":201,"responseTime":15.206952000036836,"msg":"[http][response] [http][response] POST /events 201 15.2ms"}
{"level":30,"time":"2026-04-19T12:06:21.637Z","pid":826,"hostname":"b4fd557d2fd1","module":"http","action":"request","method":"POST","url":"/events","msg":"[http][request] [http][request] POST /events"}
{"level":30,"time":"2026-04-19T12:06:21.639Z","pid":826,"hostname":"b4fd557d2fd1","module":"events:service","action":"createEvent","userId":"ea6c06b8-b7ac-4fe4-b352-bfd732b927b6","msg":"[events:service][createEvent] Creating new event"}
{"level":50,"time":"2026-04-19T12:06:21.639Z","pid":826,"hostname":"b4fd557d2fd1","module":"http","action":"error","err":{"type":"ValidationError","message":"Validation failed","stack":"ValidationError: Validation failed\n    at Module.createEvent (/app/src/modules/events/service.js:65:11)\n    at Object.<anonymous> (/app/src/modules/events/routes.js:121:41)\n    at preHandlerCallbackInner (/app/node_modules/fastify/lib/handle-request.js:168:24)\n    at preHandlerCallback (/app/node_modules/fastify/lib/handle-request.js:134:5)\n    at next (/app/node_modules/fastify/lib/hooks.js:236:9)\n    at handleResolve (/app/node_modules/fastify/lib/hooks.js:253:7)\n    at processTicksAndRejections (node:internal/process/task_queues:95:5)","name":"ValidationError","statusCode":422,"code":"VALIDATION_ERROR","details":{"errors":[{"path":"budget_amount","message":"Budget amount ($30000) exceeds the system cap of $25000. An approved budget_override is required to raise the cap after creation."}]}},"requestId":"req-6","msg":"[http][error] [http][error] Validation failed"}
{"level":30,"time":"2026-04-19T12:06:21.640Z","pid":826,"hostname":"b4fd557d2fd1","module":"http","action":"response","method":"POST","url":"/events","statusCode":422,"responseTime":2.7822470003739,"msg":"[http][response] [http][response] POST /events 422 2.8ms"}
{"level":30,"time":"2026-04-19T12:06:21.641Z","pid":826,"hostname":"b4fd557d2fd1","module":"http","action":"request","method":"POST","url":"/events","msg":"[http][request] [http][request] POST /events"}
{"level":30,"time":"2026-04-19T12:06:21.643Z","pid":826,"hostname":"b4fd557d2fd1","module":"events:service","action":"createEvent","userId":"ea6c06b8-b7ac-4fe4-b352-bfd732b927b6","msg":"[events:service][createEvent] Creating new event"}
{"level":50,"time":"2026-04-19T12:06:21.644Z","pid":826,"hostname":"b4fd557d2fd1","module":"http","action":"error","err":{"type":"ValidationError","message":"Validation failed","stack":"ValidationError: Validation failed\n    at Module.createEvent (/app/src/modules/events/service.js:65:11)\n    at Object.<anonymous> (/app/src/modules/events/routes.js:121:41)\n    at preHandlerCallbackInner (/app/node_modules/fastify/lib/handle-request.js:168:24)\n    at preHandlerCallback (/app/node_modules/fastify/lib/handle-request.js:134:5)\n    at next (/app/node_modules/fastify/lib/hooks.js:236:9)\n    at handleResolve (/app/node_modules/fastify/lib/hooks.js:253:7)\n    at processTicksAndRejections (node:internal/process/task_queues:95:5)","name":"ValidationError","statusCode":422,"code":"VALIDATION_ERROR","details":{"errors":[{"path":"budget_amount","message":"Budget amount ($60000) exceeds the system cap of $25000. An approved budget_override is required to raise the cap after creation."}]}},"requestId":"req-7","msg":"[http][error] [http][error] Validation failed"}
{"level":30,"time":"2026-04-19T12:06:21.645Z","pid":826,"hostname":"b4fd557d2fd1","module":"http","action":"response","method":"POST","url":"/events","statusCode":422,"responseTime":3.998207999393344,"msg":"[http][response] [http][response] POST /events 422 4.0ms"}
{"level":30,"time":"2026-04-19T12:06:21.645Z","pid":826,"hostname":"b4fd557d2fd1","module":"http","action":"request","method":"POST","url":"/events","msg":"[http][request] [http][request] POST /events"}
{"level":30,"time":"2026-04-19T12:06:21.647Z","pid":826,"hostname":"b4fd557d2fd1","module":"events:service","action":"createEvent","userId":"c8a13840-8f35-4279-8da8-f6a9ca2ae0dd","msg":"[events:service][createEvent] Creating new event"}
{"level":20,"time":"2026-04-19T12:06:21.647Z","pid":826,"hostname":"b4fd557d2fd1","module":"events:repository","action":"create","data":{"title":"Cap Persistence Check","description":null,"event_date":"2025-12-15","headcount":25,"budget_amount":5000,"budget_cap":15000,"state":"draft","created_by":"c8a13840-8f35-4279-8da8-f6a9ca2ae0dd"},"msg":"[events:repository][create] Creating event"}
{"level":30,"time":"2026-04-19T12:06:21.660Z","pid":826,"hostname":"b4fd557d2fd1","module":"audit","action":"write","eventId":"5446e542-8f51-4b4c-b0c2-2c5b43a39d51","subjectType":"event","subjectId":"5446e542-8f51-4b4c-b0c2-2c5b43a39d51","auditAction":"create","msg":"[audit][write] Audit recorded: create on event 5446e542-8f51-4b4c-b0c2-2c5b43a39d51"}
{"level":30,"time":"2026-04-19T12:06:21.660Z","pid":826,"hostname":"b4fd557d2fd1","module":"events:routes","action":"create","eventId":"5446e542-8f51-4b4c-b0c2-2c5b43a39d51","msg":"[events:routes][create] Event created"}
{"level":30,"time":"2026-04-19T12:06:21.660Z","pid":826,"hostname":"b4fd557d2fd1","module":"http","action":"response","method":"POST","url":"/events","statusCode":201,"responseTime":15.224721000529826,"msg":"[http][response] [http][response] POST /events 201 15.2ms"}
{"level":30,"time":"2026-04-19T12:06:21.663Z","pid":826,"hostname":"b4fd557d2fd1","module":"http","action":"request","method":"POST","url":"/events","msg":"[http][request] [http][request] POST /events"}
{"level":30,"time":"2026-04-19T12:06:21.668Z","pid":826,"hostname":"b4fd557d2fd1","module":"events:service","action":"createEvent","userId":"ea6c06b8-b7ac-4fe4-b352-bfd732b927b6","msg":"[events:service][createEvent] Creating new event"}
{"level":20,"time":"2026-04-19T12:06:21.668Z","pid":826,"hostname":"b4fd557d2fd1","module":"events:repository","action":"create","data":{"title":"Default Cap Check","description":null,"event_date":"2025-12-15","headcount":10,"budget_amount":1000,"budget_cap":25000,"state":"draft","created_by":"ea6c06b8-b7ac-4fe4-b352-bfd732b927b6"},"msg":"[events:repository][create] Creating event"}
{"level":30,"time":"2026-04-19T12:06:21.680Z","pid":826,"hostname":"b4fd557d2fd1","module":"audit","action":"write","eventId":"8bf7d913-8487-4e00-9432-b0e558b817de","subjectType":"event","subjectId":"8bf7d913-8487-4e00-9432-b0e558b817de","auditAction":"create","msg":"[audit][write] Audit recorded: create on event 8bf7d913-8487-4e00-9432-b0e558b817de"}
{"level":30,"time":"2026-04-19T12:06:21.680Z","pid":826,"hostname":"b4fd557d2fd1","module":"events:routes","action":"create","eventId":"8bf7d913-8487-4e00-9432-b0e558b817de","msg":"[events:routes][create] Event created"}
{"level":30,"time":"2026-04-19T12:06:21.680Z","pid":826,"hostname":"b4fd557d2fd1","module":"http","action":"response","method":"POST","url":"/events","statusCode":201,"responseTime":16.86518400069326,"msg":"[http][response] [http][response] POST /events 201 16.9ms"}
{"level":30,"time":"2026-04-19T12:06:24.200Z","pid":826,"hostname":"b4fd557d2fd1","module":"db","action":"migrate","msg":"[db][migrate] Running database migrations"}
{"level":30,"time":"2026-04-19T12:06:24.262Z","pid":826,"hostname":"b4fd557d2fd1","module":"db","action":"migrate","msg":"[db][migrate] Database is already up to date"}
{"level":30,"time":"2026-04-19T12:06:25.321Z","pid":826,"hostname":"b4fd557d2fd1","module":"http","action":"request","method":"POST","url":"/auth/login","msg":"[http][request] [http][request] POST /auth/login"}
{"level":30,"time":"2026-04-19T12:06:25.449Z","pid":826,"hostname":"b4fd557d2fd1","module":"auth","action":"login","userId":"ea4042a6-0c4b-458a-852e-6af8af3e06bc","username":"admin","msg":"[auth][login] User logged in"}
{"level":30,"time":"2026-04-19T12:06:25.450Z","pid":826,"hostname":"b4fd557d2fd1","module":"http","action":"response","method":"POST","url":"/auth/login","statusCode":200,"responseTime":129.40594599954784,"msg":"[http][response] [http][response] POST /auth/login 200 129.4ms"}
{"level":30,"time":"2026-04-19T12:06:25.451Z","pid":826,"hostname":"b4fd557d2fd1","module":"http","action":"request","method":"POST","url":"/auth/login","msg":"[http][request] [http][request] POST /auth/login"}
{"level":30,"time":"2026-04-19T12:06:25.564Z","pid":826,"hostname":"b4fd557d2fd1","module":"auth","action":"login","userId":"54be7724-864c-42a7-ae64-cba1aebacc3a","username":"planner","msg":"[auth][login] User logged in"}
{"level":30,"time":"2026-04-19T12:06:25.564Z","pid":826,"hostname":"b4fd557d2fd1","module":"http","action":"response","method":"POST","url":"/auth/login","statusCode":200,"responseTime":113.33418400026858,"msg":"[http][response] [http][response] POST /auth/login 200 113.3ms"}
{"level":30,"time":"2026-04-19T12:06:25.567Z","pid":826,"hostname":"b4fd557d2fd1","module":"http","action":"request","method":"GET","url":"/users","msg":"[http][request] [http][request] GET /users"}
{"level":20,"time":"2026-04-19T12:06:25.571Z","pid":826,"hostname":"b4fd557d2fd1","module":"users:repository","action":"findAll","page":1,"pageSize":20,"sortDir":"asc","msg":"[users:repository][findAll] Listing users"}
{"level":30,"time":"2026-04-19T12:06:25.576Z","pid":826,"hostname":"b4fd557d2fd1","module":"users:routes","action":"list","page":1,"total":6,"msg":"[users:routes][list] Listed users"}
{"level":30,"time":"2026-04-19T12:06:25.577Z","pid":826,"hostname":"b4fd557d2fd1","module":"http","action":"response","method":"GET","url":"/users","statusCode":200,"responseTime":10.111279000528157,"msg":"[http][response] [http][response] GET /users 200 10.1ms"}
{"level":30,"time":"2026-04-19T12:06:25.578Z","pid":826,"hostname":"b4fd557d2fd1","module":"http","action":"request","method":"GET","url":"/users","msg":"[http][request] [http][request] GET /users"}
{"level":30,"time":"2026-04-19T12:06:25.579Z","pid":826,"hostname":"b4fd557d2fd1","module":"http","action":"response","method":"GET","url":"/users","statusCode":403,"responseTime":1.612466000020504,"msg":"[http][response] [http][response] GET /users 403 1.6ms"}
{"level":30,"time":"2026-04-19T12:06:25.580Z","pid":826,"hostname":"b4fd557d2fd1","module":"http","action":"request","method":"GET","url":"/users?page=1&pageSize=10","msg":"[http][request] [http][request] GET /users?page=1&pageSize=10"}
{"level":20,"time":"2026-04-19T12:06:25.581Z","pid":826,"hostname":"b4fd557d2fd1","module":"users:repository","action":"findAll","page":1,"pageSize":10,"sortDir":"asc","msg":"[users:repository][findAll] Listing users"}
{"level":30,"time":"2026-04-19T12:06:25.584Z","pid":826,"hostname":"b4fd557d2fd1","module":"users:routes","action":"list","page":1,"total":6,"msg":"[users:routes][list] Listed users"}
{"level":30,"time":"2026-04-19T12:06:25.585Z","pid":826,"hostname":"b4fd557d2fd1","module":"http","action":"response","method":"GET","url":"/users?page=1&pageSize=10","statusCode":200,"responseTime":4.655777000822127,"msg":"[http][response] [http][response] GET /users?page=1&pageSize=10 200 4.7ms"}
{"level":30,"time":"2026-04-19T12:06:25.585Z","pid":826,"hostname":"b4fd557d2fd1","module":"http","action":"request","method":"GET","url":"/users/54be7724-864c-42a7-ae64-cba1aebacc3a","msg":"[http][request] [http][request] GET /users/54be7724-864c-42a7-ae64-cba1aebacc3a"}
{"level":20,"time":"2026-04-19T12:06:25.588Z","pid":826,"hostname":"b4fd557d2fd1","module":"users:repository","action":"findById","id":"54be7724-864c-42a7-ae64-cba1aebacc3a","msg":"[users:repository][findById] Looking up user by id"}
{"level":30,"time":"2026-04-19T12:06:25.592Z","pid":826,"hostname":"b4fd557d2fd1","module":"users:routes","action":"getById","userId":"54be7724-864c-42a7-ae64-cba1aebacc3a","msg":"[users:routes][getById] Retrieved user by id"}
{"level":30,"time":"2026-04-19T12:06:25.592Z","pid":826,"hostname":"b4fd557d2fd1","module":"http","action":"response","method":"GET","url":"/users/54be7724-864c-42a7-ae64-cba1aebacc3a","statusCode":200,"responseTime":6.8813899997621775,"msg":"[http][response] [http][response] GET /users/54be7724-864c-42a7-ae64-cba1aebacc3a 200 6.9ms"}
{"level":30,"time":"2026-04-19T12:06:25.593Z","pid":826,"hostname":"b4fd557d2fd1","module":"http","action":"request","method":"GET","url":"/users/54be7724-864c-42a7-ae64-cba1aebacc3a","msg":"[http][request] [http][request] GET /users/54be7724-864c-42a7-ae64-cba1aebacc3a"}
{"level":20,"time":"2026-04-19T12:06:25.594Z","pid":826,"hostname":"b4fd557d2fd1","module":"users:repository","action":"findById","id":"54be7724-864c-42a7-ae64-cba1aebacc3a","msg":"[users:repository][findById] Looking up user by id"}
{"level":30,"time":"2026-04-19T12:06:25.597Z","pid":826,"hostname":"b4fd557d2fd1","module":"users:routes","action":"getById","userId":"54be7724-864c-42a7-ae64-cba1aebacc3a","msg":"[users:routes][getById] Retrieved user by id"}
{"level":30,"time":"2026-04-19T12:06:25.598Z","pid":826,"hostname":"b4fd557d2fd1","module":"http","action":"response","method":"GET","url":"/users/54be7724-864c-42a7-ae64-cba1aebacc3a","statusCode":200,"responseTime":4.955480000004172,"msg":"[http][response] [http][response] GET /users/54be7724-864c-42a7-ae64-cba1aebacc3a 200 5.0ms"}
{"level":30,"time":"2026-04-19T12:06:25.598Z","pid":826,"hostname":"b4fd557d2fd1","module":"http","action":"request","method":"GET","url":"/users/ea4042a6-0c4b-458a-852e-6af8af3e06bc","msg":"[http][request] [http][request] GET /users/ea4042a6-0c4b-458a-852e-6af8af3e06bc"}
{"level":30,"time":"2026-04-19T12:06:25.600Z","pid":826,"hostname":"b4fd557d2fd1","module":"http","action":"response","method":"GET","url":"/users/ea4042a6-0c4b-458a-852e-6af8af3e06bc","statusCode":403,"responseTime":1.684163000434637,"msg":"[http][response] [http][response] GET /users/ea4042a6-0c4b-458a-852e-6af8af3e06bc 403 1.7ms"}
{"level":30,"time":"2026-04-19T12:06:25.601Z","pid":826,"hostname":"b4fd557d2fd1","module":"http","action":"request","method":"GET","url":"/users/00000000-0000-0000-0000-000000000000","msg":"[http][request] [http][request] GET /users/00000000-0000-0000-0000-000000000000"}
{"level":20,"time":"2026-04-19T12:06:25.602Z","pid":826,"hostname":"b4fd557d2fd1","module":"users:repository","action":"findById","id":"00000000-0000-0000-0000-000000000000","msg":"[users:repository][findById] Looking up user by id"}
{"level":50,"time":"2026-04-19T12:06:25.603Z","pid":826,"hostname":"b4fd557d2fd1","module":"http","action":"error","err":{"type":"NotFoundError","message":"User with id '00000000-0000-0000-0000-000000000000' not found","stack":"NotFoundError: User with id '00000000-0000-0000-0000-000000000000' not found\n    at Object.<anonymous> (/app/src/modules/users/routes.js:102:15)\n    at processTicksAndRejections (node:internal/process/task_queues:95:5)","name":"NotFoundError","statusCode":404,"code":"NOT_FOUND","details":{"resource":"User","id":"00000000-0000-0000-0000-000000000000"}},"requestId":"req-9","msg":"[http][error] [http][error] User with id '00000000-0000-0000-0000-000000000000' not found"}
{"level":30,"time":"2026-04-19T12:06:25.605Z","pid":826,"hostname":"b4fd557d2fd1","module":"http","action":"response","method":"GET","url":"/users/00000000-0000-0000-0000-000000000000","statusCode":404,"responseTime":4.072281000204384,"msg":"[http][response] [http][response] GET /users/00000000-0000-0000-0000-000000000000 404 4.1ms"}
{"level":30,"time":"2026-04-19T12:06:25.606Z","pid":826,"hostname":"b4fd557d2fd1","module":"http","action":"request","method":"PATCH","url":"/users/54be7724-864c-42a7-ae64-cba1aebacc3a/status","msg":"[http][request] [http][request] PATCH /users/54be7724-864c-42a7-ae64-cba1aebacc3a/status"}
{"level":30,"time":"2026-04-19T12:06:25.608Z","pid":826,"hostname":"b4fd557d2fd1","module":"users:repository","action":"updateStatus","id":"54be7724-864c-42a7-ae64-cba1aebacc3a","status":"suspended","msg":"[users:repository][updateStatus] Updating user status"}
{"level":30,"time":"2026-04-19T12:06:25.617Z","pid":826,"hostname":"b4fd557d2fd1","module":"users:routes","action":"updateStatus","userId":"54be7724-864c-42a7-ae64-cba1aebacc3a","status":"suspended","msg":"[users:routes][updateStatus] User status updated to suspended"}
{"level":30,"time":"2026-04-19T12:06:25.617Z","pid":826,"hostname":"b4fd557d2fd1","module":"http","action":"response","method":"PATCH","url":"/users/54be7724-864c-42a7-ae64-cba1aebacc3a/status","statusCode":200,"responseTime":11.612170000560582,"msg":"[http][response] [http][response] PATCH /users/54be7724-864c-42a7-ae64-cba1aebacc3a/status 200 11.6ms"}
{"level":30,"time":"2026-04-19T12:06:25.618Z","pid":826,"hostname":"b4fd557d2fd1","module":"http","action":"request","method":"PATCH","url":"/users/54be7724-864c-42a7-ae64-cba1aebacc3a/status","msg":"[http][request] [http][request] PATCH /users/54be7724-864c-42a7-ae64-cba1aebacc3a/status"}
{"level":30,"time":"2026-04-19T12:06:25.619Z","pid":826,"hostname":"b4fd557d2fd1","module":"users:repository","action":"updateStatus","id":"54be7724-864c-42a7-ae64-cba1aebacc3a","status":"active","msg":"[users:repository][updateStatus] Updating user status"}
{"level":30,"time":"2026-04-19T12:06:25.625Z","pid":826,"hostname":"b4fd557d2fd1","module":"users:routes","action":"updateStatus","userId":"54be7724-864c-42a7-ae64-cba1aebacc3a","status":"active","msg":"[users:routes][updateStatus] User status updated to active"}
{"level":30,"time":"2026-04-19T12:06:25.626Z","pid":826,"hostname":"b4fd557d2fd1","module":"http","action":"response","method":"PATCH","url":"/users/54be7724-864c-42a7-ae64-cba1aebacc3a/status","statusCode":200,"responseTime":8.038875999860466,"msg":"[http][response] [http][response] PATCH /users/54be7724-864c-42a7-ae64-cba1aebacc3a/status 200 8.0ms"}
{"level":30,"time":"2026-04-19T12:06:25.626Z","pid":826,"hostname":"b4fd557d2fd1","module":"http","action":"request","method":"PATCH","url":"/users/54be7724-864c-42a7-ae64-cba1aebacc3a/status","msg":"[http][request] [http][request] PATCH /users/54be7724-864c-42a7-ae64-cba1aebacc3a/status"}
{"level":30,"time":"2026-04-19T12:06:25.628Z","pid":826,"hostname":"b4fd557d2fd1","module":"http","action":"response","method":"PATCH","url":"/users/54be7724-864c-42a7-ae64-cba1aebacc3a/status","statusCode":403,"responseTime":1.7700139991939068,"msg":"[http][response] [http][response] PATCH /users/54be7724-864c-42a7-ae64-cba1aebacc3a/status 403 1.8ms"}
{"level":30,"time":"2026-04-19T12:06:25.628Z","pid":826,"hostname":"b4fd557d2fd1","module":"http","action":"request","method":"PATCH","url":"/users/54be7724-864c-42a7-ae64-cba1aebacc3a/status","msg":"[http][request] [http][request] PATCH /users/54be7724-864c-42a7-ae64-cba1aebacc3a/status"}
{"level":30,"time":"2026-04-19T12:06:25.631Z","pid":826,"hostname":"b4fd557d2fd1","module":"http","action":"response","method":"PATCH","url":"/users/54be7724-864c-42a7-ae64-cba1aebacc3a/status","statusCode":422,"responseTime":2.4876060001552105,"msg":"[http][response] [http][response] PATCH /users/54be7724-864c-42a7-ae64-cba1aebacc3a/status 422 2.5ms"}
 ✓ tests/integration/users.integration.test.js > GET /users (real DB) > returns a paginated user list for admin role 11ms
 ✓ tests/integration/users.integration.test.js > GET /users (real DB) > returns 403 for non-admin caller 2ms
 ✓ tests/integration/users.integration.test.js > GET /users (real DB) > honors pagination query params (?page=1&pageSize=10) 5ms
 ✓ tests/integration/users.integration.test.js > GET /users/:id (real DB) > returns the caller's own profile 7ms
 ✓ tests/integration/users.integration.test.js > GET /users/:id (real DB) > admin can fetch any user 5ms
 ✓ tests/integration/users.integration.test.js > GET /users/:id (real DB) > returns 403 when a non-admin fetches another user's profile 2ms
 ✓ tests/integration/users.integration.test.js > GET /users/:id (real DB) > returns 404 for an unknown user id 5ms
 ✓ tests/integration/users.integration.test.js > PATCH /users/:id/status (real DB) > admin flips a user status from active to suspended and back 21ms
 ✓ tests/integration/users.integration.test.js > PATCH /users/:id/status (real DB) > returns 403 for a non-admin caller 2ms
 ✓ tests/integration/users.integration.test.js > PATCH /users/:id/status (real DB) > returns 422 for an invalid status value 3ms
{"level":30,"time":"2026-04-19T12:06:28.404Z","pid":826,"hostname":"b4fd557d2fd1","module":"db","action":"migrate","msg":"[db][migrate] Running database migrations"}
{"level":30,"time":"2026-04-19T12:06:28.456Z","pid":826,"hostname":"b4fd557d2fd1","module":"db","action":"migrate","msg":"[db][migrate] Database is already up to date"}
 ✓ tests/integration/error-envelope.integration.test.js > 401 UNAUTHORIZED envelope shape > GET /events with no Authorization header returns the full envelope 2ms
 ✓ tests/integration/error-envelope.integration.test.js > 401 UNAUTHORIZED envelope shape > GET /events with a malformed Authorization header returns the full envelope 2ms
 ✓ tests/integration/error-envelope.integration.test.js > 401 UNAUTHORIZED envelope shape > GET /events with an invalid JWT signature returns the full envelope 1ms
 ✓ tests/integration/error-envelope.integration.test.js > 403 FORBIDDEN envelope shape > GET /events as a user without event:read returns the full envelope with required/actual details 2ms
 ✓ tests/integration/error-envelope.integration.test.js > 403 FORBIDDEN envelope shape > POST /catalog/resources as a user without resource:manage returns the full envelope 3ms
 ✓ tests/integration/error-envelope.integration.test.js > 403 FORBIDDEN envelope shape > POST /admin/cache/purge as a non-admin returns the full envelope 2ms
 ✓ tests/integration/error-envelope.integration.test.js > 422 VALIDATION_ERROR envelope shape > POST /events with an empty body returns the validation envelope 10ms
{"level":30,"time":"2026-04-19T12:06:29.659Z","pid":826,"hostname":"b4fd557d2fd1","module":"http","action":"request","method":"POST","url":"/auth/login","msg":"[http][request] [http][request] POST /auth/login"}
{"level":30,"time":"2026-04-19T12:06:29.784Z","pid":826,"hostname":"b4fd557d2fd1","module":"auth","action":"login","userId":"f467b3f1-01de-4595-ae29-8de0b157b492","username":"chef","msg":"[auth][login] User logged in"}
{"level":30,"time":"2026-04-19T12:06:29.784Z","pid":826,"hostname":"b4fd557d2fd1","module":"http","action":"response","method":"POST","url":"/auth/login","statusCode":200,"responseTime":125.48702400084585,"msg":"[http][response] [http][response] POST /auth/login 200 125.5ms"}
{"level":30,"time":"2026-04-19T12:06:29.785Z","pid":826,"hostname":"b4fd557d2fd1","module":"http","action":"request","method":"POST","url":"/auth/login","msg":"[http][request] [http][request] POST /auth/login"}
{"level":30,"time":"2026-04-19T12:06:29.943Z","pid":826,"hostname":"b4fd557d2fd1","module":"auth","action":"login","userId":"0a6152cb-7299-46bf-8bef-cf66704c2497","username":"planner","msg":"[auth][login] User logged in"}
{"level":30,"time":"2026-04-19T12:06:29.943Z","pid":826,"hostname":"b4fd557d2fd1","module":"http","action":"response","method":"POST","url":"/auth/login","statusCode":200,"responseTime":158.42492400016636,"msg":"[http][response] [http][response] POST /auth/login 200 158.4ms"}
{"level":30,"time":"2026-04-19T12:06:29.944Z","pid":826,"hostname":"b4fd557d2fd1","module":"http","action":"request","method":"GET","url":"/events","msg":"[http][request] [http][request] GET /events"}
{"level":40,"time":"2026-04-19T12:06:29.944Z","pid":826,"hostname":"b4fd557d2fd1","module":"auth","action":"authenticate","msg":"[auth][authenticate] Missing or malformed Authorization header"}
{"level":30,"time":"2026-04-19T12:06:29.945Z","pid":826,"hostname":"b4fd557d2fd1","module":"http","action":"response","method":"GET","url":"/events","statusCode":401,"responseTime":0.5267049996182323,"msg":"[http][response] [http][response] GET /events 401 0.5ms"}
{"level":30,"time":"2026-04-19T12:06:29.946Z","pid":826,"hostname":"b4fd557d2fd1","module":"http","action":"request","method":"GET","url":"/events","msg":"[http][request] [http][request] GET /events"}
{"level":40,"time":"2026-04-19T12:06:29.946Z","pid":826,"hostname":"b4fd557d2fd1","module":"auth","action":"authenticate","msg":"[auth][authenticate] Missing or malformed Authorization header"}
{"level":30,"time":"2026-04-19T12:06:29.947Z","pid":826,"hostname":"b4fd557d2fd1","module":"http","action":"response","method":"GET","url":"/events","statusCode":401,"responseTime":0.41101299971342087,"msg":"[http][response] [http][response] GET /events 401 0.4ms"}
{"level":30,"time":"2026-04-19T12:06:29.947Z","pid":826,"hostname":"b4fd557d2fd1","module":"http","action":"request","method":"GET","url":"/events","msg":"[http][request] [http][request] GET /events"}
{"level":40,"time":"2026-04-19T12:06:29.948Z","pid":826,"hostname":"b4fd557d2fd1","module":"auth","action":"authenticate","error":"JsonWebTokenError","msg":"[auth][authenticate] Invalid token"}
{"level":30,"time":"2026-04-19T12:06:29.948Z","pid":826,"hostname":"b4fd557d2fd1","module":"http","action":"response","method":"GET","url":"/events","statusCode":401,"responseTime":0.4477869998663664,"msg":"[http][response] [http][response] GET /events 401 0.4ms"}
{"level":30,"time":"2026-04-19T12:06:29.949Z","pid":826,"hostname":"b4fd557d2fd1","module":"http","action":"request","method":"GET","url":"/events","msg":"[http][request] [http][request] GET /events"}
{"level":30,"time":"2026-04-19T12:06:29.950Z","pid":826,"hostname":"b4fd557d2fd1","module":"http","action":"response","method":"GET","url":"/events","statusCode":403,"responseTime":1.6856819996610284,"msg":"[http][response] [http][response] GET /events 403 1.7ms"}
{"level":30,"time":"2026-04-19T12:06:29.951Z","pid":826,"hostname":"b4fd557d2fd1","module":"http","action":"request","method":"POST","url":"/catalog/resources","msg":"[http][request] [http][request] POST /catalog/resources"}
{"level":30,"time":"2026-04-19T12:06:29.953Z","pid":826,"hostname":"b4fd557d2fd1","module":"http","action":"response","method":"POST","url":"/catalog/resources","statusCode":403,"responseTime":1.7974490001797676,"msg":"[http][response] [http][response] POST /catalog/resources 403 1.8ms"}
{"level":30,"time":"2026-04-19T12:06:29.954Z","pid":826,"hostname":"b4fd557d2fd1","module":"http","action":"request","method":"POST","url":"/admin/cache/purge","msg":"[http][request] [http][request] POST /admin/cache/purge"}
{"level":30,"time":"2026-04-19T12:06:29.955Z","pid":826,"hostname":"b4fd557d2fd1","module":"http","action":"response","method":"POST","url":"/admin/cache/purge","statusCode":403,"responseTime":1.5029520001262426,"msg":"[http][response] [http][response] POST /admin/cache/purge 403 1.5ms"}
{"level":30,"time":"2026-04-19T12:06:29.956Z","pid":826,"hostname":"b4fd557d2fd1","module":"http","action":"request","method":"POST","url":"/events","msg":"[http][request] [http][request] POST /events"}
{"level":30,"time":"2026-04-19T12:06:29.965Z","pid":826,"hostname":"b4fd557d2fd1","module":"http","action":"response","method":"POST","url":"/events","statusCode":422,"responseTime":8.684690000489354,"msg":"[http][response] [http][response] POST /events 422 8.7ms"}
{"level":30,"time":"2026-04-19T12:06:32.880Z","pid":826,"hostname":"b4fd557d2fd1","module":"db","action":"migrate","msg":"[db][migrate] Running database migrations"}
{"level":30,"time":"2026-04-19T12:06:32.941Z","pid":826,"hostname":"b4fd557d2fd1","module":"db","action":"migrate","msg":"[db][migrate] Database is already up to date"}
 ✓ tests/integration/health.integration.test.js > GET /health (real DB) > returns 200 with the full diagnostic envelope 16ms
 ✓ tests/integration/health.integration.test.js > GET /health (real DB) > includes a DB latency measurement that actually reflects a round-trip 7ms
 ✓ tests/integration/health.integration.test.js > GET /health (real DB) > serves /health without authentication 3ms
{"level":30,"time":"2026-04-19T12:06:34.150Z","pid":826,"hostname":"b4fd557d2fd1","module":"http","action":"request","method":"GET","url":"/health","msg":"[http][request] [http][request] GET /health"}
{"level":30,"time":"2026-04-19T12:06:34.154Z","pid":826,"hostname":"b4fd557d2fd1","module":"http","action":"response","method":"GET","url":"/health","statusCode":200,"responseTime":4.825664999894798,"msg":"[http][response] [http][response] GET /health 200 4.8ms"}
{"level":30,"time":"2026-04-19T12:06:34.160Z","pid":826,"hostname":"b4fd557d2fd1","module":"http","action":"request","method":"GET","url":"/health","msg":"[http][request] [http][request] GET /health"}
{"level":30,"time":"2026-04-19T12:06:34.162Z","pid":826,"hostname":"b4fd557d2fd1","module":"http","action":"response","method":"GET","url":"/health","statusCode":200,"responseTime":2.454203000292182,"msg":"[http][response] [http][response] GET /health 200 2.5ms"}
{"level":30,"time":"2026-04-19T12:06:34.163Z","pid":826,"hostname":"b4fd557d2fd1","module":"http","action":"request","method":"GET","url":"/health","msg":"[http][request] [http][request] GET /health"}
{"level":30,"time":"2026-04-19T12:06:34.165Z","pid":826,"hostname":"b4fd557d2fd1","module":"http","action":"response","method":"GET","url":"/health","statusCode":200,"responseTime":2.2479210002347827,"msg":"[http][response] [http][response] GET /health 200 2.2ms"}
{"level":30,"time":"2026-04-19T12:06:34.167Z","pid":826,"hostname":"b4fd557d2fd1","module":"http","action":"request","method":"GET","url":"/health","msg":"[http][request] [http][request] GET /health"}
{"level":30,"time":"2026-04-19T12:06:34.169Z","pid":826,"hostname":"b4fd557d2fd1","module":"http","action":"response","method":"GET","url":"/health","statusCode":200,"responseTime":1.647049999795854,"msg":"[http][response] [http][response] GET /health 200 1.6ms"}
{"level":30,"time":"2026-04-19T12:06:38.112Z","pid":826,"hostname":"b4fd557d2fd1","module":"cache","action":"redisConnect","msg":"[cache][redisConnect] [cache][redisConnect] Connected to Redis"}
{"level":30,"time":"2026-04-19T12:06:38.117Z","pid":826,"hostname":"b4fd557d2fd1","module":"cache","action":"init","mode":"redis","msg":"[cache][init] [cache][init] Cache initialized in redis mode"}
 ✓ tests/integration/startup-bootstrap.integration.test.js > startup bootstrap (real modules) > initCache produces a usable cache with readable stats 1ms
 ✓ tests/integration/startup-bootstrap.integration.test.js > startup bootstrap (real modules) > cacheSet + cacheGet round-trip works after initCache 2ms
 ✓ tests/integration/startup-bootstrap.integration.test.js > startup bootstrap (real modules) > initScheduler is idempotent-safe to re-run and shutdownScheduler clears all jobs 3ms
 ✓ tests/integration/startup-bootstrap.integration.test.js > startup bootstrap (real modules) > the app responds to /health after full bootstrap with a live DB probe 16ms
 ✓ tests/integration/startup-bootstrap.integration.test.js > startup bootstrap (real modules) > cache stats show non-negative hit/miss counters after bootstrap and probe traffic 0ms
{"level":30,"time":"2026-04-19T12:06:38.309Z","pid":826,"hostname":"b4fd557d2fd1","module":"db","action":"migrate","msg":"[db][migrate] Running database migrations"}
{"level":30,"time":"2026-04-19T12:06:38.358Z","pid":826,"hostname":"b4fd557d2fd1","module":"db","action":"migrate","msg":"[db][migrate] Database is already up to date"}
{"level":30,"time":"2026-04-19T12:06:38.250Z","pid":826,"hostname":"b4fd557d2fd1","module":"scheduler","action":"register","job":"snapshot","cron":"0 23 * * *","msg":"[scheduler][register] [scheduler][register] Inventory snapshot job registered (0 23 * * *)"}
{"level":30,"time":"2026-04-19T12:06:38.251Z","pid":826,"hostname":"b4fd557d2fd1","module":"scheduler","action":"register","job":"keyCleanup","cron":"0 2 * * *","msg":"[scheduler][register] [scheduler][register] Idempotency key cleanup registered (0 2 * * *)"}
{"level":30,"time":"2026-04-19T12:06:38.251Z","pid":826,"hostname":"b4fd557d2fd1","module":"scheduler","action":"register","job":"backup","cron":"0 1 * * *","msg":"[scheduler][register] [scheduler][register] Nightly backup job registered (0 1 * * *)"}
{"level":30,"time":"2026-04-19T12:06:38.251Z","pid":826,"hostname":"b4fd557d2fd1","module":"scheduler","action":"register","job":"cacheWarm","cron":"*/30 * * * *","msg":"[scheduler][register] [scheduler][register] Cache warming job registered (*/30 * * * *)"}
{"level":30,"time":"2026-04-19T12:06:38.251Z","pid":826,"hostname":"b4fd557d2fd1","module":"scheduler","action":"init","jobCount":4,"msg":"[scheduler][init] [scheduler][init] Scheduler initialized with 4 job(s)"}
{"level":20,"time":"2026-04-19T12:06:38.253Z","pid":826,"hostname":"b4fd557d2fd1","module":"cache","action":"set","key":"bootstrap:probe","ttlSeconds":60,"msg":"[cache][set] [cache][set] Set bootstrap:probe (TTL 60s)"}
{"level":20,"time":"2026-04-19T12:06:38.254Z","pid":826,"hostname":"b4fd557d2fd1","module":"cache","action":"hit","key":"bootstrap:probe","msg":"[cache][hit] [cache][hit] Cache hit for bootstrap:probe"}
{"level":30,"time":"2026-04-19T12:06:38.255Z","pid":826,"hostname":"b4fd557d2fd1","module":"scheduler","action":"shutdown","stopped":4,"msg":"[scheduler][shutdown] [scheduler][shutdown] Stopped 4 scheduled job(s)"}
{"level":30,"time":"2026-04-19T12:06:38.255Z","pid":826,"hostname":"b4fd557d2fd1","module":"scheduler","action":"register","job":"snapshot","cron":"0 23 * * *","msg":"[scheduler][register] [scheduler][register] Inventory snapshot job registered (0 23 * * *)"}
{"level":30,"time":"2026-04-19T12:06:38.255Z","pid":826,"hostname":"b4fd557d2fd1","module":"scheduler","action":"register","job":"keyCleanup","cron":"0 2 * * *","msg":"[scheduler][register] [scheduler][register] Idempotency key cleanup registered (0 2 * * *)"}
{"level":30,"time":"2026-04-19T12:06:38.256Z","pid":826,"hostname":"b4fd557d2fd1","module":"scheduler","action":"register","job":"backup","cron":"0 1 * * *","msg":"[scheduler][register] [scheduler][register] Nightly backup job registered (0 1 * * *)"}
{"level":30,"time":"2026-04-19T12:06:38.256Z","pid":826,"hostname":"b4fd557d2fd1","module":"scheduler","action":"register","job":"cacheWarm","cron":"*/30 * * * *","msg":"[scheduler][register] [scheduler][register] Cache warming job registered (*/30 * * * *)"}
{"level":30,"time":"2026-04-19T12:06:38.256Z","pid":826,"hostname":"b4fd557d2fd1","module":"scheduler","action":"init","jobCount":4,"msg":"[scheduler][init] [scheduler][init] Scheduler initialized with 4 job(s)"}
{"level":30,"time":"2026-04-19T12:06:38.257Z","pid":826,"hostname":"b4fd557d2fd1","module":"scheduler","action":"shutdown","stopped":4,"msg":"[scheduler][shutdown] [scheduler][shutdown] Stopped 4 scheduled job(s)"}
{"level":30,"time":"2026-04-19T12:06:38.258Z","pid":826,"hostname":"b4fd557d2fd1","module":"http","action":"request","method":"GET","url":"/health","msg":"[http][request] [http][request] GET /health"}
{"level":30,"time":"2026-04-19T12:06:38.273Z","pid":826,"hostname":"b4fd557d2fd1","module":"http","action":"response","method":"GET","url":"/health","statusCode":200,"responseTime":15.011574999429286,"msg":"[http][response] [http][response] GET /health 200 15.0ms"}
{"level":30,"time":"2026-04-19T12:06:38.274Z","pid":826,"hostname":"b4fd557d2fd1","module":"scheduler","action":"shutdown","stopped":0,"msg":"[scheduler][shutdown] [scheduler][shutdown] Stopped 0 scheduled job(s)"}
{"level":30,"time":"2026-04-19T12:06:38.275Z","pid":826,"hostname":"b4fd557d2fd1","module":"cache","action":"shutdown","mode":"redis","msg":"[cache][shutdown] [cache][shutdown] Redis client closed"}
 ✓ tests/integration/audit-immutability.integration.test.js > Audit trail immutability (real DB) > creates audit_trail entries when an event is created 28ms
 ✓ tests/integration/audit-immutability.integration.test.js > Audit trail immutability (real DB) > prevents UPDATE on audit_trail via DB trigger 10ms
 ✓ tests/integration/audit-immutability.integration.test.js > Audit trail immutability (real DB) > prevents DELETE from audit_trail via DB trigger 5ms
 ✓ tests/integration/audit-immutability.integration.test.js > Audit trail immutability (real DB) > still allows INSERT into audit_trail (append-only) 24ms
 ✓ tests/integration/audit-immutability.integration.test.js > Audit trail immutability (real DB) > confirms the immutability triggers exist in the database 4ms
{"level":30,"time":"2026-04-19T12:06:38.295Z","pid":826,"hostname":"b4fd557d2fd1","module":"http","action":"request","method":"POST","url":"/auth/login","msg":"[http][request] [http][request] POST /auth/login"}
{"level":30,"time":"2026-04-19T12:06:38.481Z","pid":826,"hostname":"b4fd557d2fd1","module":"auth","action":"login","userId":"42ab0712-c87b-4bd2-8443-ecd802b7b67c","username":"admin","msg":"[auth][login] User logged in"}
{"level":30,"time":"2026-04-19T12:06:38.482Z","pid":826,"hostname":"b4fd557d2fd1","module":"http","action":"response","method":"POST","url":"/auth/login","statusCode":200,"responseTime":187.86938900034875,"msg":"[http][response] [http][response] POST /auth/login 200 187.9ms"}
{"level":30,"time":"2026-04-19T12:06:38.484Z","pid":826,"hostname":"b4fd557d2fd1","module":"http","action":"request","method":"POST","url":"/events","msg":"[http][request] [http][request] POST /events"}
{"level":30,"time":"2026-04-19T12:06:38.489Z","pid":826,"hostname":"b4fd557d2fd1","module":"events:service","action":"createEvent","userId":"42ab0712-c87b-4bd2-8443-ecd802b7b67c","msg":"[events:service][createEvent] Creating new event"}
{"level":20,"time":"2026-04-19T12:06:38.489Z","pid":826,"hostname":"b4fd557d2fd1","module":"events:repository","action":"create","data":{"title":"Immutability Test Event","description":null,"event_date":"2025-12-01","headcount":10,"budget_amount":1000,"budget_cap":25000,"state":"draft","created_by":"42ab0712-c87b-4bd2-8443-ecd802b7b67c"},"msg":"[events:repository][create] Creating event"}
{"level":30,"time":"2026-04-19T12:06:38.507Z","pid":826,"hostname":"b4fd557d2fd1","module":"audit","action":"write","eventId":"04b0d1b7-ffbd-4858-ac0d-b0357073afe7","subjectType":"event","subjectId":"04b0d1b7-ffbd-4858-ac0d-b0357073afe7","auditAction":"create","msg":"[audit][write] Audit recorded: create on event 04b0d1b7-ffbd-4858-ac0d-b0357073afe7"}
{"level":30,"time":"2026-04-19T12:06:38.508Z","pid":826,"hostname":"b4fd557d2fd1","module":"events:routes","action":"create","eventId":"04b0d1b7-ffbd-4858-ac0d-b0357073afe7","msg":"[events:routes][create] Event created"}
{"level":30,"time":"2026-04-19T12:06:38.508Z","pid":826,"hostname":"b4fd557d2fd1","module":"http","action":"response","method":"POST","url":"/events","statusCode":201,"responseTime":24.651064000092447,"msg":"[http][response] [http][response] POST /events 201 24.7ms"}
{"level":30,"time":"2026-04-19T12:06:38.529Z","pid":826,"hostname":"b4fd557d2fd1","module":"http","action":"request","method":"POST","url":"/events","msg":"[http][request] [http][request] POST /events"}
{"level":30,"time":"2026-04-19T12:06:38.533Z","pid":826,"hostname":"b4fd557d2fd1","module":"events:service","action":"createEvent","userId":"42ab0712-c87b-4bd2-8443-ecd802b7b67c","msg":"[events:service][createEvent] Creating new event"}
{"level":20,"time":"2026-04-19T12:06:38.533Z","pid":826,"hostname":"b4fd557d2fd1","module":"events:repository","action":"create","data":{"title":"Append Only Verification","description":null,"event_date":"2025-11-15","headcount":5,"budget_amount":500,"budget_cap":25000,"state":"draft","created_by":"42ab0712-c87b-4bd2-8443-ecd802b7b67c"},"msg":"[events:repository][create] Creating event"}
{"level":30,"time":"2026-04-19T12:06:38.547Z","pid":826,"hostname":"b4fd557d2fd1","module":"audit","action":"write","eventId":"d8e081ba-d275-4fb1-a623-344e9cd955c2","subjectType":"event","subjectId":"d8e081ba-d275-4fb1-a623-344e9cd955c2","auditAction":"create","msg":"[audit][write] Audit recorded: create on event d8e081ba-d275-4fb1-a623-344e9cd955c2"}
{"level":30,"time":"2026-04-19T12:06:38.547Z","pid":826,"hostname":"b4fd557d2fd1","module":"events:routes","action":"create","eventId":"d8e081ba-d275-4fb1-a623-344e9cd955c2","msg":"[events:routes][create] Event created"}
{"level":30,"time":"2026-04-19T12:06:38.548Z","pid":826,"hostname":"b4fd557d2fd1","module":"http","action":"response","method":"POST","url":"/events","statusCode":201,"responseTime":18.25614200066775,"msg":"[http][response] [http][response] POST /events 201 18.3ms"}
{"level":30,"time":"2026-04-19T12:06:41.262Z","pid":826,"hostname":"b4fd557d2fd1","module":"db","action":"migrate","msg":"[db][migrate] Running database migrations"}
{"level":30,"time":"2026-04-19T12:06:41.342Z","pid":826,"hostname":"b4fd557d2fd1","module":"db","action":"migrate","msg":"[db][migrate] Database is already up to date"}
 ✓ tests/integration/data-collection.integration.test.js > GET /data-collection/health (real DB) > returns 200 with a health status payload for admin 7ms
 ✓ tests/integration/data-collection.integration.test.js > GET /data-collection/health (real DB) > returns 403 for a non-admin caller 3ms
 ✓ tests/integration/data-collection.integration.test.js > GET /admin/data-collection/jobs (real DB) > returns a paginated job list for admin (200) 6ms
 ✓ tests/integration/data-collection.integration.test.js > GET /admin/data-collection/jobs (real DB) > returns 403 for non-admin caller 2ms
 ✓ tests/integration/data-collection.integration.test.js > POST /data-collection/jobs/:id/requeue (real DB) > requeues a failed job 18ms
 ✓ tests/integration/data-collection.integration.test.js > POST /data-collection/jobs/:id/requeue (real DB) > returns 404 for unknown job id 5ms
 ✓ tests/integration/data-collection.integration.test.js > POST /data-collection/jobs/:id/requeue (real DB) > returns 403 for non-admin caller 2ms
{"level":30,"time":"2026-04-19T12:06:42.377Z","pid":826,"hostname":"b4fd557d2fd1","module":"http","action":"request","method":"POST","url":"/auth/login","msg":"[http][request] [http][request] POST /auth/login"}
{"level":30,"time":"2026-04-19T12:06:42.523Z","pid":826,"hostname":"b4fd557d2fd1","module":"auth","action":"login","userId":"ed08f509-ae36-42d7-bf90-ab5f19c6f032","username":"admin","msg":"[auth][login] User logged in"}
{"level":30,"time":"2026-04-19T12:06:42.524Z","pid":826,"hostname":"b4fd557d2fd1","module":"http","action":"response","method":"POST","url":"/auth/login","statusCode":200,"responseTime":146.53050599992275,"msg":"[http][response] [http][response] POST /auth/login 200 146.5ms"}
{"level":30,"time":"2026-04-19T12:06:42.524Z","pid":826,"hostname":"b4fd557d2fd1","module":"http","action":"request","method":"POST","url":"/auth/login","msg":"[http][request] [http][request] POST /auth/login"}
{"level":30,"time":"2026-04-19T12:06:42.634Z","pid":826,"hostname":"b4fd557d2fd1","module":"auth","action":"login","userId":"b70ee0b1-342d-4fcd-8d47-30a77c040dec","username":"planner","msg":"[auth][login] User logged in"}
{"level":30,"time":"2026-04-19T12:06:42.635Z","pid":826,"hostname":"b4fd557d2fd1","module":"http","action":"response","method":"POST","url":"/auth/login","statusCode":200,"responseTime":110.85232499986887,"msg":"[http][response] [http][response] POST /auth/login 200 110.9ms"}
{"level":30,"time":"2026-04-19T12:06:42.647Z","pid":826,"hostname":"b4fd557d2fd1","module":"http","action":"request","method":"GET","url":"/data-collection/health","msg":"[http][request] [http][request] GET /data-collection/health"}
{"level":30,"time":"2026-04-19T12:06:42.649Z","pid":826,"hostname":"b4fd557d2fd1","module":"data-collection:service","action":"healthCheck","msg":"[data-collection:service][healthCheck] Running data-collection subsystem health check"}
{"level":30,"time":"2026-04-19T12:06:42.652Z","pid":826,"hostname":"b4fd557d2fd1","module":"data-collection:service","action":"healthCheck","result":{"dbHealthy":true,"healthy":3,"unhealthy":0,"pendingJobs":1,"failedJobs":1,"proxies":[{"id":"proxy-1","host":"127.0.0.1","port":8080,"healthy":true},{"id":"proxy-2","host":"127.0.0.1","port":8081,"healthy":true},{"id":"proxy-3","host":"127.0.0.1","port":8082,"healthy":true}],"cookieSources":[],"userAgentPoolSize":4},"msg":"[data-collection:service][healthCheck] Health check completed"}
{"level":30,"time":"2026-04-19T12:06:42.652Z","pid":826,"hostname":"b4fd557d2fd1","module":"data-collection:routes","action":"health","msg":"[data-collection:routes][health] Data collection health check requested"}
{"level":30,"time":"2026-04-19T12:06:42.653Z","pid":826,"hostname":"b4fd557d2fd1","module":"http","action":"response","method":"GET","url":"/data-collection/health","statusCode":200,"responseTime":5.4110479997470975,"msg":"[http][response] [http][response] GET /data-collection/health 200 5.4ms"}
{"level":30,"time":"2026-04-19T12:06:42.653Z","pid":826,"hostname":"b4fd557d2fd1","module":"http","action":"request","method":"GET","url":"/data-collection/health","msg":"[http][request] [http][request] GET /data-collection/health"}
{"level":30,"time":"2026-04-19T12:06:42.656Z","pid":826,"hostname":"b4fd557d2fd1","module":"http","action":"response","method":"GET","url":"/data-collection/health","statusCode":403,"responseTime":2.473445000126958,"msg":"[http][response] [http][response] GET /data-collection/health 403 2.5ms"}
{"level":30,"time":"2026-04-19T12:06:42.657Z","pid":826,"hostname":"b4fd557d2fd1","module":"http","action":"request","method":"GET","url":"/admin/data-collection/jobs?page=1&pageSize=20","msg":"[http][request] [http][request] GET /admin/data-collection/jobs?page=1&pageSize=20"}
{"level":20,"time":"2026-04-19T12:06:42.658Z","pid":826,"hostname":"b4fd557d2fd1","module":"data-collection:service","action":"listJobs","filters":{"page":1,"pageSize":20,"sortDir":"asc"},"msg":"[data-collection:service][listJobs] Listing data collection jobs"}
{"level":30,"time":"2026-04-19T12:06:42.662Z","pid":826,"hostname":"b4fd557d2fd1","module":"data-collection:routes","action":"listJobs","page":1,"total":2,"msg":"[data-collection:routes][listJobs] Listed data collection jobs"}
{"level":30,"time":"2026-04-19T12:06:42.662Z","pid":826,"hostname":"b4fd557d2fd1","module":"http","action":"response","method":"GET","url":"/admin/data-collection/jobs?page=1&pageSize=20","statusCode":200,"responseTime":5.298693999648094,"msg":"[http][response] [http][response] GET /admin/data-collection/jobs?page=1&pageSize=20 200 5.3ms"}
{"level":30,"time":"2026-04-19T12:06:42.663Z","pid":826,"hostname":"b4fd557d2fd1","module":"http","action":"request","method":"GET","url":"/admin/data-collection/jobs","msg":"[http][request] [http][request] GET /admin/data-collection/jobs"}
{"level":30,"time":"2026-04-19T12:06:42.664Z","pid":826,"hostname":"b4fd557d2fd1","module":"http","action":"response","method":"GET","url":"/admin/data-collection/jobs","statusCode":403,"responseTime":1.5714150005951524,"msg":"[http][response] [http][response] GET /admin/data-collection/jobs 403 1.6ms"}
{"level":30,"time":"2026-04-19T12:06:42.665Z","pid":826,"hostname":"b4fd557d2fd1","module":"http","action":"request","method":"POST","url":"/data-collection/jobs/e4d612bf-f79e-46c9-a87c-7681fe05764f/requeue","msg":"[http][request] [http][request] POST /data-collection/jobs/e4d612bf-f79e-46c9-a87c-7681fe05764f/requeue"}
{"level":30,"time":"2026-04-19T12:06:42.667Z","pid":826,"hostname":"b4fd557d2fd1","module":"data-collection:service","action":"requeueJob","jobId":"e4d612bf-f79e-46c9-a87c-7681fe05764f","userId":"ed08f509-ae36-42d7-bf90-ab5f19c6f032","msg":"[data-collection:service][requeueJob] Requeuing data collection job"}
{"level":30,"time":"2026-04-19T12:06:42.681Z","pid":826,"hostname":"b4fd557d2fd1","module":"audit","action":"write","eventId":null,"subjectType":"data_collection_job","subjectId":"e4d612bf-f79e-46c9-a87c-7681fe05764f","auditAction":"requeue","msg":"[audit][write] Audit recorded: requeue on data_collection_job e4d612bf-f79e-46c9-a87c-7681fe05764f"}
{"level":30,"time":"2026-04-19T12:06:42.682Z","pid":826,"hostname":"b4fd557d2fd1","module":"data-collection:routes","action":"requeue","jobId":"e4d612bf-f79e-46c9-a87c-7681fe05764f","msg":"[data-collection:routes][requeue] Data collection job requeued"}
{"level":30,"time":"2026-04-19T12:06:42.682Z","pid":826,"hostname":"b4fd557d2fd1","module":"http","action":"response","method":"POST","url":"/data-collection/jobs/e4d612bf-f79e-46c9-a87c-7681fe05764f/requeue","statusCode":200,"responseTime":17.076112000271678,"msg":"[http][response] [http][response] POST /data-collection/jobs/e4d612bf-f79e-46c9-a87c-7681fe05764f/requeue 200 17.1ms"}
{"level":30,"time":"2026-04-19T12:06:42.683Z","pid":826,"hostname":"b4fd557d2fd1","module":"http","action":"request","method":"POST","url":"/data-collection/jobs/7c1aba18-0464-4a31-9642-1ca012152c14/requeue","msg":"[http][request] [http][request] POST /data-collection/jobs/7c1aba18-0464-4a31-9642-1ca012152c14/requeue"}
{"level":30,"time":"2026-04-19T12:06:42.685Z","pid":826,"hostname":"b4fd557d2fd1","module":"data-collection:service","action":"requeueJob","jobId":"7c1aba18-0464-4a31-9642-1ca012152c14","userId":"ed08f509-ae36-42d7-bf90-ab5f19c6f032","msg":"[data-collection:service][requeueJob] Requeuing data collection job"}
{"level":50,"time":"2026-04-19T12:06:42.686Z","pid":826,"hostname":"b4fd557d2fd1","module":"http","action":"error","err":{"type":"NotFoundError","message":"DataCollectionJob with id '7c1aba18-0464-4a31-9642-1ca012152c14' not found","stack":"NotFoundError: DataCollectionJob with id '7c1aba18-0464-4a31-9642-1ca012152c14' not found\n    at Object.<anonymous> (/app/src/modules/data-collection/routes.js:81:15)\n    at processTicksAndRejections (node:internal/process/task_queues:95:5)","name":"NotFoundError","statusCode":404,"code":"NOT_FOUND","details":{"resource":"DataCollectionJob","id":"7c1aba18-0464-4a31-9642-1ca012152c14"}},"requestId":"req-8","msg":"[http][error] [http][error] DataCollectionJob with id '7c1aba18-0464-4a31-9642-1ca012152c14' not found"}
{"level":30,"time":"2026-04-19T12:06:42.687Z","pid":826,"hostname":"b4fd557d2fd1","module":"http","action":"response","method":"POST","url":"/data-collection/jobs/7c1aba18-0464-4a31-9642-1ca012152c14/requeue","statusCode":404,"responseTime":4.472528000362217,"msg":"[http][response] [http][response] POST /data-collection/jobs/7c1aba18-0464-4a31-9642-1ca012152c14/requeue 404 4.5ms"}
{"level":30,"time":"2026-04-19T12:06:42.688Z","pid":826,"hostname":"b4fd557d2fd1","module":"http","action":"request","method":"POST","url":"/data-collection/jobs/027b9dec-a35c-4de6-9168-dc7edd3838bb/requeue","msg":"[http][request] [http][request] POST /data-collection/jobs/027b9dec-a35c-4de6-9168-dc7edd3838bb/requeue"}
{"level":30,"time":"2026-04-19T12:06:42.689Z","pid":826,"hostname":"b4fd557d2fd1","module":"http","action":"response","method":"POST","url":"/data-collection/jobs/027b9dec-a35c-4de6-9168-dc7edd3838bb/requeue","statusCode":403,"responseTime":1.605843000113964,"msg":"[http][response] [http][response] POST /data-collection/jobs/027b9dec-a35c-4de6-9168-dc7edd3838bb/requeue 403 1.6ms"}
{"level":30,"time":"2026-04-19T12:06:45.461Z","pid":826,"hostname":"b4fd557d2fd1","module":"db","action":"migrate","msg":"[db][migrate] Running database migrations"}
{"level":30,"time":"2026-04-19T12:06:45.513Z","pid":826,"hostname":"b4fd557d2fd1","module":"db","action":"migrate","msg":"[db][migrate] Database is already up to date"}
{"level":30,"time":"2026-04-19T12:06:46.688Z","pid":826,"hostname":"b4fd557d2fd1","module":"http","action":"request","method":"POST","url":"/auth/login","msg":"[http][request] [http][request] POST /auth/login"}
{"level":30,"time":"2026-04-19T12:06:46.803Z","pid":826,"hostname":"b4fd557d2fd1","module":"auth","action":"login","userId":"5dda473d-a472-4495-a494-2d6dbcb7827c","username":"admin","msg":"[auth][login] User logged in"}
{"level":30,"time":"2026-04-19T12:06:46.804Z","pid":826,"hostname":"b4fd557d2fd1","module":"http","action":"response","method":"POST","url":"/auth/login","statusCode":200,"responseTime":116.18896500021219,"msg":"[http][response] [http][response] POST /auth/login 200 116.2ms"}
{"level":30,"time":"2026-04-19T12:06:46.804Z","pid":826,"hostname":"b4fd557d2fd1","module":"http","action":"request","method":"POST","url":"/auth/login","msg":"[http][request] [http][request] POST /auth/login"}
{"level":30,"time":"2026-04-19T12:06:46.912Z","pid":826,"hostname":"b4fd557d2fd1","module":"auth","action":"login","userId":"b8731430-5fce-4bd0-b728-b1f8e479930e","username":"planner","msg":"[auth][login] User logged in"}
{"level":30,"time":"2026-04-19T12:06:46.912Z","pid":826,"hostname":"b4fd557d2fd1","module":"http","action":"response","method":"POST","url":"/auth/login","statusCode":200,"responseTime":108.33686299994588,"msg":"[http][response] [http][response] POST /auth/login 200 108.3ms"}
{"level":30,"time":"2026-04-19T12:06:46.919Z","pid":826,"hostname":"b4fd557d2fd1","module":"http","action":"request","method":"GET","url":"/admin/backups/runs","msg":"[http][request] [http][request] GET /admin/backups/runs"}
{"level":20,"time":"2026-04-19T12:06:46.921Z","pid":826,"hostname":"b4fd557d2fd1","module":"backup:service","action":"getBackupRuns","limit":50,"msg":"[backup:service][getBackupRuns] Listing backup runs"}
{"level":30,"time":"2026-04-19T12:06:46.924Z","pid":826,"hostname":"b4fd557d2fd1","module":"backup:routes","action":"listRuns","count":1,"msg":"[backup:routes][listRuns] Listed backup runs"}
{"level":30,"time":"2026-04-19T12:06:46.924Z","pid":826,"hostname":"b4fd557d2fd1","module":"http","action":"response","method":"GET","url":"/admin/backups/runs","statusCode":200,"responseTime":4.545100999996066,"msg":"[http][response] [http][response] GET /admin/backups/runs 200 4.5ms"}
{"level":30,"time":"2026-04-19T12:06:46.925Z","pid":826,"hostname":"b4fd557d2fd1","module":"http","action":"request","method":"GET","url":"/admin/backups/runs","msg":"[http][request] [http][request] GET /admin/backups/runs"}
{"level":30,"time":"2026-04-19T12:06:46.926Z","pid":826,"hostname":"b4fd557d2fd1","module":"http","action":"response","method":"GET","url":"/admin/backups/runs","statusCode":403,"responseTime":1.746735000051558,"msg":"[http][response] [http][response] GET /admin/backups/runs 403 1.7ms"}
{"level":30,"time":"2026-04-19T12:06:46.927Z","pid":826,"hostname":"b4fd557d2fd1","module":"http","action":"request","method":"POST","url":"/admin/backups/restore-test","msg":"[http][request] [http][request] POST /admin/backups/restore-test"}
{"level":30,"time":"2026-04-19T12:06:46.929Z","pid":826,"hostname":"b4fd557d2fd1","module":"backup:service","action":"recordDrill","backupRunId":"c7962d66-5c1a-44f3-abef-246e46450737","quarter":"2025-Q2","msg":"[backup:service][recordDrill] Recording restore test drill"}
{"level":30,"time":"2026-04-19T12:06:46.950Z","pid":826,"hostname":"b4fd557d2fd1","module":"audit","action":"write","eventId":null,"subjectType":"drill_run","subjectId":"25685bf5-cf4b-40b2-9177-5c1109954f72","auditAction":"record_drill","msg":"[audit][write] Audit recorded: record_drill on drill_run 25685bf5-cf4b-40b2-9177-5c1109954f72"}
{"level":30,"time":"2026-04-19T12:06:46.950Z","pid":826,"hostname":"b4fd557d2fd1","module":"backup:service","action":"recordDrill","drillId":"25685bf5-cf4b-40b2-9177-5c1109954f72","msg":"[backup:service][recordDrill] Restore drill recorded"}
{"level":30,"time":"2026-04-19T12:06:46.950Z","pid":826,"hostname":"b4fd557d2fd1","module":"backup:routes","action":"recordDrill","drillId":"25685bf5-cf4b-40b2-9177-5c1109954f72","msg":"[backup:routes][recordDrill] Restore test drill recorded"}
{"level":30,"time":"2026-04-19T12:06:46.950Z","pid":826,"hostname":"b4fd557d2fd1","module":"http","action":"response","method":"POST","url":"/admin/backups/restore-test","statusCode":201,"responseTime":22.990708999335766,"msg":"[http][response] [http][response] POST /admin/backups/restore-test 201 23.0ms"}
{"level":30,"time":"2026-04-19T12:06:46.951Z","pid":826,"hostname":"b4fd557d2fd1","module":"http","action":"request","method":"POST","url":"/admin/backups/restore-test","msg":"[http][request] [http][request] POST /admin/backups/restore-test"}
{"level":30,"time":"2026-04-19T12:06:46.953Z","pid":826,"hostname":"b4fd557d2fd1","module":"http","action":"response","method":"POST","url":"/admin/backups/restore-test","statusCode":403,"responseTime":2.05146099999547,"msg":"[http][response] [http][response] POST /admin/backups/restore-test 403 2.1ms"}
{"level":30,"time":"2026-04-19T12:06:46.954Z","pid":826,"hostname":"b4fd557d2fd1","module":"http","action":"request","method":"GET","url":"/admin/backups/drills","msg":"[http][request] [http][request] GET /admin/backups/drills"}
{"level":20,"time":"2026-04-19T12:06:46.955Z","pid":826,"hostname":"b4fd557d2fd1","module":"backup:service","action":"getRestoreTestStatus","limit":50,"msg":"[backup:service][getRestoreTestStatus] Listing drill runs"}
{"level":30,"time":"2026-04-19T12:06:46.957Z","pid":826,"hostname":"b4fd557d2fd1","module":"backup:routes","action":"listDrills","count":1,"msg":"[backup:routes][listDrills] Listed restore test drills"}
{"level":30,"time":"2026-04-19T12:06:46.957Z","pid":826,"hostname":"b4fd557d2fd1","module":"http","action":"response","method":"GET","url":"/admin/backups/drills","statusCode":200,"responseTime":3.4663300001993775,"msg":"[http][response] [http][response] GET /admin/backups/drills 200 3.5ms"}
{"level":30,"time":"2026-04-19T12:06:46.958Z","pid":826,"hostname":"b4fd557d2fd1","module":"http","action":"request","method":"GET","url":"/admin/backups/drills","msg":"[http][request] [http][request] GET /admin/backups/drills"}
{"level":30,"time":"2026-04-19T12:06:46.959Z","pid":826,"hostname":"b4fd557d2fd1","module":"http","action":"response","method":"GET","url":"/admin/backups/drills","statusCode":403,"responseTime":1.377204000018537,"msg":"[http][response] [http][response] GET /admin/backups/drills 403 1.4ms"}
 ✓ tests/integration/backup.integration.test.js > GET /admin/backups/runs (real DB) > returns backup run history for admin (200) 5ms
 ✓ tests/integration/backup.integration.test.js > GET /admin/backups/runs (real DB) > returns 403 for non-admin 2ms
 ✓ tests/integration/backup.integration.test.js > POST /admin/backups/restore-test (real DB) > records a restore-test drill (201) for admin 24ms
 ✓ tests/integration/backup.integration.test.js > POST /admin/backups/restore-test (real DB) > returns 403 for non-admin 3ms
 ✓ tests/integration/backup.integration.test.js > GET /admin/backups/drills (real DB) > returns the drill list for admin (200) 4ms
 ✓ tests/integration/backup.integration.test.js > GET /admin/backups/drills (real DB) > returns 403 for non-admin 2ms
{"level":30,"time":"2026-04-19T12:06:49.678Z","pid":826,"hostname":"b4fd557d2fd1","module":"db","action":"migrate","msg":"[db][migrate] Running database migrations"}
{"level":30,"time":"2026-04-19T12:06:49.724Z","pid":826,"hostname":"b4fd557d2fd1","module":"db","action":"migrate","msg":"[db][migrate] Database is already up to date"}
 ✓ tests/integration/response-shape-contract.integration.test.js > Event response shape contract (real DB) > POST /events wraps the created event under `data` 20ms
 ✓ tests/integration/response-shape-contract.integration.test.js > Event response shape contract (real DB) > GET /events/:id wraps detail under `data` with sub-resources 15ms
 ✓ tests/integration/response-shape-contract.integration.test.js > Attachments response shape contract (real DB) > GET /attachments?event_id=... returns an array under `data` 22ms
{"level":30,"time":"2026-04-19T12:06:50.761Z","pid":826,"hostname":"b4fd557d2fd1","module":"http","action":"request","method":"POST","url":"/auth/login","msg":"[http][request] [http][request] POST /auth/login"}
{"level":30,"time":"2026-04-19T12:06:50.901Z","pid":826,"hostname":"b4fd557d2fd1","module":"auth","action":"login","userId":"8538d606-0f45-49fe-b318-50fab5fdae06","username":"admin","msg":"[auth][login] User logged in"}
{"level":30,"time":"2026-04-19T12:06:50.902Z","pid":826,"hostname":"b4fd557d2fd1","module":"http","action":"response","method":"POST","url":"/auth/login","statusCode":200,"responseTime":141.69354000035673,"msg":"[http][response] [http][response] POST /auth/login 200 141.7ms"}
{"level":30,"time":"2026-04-19T12:06:50.903Z","pid":826,"hostname":"b4fd557d2fd1","module":"http","action":"request","method":"POST","url":"/events","msg":"[http][request] [http][request] POST /events"}
{"level":30,"time":"2026-04-19T12:06:50.906Z","pid":826,"hostname":"b4fd557d2fd1","module":"events:service","action":"createEvent","userId":"8538d606-0f45-49fe-b318-50fab5fdae06","msg":"[events:service][createEvent] Creating new event"}
{"level":20,"time":"2026-04-19T12:06:50.906Z","pid":826,"hostname":"b4fd557d2fd1","module":"events:repository","action":"create","data":{"title":"Contract Test Event","description":null,"event_date":"2025-12-10","headcount":20,"budget_amount":1500,"budget_cap":25000,"state":"draft","created_by":"8538d606-0f45-49fe-b318-50fab5fdae06"},"msg":"[events:repository][create] Creating event"}
{"level":30,"time":"2026-04-19T12:06:50.921Z","pid":826,"hostname":"b4fd557d2fd1","module":"audit","action":"write","eventId":"7b8bd3ae-1420-4571-aea3-5ea56310818d","subjectType":"event","subjectId":"7b8bd3ae-1420-4571-aea3-5ea56310818d","auditAction":"create","msg":"[audit][write] Audit recorded: create on event 7b8bd3ae-1420-4571-aea3-5ea56310818d"}
{"level":30,"time":"2026-04-19T12:06:50.921Z","pid":826,"hostname":"b4fd557d2fd1","module":"events:routes","action":"create","eventId":"7b8bd3ae-1420-4571-aea3-5ea56310818d","msg":"[events:routes][create] Event created"}
{"level":30,"time":"2026-04-19T12:06:50.922Z","pid":826,"hostname":"b4fd557d2fd1","module":"http","action":"response","method":"POST","url":"/events","statusCode":201,"responseTime":18.409285000525415,"msg":"[http][response] [http][response] POST /events 201 18.4ms"}
{"level":30,"time":"2026-04-19T12:06:50.923Z","pid":826,"hostname":"b4fd557d2fd1","module":"http","action":"request","method":"GET","url":"/events/7b8bd3ae-1420-4571-aea3-5ea56310818d","msg":"[http][request] [http][request] GET /events/7b8bd3ae-1420-4571-aea3-5ea56310818d"}
{"level":20,"time":"2026-04-19T12:06:50.925Z","pid":826,"hostname":"b4fd557d2fd1","module":"events:repository","action":"findById","id":"7b8bd3ae-1420-4571-aea3-5ea56310818d","msg":"[events:repository][findById] Looking up event by id"}
{"level":20,"time":"2026-04-19T12:06:50.927Z","pid":826,"hostname":"b4fd557d2fd1","module":"events:repository","action":"getServiceWindows","eventId":"7b8bd3ae-1420-4571-aea3-5ea56310818d","msg":"[events:repository][getServiceWindows] Listing service windows"}
{"level":20,"time":"2026-04-19T12:06:50.927Z","pid":826,"hostname":"b4fd557d2fd1","module":"events:repository","action":"getMaterials","eventId":"7b8bd3ae-1420-4571-aea3-5ea56310818d","msg":"[events:repository][getMaterials] Listing materials"}
{"level":20,"time":"2026-04-19T12:06:50.927Z","pid":826,"hostname":"b4fd557d2fd1","module":"events:repository","action":"getResourceRequests","eventId":"7b8bd3ae-1420-4571-aea3-5ea56310818d","msg":"[events:repository][getResourceRequests] Listing resource requests"}
{"level":30,"time":"2026-04-19T12:06:50.937Z","pid":826,"hostname":"b4fd557d2fd1","module":"events:routes","action":"getById","eventId":"7b8bd3ae-1420-4571-aea3-5ea56310818d","msg":"[events:routes][getById] Retrieved event by id"}
{"level":30,"time":"2026-04-19T12:06:50.937Z","pid":826,"hostname":"b4fd557d2fd1","module":"http","action":"response","method":"GET","url":"/events/7b8bd3ae-1420-4571-aea3-5ea56310818d","statusCode":200,"responseTime":14.134650999680161,"msg":"[http][response] [http][response] GET /events/7b8bd3ae-1420-4571-aea3-5ea56310818d 200 14.1ms"}
{"level":30,"time":"2026-04-19T12:06:50.938Z","pid":826,"hostname":"b4fd557d2fd1","module":"http","action":"request","method":"POST","url":"/events","msg":"[http][request] [http][request] POST /events"}
{"level":30,"time":"2026-04-19T12:06:50.942Z","pid":826,"hostname":"b4fd557d2fd1","module":"events:service","action":"createEvent","userId":"8538d606-0f45-49fe-b318-50fab5fdae06","msg":"[events:service][createEvent] Creating new event"}
{"level":20,"time":"2026-04-19T12:06:50.942Z","pid":826,"hostname":"b4fd557d2fd1","module":"events:repository","action":"create","data":{"title":"Attachments Contract Event","description":null,"event_date":"2025-12-11","headcount":10,"budget_amount":500,"budget_cap":25000,"state":"draft","created_by":"8538d606-0f45-49fe-b318-50fab5fdae06"},"msg":"[events:repository][create] Creating event"}
{"level":30,"time":"2026-04-19T12:06:50.954Z","pid":826,"hostname":"b4fd557d2fd1","module":"audit","action":"write","eventId":"40fced70-e1ad-4849-8fc3-4e2c347118b5","subjectType":"event","subjectId":"40fced70-e1ad-4849-8fc3-4e2c347118b5","auditAction":"create","msg":"[audit][write] Audit recorded: create on event 40fced70-e1ad-4849-8fc3-4e2c347118b5"}
{"level":30,"time":"2026-04-19T12:06:50.954Z","pid":826,"hostname":"b4fd557d2fd1","module":"events:routes","action":"create","eventId":"40fced70-e1ad-4849-8fc3-4e2c347118b5","msg":"[events:routes][create] Event created"}
{"level":30,"time":"2026-04-19T12:06:50.954Z","pid":826,"hostname":"b4fd557d2fd1","module":"http","action":"response","method":"POST","url":"/events","statusCode":201,"responseTime":16.30705299973488,"msg":"[http][response] [http][response] POST /events 201 16.3ms"}
{"level":30,"time":"2026-04-19T12:06:50.955Z","pid":826,"hostname":"b4fd557d2fd1","module":"http","action":"request","method":"GET","url":"/attachments?event_id=40fced70-e1ad-4849-8fc3-4e2c347118b5","msg":"[http][request] [http][request] GET /attachments?event_id=40fced70-e1ad-4849-8fc3-4e2c347118b5"}
{"level":20,"time":"2026-04-19T12:06:50.957Z","pid":826,"hostname":"b4fd557d2fd1","module":"attachments:repository","action":"findByEvent","eventId":"40fced70-e1ad-4849-8fc3-4e2c347118b5","msg":"[attachments:repository][findByEvent] Listing attachments for event"}
{"level":30,"time":"2026-04-19T12:06:50.959Z","pid":826,"hostname":"b4fd557d2fd1","module":"http","action":"response","method":"GET","url":"/attachments?event_id=40fced70-e1ad-4849-8fc3-4e2c347118b5","statusCode":200,"responseTime":4.165043999440968,"msg":"[http][response] [http][response] GET /attachments?event_id=40fced70-e1ad-4849-8fc3-4e2c347118b5 200 4.2ms"}
{"level":30,"time":"2026-04-19T12:06:53.284Z","pid":826,"hostname":"b4fd557d2fd1","module":"db","action":"migrate","msg":"[db][migrate] Running database migrations"}
{"level":30,"time":"2026-04-19T12:06:53.333Z","pid":826,"hostname":"b4fd557d2fd1","module":"db","action":"migrate","msg":"[db][migrate] Database is already up to date"}
{"level":30,"time":"2026-04-19T12:06:54.320Z","pid":826,"hostname":"b4fd557d2fd1","module":"http","action":"request","method":"POST","url":"/auth/login","msg":"[http][request] [http][request] POST /auth/login"}
{"level":30,"time":"2026-04-19T12:06:54.465Z","pid":826,"hostname":"b4fd557d2fd1","module":"auth","action":"login","userId":"538b0b43-852b-4fc1-a98a-8445fad44ea8","username":"admin","msg":"[auth][login] User logged in"}
{"level":30,"time":"2026-04-19T12:06:54.465Z","pid":826,"hostname":"b4fd557d2fd1","module":"http","action":"response","method":"POST","url":"/auth/login","statusCode":200,"responseTime":145.12937400024384,"msg":"[http][response] [http][response] POST /auth/login 200 145.1ms"}
{"level":30,"time":"2026-04-19T12:06:54.465Z","pid":826,"hostname":"b4fd557d2fd1","module":"http","action":"request","method":"POST","url":"/auth/login","msg":"[http][request] [http][request] POST /auth/login"}
{"level":30,"time":"2026-04-19T12:06:54.588Z","pid":826,"hostname":"b4fd557d2fd1","module":"auth","action":"login","userId":"bebbc37c-cc34-4891-bbd9-22c7454b3236","username":"planner","msg":"[auth][login] User logged in"}
{"level":30,"time":"2026-04-19T12:06:54.589Z","pid":826,"hostname":"b4fd557d2fd1","module":"http","action":"response","method":"POST","url":"/auth/login","statusCode":200,"responseTime":123.26018500048667,"msg":"[http][response] [http][response] POST /auth/login 200 123.3ms"}
{"level":30,"time":"2026-04-19T12:06:54.590Z","pid":826,"hostname":"b4fd557d2fd1","module":"http","action":"request","method":"POST","url":"/admin/cache/purge","msg":"[http][request] [http][request] POST /admin/cache/purge"}
{"level":30,"time":"2026-04-19T12:06:54.594Z","pid":826,"hostname":"b4fd557d2fd1","module":"cache","action":"purge","msg":"[cache][purge] [cache][purge] Flushed in-memory cache"}
{"level":30,"time":"2026-04-19T12:06:54.594Z","pid":826,"hostname":"b4fd557d2fd1","module":"admin:cache","action":"purgeAll","userId":"538b0b43-852b-4fc1-a98a-8445fad44ea8","msg":"[admin:cache][purgeAll] [admin:cache][purgeAll] Entire cache purged by admin"}
{"level":50,"time":"2026-04-19T12:06:54.597Z","pid":826,"hostname":"b4fd557d2fd1","module":"audit","action":"write","err":{"type":"DatabaseError","message":"insert into \"audit_trail\" (\"action\", \"actor_user_id\", \"after_json\", \"before_json\", \"created_at\", \"event_id\", \"notes\", \"subject_id\", \"subject_type\") values ($1, $2, $3, $4, $5, $6, $7, $8, $9) - invalid input syntax for type uuid: \"all\"","stack":"error: insert into \"audit_trail\" (\"action\", \"actor_user_id\", \"after_json\", \"before_json\", \"created_at\", \"event_id\", \"notes\", \"subject_id\", \"subject_type\") values ($1, $2, $3, $4, $5, $6, $7, $8, $9) - invalid input syntax for type uuid: \"all\"\n    at parseErrorMessage (/app/node_modules/pg-protocol/src/parser.ts:394:9)\n    at Parser.handlePacket (/app/node_modules/pg-protocol/src/parser.ts:212:19)\n    at Parser.parse (/app/node_modules/pg-protocol/src/parser.ts:105:30)\n    at Socket.<anonymous> (/app/node_modules/pg-protocol/src/index.ts:7:48)\n    at Socket.emit (node:events:524:28)\n    at addChunk (node:internal/streams/readable:561:12)\n    at readableAddChunkPushByteMode (node:internal/streams/readable:512:3)\n    at Socket.Readable.push (node:internal/streams/readable:392:5)\n    at TCP.onStreamRead (node:internal/stream_base_commons:191:23)","length":135,"name":"error","severity":"ERROR","code":"22P02","where":"unnamed portal parameter $8 = '...'","file":"uuid.c","line":"133","routine":"string_to_uuid"},"eventId":null,"subjectType":"cache","subjectId":"all","msg":"[audit][write] Failed to write audit trail entry"}
{"level":50,"time":"2026-04-19T12:06:54.598Z","pid":826,"hostname":"b4fd557d2fd1","module":"admin:cache","action":"auditError","err":{"type":"DatabaseError","message":"insert into \"audit_trail\" (\"action\", \"actor_user_id\", \"after_json\", \"before_json\", \"created_at\", \"event_id\", \"notes\", \"subject_id\", \"subject_type\") values ($1, $2, $3, $4, $5, $6, $7, $8, $9) - invalid input syntax for type uuid: \"all\"","stack":"error: insert into \"audit_trail\" (\"action\", \"actor_user_id\", \"after_json\", \"before_json\", \"created_at\", \"event_id\", \"notes\", \"subject_id\", \"subject_type\") values ($1, $2, $3, $4, $5, $6, $7, $8, $9) - invalid input syntax for type uuid: \"all\"\n    at parseErrorMessage (/app/node_modules/pg-protocol/src/parser.ts:394:9)\n    at Parser.handlePacket (/app/node_modules/pg-protocol/src/parser.ts:212:19)\n    at Parser.parse (/app/node_modules/pg-protocol/src/parser.ts:105:30)\n    at Socket.<anonymous> (/app/node_modules/pg-protocol/src/index.ts:7:48)\n    at Socket.emit (node:events:524:28)\n    at addChunk (node:internal/streams/readable:561:12)\n    at readableAddChunkPushByteMode (node:internal/streams/readable:512:3)\n    at Socket.Readable.push (node:internal/streams/readable:392:5)\n    at TCP.onStreamRead (node:internal/stream_base_commons:191:23)","length":135,"name":"error","severity":"ERROR","code":"22P02","where":"unnamed portal parameter $8 = '...'","file":"uuid.c","line":"133","routine":"string_to_uuid"},"msg":"[admin:cache][auditError] [admin:cache][auditError] Failed to write audit entry for cache purge"}
{"level":30,"time":"2026-04-19T12:06:54.598Z","pid":826,"hostname":"b4fd557d2fd1","module":"http","action":"response","method":"POST","url":"/admin/cache/purge","statusCode":200,"responseTime":8.2957300003618,"msg":"[http][response] [http][response] POST /admin/cache/purge 200 8.3ms"}
{"level":30,"time":"2026-04-19T12:06:54.599Z","pid":826,"hostname":"b4fd557d2fd1","module":"http","action":"request","method":"POST","url":"/admin/cache/purge","msg":"[http][request] [http][request] POST /admin/cache/purge"}
{"level":20,"time":"2026-04-19T12:06:54.602Z","pid":826,"hostname":"b4fd557d2fd1","module":"cache","action":"del","key":"some:cache:key","msg":"[cache][del] [cache][del] Deleted some:cache:key"}
{"level":30,"time":"2026-04-19T12:06:54.603Z","pid":826,"hostname":"b4fd557d2fd1","module":"admin:cache","action":"purgeKey","key":"some:cache:key","userId":"538b0b43-852b-4fc1-a98a-8445fad44ea8","msg":"[admin:cache][purgeKey] [admin:cache][purgeKey] Cache key \"some:cache:key\" purged by admin"}
{"level":50,"time":"2026-04-19T12:06:54.604Z","pid":826,"hostname":"b4fd557d2fd1","module":"audit","action":"write","err":{"type":"DatabaseError","message":"insert into \"audit_trail\" (\"action\", \"actor_user_id\", \"after_json\", \"before_json\", \"created_at\", \"event_id\", \"notes\", \"subject_id\", \"subject_type\") values ($1, $2, $3, $4, $5, $6, $7, $8, $9) - invalid input syntax for type uuid: \"some:cache:key\"","stack":"error: insert into \"audit_trail\" (\"action\", \"actor_user_id\", \"after_json\", \"before_json\", \"created_at\", \"event_id\", \"notes\", \"subject_id\", \"subject_type\") values ($1, $2, $3, $4, $5, $6, $7, $8, $9) - invalid input syntax for type uuid: \"some:cache:key\"\n    at parseErrorMessage (/app/node_modules/pg-protocol/src/parser.ts:394:9)\n    at Parser.handlePacket (/app/node_modules/pg-protocol/src/parser.ts:212:19)\n    at Parser.parse (/app/node_modules/pg-protocol/src/parser.ts:105:30)\n    at Socket.<anonymous> (/app/node_modules/pg-protocol/src/index.ts:7:48)\n    at Socket.emit (node:events:524:28)\n    at addChunk (node:internal/streams/readable:561:12)\n    at readableAddChunkPushByteMode (node:internal/streams/readable:512:3)\n    at Socket.Readable.push (node:internal/streams/readable:392:5)\n    at TCP.onStreamRead (node:internal/stream_base_commons:191:23)","length":146,"name":"error","severity":"ERROR","code":"22P02","where":"unnamed portal parameter $8 = '...'","file":"uuid.c","line":"133","routine":"string_to_uuid"},"eventId":null,"subjectType":"cache","subjectId":"some:cache:key","msg":"[audit][write] Failed to write audit trail entry"}
{"level":50,"time":"2026-04-19T12:06:54.605Z","pid":826,"hostname":"b4fd557d2fd1","module":"admin:cache","action":"auditError","err":{"type":"DatabaseError","message":"insert into \"audit_trail\" (\"action\", \"actor_user_id\", \"after_json\", \"before_json\", \"created_at\", \"event_id\", \"notes\", \"subject_id\", \"subject_type\") values ($1, $2, $3, $4, $5, $6, $7, $8, $9) - invalid input syntax for type uuid: \"some:cache:key\"","stack":"error: insert into \"audit_trail\" (\"action\", \"actor_user_id\", \"after_json\", \"before_json\", \"created_at\", \"event_id\", \"notes\", \"subject_id\", \"subject_type\") values ($1, $2, $3, $4, $5, $6, $7, $8, $9) - invalid input syntax for type uuid: \"some:cache:key\"\n    at parseErrorMessage (/app/node_modules/pg-protocol/src/parser.ts:394:9)\n    at Parser.handlePacket (/app/node_modules/pg-protocol/src/parser.ts:212:19)\n    at Parser.parse (/app/node_modules/pg-protocol/src/parser.ts:105:30)\n    at Socket.<anonymous> (/app/node_modules/pg-protocol/src/index.ts:7:48)\n    at Socket.emit (node:events:524:28)\n    at addChunk (node:internal/streams/readable:561:12)\n    at readableAddChunkPushByteMode (node:internal/streams/readable:512:3)\n    at Socket.Readable.push (node:internal/streams/readable:392:5)\n    at TCP.onStreamRead (node:internal/stream_base_commons:191:23)","length":146,"name":"error","severity":"ERROR","code":"22P02","where":"unnamed portal parameter $8 = '...'","file":"uuid.c","line":"133","routine":"string_to_uuid"},"msg":"[admin:cache][auditError] [admin:cache][auditError] Failed to write audit entry for cache purge"}
{"level":30,"time":"2026-04-19T12:06:54.606Z","pid":826,"hostname":"b4fd557d2fd1","module":"http","action":"response","method":"POST","url":"/admin/cache/purge","statusCode":200,"responseTime":6.352932000532746,"msg":"[http][response] [http][response] POST /admin/cache/purge 200 6.4ms"}
{"level":30,"time":"2026-04-19T12:06:54.606Z","pid":826,"hostname":"b4fd557d2fd1","module":"http","action":"request","method":"POST","url":"/admin/cache/purge","msg":"[http][request] [http][request] POST /admin/cache/purge"}
{"level":30,"time":"2026-04-19T12:06:54.610Z","pid":826,"hostname":"b4fd557d2fd1","module":"http","action":"response","method":"POST","url":"/admin/cache/purge","statusCode":403,"responseTime":3.5148729998618364,"msg":"[http][response] [http][response] POST /admin/cache/purge 403 3.5ms"}
{"level":30,"time":"2026-04-19T12:06:54.611Z","pid":826,"hostname":"b4fd557d2fd1","module":"http","action":"request","method":"GET","url":"/admin/cache/stats","msg":"[http][request] [http][request] GET /admin/cache/stats"}
{"level":30,"time":"2026-04-19T12:06:54.613Z","pid":826,"hostname":"b4fd557d2fd1","module":"admin:cache","action":"stats","userId":"538b0b43-852b-4fc1-a98a-8445fad44ea8","msg":"[admin:cache][stats] [admin:cache][stats] Cache stats requested"}
{"level":30,"time":"2026-04-19T12:06:54.614Z","pid":826,"hostname":"b4fd557d2fd1","module":"http","action":"response","method":"GET","url":"/admin/cache/stats","statusCode":200,"responseTime":2.873056000098586,"msg":"[http][response] [http][response] GET /admin/cache/stats 200 2.9ms"}
{"level":30,"time":"2026-04-19T12:06:54.615Z","pid":826,"hostname":"b4fd557d2fd1","module":"http","action":"request","method":"GET","url":"/admin/cache/stats","msg":"[http][request] [http][request] GET /admin/cache/stats"}
{"level":30,"time":"2026-04-19T12:06:54.619Z","pid":826,"hostname":"b4fd557d2fd1","module":"http","action":"response","method":"GET","url":"/admin/cache/stats","statusCode":403,"responseTime":3.4081279998645186,"msg":"[http][response] [http][response] GET /admin/cache/stats 403 3.4ms"}
 ✓ tests/integration/cache-admin.integration.test.js > POST /admin/cache/purge (real DB) > purges the cache for admin (200) 9ms
 ✓ tests/integration/cache-admin.integration.test.js > POST /admin/cache/purge (real DB) > purges a specific key for admin (200) 7ms
 ✓ tests/integration/cache-admin.integration.test.js > POST /admin/cache/purge (real DB) > returns 403 for a non-admin caller 4ms
 ✓ tests/integration/cache-admin.integration.test.js > GET /admin/cache/stats (real DB) > returns a stats payload for admin (200) 4ms
 ✓ tests/integration/cache-admin.integration.test.js > GET /admin/cache/stats (real DB) > returns 403 for a non-admin caller 4ms

 Test Files  28 passed (28)
      Tests  270 passed (270)
   Start at  12:04:54
   Duration  128.08s (transform 862ms, setup 0ms, collect 2.11s, tests 125.35s, environment 0ms, prepare 136ms)

[0;34m━━━ Frontend Tests (Docker) ━━━[0m

 RUN  v2.1.9 /app

 ✓ tests/unit/components.test.js > Auth Store (authState) > exports > exports authState as the primary store
 ✓ tests/unit/auth-store.test.js > authState > module exports > exports authState
 ✓ tests/unit/components.test.js > Auth Store (authState) > exports > exports authStore as an alias for authState
 ✓ tests/unit/components.test.js > Auth Store (authState) > initial state > has null user initially
 ✓ tests/unit/components.test.js > Auth Store (authState) > initial state > has null token initially
 ✓ tests/unit/auth-store.test.js > authState > module exports > exports authStore as alias for authState
 ✓ tests/unit/auth-store.test.js > authState > module exports > authState has all expected methods
 ✓ tests/unit/auth-store.test.js > authState > initial state > has null user initially
 ✓ tests/unit/components.test.js > Auth Store (authState) > initial state > has null refreshToken initially
 ✓ tests/unit/auth-store.test.js > authState > initial state > has null token initially
 ✓ tests/unit/auth-store.test.js > authState > initial state > has null refreshToken initially
 ✓ tests/unit/components.test.js > Auth Store (authState) > initial state > has empty permissions array initially
 ✓ tests/unit/api-client.test.js > API client exports > exports get function
 ✓ tests/unit/form-validation.test.js > validateLogin > produces error when username is empty
 ✓ tests/unit/form-validation.test.js > validateLogin > produces error when username has only whitespace
 ✓ tests/unit/form-validation.test.js > validateLogin > produces error when username is less than 3 characters
 ✓ tests/unit/form-validation.test.js > validateLogin > accepts username with exactly 3 characters
 ✓ tests/unit/form-validation.test.js > validateLogin > produces error when password is empty
 ✓ tests/unit/form-validation.test.js > validateLogin > produces error when password is less than 8 characters
 ✓ tests/unit/form-validation.test.js > validateLogin > accepts password with exactly 8 characters
 ✓ tests/unit/form-validation.test.js > validateLogin > returns no errors for valid inputs
 ✓ tests/unit/form-validation.test.js > validateLogin > returns multiple errors when both fields are invalid
 ✓ tests/unit/form-validation.test.js > validateLogin > uses defaults when called with empty object
 ✓ tests/unit/form-validation.test.js > validateEvent > produces error when title is empty
 ✓ tests/unit/form-validation.test.js > validateEvent > produces error when title is only whitespace
 ✓ tests/unit/form-validation.test.js > validateEvent > produces error when event date is empty
 ✓ tests/unit/form-validation.test.js > validateEvent > produces error when headcount is 0
 ✓ tests/unit/form-validation.test.js > validateEvent > produces error when headcount is negative
 ✓ tests/unit/form-validation.test.js > validateEvent > accepts headcount of 1
 ✓ tests/unit/form-validation.test.js > validateEvent > accepts large headcount
 ✓ tests/unit/form-validation.test.js > validateEvent > produces error when budget is negative
 ✓ tests/unit/form-validation.test.js > validateEvent > accepts zero budget
 ✓ tests/unit/form-validation.test.js > validateEvent > returns no errors for valid event data
 ✓ tests/unit/form-validation.test.js > validateRegister > produces error when username is empty
 ✓ tests/unit/form-validation.test.js > validateRegister > produces error when username is less than 3 characters
 ✓ tests/unit/form-validation.test.js > validateRegister > produces error when username exceeds 100 characters
 ✓ tests/unit/form-validation.test.js > validateRegister > accepts username at exactly 100 characters
 ✓ tests/unit/form-validation.test.js > validateRegister > produces error when password is empty
 ✓ tests/unit/form-validation.test.js > validateRegister > produces error when password is less than 8 characters
 ✓ tests/unit/form-validation.test.js > validateRegister > produces error when passwords do not match
 ✓ tests/unit/form-validation.test.js > validateRegister > returns no confirmPassword error when passwords match
 ✓ tests/unit/form-validation.test.js > validateRegister > returns no errors for fully valid registration
 ✓ tests/unit/form-validation.test.js > validateRegister > can return multiple errors simultaneously
 ✓ tests/unit/form-validation.test.js > validateServiceWindow > produces error when label is empty
 ✓ tests/unit/form-validation.test.js > validateServiceWindow > produces error when label is null/undefined
 ✓ tests/unit/form-validation.test.js > validateServiceWindow > produces error when label is only whitespace
 ✓ tests/unit/form-validation.test.js > validateServiceWindow > produces error when start_at is missing
 ✓ tests/unit/form-validation.test.js > validateServiceWindow > produces error when end_at is missing
 ✓ tests/unit/form-validation.test.js > validateServiceWindow > produces error when end time is before start time
 ✓ tests/unit/form-validation.test.js > validateServiceWindow > produces error when end time equals start time
 ✓ tests/unit/form-validation.test.js > validateServiceWindow > returns no errors for valid service window
 ✓ tests/unit/form-validation.test.js > validateServiceWindow > accepts an optional existingWindows parameter without error
 ✓ tests/unit/auth-store.test.js > authState > initial state > has empty permissions array initially
 ✓ tests/unit/api-client.test.js > API client exports > exports post function
 ✓ tests/unit/components.test.js > Auth Store (authState) > initial state > has empty roles array initially
 ✓ tests/unit/route-guards.test.js > navItems > is a non-empty array
 ✓ tests/unit/route-guards.test.js > navItems > each item has route, label, and permissions
 ✓ tests/unit/route-guards.test.js > navItems > contains a Dashboard item with no required permissions
 ✓ tests/unit/route-guards.test.js > navItems > contains all expected routes
 ✓ tests/unit/route-guards.test.js > PUBLIC_PATHS > is a non-empty array of strings
 ✓ tests/unit/route-guards.test.js > PUBLIC_PATHS > includes /login and /register
 ✓ tests/unit/route-guards.test.js > PUBLIC_PATHS > includes password recovery paths
 ✓ tests/unit/route-guards.test.js > shouldRedirectToLogin > returns false for authenticated users on protected routes
 ✓ tests/unit/route-guards.test.js > shouldRedirectToLogin > returns false for authenticated users on public routes
 ✓ tests/unit/route-guards.test.js > shouldRedirectToLogin > returns true for unauthenticated users on protected routes
 ✓ tests/unit/route-guards.test.js > shouldRedirectToLogin > returns false for unauthenticated users on public paths
 ✓ tests/unit/route-guards.test.js > shouldRedirectToLogin > handles path prefixes correctly (sub-paths of public paths)
 ✓ tests/unit/route-guards.test.js > getVisibleNavItems > user without any permissions sees only Dashboard
 ✓ tests/unit/route-guards.test.js > getVisibleNavItems > user with event:read sees Dashboard and Events
 ✓ tests/unit/route-guards.test.js > getVisibleNavItems > admin with all nav permissions sees all items
 ✓ tests/unit/route-guards.test.js > getVisibleNavItems > event planner sees limited navigation
 ✓ tests/unit/route-guards.test.js > getVisibleNavItems > approver sees Approvals nav item
 ✓ tests/unit/route-guards.test.js > getVisibleNavItems > Dashboard is always visible regardless of permissions
 ✓ tests/unit/route-guards.test.js > getVisibleNavItems > entitlement:redeem grants access to Entitlements but NOT Check-In
 ✓ tests/unit/route-guards.test.js > getVisibleNavItems > event:service grants access to Check-In
 ✓ tests/unit/route-guards.test.js > getVisibleNavItems > defaults to empty array when called with no arguments
 ✓ tests/unit/components.test.js > Auth Store (authState) > initial state > isAuthenticated is false initially
 ✓ tests/unit/auth-store.test.js > authState > initial state > has empty roles array initially
 ✓ tests/unit/api-client.test.js > API client exports > exports put function
 ✓ tests/unit/api-client.test.js > API client exports > exports patch function
 ✓ tests/unit/components.test.js > Auth Store (authState) > login() > sets user after login
 ✓ tests/unit/components.test.js > Auth Store (authState) > login() > sets token after login
 ✓ tests/unit/components.test.js > Auth Store (authState) > login() > sets refreshToken after login
 ✓ tests/unit/auth-store.test.js > authState > initial state > isAuthenticated is false initially
 ✓ tests/unit/auth-store.test.js > authState > login() > sets user after login
 ✓ tests/unit/auth-store.test.js > authState > login() > sets token after login
 ✓ tests/unit/api-client.test.js > API client exports > exports del function
 ✓ tests/unit/components.test.js > Auth Store (authState) > login() > sets roles after login
 ✓ tests/unit/auth-store.test.js > authState > login() > sets refreshToken after login
 ✓ tests/unit/api-client.test.js > API client exports > exports upload function
 ✓ tests/unit/auth-store.test.js > authState > login() > sets roles after login
 ✓ tests/unit/auth-store.test.js > authState > login() > sets permissions after login
 ✓ tests/unit/auth-store.test.js > authState > login() > isAuthenticated is true after login
 ✓ tests/unit/components.test.js > Auth Store (authState) > login() > sets permissions after login
 ✓ tests/unit/components.test.js > Auth Store (authState) > login() > isAuthenticated is true after login
 ✓ tests/unit/components.test.js > Auth Store (authState) > login() > persists to sessionStorage
 ✓ tests/unit/api-client.test.js > API client exports > exports a default object with all methods
 ✓ tests/unit/auth-store.test.js > authState > login() > persists to sessionStorage
 ✓ tests/unit/auth-store.test.js > authState > login() > falls back to user.roles when roles param is empty
 ✓ tests/unit/components.test.js > Auth Store (authState) > login() > falls back to user.roles when roles param is empty
 ✓ tests/unit/api-client.test.js > API client - get() > makes a GET request with Authorization header
 ✓ tests/unit/auth-store.test.js > authState > login() > uses provided roles when both roles and user.roles exist
 ✓ tests/unit/components.test.js > Auth Store (authState) > logout() > clears all state
 ✓ tests/unit/components.test.js > Auth Store (authState) > logout() > isAuthenticated is false after logout
 ✓ tests/unit/components.test.js > Auth Store (authState) > logout() > removes session from sessionStorage
 ✓ tests/unit/components.test.js > Auth Store (authState) > hasPermission() > returns true for an existing permission
 ✓ tests/unit/components.test.js > Auth Store (authState) > hasPermission() > returns false for a non-existing permission
 ✓ tests/unit/auth-store.test.js > authState > login() > defaults permissions to empty array if not provided
 ✓ tests/unit/auth-store.test.js > authState > logout() > clears all state
 ✓ tests/unit/auth-store.test.js > authState > logout() > isAuthenticated is false after logout
 ✓ tests/unit/auth-store.test.js > authState > logout() > removes session from sessionStorage
 ✓ tests/unit/auth-store.test.js > authState > refresh() > updates tokens without changing user or permissions
 ✓ tests/unit/api-client.test.js > API client - get() > returns { data, error: null } on success
 ✓ tests/unit/api-client.test.js > API client - get() > prepends base URL to relative paths
 ✓ tests/unit/component-logic.test.js > Badge variant logic (ui-helpers) > every known status maps to a distinct CSS class string
 ✓ tests/unit/component-logic.test.js > Badge variant logic (ui-helpers) > unknown variants fall back to info
 ✓ tests/unit/component-logic.test.js > Badge variant logic (ui-helpers) > all variants include bg-, text-, and border- classes
 ✓ tests/unit/component-logic.test.js > Badge variant logic (ui-helpers) > getBadgeClass is pure: same input always gives same output
 ✓ tests/unit/component-logic.test.js > Badge variant logic (ui-helpers) > each status has appropriate color associations
 ✓ tests/unit/component-logic.test.js > Pagination behavioral contract > standard first page displays correct range text
 ✓ tests/unit/component-logic.test.js > Pagination behavioral contract > last partial page clamps end to total
 ✓ tests/unit/component-logic.test.js > Pagination behavioral contract > zero items shows "0 to 0 of 0"
 ✓ tests/unit/component-logic.test.js > Pagination behavioral contract > previous disabled on page 1, next enabled
 ✓ tests/unit/component-logic.test.js > Pagination behavioral contract > next disabled on last page, previous enabled
 ✓ tests/unit/component-logic.test.js > Pagination behavioral contract > page numbers generation for small set returns sequential
 ✓ tests/unit/component-logic.test.js > Pagination behavioral contract > page numbers generation for large set collapses with ellipsis
 ✓ tests/unit/component-logic.test.js > File upload validation behavioral contract > PDF passes validation
 ✓ tests/unit/component-logic.test.js > File upload validation behavioral contract > PNG passes validation
 ✓ tests/unit/component-logic.test.js > File upload validation behavioral contract > JPEG passes validation
 ✓ tests/unit/component-logic.test.js > File upload validation behavioral contract > WebP passes validation
 ✓ tests/unit/component-logic.test.js > File upload validation behavioral contract > ZIP fails validation
 ✓ tests/unit/component-logic.test.js > File upload validation behavioral contract > EXE fails validation
 ✓ tests/unit/component-logic.test.js > File upload validation behavioral contract > HTML fails validation
 ✓ tests/unit/component-logic.test.js > File upload validation behavioral contract > 25 MB file passes, 26 MB file fails
 ✓ tests/unit/component-logic.test.js > File upload validation behavioral contract > formatFileSize formats correctly
 ✓ tests/unit/component-logic.test.js > File upload validation behavioral contract > isImageType detects images correctly
 ✓ tests/unit/component-logic.test.js > Toast auto-dismiss timing > toast appears and auto-dismisses after its duration
 ✓ tests/unit/component-logic.test.js > Toast auto-dismiss timing > toast with duration 0 persists indefinitely
 ✓ tests/unit/component-logic.test.js > Toast auto-dismiss timing > manual remove before auto-dismiss
 ✓ tests/unit/component-logic.test.js > Toast auto-dismiss timing > clear removes all before any auto-dismiss fires
 ✓ tests/unit/component-logic.test.js > Auth-gated navigation filtering > event planner sees correct nav items
 ✓ tests/unit/component-logic.test.js > Auth-gated navigation filtering > admin sees all nav items
 ✓ tests/unit/component-logic.test.js > Auth-gated navigation filtering > unauthenticated user sees only permissionless items
 ✓ tests/unit/component-logic.test.js > Auth-gated navigation filtering > user with single permission sees Dashboard plus matching items
 ✓ tests/unit/auth-store.test.js > authState > refresh() > persists refreshed tokens to sessionStorage
 ✓ tests/unit/components.test.js > Auth Store (authState) > hasRole() > returns true for an existing role
 ✓ tests/unit/components.test.js > Auth Store (authState) > hasRole() > returns false for a non-existing role
 ✓ tests/unit/component-logic.test.js > Auth-gated navigation filtering > auth store login + getVisibleNavItems integration
 ✓ tests/unit/api-client.test.js > API client - get() > handles paths without leading slash
 ✓ tests/unit/auth-store.test.js > authState > refresh() > updates isAuthenticated based on new token
 ✓ tests/unit/auth-store.test.js > authState > update() > updates specific fields without replacing entire state
 ✓ tests/unit/auth-store.test.js > authState > update() > can update user profile
 ✓ tests/unit/auth-store.test.js > authState > update() > persists updates to sessionStorage
 ✓ tests/unit/api-client.test.js > API client - post() > makes a POST request with JSON body
 ✓ tests/unit/components.test.js > Auth Store (authState) > hasAnyPermission() > returns true when at least one permission matches
 ✓ tests/unit/components.test.js > Auth Store (authState) > hasAnyPermission() > returns false when no permissions match
 ✓ tests/unit/components.test.js > Auth Store (authState) > hasAnyPermission() > returns false for empty array
12:07:09 PM [vite-plugin-svelte] src/lib/components/ui/Modal.svelte:64:2 Elements with the 'dialog' interactive role must have a tabindex value
https://svelte.dev/e/a11y_interactive_supports_focus
12:07:09 PM [vite-plugin-svelte] src/lib/components/ui/Modal.svelte:73:4 Visible, non-interactive elements with a click event must be accompanied by a keyboard event handler. Consider whether an interactive element such as `<button type="button">` or `<a>` might be more appropriate
https://svelte.dev/e/a11y_click_events_have_key_events
 ✓ tests/unit/api-client.test.js > API client - post() > sends POST without body when body is null
 ✓ tests/unit/components.test.js > Auth Store (authState) > hasAllPermissions() > returns true when all permissions are present
 ✓ tests/unit/components.test.js > Auth Store (authState) > hasAllPermissions() > returns false when some permissions are missing
 ✓ tests/unit/auth-store.test.js > authState > hasPermission() > returns true for an existing permission
 ✓ tests/unit/auth-store.test.js > authState > hasPermission() > returns false for a non-existing permission
 ✓ tests/unit/auth-store.test.js > authState > hasPermission() > returns false when no permissions are set
 ✓ tests/unit/api-client.test.js > API client - put() > sends PUT request with JSON body
 ✓ tests/unit/api-client.test.js > API client - patch() > sends PATCH request with JSON body
 ✓ tests/unit/components.test.js > Auth Store (authState) > hasAllPermissions() > returns true for empty array (vacuous truth)
 ✓ tests/unit/components.test.js > Auth Store (authState) > subscribe() > calls subscriber immediately with current state
 ✓ tests/unit/components.test.js > Auth Store (authState) > subscribe() > notifies subscriber on login
 ✓ tests/unit/components.test.js > Auth Store (authState) > subscribe() > notifies subscriber on logout
 ✓ tests/unit/auth-store.test.js > authState > hasRole() > returns true for an existing role
 ✓ tests/unit/auth-store.test.js > authState > hasRole() > returns false for a non-existing role
 ✓ tests/unit/auth-store.test.js > authState > hasRole() > returns false when no roles are set
 ✓ tests/unit/auth-store.test.js > authState > hasAnyPermission() > returns true when at least one permission matches
 ✓ tests/unit/auth-store.test.js > authState > hasAnyPermission() > returns true when all permissions match
 ✓ tests/unit/auth-store.test.js > authState > hasAnyPermission() > returns false when no permissions match
 ✓ tests/unit/auth-store.test.js > authState > hasAnyPermission() > returns false for empty array
 ✓ tests/unit/api-client.test.js > API client - del() > sends DELETE request
 ✓ tests/unit/api-client.test.js > API client - del() > does not send a body with DELETE
 ✓ tests/unit/components.test.js > Auth Store (authState) > subscribe() > notifies subscriber on refresh
 ✓ tests/unit/components.test.js > Auth Store (authState) > subscribe() > notifies subscriber on update
 ✓ tests/unit/components.test.js > Auth Store (authState) > subscribe() > returns unsubscribe function
 ✓ tests/unit/auth-store.test.js > authState > hasAllPermissions() > returns true when all permissions are present
 ✓ tests/unit/auth-store.test.js > authState > hasAllPermissions() > returns true for single permission that exists
 ✓ tests/unit/components.test.js > Auth Store (authState) > refresh() > updates tokens without changing user or permissions
 ✓ tests/unit/auth-store.test.js > authState > hasAllPermissions() > returns false when some permissions are missing
 ✓ tests/unit/auth-store.test.js > authState > hasAllPermissions() > returns true for empty array (vacuous truth)
12:07:09 PM [vite-plugin-svelte] src/lib/components/ui/FormField.svelte:7:4 A form label must be associated with a control
https://svelte.dev/e/a11y_label_has_associated_control
 ✓ tests/unit/api-client.test.js > API client - upload() > sends FormData without manually setting Content-Type
 ✓ tests/unit/api-client.test.js > API client - error handling > returns structured error on non-OK response
 ✓ tests/unit/components.test.js > Auth Store (authState) > refresh() > persists refreshed tokens to sessionStorage
 ✓ tests/unit/components.test.js > Auth Store (authState) > update() > updates specific fields without replacing entire state
 ✓ tests/unit/auth-store.test.js > authState > get() > returns current state as a snapshot
 ✓ tests/unit/auth-store.test.js > authState > get() > reflects latest state after mutations
 ✓ tests/unit/components.test.js > Auth Store (authState) > isAuthenticated getter > returns false when no token
 ✓ tests/unit/auth-store.test.js > authState > subscribe() > calls subscriber immediately with current state
 ✓ tests/unit/auth-store.test.js > authState > subscribe() > notifies subscriber on login
 ✓ tests/unit/auth-store.test.js > authState > subscribe() > notifies subscriber on logout
 ✓ tests/unit/auth-store.test.js > authState > subscribe() > notifies subscriber on refresh
 ✓ tests/unit/auth-store.test.js > authState > subscribe() > notifies subscriber on update
 ✓ tests/unit/api-client.test.js > API client - error handling > returns structured error on network failure
 ✓ tests/unit/api-client.test.js > API client - error handling > includes details and code from error response when available
 ✓ tests/unit/components.test.js > Auth Store (authState) > isAuthenticated getter > returns true when token exists
 ✓ tests/unit/components.test.js > Auth Store (authState) > isAuthenticated getter > returns false after logout
 ✓ tests/unit/components.test.js > API Client > get() > makes a GET request with Authorization header
 ✓ tests/unit/api-client.test.js > API client - error handling > handles AbortError gracefully
 ✓ tests/unit/api-client.test.js > API client - error handling > generates fallback message when error response has no message
 ✓ tests/unit/components.test.js > API Client > get() > returns { data, error: null } on success
 ✓ tests/unit/components.test.js > API Client > post() > makes a POST request with JSON body
 ✓ tests/unit/components.test.js > API Client > put() > sends PUT request
 ✓ tests/unit/auth-store.test.js > authState > subscribe() > returns unsubscribe function
 ✓ tests/unit/auth-store.test.js > authState > subscribe() > supports multiple subscribers
 ✓ tests/unit/auth-store.test.js > authState > subscribe() > unsubscribe only affects the specific subscriber
 ✓ tests/unit/auth-store.test.js > authState > session persistence > reads from sessionStorage on module load
 ✓ tests/unit/auth-store.test.js > authState > session persistence > restores state from sessionStorage if data exists
 ✓ tests/unit/api-client.test.js > API client - auth header > includes Bearer token when user is authenticated
 ✓ tests/unit/api-client.test.js > API client - auth header > omits auth header when skipAuth is true
 ✓ tests/unit/api-client.test.js > API client - 401 and token refresh > attempts token refresh on 401 and retries the request
 ✓ tests/unit/api-client.test.js > API client - 401 and token refresh > sends refresh token in the refresh request body
 ✓ tests/unit/api-client.test.js > API client - 401 and token refresh > updates auth state with new tokens after successful refresh
 ✓ tests/unit/components.test.js > API Client > patch() > sends PATCH request
 ✓ tests/unit/components.test.js > API Client > del() > sends DELETE request
 ✓ tests/unit/components.test.js > API Client > error handling > returns structured error on non-OK response
 ✓ tests/unit/api-client.test.js > API client - 401 and token refresh > retries with the new token after refresh
 ✓ tests/unit/api-client.test.js > API client - 401 and token refresh > logs out and returns error when refresh fails
 ✓ tests/unit/components.test.js > API Client > error handling > returns structured error on network failure
 ✓ tests/unit/components.test.js > API Client > 401 and token refresh > attempts token refresh on 401 and retries the request
 ✓ tests/unit/components.test.js > API Client > 401 and token refresh > logs out and returns error when refresh fails
 ✓ tests/unit/components.test.js > API Client > upload() > sends FormData without manually setting Content-Type
 ✓ tests/unit/component-rendering.test.js > <Badge> > renders the provided text
 ✓ tests/unit/component-rendering.test.js > <Badge> > applies different variant classes for different variants
 ✓ tests/unit/component-rendering.test.js > <Badge> > falls back to the info variant for unknown variants
 ✓ tests/unit/component-rendering.test.js > <DataTable> > renders every row's cell values
 ✓ tests/unit/component-rendering.test.js > <DataTable> > renders the empty-state message when data is empty
 ✓ tests/unit/component-rendering.test.js > <DataTable> > calls onSort when a sortable column header is clicked
 ✓ tests/unit/component-rendering.test.js > <LoadingSpinner> > mounts without errors
 ✓ tests/unit/component-rendering.test.js > <Pagination> > renders navigation controls and reacts to page changes
 ✓ tests/unit/component-rendering.test.js > <Sidebar> > renders expanded nav with the brand and label text
 ✓ tests/unit/component-rendering.test.js > <Sidebar> > hides brand + labels when collapsed
 ✓ tests/unit/component-rendering.test.js > <Modal> > is hidden when open=false
 ✓ tests/unit/component-rendering.test.js > <Modal> > renders title + body when open=true
 ✓ tests/unit/component-rendering.test.js > <FileUpload> > renders the drop zone with a file input
 ✓ tests/unit/component-rendering.test.js > <FileUpload> > lists a selected valid file and exposes an Upload All button
 ✓ tests/unit/component-rendering.test.js > <FormField> > renders the label and its slotted child input
 ✓ tests/unit/component-rendering.test.js > <FormField> > renders the error message with role="alert" when error is set
 ✓ tests/unit/component-rendering.test.js > <Toast> > renders the provided message as an alert
 ✓ tests/unit/component-rendering.test.js > <Toast> > hides when the dismiss button is clicked 375ms
 ✓ tests/unit/component-rendering.test.js > <Timeline> > renders one item per entry
 ✓ tests/unit/component-rendering.test.js > <Timeline> > renders no rows when entries is empty
 ✓ tests/unit/permissions.test.js > ALL_PERMISSIONS > is an array
 ✓ tests/unit/permissions.test.js > ALL_PERMISSIONS > contains exactly 36 permission codes
 ✓ tests/unit/permissions.test.js > ALL_PERMISSIONS > contains no duplicate permissions
 ✓ tests/unit/permissions.test.js > ALL_PERMISSIONS > all entries are non-empty strings
 ✓ tests/unit/permissions.test.js > ALL_PERMISSIONS > every entry follows the "domain:action" convention
 ✓ tests/unit/permissions.test.js > ALL_PERMISSIONS > includes specific well-known permissions
 ✓ tests/unit/permissions.test.js > PERMISSION_GROUPS > is a non-null object
 ✓ tests/unit/permissions.test.js > PERMISSION_GROUPS > has expected group names
 ✓ tests/unit/permissions.test.js > PERMISSION_GROUPS > auth group contains AUTH_SELF
 ✓ tests/unit/permissions.test.js > PERMISSION_GROUPS > events group contains all event permissions
 ✓ tests/unit/permissions.test.js > PERMISSION_GROUPS > resources group contains all resource permissions
 ✓ tests/unit/permissions.test.js > PERMISSION_GROUPS > reservations group contains all reservation permissions
 ✓ tests/unit/permissions.test.js > PERMISSION_GROUPS > recipes group contains all recipe permissions
 ✓ tests/unit/permissions.test.js > PERMISSION_GROUPS > inventory group contains all inventory permissions
 ✓ tests/unit/permissions.test.js > PERMISSION_GROUPS > entitlements group contains all entitlement permissions
 ✓ tests/unit/permissions.test.js > PERMISSION_GROUPS > admin group contains admin permissions
 ✓ tests/unit/permissions.test.js > PERMISSION_GROUPS > operations group contains ops permissions
 ✓ tests/unit/permissions.test.js > PERMISSION_GROUPS > every permission in groups is also in ALL_PERMISSIONS
 ✓ tests/unit/permissions.test.js > PERMISSION_GROUPS > the total of all group permissions equals ALL_PERMISSIONS length
 ✓ tests/unit/utils.test.js > formatDate > returns a formatted date string for a valid Date object
 ✓ tests/unit/utils.test.js > formatDate > returns a formatted date string for an ISO date string
 ✓ tests/unit/utils.test.js > formatDate > returns empty string for null/undefined input
 ✓ tests/unit/utils.test.js > formatDate > returns empty string for invalid dates
 ✓ tests/unit/utils.test.js > formatDate > accepts format option "short"
 ✓ tests/unit/utils.test.js > formatDate > accepts format option "long"
 ✓ tests/unit/utils.test.js > formatCurrency > formats a positive dollar amount correctly
 ✓ tests/unit/utils.test.js > formatCurrency > formats 0 correctly
 ✓ tests/unit/utils.test.js > formatCurrency > formats negative amounts
 ✓ tests/unit/utils.test.js > formatCurrency > returns empty string for null or NaN
 ✓ tests/unit/utils.test.js > formatCurrency > formats with a different currency when specified
 ✓ tests/unit/utils.test.js > debounce > delays function call
 ✓ tests/unit/utils.test.js > debounce > only calls function once when invoked multiple times within delay
 ✓ tests/unit/utils.test.js > debounce > provides a cancel method
 ✓ tests/unit/utils.test.js > debounce > uses default delay of 300ms when not specified
 ✓ tests/unit/utils.test.js > classNames > joins plain strings
 ✓ tests/unit/utils.test.js > classNames > filters out falsy values
 ✓ tests/unit/utils.test.js > classNames > handles objects with truthy/falsy values
 ✓ tests/unit/utils.test.js > classNames > handles arrays
 ✓ tests/unit/utils.test.js > classNames > handles mixed arguments
 ✓ tests/unit/utils.test.js > classNames > returns empty string when given no truthy args
 ✓ tests/unit/utils.test.js > maskField > masks email - shows first chars + *** + @domain
 ✓ tests/unit/utils.test.js > maskField > masks email with short local part
 ✓ tests/unit/utils.test.js > maskField > masks phone - shows last 4 digits
 ✓ tests/unit/utils.test.js > maskField > masks phone with short number
 ✓ tests/unit/utils.test.js > maskField > masks default type - shows last 4 chars
 ✓ tests/unit/utils.test.js > maskField > masks default for short strings
 ✓ tests/unit/utils.test.js > maskField > returns empty string for null/undefined/non-string
 ✓ tests/unit/utils.test.js > maskField > masks card type - shows last 4 digits
 ✓ tests/unit/file-validation.test.js > validateFile – MIME type acceptance > accepts application/pdf
 ✓ tests/unit/file-validation.test.js > validateFile – MIME type acceptance > accepts application/vnd.openxmlformats-officedocument.wordprocessingml.document (DOCX)
 ✓ tests/unit/file-validation.test.js > validateFile – MIME type acceptance > accepts application/vnd.openxmlformats-officedocument.spreadsheetml.sheet (XLSX)
 ✓ tests/unit/file-validation.test.js > validateFile – MIME type acceptance > accepts image/png
 ✓ tests/unit/file-validation.test.js > validateFile – MIME type acceptance > accepts image/jpeg
 ✓ tests/unit/file-validation.test.js > validateFile – MIME type acceptance > accepts image/gif
 ✓ tests/unit/file-validation.test.js > validateFile – MIME type acceptance > accepts image/webp
 ✓ tests/unit/file-validation.test.js > validateFile – MIME type acceptance > rejects application/zip
 ✓ tests/unit/file-validation.test.js > validateFile – MIME type acceptance > rejects application/x-msdownload (EXE)
 ✓ tests/unit/file-validation.test.js > validateFile – MIME type acceptance > rejects text/html
 ✓ tests/unit/file-validation.test.js > validateFile – MIME type acceptance > rejects application/javascript
 ✓ tests/unit/file-validation.test.js > validateFile – MIME type acceptance > rejects empty MIME type string
 ✓ tests/unit/file-validation.test.js > validateFile – size limits > passes a file at exactly 25 MB
 ✓ tests/unit/file-validation.test.js > validateFile – size limits > rejects a file one byte over 25 MB
 ✓ tests/unit/file-validation.test.js > validateFile – size limits > passes a very small file
 ✓ tests/unit/file-validation.test.js > validateFile – size limits > returns both errors when file is too large AND wrong type
 ✓ tests/unit/file-validation.test.js > validateFile – size limits > respects custom maxSize option
 ✓ tests/unit/file-validation.test.js > validateFile – size limits > respects custom allowedTypes option
 ✓ tests/unit/file-validation.test.js > formatFileSize > formats bytes below 1 KB
 ✓ tests/unit/file-validation.test.js > formatFileSize > formats 0 bytes
 ✓ tests/unit/file-validation.test.js > formatFileSize > formats kilobytes
 ✓ tests/unit/file-validation.test.js > formatFileSize > formats exactly 1 KB
 ✓ tests/unit/file-validation.test.js > formatFileSize > formats megabytes
 ✓ tests/unit/file-validation.test.js > formatFileSize > formats exactly 1 MB
 ✓ tests/unit/file-validation.test.js > formatFileSize > formats large megabyte values
 ✓ tests/unit/file-validation.test.js > isImageType > returns true for image/png
 ✓ tests/unit/file-validation.test.js > isImageType > returns true for image/jpeg
 ✓ tests/unit/file-validation.test.js > isImageType > returns true for image/webp
 ✓ tests/unit/file-validation.test.js > isImageType > returns true for image/gif
 ✓ tests/unit/file-validation.test.js > isImageType > returns false for application/pdf
 ✓ tests/unit/file-validation.test.js > isImageType > returns false for text/html
 ✓ tests/unit/file-validation.test.js > isImageType > returns false for null
 ✓ tests/unit/file-validation.test.js > isImageType > returns false for undefined
 ✓ tests/unit/state-rendering.test.js > getUIState > returns "loading" when loading is true
 ✓ tests/unit/state-rendering.test.js > getUIState > loading takes priority over error
 ✓ tests/unit/state-rendering.test.js > getUIState > loading takes priority over data
 ✓ tests/unit/state-rendering.test.js > getUIState > returns "error" when error string is non-empty and not loading
 ✓ tests/unit/state-rendering.test.js > getUIState > error takes priority over data
 ✓ tests/unit/state-rendering.test.js > getUIState > returns "empty" when data is null
 ✓ tests/unit/state-rendering.test.js > getUIState > returns "empty" when data is undefined
 ✓ tests/unit/state-rendering.test.js > getUIState > returns "empty" when data is an empty array
 ✓ tests/unit/state-rendering.test.js > getUIState > returns "success" when data is a non-empty array
 ✓ tests/unit/state-rendering.test.js > getUIState > returns "success" for non-array truthy data
 ✓ tests/unit/state-rendering.test.js > getUIState > returns "success" for numeric data
 ✓ tests/unit/state-rendering.test.js > getUIState > returns "success" for string data
 ✓ tests/unit/state-rendering.test.js > getUIState > returns "empty" when error is falsy empty string
 ✓ tests/unit/state-rendering.test.js > BADGE_VARIANTS > is a non-null object
 ✓ tests/unit/state-rendering.test.js > BADGE_VARIANTS > has all expected variant keys
 ✓ tests/unit/state-rendering.test.js > BADGE_VARIANTS > every variant has bg-, text-, and border- classes
 ✓ tests/unit/state-rendering.test.js > BADGE_VARIANTS > draft variant has gray styling
 ✓ tests/unit/state-rendering.test.js > BADGE_VARIANTS > submitted variant has blue styling
 ✓ tests/unit/state-rendering.test.js > BADGE_VARIANTS > approved variant has green styling
 ✓ tests/unit/state-rendering.test.js > BADGE_VARIANTS > in_service variant has purple styling
 ✓ tests/unit/state-rendering.test.js > BADGE_VARIANTS > pending variant has yellow styling
 ✓ tests/unit/state-rendering.test.js > BADGE_VARIANTS > rejected variant has red styling
 ✓ tests/unit/state-rendering.test.js > getBadgeClass > returns correct class for known variants
 ✓ tests/unit/state-rendering.test.js > getBadgeClass > falls back to info variant for unknown variant names
 ✓ tests/unit/state-rendering.test.js > getBadgeClass > falls back to info variant for undefined
 ✓ tests/unit/state-rendering.test.js > getBadgeClass > fallback class contains blue styling (info)
 ✓ tests/unit/toast-logic.test.js > createToastState > creates a toast with correct default properties
 ✓ tests/unit/toast-logic.test.js > createToastState > respects custom type and duration
 ✓ tests/unit/toast-logic.test.js > createToastState > assigns unique ids to each toast
 ✓ tests/unit/toast-logic.test.js > createToastState > multiple toasts can coexist
 ✓ tests/unit/toast-logic.test.js > createToastState > removes a toast by id
 ✓ tests/unit/toast-logic.test.js > createToastState > is a no-op when removing a non-existent id
 ✓ tests/unit/toast-logic.test.js > createToastState > removes all toasts
 ✓ tests/unit/toast-logic.test.js > createToastState > auto-dismisses after the specified duration
 ✓ tests/unit/toast-logic.test.js > createToastState > auto-dismisses using the default 5000ms when duration is omitted
 ✓ tests/unit/toast-logic.test.js > createToastState > does not auto-dismiss when duration is 0
 ✓ tests/unit/toast-logic.test.js > createToastState > each toast auto-dismisses independently
 ✓ tests/unit/toast-logic.test.js > createToastState > get() returns an empty array initially
 ✓ tests/unit/toast-logic.test.js > createToastState > supports all four toast types
 ✓ tests/unit/pagination-logic.test.js > computePagination > page 1 of 100 items with pageSize 20 produces totalPages 5, showing "1 to 20 of 100"
 ✓ tests/unit/pagination-logic.test.js > computePagination > page 3 of 25 items with pageSize 10 produces totalPages 3, showing "21 to 25 of 25"
 ✓ tests/unit/pagination-logic.test.js > computePagination > zero total items produces totalPages 0, showing "0 to 0 of 0"
 ✓ tests/unit/pagination-logic.test.js > computePagination > previous button is disabled on page 1
 ✓ tests/unit/pagination-logic.test.js > computePagination > next button is disabled on the last page
 ✓ tests/unit/pagination-logic.test.js > computePagination > both hasPrevious and hasNext are true on a middle page
 ✓ tests/unit/pagination-logic.test.js > computePagination > a single item still reports totalPages 1
 ✓ tests/unit/pagination-logic.test.js > computePagination > total exactly equal to pageSize reports totalPages 1
 ✓ tests/unit/pagination-logic.test.js > computePagination > end value is clamped to total on the last page
 ✓ tests/unit/pagination-logic.test.js > computePagination > page 2 of 2 pages has previous but no next
 ✓ tests/unit/pagination-logic.test.js > generatePageNumbers > returns sequential numbers when totalPages fits within maxVisible
 ✓ tests/unit/pagination-logic.test.js > generatePageNumbers > returns a single page for totalPages = 1
 ✓ tests/unit/pagination-logic.test.js > generatePageNumbers > returns empty array when totalPages is 0
 ✓ tests/unit/pagination-logic.test.js > generatePageNumbers > includes ellipsis when totalPages exceeds maxVisible and current page is in the middle
 ✓ tests/unit/pagination-logic.test.js > generatePageNumbers > starts with [1, 2, 3, ...] when current page is near the beginning
 ✓ tests/unit/pagination-logic.test.js > generatePageNumbers > ends with [..., n-1, n] when current page is near the end
 ✓ tests/unit/pagination-logic.test.js > generatePageNumbers > always includes the first and last page
 ✓ tests/unit/pagination-logic.test.js > generatePageNumbers > respects custom maxVisible parameter
 ✓ tests/unit/pagination-logic.test.js > generatePageNumbers > does not produce duplicate page numbers
 ✓ tests/unit/pagination-logic.test.js > generatePageNumbers > returns all pages when totalPages equals maxVisible exactly
 ✓ tests/unit/reports-download.test.js > downloadReport > returns the error object when the underlying get() fails
 ✓ tests/unit/reports-download.test.js > downloadReport > triggers a blob download with the given filename on success
 ✓ tests/unit/reports-download.test.js > downloadReport > unwraps a { data: "<csv>" } envelope if the server wraps the CSV
 ✓ tests/unit/reports-download.test.js > downloadReport > returns an error object when the server response has no CSV body
12:07:17 PM [vite-plugin-svelte] src/routes/events/+page.svelte:78:6 A form label must be associated with a control
https://svelte.dev/e/a11y_label_has_associated_control
12:07:17 PM [vite-plugin-svelte] src/routes/events/+page.svelte:90:6 A form label must be associated with a control
https://svelte.dev/e/a11y_label_has_associated_control
 ✓ tests/unit/login-page.test.js > /login +page.svelte > renders the sign-in form with username and password fields 839ms
 ✓ tests/unit/events-page.test.js > /events +page.svelte > renders the Events heading 848ms
12:07:17 PM [vite-plugin-svelte] src/routes/reports/+page.svelte:48:9 A form label must be associated with a control
https://svelte.dev/e/a11y_label_has_associated_control
12:07:17 PM [vite-plugin-svelte] src/routes/reports/+page.svelte:49:9 A form label must be associated with a control
https://svelte.dev/e/a11y_label_has_associated_control
 ✓ tests/unit/reports-page.test.js > /reports +page.svelte > renders the Reports heading 702ms
 ✓ tests/unit/login-page.test.js > /login +page.svelte > shows validation errors when the form is submitted with empty fields 621ms
12:07:18 PM [vite-plugin-svelte] src/routes/reservations/+page.svelte:145:6 A form label must be associated with a control
https://svelte.dev/e/a11y_label_has_associated_control
12:07:18 PM [vite-plugin-svelte] src/routes/reservations/+page.svelte:230:26 A form label must be associated with a control
https://svelte.dev/e/a11y_label_has_associated_control
12:07:18 PM [vite-plugin-svelte] src/routes/reservations/+page.svelte:235:26 A form label must be associated with a control
https://svelte.dev/e/a11y_label_has_associated_control
12:07:18 PM [vite-plugin-svelte] src/routes/reservations/+page.svelte:238:26 A form label must be associated with a control
https://svelte.dev/e/a11y_label_has_associated_control
12:07:18 PM [vite-plugin-svelte] src/routes/reservations/+page.svelte:243:26 A form label must be associated with a control
https://svelte.dev/e/a11y_label_has_associated_control
12:07:18 PM [vite-plugin-svelte] src/routes/reservations/+page.svelte:245:26 A form label must be associated with a control
https://svelte.dev/e/a11y_label_has_associated_control
12:07:18 PM [vite-plugin-svelte] src/routes/reservations/+page.svelte:249:26 A form label must be associated with a control
https://svelte.dev/e/a11y_label_has_associated_control
 ✓ tests/unit/events-page.test.js > /events +page.svelte > issues GET /events with pagination params on mount 632ms
 ✓ tests/unit/reservations-page.test.js > /reservations +page.svelte > renders the page heading 786ms
 ✓ tests/unit/reports-page.test.js > /reports +page.svelte > renders the three export cards for a caller with both permissions 734ms
 ✓ tests/unit/login-page.test.js > /login +page.svelte > exposes a link to the register page 724ms
12:07:18 PM [vite-plugin-svelte] src/routes/inventory/+page.svelte:102:10 A form label must be associated with a control
https://svelte.dev/e/a11y_label_has_associated_control
12:07:18 PM [vite-plugin-svelte] src/routes/inventory/+page.svelte:109:11 A form label must be associated with a control
https://svelte.dev/e/a11y_label_has_associated_control
12:07:18 PM [vite-plugin-svelte] src/routes/inventory/+page.svelte:110:11 A form label must be associated with a control
https://svelte.dev/e/a11y_label_has_associated_control
 ✓ tests/unit/register-page.test.js > /register +page.svelte > renders the registration form 1013ms
 ✓ tests/unit/events-page.test.js > /events +page.svelte > shows the Create Event link when the caller holds event:create 769ms
 ✓ tests/unit/inventory-page.test.js > /inventory +page.svelte > renders the Inventory heading 1008ms
 ✓ tests/unit/reservations-page.test.js > /reservations +page.svelte > fetches /reservations on mount with pagination params 684ms
 ✓ tests/unit/reports-page.test.js > /reports +page.svelte > issues GET /inventory/gaps on mount to check for unresolved gaps 687ms
 ✓ tests/unit/register-page.test.js > /register +page.svelte > validates empty submit before calling the API 571ms
 ✓ tests/unit/inventory-page.test.js > /inventory +page.svelte > fetches the items list on mount 683ms
 ✓ tests/unit/dashboard-page.test.js > /dashboard +page.svelte > renders the welcome heading 664ms
 ✓ tests/unit/inventory-page.test.js > /inventory +page.svelte > renders the Export CSV button when inventory:export is granted 549ms
 ✓ tests/unit/dashboard-page.test.js > /dashboard +page.svelte > issues role-gated GET calls for an admin on mount 513ms
12:07:21 PM [vite-plugin-svelte] src/routes/recipes/+page.svelte:40:6 A form label must be associated with a control
https://svelte.dev/e/a11y_label_has_associated_control
 ✓ tests/unit/recipes-page.test.js > /recipes +page.svelte > renders the Recipes heading 513ms
 ✓ tests/unit/check-in-page.test.js > /check-in +page.svelte > fetches in_service and approved events on mount 565ms
12:07:22 PM [vite-plugin-svelte] src/routes/approvals/+page.svelte:57:6 A form label must be associated with a control
https://svelte.dev/e/a11y_label_has_associated_control
12:07:22 PM [vite-plugin-svelte] src/routes/approvals/+page.svelte:112:8 A form label must be associated with a control
https://svelte.dev/e/a11y_label_has_associated_control
12:07:22 PM [vite-plugin-svelte] src/routes/entitlements/+page.svelte:91:13 A form label must be associated with a control
https://svelte.dev/e/a11y_label_has_associated_control
12:07:22 PM [vite-plugin-svelte] src/routes/entitlements/+page.svelte:92:13 A form label must be associated with a control
https://svelte.dev/e/a11y_label_has_associated_control
12:07:22 PM [vite-plugin-svelte] src/routes/entitlements/+page.svelte:93:13 A form label must be associated with a control
https://svelte.dev/e/a11y_label_has_associated_control
12:07:22 PM [vite-plugin-svelte] src/routes/entitlements/+page.svelte:94:13 A form label must be associated with a control
https://svelte.dev/e/a11y_label_has_associated_control
12:07:22 PM [vite-plugin-svelte] src/routes/entitlements/+page.svelte:95:13 A form label must be associated with a control
https://svelte.dev/e/a11y_label_has_associated_control
 ✓ tests/unit/recipes-page.test.js > /recipes +page.svelte > fetches /recipes on mount 512ms
 ✓ tests/unit/approvals-page.test.js > /approvals +page.svelte > renders the heading 558ms
 ✓ tests/unit/check-in-page.test.js > /check-in +page.svelte > mounts without throwing 442ms
 ✓ tests/unit/entitlements-page.test.js > /entitlements +page.svelte > fetches /entitlements on mount 588ms
12:07:22 PM [vite-plugin-svelte] src/routes/catalog/+page.svelte:70:13 A form label must be associated with a control
https://svelte.dev/e/a11y_label_has_associated_control
12:07:22 PM [vite-plugin-svelte] src/routes/catalog/+page.svelte:71:13 A form label must be associated with a control
https://svelte.dev/e/a11y_label_has_associated_control
12:07:22 PM [vite-plugin-svelte] src/routes/catalog/+page.svelte:76:13 A form label must be associated with a control
https://svelte.dev/e/a11y_label_has_associated_control
12:07:22 PM [vite-plugin-svelte] src/routes/catalog/+page.svelte:77:13 A form label must be associated with a control
https://svelte.dev/e/a11y_label_has_associated_control
12:07:22 PM [vite-plugin-svelte] src/routes/catalog/+page.svelte:78:114 A form label must be associated with a control
https://svelte.dev/e/a11y_label_has_associated_control
12:07:22 PM [vite-plugin-svelte] src/routes/catalog/+page.svelte:95:12 Visible, non-interactive elements with a click event must be accompanied by a keyboard event handler. Consider whether an interactive element such as `<button type="button">` or `<a>` might be more appropriate
https://svelte.dev/e/a11y_click_events_have_key_events
12:07:22 PM [vite-plugin-svelte] src/routes/catalog/+page.svelte:95:12 `<div>` with a click handler must have an ARIA role
https://svelte.dev/e/a11y_no_static_element_interactions
 ✓ tests/unit/catalog-page.test.js > /catalog +page.svelte > fetches /catalog/tree on mount 639ms
 ✓ tests/unit/recipes-page.test.js > /recipes +page.svelte > shows the Create Recipe link for users with recipe:create 445ms
 ✓ tests/unit/approvals-page.test.js > /approvals +page.svelte > fetches /approvals/pending on mount 473ms
12:07:23 PM [vite-plugin-svelte] src/routes/admin/+page.svelte:115:30 A form label must be associated with a control
https://svelte.dev/e/a11y_label_has_associated_control
12:07:23 PM [vite-plugin-svelte] src/routes/admin/+page.svelte:121:30 A form label must be associated with a control
https://svelte.dev/e/a11y_label_has_associated_control
12:07:23 PM [vite-plugin-svelte] src/routes/admin/+page.svelte:134:30 A form label must be associated with a control
https://svelte.dev/e/a11y_label_has_associated_control
12:07:23 PM [vite-plugin-svelte] src/routes/admin/+page.svelte:135:30 A form label must be associated with a control
https://svelte.dev/e/a11y_label_has_associated_control
 ✓ tests/unit/catalog-page.test.js > /catalog +page.svelte > mounts without throwing 423ms
 ✓ tests/unit/admin-page.test.js > /admin +page.svelte > loads the users tab on mount 549ms

 Test Files  27 passed (27)
      Tests  420 passed (420)
   Start at  12:07:03
   Duration  20.65s (transform 4.81s, setup 33.20s, collect 4.24s, tests 25.67s, environment 52.76s, prepare 8.06s)

[0;34m━━━ E2E Tests (Docker/Playwright) ━━━[0m
 Container hospitalityops-postgres-1  Running
 Container hospitalityops-redis-1  Running
 Container hospitalityops-backend-1  Creating
 Container hospitalityops-backend-1  Created
 Container hospitalityops-frontend-1  Creating
 Container hospitalityops-frontend-1  Created
 Container hospitalityops-postgres-1  Waiting
 Container hospitalityops-redis-1  Waiting
 Container hospitalityops-redis-1  Healthy
 Container hospitalityops-postgres-1  Healthy
 Container hospitalityops-backend-1  Starting
 Container hospitalityops-backend-1  Started
 Container hospitalityops-frontend-1  Starting
 Container hospitalityops-frontend-1  Started
Waiting for backend /health (up to 5 minutes)...
Backend is healthy after 2 poll(s) (~10s).
 Container hospitalityops-postgres-1  Running
 Container hospitalityops-redis-1  Running
 Container hospitalityops-backend-1  Running
 Container hospitalityops-frontend-1  Running
 Container hospitalityops-redis-1  Waiting
 Container hospitalityops-postgres-1  Waiting
 Container hospitalityops-redis-1  Healthy
 Container hospitalityops-postgres-1  Healthy

Running 7 tests using 2 workers

  ✓  2 tests/e2e/navigation.test.js:75:3 › Navigation › unauthenticated user is redirected to /login (4.1s)
  ✓  1 tests/e2e/login.test.js:7:3 › Login page › renders with login form (4.7s)
  ✓  4 tests/e2e/login.test.js:22:3 › Login page › empty form shows validation errors (773ms)
  ✓  5 tests/e2e/login.test.js:33:3 › Login page › short username shows validation error (664ms)
  ✓  3 tests/e2e/navigation.test.js:84:3 › Navigation › event planner sees limited navigation (no Admin, no Approvals) (2.3s)
  ✓  6 tests/e2e/login.test.js:43:3 › Login page › short password shows validation error (759ms)
  ✓  7 tests/e2e/navigation.test.js:105:3 › Navigation › role-based navigation hides items for service staff (768ms)

  7 passed (10.2s)
 Container hospitalityops-frontend-1  Stopping
 Container hospitalityops-frontend-1  Stopped
 Container hospitalityops-backend-1  Stopping
 Container hospitalityops-backend-1  Stopped

[0;34m━━━ Cleaning up ━━━[0m
 Container hospitalityops-frontend-1  Stopping
 Container hospitalityops-frontend-1  Stopped
 Container hospitalityops-frontend-1  Removing
 Container hospitalityops-frontend-1  Removed
 Container hospitalityops-backend-1  Stopping
 Container hospitalityops-backend-1  Stopped
 Container hospitalityops-backend-1  Removing
 Container hospitalityops-backend-1  Removed
 Container hospitalityops-redis-1  Stopping
 Container hospitalityops-postgres-1  Stopping
 Container hospitalityops-redis-1  Stopped
 Container hospitalityops-redis-1  Removing
 Container hospitalityops-redis-1  Removed
 Container hospitalityops-postgres-1  Stopped
 Container hospitalityops-postgres-1  Removing
 Container hospitalityops-postgres-1  Removed
 Network hospitalityops_default  Removing
 Network hospitalityops_default  Removed

[1m╔══════════════════════════════════════════════════════════════╗[0m
[1m║                    TEST SUMMARY                             ║[0m
[1m╠══════════════════════════════════════════════════════════════╣[0m
[1m║[0m  Backend Tests                   [0;32m 270 passed[0m  [0;31m   0 failed[0m  [1m║[0m
[1m║[0m  Frontend Tests                  [0;32m 420 passed[0m  [0;31m   0 failed[0m  [1m║[0m
[1m║[0m  E2E Tests                       [0;32m   7 passed[0m  [0;31m   0 failed[0m  [1m║[0m
[1m╠══════════════════════════════════════════════════════════════╣[0m
[1m║[0m  TOTAL                           [0;32m 697 passed[0m  [0;31m   0 failed[0m  [1m║[0m
[1m║[0m  Total Tests: [1m697[0m                                            [1m║[0m
[1m╚══════════════════════════════════════════════════════════════╝[0m

[0;32m[1mALL TESTS PASSED[0m
